-- Logs begin at Fri 2022-02-04 09:34:04 UTC, end at Thu 2022-02-10 16:19:19 UTC. --
Feb 09 22:38:11 compute4 kernel: Linux version 5.4.0-97-generic (buildd@lcy02-amd64-032) (gcc version 9.3.0 (Ubuntu 9.3.0-17ubuntu1~20.04)) #110-Ubuntu SMP Thu Jan 13 18:22:13 UTC 2022 (Ubuntu 5.4.0-97.110-generic 5.4.162)
Feb 09 22:38:11 compute4 kernel: Command line: BOOT_IMAGE=/boot/vmlinuz-5.4.0-97-generic root=UUID=51babbe8-f78f-46a4-8830-d351c3830325 ro
Feb 09 22:38:11 compute4 kernel: KERNEL supported cpus:
Feb 09 22:38:11 compute4 kernel:   Intel GenuineIntel
Feb 09 22:38:11 compute4 kernel:   AMD AuthenticAMD
Feb 09 22:38:11 compute4 kernel:   Hygon HygonGenuine
Feb 09 22:38:11 compute4 kernel:   Centaur CentaurHauls
Feb 09 22:38:11 compute4 kernel:   zhaoxin   Shanghai  
Feb 09 22:38:11 compute4 kernel: x86/fpu: Supporting XSAVE feature 0x001: 'x87 floating point registers'
Feb 09 22:38:11 compute4 kernel: x86/fpu: Supporting XSAVE feature 0x002: 'SSE registers'
Feb 09 22:38:11 compute4 kernel: x86/fpu: Supporting XSAVE feature 0x004: 'AVX registers'
Feb 09 22:38:11 compute4 kernel: x86/fpu: Supporting XSAVE feature 0x008: 'MPX bounds registers'
Feb 09 22:38:11 compute4 kernel: x86/fpu: Supporting XSAVE feature 0x010: 'MPX CSR'
Feb 09 22:38:11 compute4 kernel: x86/fpu: xstate_offset[2]:  576, xstate_sizes[2]:  256
Feb 09 22:38:11 compute4 kernel: x86/fpu: xstate_offset[3]:  832, xstate_sizes[3]:   64
Feb 09 22:38:11 compute4 kernel: x86/fpu: xstate_offset[4]:  896, xstate_sizes[4]:   64
Feb 09 22:38:11 compute4 kernel: x86/fpu: Enabled xstate features 0x1f, context size is 960 bytes, using 'compacted' format.
Feb 09 22:38:11 compute4 kernel: BIOS-provided physical RAM map:
Feb 09 22:38:11 compute4 kernel: BIOS-e820: [mem 0x0000000000000000-0x000000000009c3ff] usable
Feb 09 22:38:11 compute4 kernel: BIOS-e820: [mem 0x00000000000f0000-0x00000000000fffff] reserved
Feb 09 22:38:11 compute4 kernel: BIOS-e820: [mem 0x0000000000100000-0x00000000bfecafff] usable
Feb 09 22:38:11 compute4 kernel: BIOS-e820: [mem 0x00000000bff78000-0x00000000bffd2fff] usable
Feb 09 22:38:11 compute4 kernel: BIOS-e820: [mem 0x00000000bffd3000-0x00000000bfffffff] reserved
Feb 09 22:38:11 compute4 kernel: BIOS-e820: [mem 0x00000000feffc000-0x00000000feffffff] reserved
Feb 09 22:38:11 compute4 kernel: BIOS-e820: [mem 0x00000000fffc0000-0x00000000ffffffff] reserved
Feb 09 22:38:11 compute4 kernel: BIOS-e820: [mem 0x0000000100000000-0x000000043fffffff] usable
Feb 09 22:38:11 compute4 kernel: NX (Execute Disable) protection: active
Feb 09 22:38:11 compute4 kernel: SMBIOS 2.8 present.
Feb 09 22:38:11 compute4 kernel: DMI: QEMU Standard PC (i440FX + PIIX, 1996), BIOS 1.10.2-1ubuntu1 04/01/2014
Feb 09 22:38:11 compute4 kernel: Hypervisor detected: KVM
Feb 09 22:38:11 compute4 kernel: kvm-clock: Using msrs 4b564d01 and 4b564d00
Feb 09 22:38:11 compute4 kernel: kvm-clock: cpu 0, msr 71601001, primary cpu clock
Feb 09 22:38:11 compute4 kernel: kvm-clock: using sched offset of 21759872940 cycles
Feb 09 22:38:11 compute4 kernel: clocksource: kvm-clock: mask: 0xffffffffffffffff max_cycles: 0x1cd42e4dffb, max_idle_ns: 881590591483 ns
Feb 09 22:38:11 compute4 kernel: tsc: Detected 4200.000 MHz processor
Feb 09 22:38:11 compute4 kernel: e820: update [mem 0x00000000-0x00000fff] usable ==> reserved
Feb 09 22:38:11 compute4 kernel: e820: remove [mem 0x000a0000-0x000fffff] usable
Feb 09 22:38:11 compute4 kernel: last_pfn = 0x440000 max_arch_pfn = 0x400000000
Feb 09 22:38:11 compute4 kernel: MTRR default type: write-back
Feb 09 22:38:11 compute4 kernel: MTRR fixed ranges enabled:
Feb 09 22:38:11 compute4 kernel:   00000-9FFFF write-back
Feb 09 22:38:11 compute4 kernel:   A0000-BFFFF uncachable
Feb 09 22:38:11 compute4 kernel:   C0000-FFFFF write-protect
Feb 09 22:38:11 compute4 kernel: MTRR variable ranges enabled:
Feb 09 22:38:11 compute4 kernel:   0 base 00C0000000 mask FFC0000000 uncachable
Feb 09 22:38:11 compute4 kernel:   1 disabled
Feb 09 22:38:11 compute4 kernel:   2 disabled
Feb 09 22:38:11 compute4 kernel:   3 disabled
Feb 09 22:38:11 compute4 kernel:   4 disabled
Feb 09 22:38:11 compute4 kernel:   5 disabled
Feb 09 22:38:11 compute4 kernel:   6 disabled
Feb 09 22:38:11 compute4 kernel:   7 disabled
Feb 09 22:38:11 compute4 kernel: x86/PAT: Configuration [0-7]: WB  WC  UC- UC  WB  WP  UC- WT  
Feb 09 22:38:11 compute4 kernel: last_pfn = 0xbffd3 max_arch_pfn = 0x400000000
Feb 09 22:38:11 compute4 kernel: found SMP MP-table at [mem 0x000f6a10-0x000f6a1f]
Feb 09 22:38:11 compute4 kernel: check: Scanning 1 areas for low memory corruption
Feb 09 22:38:11 compute4 kernel: Using GB pages for direct mapping
Feb 09 22:38:11 compute4 kernel: RAMDISK: [mem 0x2deed000-0x32f6dfff]
Feb 09 22:38:11 compute4 kernel: ACPI: Early table checksum verification disabled
Feb 09 22:38:11 compute4 kernel: ACPI: RSDP 0x00000000000F67D0 000014 (v00 BOCHS )
Feb 09 22:38:11 compute4 kernel: ACPI: RSDT 0x00000000BFFE15A9 00002C (v01 BOCHS  BXPCRSDT 00000001 BXPC 00000001)
Feb 09 22:38:11 compute4 kernel: ACPI: FACP 0x00000000BFFE1435 000074 (v01 BOCHS  BXPCFACP 00000001 BXPC 00000001)
Feb 09 22:38:11 compute4 kernel: ACPI: DSDT 0x00000000BFFE0040 0013F5 (v01 BOCHS  BXPCDSDT 00000001 BXPC 00000001)
Feb 09 22:38:11 compute4 kernel: ACPI: FACS 0x00000000BFFE0000 000040
Feb 09 22:38:11 compute4 kernel: ACPI: APIC 0x00000000BFFE1529 000080 (v01 BOCHS  BXPCAPIC 00000001 BXPC 00000001)
Feb 09 22:38:11 compute4 kernel: ACPI: Reserving FACP table memory at [mem 0xbffe1435-0xbffe14a8]
Feb 09 22:38:11 compute4 kernel: ACPI: Reserving DSDT table memory at [mem 0xbffe0040-0xbffe1434]
Feb 09 22:38:11 compute4 kernel: ACPI: Reserving FACS table memory at [mem 0xbffe0000-0xbffe003f]
Feb 09 22:38:11 compute4 kernel: ACPI: Reserving APIC table memory at [mem 0xbffe1529-0xbffe15a8]
Feb 09 22:38:11 compute4 kernel: ACPI: Local APIC address 0xfee00000
Feb 09 22:38:11 compute4 kernel: No NUMA configuration found
Feb 09 22:38:11 compute4 kernel: Faking a node at [mem 0x0000000000000000-0x000000043fffffff]
Feb 09 22:38:11 compute4 kernel: NODE_DATA(0) allocated [mem 0x43ffd3000-0x43fffdfff]
Feb 09 22:38:11 compute4 kernel: Zone ranges:
Feb 09 22:38:11 compute4 kernel:   DMA      [mem 0x0000000000001000-0x0000000000ffffff]
Feb 09 22:38:11 compute4 kernel:   DMA32    [mem 0x0000000001000000-0x00000000ffffffff]
Feb 09 22:38:11 compute4 kernel:   Normal   [mem 0x0000000100000000-0x000000043fffffff]
Feb 09 22:38:11 compute4 kernel:   Device   empty
Feb 09 22:38:11 compute4 kernel: Movable zone start for each node
Feb 09 22:38:11 compute4 kernel: Early memory node ranges
Feb 09 22:38:11 compute4 kernel:   node   0: [mem 0x0000000000001000-0x000000000009bfff]
Feb 09 22:38:11 compute4 kernel:   node   0: [mem 0x0000000000100000-0x00000000bfecafff]
Feb 09 22:38:11 compute4 kernel:   node   0: [mem 0x00000000bff78000-0x00000000bffd2fff]
Feb 09 22:38:11 compute4 kernel:   node   0: [mem 0x0000000100000000-0x000000043fffffff]
Feb 09 22:38:11 compute4 kernel: Zeroed struct page in unavailable ranges: 319 pages
Feb 09 22:38:11 compute4 kernel: Initmem setup node 0 [mem 0x0000000000001000-0x000000043fffffff]
Feb 09 22:38:11 compute4 kernel: On node 0 totalpages: 4193985
Feb 09 22:38:11 compute4 kernel:   DMA zone: 64 pages used for memmap
Feb 09 22:38:11 compute4 kernel:   DMA zone: 21 pages reserved
Feb 09 22:38:11 compute4 kernel:   DMA zone: 3995 pages, LIFO batch:0
Feb 09 22:38:11 compute4 kernel:   DMA32 zone: 12221 pages used for memmap
Feb 09 22:38:11 compute4 kernel:   DMA32 zone: 782118 pages, LIFO batch:63
Feb 09 22:38:11 compute4 kernel:   Normal zone: 53248 pages used for memmap
Feb 09 22:38:11 compute4 kernel:   Normal zone: 3407872 pages, LIFO batch:63
Feb 09 22:38:11 compute4 kernel: ACPI: PM-Timer IO Port: 0x608
Feb 09 22:38:11 compute4 kernel: ACPI: Local APIC address 0xfee00000
Feb 09 22:38:11 compute4 kernel: ACPI: LAPIC_NMI (acpi_id[0xff] dfl dfl lint[0x1])
Feb 09 22:38:11 compute4 kernel: IOAPIC[0]: apic_id 0, version 17, address 0xfec00000, GSI 0-23
Feb 09 22:38:11 compute4 kernel: ACPI: INT_SRC_OVR (bus 0 bus_irq 0 global_irq 2 dfl dfl)
Feb 09 22:38:11 compute4 kernel: ACPI: INT_SRC_OVR (bus 0 bus_irq 5 global_irq 5 high level)
Feb 09 22:38:11 compute4 kernel: ACPI: INT_SRC_OVR (bus 0 bus_irq 9 global_irq 9 high level)
Feb 09 22:38:11 compute4 kernel: ACPI: INT_SRC_OVR (bus 0 bus_irq 10 global_irq 10 high level)
Feb 09 22:38:11 compute4 kernel: ACPI: INT_SRC_OVR (bus 0 bus_irq 11 global_irq 11 high level)
Feb 09 22:38:11 compute4 kernel: ACPI: IRQ0 used by override.
Feb 09 22:38:11 compute4 kernel: ACPI: IRQ5 used by override.
Feb 09 22:38:11 compute4 kernel: ACPI: IRQ9 used by override.
Feb 09 22:38:11 compute4 kernel: ACPI: IRQ10 used by override.
Feb 09 22:38:11 compute4 kernel: ACPI: IRQ11 used by override.
Feb 09 22:38:11 compute4 kernel: Using ACPI (MADT) for SMP configuration information
Feb 09 22:38:11 compute4 kernel: TSC deadline timer available
Feb 09 22:38:11 compute4 kernel: smpboot: Allowing 2 CPUs, 0 hotplug CPUs
Feb 09 22:38:11 compute4 kernel: PM: Registered nosave memory: [mem 0x00000000-0x00000fff]
Feb 09 22:38:11 compute4 kernel: PM: Registered nosave memory: [mem 0x0009c000-0x000effff]
Feb 09 22:38:11 compute4 kernel: PM: Registered nosave memory: [mem 0x000f0000-0x000fffff]
Feb 09 22:38:11 compute4 kernel: PM: Registered nosave memory: [mem 0xbfecb000-0xbff77fff]
Feb 09 22:38:11 compute4 kernel: PM: Registered nosave memory: [mem 0xbffd3000-0xbfffffff]
Feb 09 22:38:11 compute4 kernel: PM: Registered nosave memory: [mem 0xc0000000-0xfeffbfff]
Feb 09 22:38:11 compute4 kernel: PM: Registered nosave memory: [mem 0xfeffc000-0xfeffffff]
Feb 09 22:38:11 compute4 kernel: PM: Registered nosave memory: [mem 0xff000000-0xfffbffff]
Feb 09 22:38:11 compute4 kernel: PM: Registered nosave memory: [mem 0xfffc0000-0xffffffff]
Feb 09 22:38:11 compute4 kernel: [mem 0xc0000000-0xfeffbfff] available for PCI devices
Feb 09 22:38:11 compute4 kernel: Booting paravirtualized kernel on KVM
Feb 09 22:38:11 compute4 kernel: clocksource: refined-jiffies: mask: 0xffffffff max_cycles: 0xffffffff, max_idle_ns: 7645519600211568 ns
Feb 09 22:38:11 compute4 kernel: setup_percpu: NR_CPUS:8192 nr_cpumask_bits:2 nr_cpu_ids:2 nr_node_ids:1
Feb 09 22:38:11 compute4 kernel: percpu: Embedded 60 pages/cpu s208896 r8192 d28672 u1048576
Feb 09 22:38:11 compute4 kernel: pcpu-alloc: s208896 r8192 d28672 u1048576 alloc=1*2097152
Feb 09 22:38:11 compute4 kernel: pcpu-alloc: [0] 0 1 
Feb 09 22:38:11 compute4 kernel: setup async PF for cpu 0
Feb 09 22:38:11 compute4 kernel: kvm-stealtime: cpu 0, msr 42fa32040
Feb 09 22:38:11 compute4 kernel: Built 1 zonelists, mobility grouping on.  Total pages: 4128431
Feb 09 22:38:11 compute4 kernel: Policy zone: Normal
Feb 09 22:38:11 compute4 kernel: Kernel command line: BOOT_IMAGE=/boot/vmlinuz-5.4.0-97-generic root=UUID=51babbe8-f78f-46a4-8830-d351c3830325 ro
Feb 09 22:38:11 compute4 kernel: Dentry cache hash table entries: 2097152 (order: 12, 16777216 bytes, linear)
Feb 09 22:38:11 compute4 kernel: Inode-cache hash table entries: 1048576 (order: 11, 8388608 bytes, linear)
Feb 09 22:38:11 compute4 kernel: mem auto-init: stack:off, heap alloc:on, heap free:off
Feb 09 22:38:11 compute4 kernel: Calgary: detecting Calgary via BIOS EBDA area
Feb 09 22:38:11 compute4 kernel: Calgary: Unable to locate Rio Grande table in EBDA - bailing!
Feb 09 22:38:11 compute4 kernel: Memory: 16303148K/16775940K available (14339K kernel code, 2400K rwdata, 9500K rodata, 2752K init, 4948K bss, 472792K reserved, 0K cma-reserved)
Feb 09 22:38:11 compute4 kernel: random: get_random_u64 called from kmem_cache_open+0x2d/0x410 with crng_init=0
Feb 09 22:38:11 compute4 kernel: SLUB: HWalign=64, Order=0-3, MinObjects=0, CPUs=2, Nodes=1
Feb 09 22:38:11 compute4 kernel: Kernel/User page tables isolation: enabled
Feb 09 22:38:11 compute4 kernel: ftrace: allocating 44643 entries in 175 pages
Feb 09 22:38:11 compute4 kernel: rcu: Hierarchical RCU implementation.
Feb 09 22:38:11 compute4 kernel: rcu:         RCU restricting CPUs from NR_CPUS=8192 to nr_cpu_ids=2.
Feb 09 22:38:11 compute4 kernel:         Tasks RCU enabled.
Feb 09 22:38:11 compute4 kernel: rcu: RCU calculated value of scheduler-enlistment delay is 25 jiffies.
Feb 09 22:38:11 compute4 kernel: rcu: Adjusting geometry for rcu_fanout_leaf=16, nr_cpu_ids=2
Feb 09 22:38:11 compute4 kernel: NR_IRQS: 524544, nr_irqs: 440, preallocated irqs: 16
Feb 09 22:38:11 compute4 kernel: random: crng done (trusting CPU's manufacturer)
Feb 09 22:38:11 compute4 kernel: Console: colour VGA+ 80x25
Feb 09 22:38:11 compute4 kernel: printk: console [tty0] enabled
Feb 09 22:38:11 compute4 kernel: ACPI: Core revision 20190816
Feb 09 22:38:11 compute4 kernel: APIC: Switch to symmetric I/O mode setup
Feb 09 22:38:11 compute4 kernel: x2apic enabled
Feb 09 22:38:11 compute4 kernel: Switched APIC routing to physical x2apic.
Feb 09 22:38:11 compute4 kernel: clocksource: tsc-early: mask: 0xffffffffffffffff max_cycles: 0x3c8a615336c, max_idle_ns: 440795257976 ns
Feb 09 22:38:11 compute4 kernel: Calibrating delay loop (skipped) preset value.. 8400.00 BogoMIPS (lpj=16800000)
Feb 09 22:38:11 compute4 kernel: pid_max: default: 32768 minimum: 301
Feb 09 22:38:11 compute4 kernel: LSM: Security Framework initializing
Feb 09 22:38:11 compute4 kernel: Yama: becoming mindful.
Feb 09 22:38:11 compute4 kernel: AppArmor: AppArmor initialized
Feb 09 22:38:11 compute4 kernel: Mount-cache hash table entries: 32768 (order: 6, 262144 bytes, linear)
Feb 09 22:38:11 compute4 kernel: Mountpoint-cache hash table entries: 32768 (order: 6, 262144 bytes, linear)
Feb 09 22:38:11 compute4 kernel: *** VALIDATE tmpfs ***
Feb 09 22:38:11 compute4 kernel: *** VALIDATE proc ***
Feb 09 22:38:11 compute4 kernel: *** VALIDATE cgroup1 ***
Feb 09 22:38:11 compute4 kernel: *** VALIDATE cgroup2 ***
Feb 09 22:38:11 compute4 kernel: Last level iTLB entries: 4KB 0, 2MB 0, 4MB 0
Feb 09 22:38:11 compute4 kernel: Last level dTLB entries: 4KB 0, 2MB 0, 4MB 0, 1GB 0
Feb 09 22:38:11 compute4 kernel: Spectre V1 : Mitigation: usercopy/swapgs barriers and __user pointer sanitization
Feb 09 22:38:11 compute4 kernel: Spectre V2 : Mitigation: Full generic retpoline
Feb 09 22:38:11 compute4 kernel: Spectre V2 : Spectre v2 / SpectreRSB mitigation: Filling RSB on context switch
Feb 09 22:38:11 compute4 kernel: Spectre V2 : Enabling Restricted Speculation for firmware calls
Feb 09 22:38:11 compute4 kernel: Spectre V2 : mitigation: Enabling conditional Indirect Branch Prediction Barrier
Feb 09 22:38:11 compute4 kernel: Speculative Store Bypass: Mitigation: Speculative Store Bypass disabled via prctl and seccomp
Feb 09 22:38:11 compute4 kernel: TAA: Mitigation: Clear CPU buffers
Feb 09 22:38:11 compute4 kernel: SRBDS: Unknown: Dependent on hypervisor status
Feb 09 22:38:11 compute4 kernel: MDS: Mitigation: Clear CPU buffers
Feb 09 22:38:11 compute4 kernel: Freeing SMP alternatives memory: 40K
Feb 09 22:38:11 compute4 kernel: smpboot: CPU0: Intel Core Processor (Skylake, IBRS) (family: 0x6, model: 0x5e, stepping: 0x3)
Feb 09 22:38:11 compute4 kernel: Performance Events: unsupported p6 CPU model 94 no PMU driver, software events only.
Feb 09 22:38:11 compute4 kernel: rcu: Hierarchical SRCU implementation.
Feb 09 22:38:11 compute4 kernel: NMI watchdog: Perf NMI watchdog permanently disabled
Feb 09 22:38:11 compute4 kernel: smp: Bringing up secondary CPUs ...
Feb 09 22:38:11 compute4 kernel: x86: Booting SMP configuration:
Feb 09 22:38:11 compute4 kernel: .... node  #0, CPUs:      #1
Feb 09 22:38:11 compute4 kernel: kvm-clock: cpu 1, msr 71601041, secondary cpu clock
Feb 09 22:38:11 compute4 kernel: smpboot: CPU 1 Converting physical 0 to logical die 1
Feb 09 22:38:11 compute4 kernel: setup async PF for cpu 1
Feb 09 22:38:11 compute4 kernel: kvm-stealtime: cpu 1, msr 42fb32040
Feb 09 22:38:11 compute4 kernel: smp: Brought up 1 node, 2 CPUs
Feb 09 22:38:11 compute4 kernel: smpboot: Max logical packages: 2
Feb 09 22:38:11 compute4 kernel: smpboot: Total of 2 processors activated (16800.00 BogoMIPS)
Feb 09 22:38:11 compute4 kernel: devtmpfs: initialized
Feb 09 22:38:11 compute4 kernel: x86/mm: Memory block size: 128MB
Feb 09 22:38:11 compute4 kernel: clocksource: jiffies: mask: 0xffffffff max_cycles: 0xffffffff, max_idle_ns: 7645041785100000 ns
Feb 09 22:38:11 compute4 kernel: futex hash table entries: 512 (order: 3, 32768 bytes, linear)
Feb 09 22:38:11 compute4 kernel: pinctrl core: initialized pinctrl subsystem
Feb 09 22:38:11 compute4 kernel: PM: RTC time: 22:38:07, date: 2022-02-09
Feb 09 22:38:11 compute4 kernel: NET: Registered protocol family 16
Feb 09 22:38:11 compute4 kernel: audit: initializing netlink subsys (disabled)
Feb 09 22:38:11 compute4 kernel: audit: type=2000 audit(1644446288.107:1): state=initialized audit_enabled=0 res=1
Feb 09 22:38:11 compute4 kernel: EISA bus registered
Feb 09 22:38:11 compute4 kernel: cpuidle: using governor ladder
Feb 09 22:38:11 compute4 kernel: cpuidle: using governor menu
Feb 09 22:38:11 compute4 kernel: ACPI: bus type PCI registered
Feb 09 22:38:11 compute4 kernel: acpiphp: ACPI Hot Plug PCI Controller Driver version: 0.5
Feb 09 22:38:11 compute4 kernel: PCI: Using configuration type 1 for base access
Feb 09 22:38:11 compute4 kernel: HugeTLB registered 1.00 GiB page size, pre-allocated 0 pages
Feb 09 22:38:11 compute4 kernel: HugeTLB registered 2.00 MiB page size, pre-allocated 0 pages
Feb 09 22:38:11 compute4 kernel: ACPI: Added _OSI(Module Device)
Feb 09 22:38:11 compute4 kernel: ACPI: Added _OSI(Processor Device)
Feb 09 22:38:11 compute4 kernel: ACPI: Added _OSI(3.0 _SCP Extensions)
Feb 09 22:38:11 compute4 kernel: ACPI: Added _OSI(Processor Aggregator Device)
Feb 09 22:38:11 compute4 kernel: ACPI: Added _OSI(Linux-Dell-Video)
Feb 09 22:38:11 compute4 kernel: ACPI: Added _OSI(Linux-Lenovo-NV-HDMI-Audio)
Feb 09 22:38:11 compute4 kernel: ACPI: Added _OSI(Linux-HPI-Hybrid-Graphics)
Feb 09 22:38:11 compute4 kernel: ACPI: 1 ACPI AML tables successfully acquired and loaded
Feb 09 22:38:11 compute4 kernel: ACPI: Interpreter enabled
Feb 09 22:38:11 compute4 kernel: ACPI: (supports S0 S5)
Feb 09 22:38:11 compute4 kernel: ACPI: Using IOAPIC for interrupt routing
Feb 09 22:38:11 compute4 kernel: PCI: Using host bridge windows from ACPI; if necessary, use "pci=nocrs" and report a bug
Feb 09 22:38:11 compute4 kernel: ACPI: Enabled 2 GPEs in block 00 to 0F
Feb 09 22:38:11 compute4 kernel: ACPI: PCI Root Bridge [PCI0] (domain 0000 [bus 00-ff])
Feb 09 22:38:11 compute4 kernel: acpi PNP0A03:00: _OSC: OS supports [ASPM ClockPM Segments MSI HPX-Type3]
Feb 09 22:38:11 compute4 kernel: acpi PNP0A03:00: fail to add MMCONFIG information, can't access extended PCI configuration space under this bridge.
Feb 09 22:38:11 compute4 kernel: acpiphp: Slot [3] registered
Feb 09 22:38:11 compute4 kernel: acpiphp: Slot [4] registered
Feb 09 22:38:11 compute4 kernel: acpiphp: Slot [5] registered
Feb 09 22:38:11 compute4 kernel: acpiphp: Slot [6] registered
Feb 09 22:38:11 compute4 kernel: acpiphp: Slot [7] registered
Feb 09 22:38:11 compute4 kernel: acpiphp: Slot [8] registered
Feb 09 22:38:11 compute4 kernel: acpiphp: Slot [9] registered
Feb 09 22:38:11 compute4 kernel: acpiphp: Slot [11] registered
Feb 09 22:38:11 compute4 kernel: acpiphp: Slot [12] registered
Feb 09 22:38:11 compute4 kernel: acpiphp: Slot [13] registered
Feb 09 22:38:11 compute4 kernel: acpiphp: Slot [14] registered
Feb 09 22:38:11 compute4 kernel: acpiphp: Slot [15] registered
Feb 09 22:38:11 compute4 kernel: acpiphp: Slot [16] registered
Feb 09 22:38:11 compute4 kernel: acpiphp: Slot [17] registered
Feb 09 22:38:11 compute4 kernel: acpiphp: Slot [18] registered
Feb 09 22:38:11 compute4 kernel: acpiphp: Slot [19] registered
Feb 09 22:38:11 compute4 kernel: acpiphp: Slot [20] registered
Feb 09 22:38:11 compute4 kernel: acpiphp: Slot [21] registered
Feb 09 22:38:11 compute4 kernel: acpiphp: Slot [22] registered
Feb 09 22:38:11 compute4 kernel: acpiphp: Slot [23] registered
Feb 09 22:38:11 compute4 kernel: acpiphp: Slot [24] registered
Feb 09 22:38:11 compute4 kernel: acpiphp: Slot [25] registered
Feb 09 22:38:11 compute4 kernel: acpiphp: Slot [26] registered
Feb 09 22:38:11 compute4 kernel: acpiphp: Slot [27] registered
Feb 09 22:38:11 compute4 kernel: acpiphp: Slot [28] registered
Feb 09 22:38:11 compute4 kernel: acpiphp: Slot [29] registered
Feb 09 22:38:11 compute4 kernel: acpiphp: Slot [30] registered
Feb 09 22:38:11 compute4 kernel: acpiphp: Slot [31] registered
Feb 09 22:38:11 compute4 kernel: PCI host bridge to bus 0000:00
Feb 09 22:38:11 compute4 kernel: pci_bus 0000:00: root bus resource [io  0x0000-0x0cf7 window]
Feb 09 22:38:11 compute4 kernel: pci_bus 0000:00: root bus resource [io  0x0d00-0xffff window]
Feb 09 22:38:11 compute4 kernel: pci_bus 0000:00: root bus resource [mem 0x000a0000-0x000bffff window]
Feb 09 22:38:11 compute4 kernel: pci_bus 0000:00: root bus resource [mem 0xc0000000-0xfebfffff window]
Feb 09 22:38:11 compute4 kernel: pci_bus 0000:00: root bus resource [mem 0x440000000-0x4bfffffff window]
Feb 09 22:38:11 compute4 kernel: pci_bus 0000:00: root bus resource [bus 00-ff]
Feb 09 22:38:11 compute4 kernel: pci 0000:00:00.0: [8086:1237] type 00 class 0x060000
Feb 09 22:38:11 compute4 kernel: pci 0000:00:01.0: [8086:7000] type 00 class 0x060100
Feb 09 22:38:11 compute4 kernel: pci 0000:00:01.1: [8086:7010] type 00 class 0x010180
Feb 09 22:38:11 compute4 kernel: pci 0000:00:01.1: reg 0x20: [io  0xc260-0xc26f]
Feb 09 22:38:11 compute4 kernel: pci 0000:00:01.1: legacy IDE quirk: reg 0x10: [io  0x01f0-0x01f7]
Feb 09 22:38:11 compute4 kernel: pci 0000:00:01.1: legacy IDE quirk: reg 0x14: [io  0x03f6]
Feb 09 22:38:11 compute4 kernel: pci 0000:00:01.1: legacy IDE quirk: reg 0x18: [io  0x0170-0x0177]
Feb 09 22:38:11 compute4 kernel: pci 0000:00:01.1: legacy IDE quirk: reg 0x1c: [io  0x0376]
Feb 09 22:38:11 compute4 kernel: pci 0000:00:01.3: [8086:7113] type 00 class 0x068000
Feb 09 22:38:11 compute4 kernel: pci 0000:00:01.3: quirk: [io  0x0600-0x063f] claimed by PIIX4 ACPI
Feb 09 22:38:11 compute4 kernel: pci 0000:00:01.3: quirk: [io  0x0700-0x070f] claimed by PIIX4 SMB
Feb 09 22:38:11 compute4 kernel: pci 0000:00:02.0: [1013:00b8] type 00 class 0x030000
Feb 09 22:38:11 compute4 kernel: pci 0000:00:02.0: reg 0x10: [mem 0xfc000000-0xfdffffff pref]
Feb 09 22:38:11 compute4 kernel: pci 0000:00:02.0: reg 0x14: [mem 0xfeb90000-0xfeb90fff]
Feb 09 22:38:11 compute4 kernel: pci 0000:00:02.0: reg 0x30: [mem 0xfeb80000-0xfeb8ffff pref]
Feb 09 22:38:11 compute4 kernel: pci 0000:00:03.0: [1af4:1000] type 00 class 0x020000
Feb 09 22:38:11 compute4 kernel: pci 0000:00:03.0: reg 0x10: [io  0xc100-0xc11f]
Feb 09 22:38:11 compute4 kernel: pci 0000:00:03.0: reg 0x14: [mem 0xfeb91000-0xfeb91fff]
Feb 09 22:38:11 compute4 kernel: pci 0000:00:03.0: reg 0x20: [mem 0xfe000000-0xfe003fff 64bit pref]
Feb 09 22:38:11 compute4 kernel: pci 0000:00:03.0: reg 0x30: [mem 0xfe800000-0xfe87ffff pref]
Feb 09 22:38:11 compute4 kernel: pci 0000:00:04.0: [1af4:1000] type 00 class 0x020000
Feb 09 22:38:11 compute4 kernel: pci 0000:00:04.0: reg 0x10: [io  0xc120-0xc13f]
Feb 09 22:38:11 compute4 kernel: pci 0000:00:04.0: reg 0x14: [mem 0xfeb92000-0xfeb92fff]
Feb 09 22:38:11 compute4 kernel: pci 0000:00:04.0: reg 0x20: [mem 0xfe004000-0xfe007fff 64bit pref]
Feb 09 22:38:11 compute4 kernel: pci 0000:00:04.0: reg 0x30: [mem 0xfe880000-0xfe8fffff pref]
Feb 09 22:38:11 compute4 kernel: pci 0000:00:05.0: [1af4:1000] type 00 class 0x020000
Feb 09 22:38:11 compute4 kernel: pci 0000:00:05.0: reg 0x10: [io  0xc140-0xc15f]
Feb 09 22:38:11 compute4 kernel: pci 0000:00:05.0: reg 0x14: [mem 0xfeb93000-0xfeb93fff]
Feb 09 22:38:11 compute4 kernel: pci 0000:00:05.0: reg 0x20: [mem 0xfe008000-0xfe00bfff 64bit pref]
Feb 09 22:38:11 compute4 kernel: pci 0000:00:05.0: reg 0x30: [mem 0xfe900000-0xfe97ffff pref]
Feb 09 22:38:11 compute4 kernel: pci 0000:00:06.0: [1af4:1000] type 00 class 0x020000
Feb 09 22:38:11 compute4 kernel: pci 0000:00:06.0: reg 0x10: [io  0xc160-0xc17f]
Feb 09 22:38:11 compute4 kernel: pci 0000:00:06.0: reg 0x14: [mem 0xfeb94000-0xfeb94fff]
Feb 09 22:38:11 compute4 kernel: pci 0000:00:06.0: reg 0x20: [mem 0xfe00c000-0xfe00ffff 64bit pref]
Feb 09 22:38:11 compute4 kernel: pci 0000:00:06.0: reg 0x30: [mem 0xfe980000-0xfe9fffff pref]
Feb 09 22:38:11 compute4 kernel: pci 0000:00:07.0: [1af4:1000] type 00 class 0x020000
Feb 09 22:38:11 compute4 kernel: pci 0000:00:07.0: reg 0x10: [io  0xc180-0xc19f]
Feb 09 22:38:11 compute4 kernel: pci 0000:00:07.0: reg 0x14: [mem 0xfeb95000-0xfeb95fff]
Feb 09 22:38:11 compute4 kernel: pci 0000:00:07.0: reg 0x20: [mem 0xfe010000-0xfe013fff 64bit pref]
Feb 09 22:38:11 compute4 kernel: pci 0000:00:07.0: reg 0x30: [mem 0xfea00000-0xfea7ffff pref]
Feb 09 22:38:11 compute4 kernel: pci 0000:00:08.0: [1af4:1000] type 00 class 0x020000
Feb 09 22:38:11 compute4 kernel: pci 0000:00:08.0: reg 0x10: [io  0xc1a0-0xc1bf]
Feb 09 22:38:11 compute4 kernel: pci 0000:00:08.0: reg 0x14: [mem 0xfeb96000-0xfeb96fff]
Feb 09 22:38:11 compute4 kernel: pci 0000:00:08.0: reg 0x20: [mem 0xfe014000-0xfe017fff 64bit pref]
Feb 09 22:38:11 compute4 kernel: pci 0000:00:08.0: reg 0x30: [mem 0xfea80000-0xfeafffff pref]
Feb 09 22:38:11 compute4 kernel: pci 0000:00:09.0: [1af4:1000] type 00 class 0x020000
Feb 09 22:38:11 compute4 kernel: pci 0000:00:09.0: reg 0x10: [io  0xc1c0-0xc1df]
Feb 09 22:38:11 compute4 kernel: pci 0000:00:09.0: reg 0x14: [mem 0xfeb97000-0xfeb97fff]
Feb 09 22:38:11 compute4 kernel: pci 0000:00:09.0: reg 0x20: [mem 0xfe018000-0xfe01bfff 64bit pref]
Feb 09 22:38:11 compute4 kernel: pci 0000:00:09.0: reg 0x30: [mem 0xfeb00000-0xfeb7ffff pref]
Feb 09 22:38:11 compute4 kernel: pci 0000:00:0a.0: [8086:2934] type 00 class 0x0c0300
Feb 09 22:38:11 compute4 kernel: pci 0000:00:0a.0: reg 0x20: [io  0xc1e0-0xc1ff]
Feb 09 22:38:11 compute4 kernel: pci 0000:00:0a.1: [8086:2935] type 00 class 0x0c0300
Feb 09 22:38:11 compute4 kernel: pci 0000:00:0a.1: reg 0x20: [io  0xc200-0xc21f]
Feb 09 22:38:11 compute4 kernel: pci 0000:00:0a.2: [8086:2936] type 00 class 0x0c0300
Feb 09 22:38:11 compute4 kernel: pci 0000:00:0a.2: reg 0x20: [io  0xc220-0xc23f]
Feb 09 22:38:11 compute4 kernel: pci 0000:00:0a.7: [8086:293a] type 00 class 0x0c0320
Feb 09 22:38:11 compute4 kernel: pci 0000:00:0a.7: reg 0x10: [mem 0xfeb98000-0xfeb98fff]
Feb 09 22:38:11 compute4 kernel: pci 0000:00:0b.0: [1af4:1001] type 00 class 0x010000
Feb 09 22:38:11 compute4 kernel: pci 0000:00:0b.0: reg 0x10: [io  0xc000-0xc03f]
Feb 09 22:38:11 compute4 kernel: pci 0000:00:0b.0: reg 0x14: [mem 0xfeb99000-0xfeb99fff]
Feb 09 22:38:11 compute4 kernel: pci 0000:00:0b.0: reg 0x20: [mem 0xfe01c000-0xfe01ffff 64bit pref]
Feb 09 22:38:11 compute4 kernel: pci 0000:00:0c.0: [1af4:1001] type 00 class 0x010000
Feb 09 22:38:11 compute4 kernel: pci 0000:00:0c.0: reg 0x10: [io  0xc040-0xc07f]
Feb 09 22:38:11 compute4 kernel: pci 0000:00:0c.0: reg 0x14: [mem 0xfeb9a000-0xfeb9afff]
Feb 09 22:38:11 compute4 kernel: pci 0000:00:0c.0: reg 0x20: [mem 0xfe020000-0xfe023fff 64bit pref]
Feb 09 22:38:11 compute4 kernel: pci 0000:00:0d.0: [1af4:1001] type 00 class 0x010000
Feb 09 22:38:11 compute4 kernel: pci 0000:00:0d.0: reg 0x10: [io  0xc080-0xc0bf]
Feb 09 22:38:11 compute4 kernel: pci 0000:00:0d.0: reg 0x14: [mem 0xfeb9b000-0xfeb9bfff]
Feb 09 22:38:11 compute4 kernel: pci 0000:00:0d.0: reg 0x20: [mem 0xfe024000-0xfe027fff 64bit pref]
Feb 09 22:38:11 compute4 kernel: pci 0000:00:0e.0: [1af4:1002] type 00 class 0x00ff00
Feb 09 22:38:11 compute4 kernel: pci 0000:00:0e.0: reg 0x10: [io  0xc240-0xc25f]
Feb 09 22:38:11 compute4 kernel: pci 0000:00:0e.0: reg 0x20: [mem 0xfe028000-0xfe02bfff 64bit pref]
Feb 09 22:38:11 compute4 kernel: pci 0000:00:0f.0: [1af4:1001] type 00 class 0x010000
Feb 09 22:38:11 compute4 kernel: pci 0000:00:0f.0: reg 0x10: [io  0xc0c0-0xc0ff]
Feb 09 22:38:11 compute4 kernel: pci 0000:00:0f.0: reg 0x14: [mem 0xfeb9c000-0xfeb9cfff]
Feb 09 22:38:11 compute4 kernel: pci 0000:00:0f.0: reg 0x20: [mem 0xfe02c000-0xfe02ffff 64bit pref]
Feb 09 22:38:11 compute4 kernel: ACPI: PCI Interrupt Link [LNKA] (IRQs 5 *10 11)
Feb 09 22:38:11 compute4 kernel: ACPI: PCI Interrupt Link [LNKB] (IRQs 5 *10 11)
Feb 09 22:38:11 compute4 kernel: ACPI: PCI Interrupt Link [LNKC] (IRQs 5 10 *11)
Feb 09 22:38:11 compute4 kernel: ACPI: PCI Interrupt Link [LNKD] (IRQs 5 10 *11)
Feb 09 22:38:11 compute4 kernel: ACPI: PCI Interrupt Link [LNKS] (IRQs *9)
Feb 09 22:38:11 compute4 kernel: iommu: Default domain type: Translated 
Feb 09 22:38:11 compute4 kernel: SCSI subsystem initialized
Feb 09 22:38:11 compute4 kernel: libata version 3.00 loaded.
Feb 09 22:38:11 compute4 kernel: pci 0000:00:02.0: vgaarb: setting as boot VGA device
Feb 09 22:38:11 compute4 kernel: pci 0000:00:02.0: vgaarb: VGA device added: decodes=io+mem,owns=io+mem,locks=none
Feb 09 22:38:11 compute4 kernel: pci 0000:00:02.0: vgaarb: bridge control possible
Feb 09 22:38:11 compute4 kernel: vgaarb: loaded
Feb 09 22:38:11 compute4 kernel: ACPI: bus type USB registered
Feb 09 22:38:11 compute4 kernel: usbcore: registered new interface driver usbfs
Feb 09 22:38:11 compute4 kernel: usbcore: registered new interface driver hub
Feb 09 22:38:11 compute4 kernel: usbcore: registered new device driver usb
Feb 09 22:38:11 compute4 kernel: pps_core: LinuxPPS API ver. 1 registered
Feb 09 22:38:11 compute4 kernel: pps_core: Software ver. 5.3.6 - Copyright 2005-2007 Rodolfo Giometti <giometti@linux.it>
Feb 09 22:38:11 compute4 kernel: PTP clock support registered
Feb 09 22:38:11 compute4 kernel: EDAC MC: Ver: 3.0.0
Feb 09 22:38:11 compute4 kernel: PCI: Using ACPI for IRQ routing
Feb 09 22:38:11 compute4 kernel: PCI: pci_cache_line_size set to 64 bytes
Feb 09 22:38:11 compute4 kernel: e820: reserve RAM buffer [mem 0x0009c400-0x0009ffff]
Feb 09 22:38:11 compute4 kernel: e820: reserve RAM buffer [mem 0xbfecb000-0xbfffffff]
Feb 09 22:38:11 compute4 kernel: e820: reserve RAM buffer [mem 0xbffd3000-0xbfffffff]
Feb 09 22:38:11 compute4 kernel: NetLabel: Initializing
Feb 09 22:38:11 compute4 kernel: NetLabel:  domain hash size = 128
Feb 09 22:38:11 compute4 kernel: NetLabel:  protocols = UNLABELED CIPSOv4 CALIPSO
Feb 09 22:38:11 compute4 kernel: NetLabel:  unlabeled traffic allowed by default
Feb 09 22:38:11 compute4 kernel: clocksource: Switched to clocksource kvm-clock
Feb 09 22:38:11 compute4 kernel: *** VALIDATE bpf ***
Feb 09 22:38:11 compute4 kernel: VFS: Disk quotas dquot_6.6.0
Feb 09 22:38:11 compute4 kernel: VFS: Dquot-cache hash table entries: 512 (order 0, 4096 bytes)
Feb 09 22:38:11 compute4 kernel: *** VALIDATE ramfs ***
Feb 09 22:38:11 compute4 kernel: *** VALIDATE hugetlbfs ***
Feb 09 22:38:11 compute4 kernel: AppArmor: AppArmor Filesystem Enabled
Feb 09 22:38:11 compute4 kernel: pnp: PnP ACPI init
Feb 09 22:38:11 compute4 kernel: pnp 00:00: Plug and Play ACPI device, IDs PNP0b00 (active)
Feb 09 22:38:11 compute4 kernel: pnp 00:01: Plug and Play ACPI device, IDs PNP0303 (active)
Feb 09 22:38:11 compute4 kernel: pnp 00:02: Plug and Play ACPI device, IDs PNP0f13 (active)
Feb 09 22:38:11 compute4 kernel: pnp 00:03: [dma 2]
Feb 09 22:38:11 compute4 kernel: pnp 00:03: Plug and Play ACPI device, IDs PNP0700 (active)
Feb 09 22:38:11 compute4 kernel: pnp 00:04: Plug and Play ACPI device, IDs PNP0501 (active)
Feb 09 22:38:11 compute4 kernel: pnp: PnP ACPI: found 5 devices
Feb 09 22:38:11 compute4 kernel: thermal_sys: Registered thermal governor 'fair_share'
Feb 09 22:38:11 compute4 kernel: thermal_sys: Registered thermal governor 'bang_bang'
Feb 09 22:38:11 compute4 kernel: thermal_sys: Registered thermal governor 'step_wise'
Feb 09 22:38:11 compute4 kernel: thermal_sys: Registered thermal governor 'user_space'
Feb 09 22:38:11 compute4 kernel: thermal_sys: Registered thermal governor 'power_allocator'
Feb 09 22:38:11 compute4 kernel: clocksource: acpi_pm: mask: 0xffffff max_cycles: 0xffffff, max_idle_ns: 2085701024 ns
Feb 09 22:38:11 compute4 kernel: pci_bus 0000:00: resource 4 [io  0x0000-0x0cf7 window]
Feb 09 22:38:11 compute4 kernel: pci_bus 0000:00: resource 5 [io  0x0d00-0xffff window]
Feb 09 22:38:11 compute4 kernel: pci_bus 0000:00: resource 6 [mem 0x000a0000-0x000bffff window]
Feb 09 22:38:11 compute4 kernel: pci_bus 0000:00: resource 7 [mem 0xc0000000-0xfebfffff window]
Feb 09 22:38:11 compute4 kernel: pci_bus 0000:00: resource 8 [mem 0x440000000-0x4bfffffff window]
Feb 09 22:38:11 compute4 kernel: NET: Registered protocol family 2
Feb 09 22:38:11 compute4 kernel: IP idents hash table entries: 262144 (order: 9, 2097152 bytes, linear)
Feb 09 22:38:11 compute4 kernel: tcp_listen_portaddr_hash hash table entries: 8192 (order: 5, 131072 bytes, linear)
Feb 09 22:38:11 compute4 kernel: TCP established hash table entries: 131072 (order: 8, 1048576 bytes, linear)
Feb 09 22:38:11 compute4 kernel: TCP bind hash table entries: 65536 (order: 8, 1048576 bytes, linear)
Feb 09 22:38:11 compute4 kernel: TCP: Hash tables configured (established 131072 bind 65536)
Feb 09 22:38:11 compute4 kernel: UDP hash table entries: 8192 (order: 6, 262144 bytes, linear)
Feb 09 22:38:11 compute4 kernel: UDP-Lite hash table entries: 8192 (order: 6, 262144 bytes, linear)
Feb 09 22:38:11 compute4 kernel: NET: Registered protocol family 1
Feb 09 22:38:11 compute4 kernel: NET: Registered protocol family 44
Feb 09 22:38:11 compute4 kernel: pci 0000:00:01.0: PIIX3: Enabling Passive Release
Feb 09 22:38:11 compute4 kernel: pci 0000:00:00.0: Limiting direct PCI/PCI transfers
Feb 09 22:38:11 compute4 kernel: pci 0000:00:01.0: Activating ISA DMA hang workarounds
Feb 09 22:38:11 compute4 kernel: pci 0000:00:02.0: Video device with shadowed ROM at [mem 0x000c0000-0x000dffff]
Feb 09 22:38:11 compute4 kernel: PCI Interrupt Link [LNKB] enabled at IRQ 10
Feb 09 22:38:11 compute4 kernel: pci 0000:00:0a.0: quirk_usb_early_handoff+0x0/0x670 took 33084 usecs
Feb 09 22:38:11 compute4 kernel: PCI Interrupt Link [LNKC] enabled at IRQ 11
Feb 09 22:38:11 compute4 kernel: pci 0000:00:0a.1: quirk_usb_early_handoff+0x0/0x670 took 32511 usecs
Feb 09 22:38:11 compute4 kernel: PCI Interrupt Link [LNKD] enabled at IRQ 11
Feb 09 22:38:11 compute4 kernel: pci 0000:00:0a.2: quirk_usb_early_handoff+0x0/0x670 took 32494 usecs
Feb 09 22:38:11 compute4 kernel: PCI Interrupt Link [LNKA] enabled at IRQ 10
Feb 09 22:38:11 compute4 kernel: pci 0000:00:0a.7: quirk_usb_early_handoff+0x0/0x670 took 32388 usecs
Feb 09 22:38:11 compute4 kernel: PCI: CLS 0 bytes, default 64
Feb 09 22:38:11 compute4 kernel: Trying to unpack rootfs image as initramfs...
Feb 09 22:38:11 compute4 kernel: Freeing initrd memory: 82436K
Feb 09 22:38:11 compute4 kernel: PCI-DMA: Using software bounce buffering for IO (SWIOTLB)
Feb 09 22:38:11 compute4 kernel: software IO TLB: mapped [mem 0xbbecb000-0xbfecb000] (64MB)
Feb 09 22:38:11 compute4 kernel: clocksource: tsc: mask: 0xffffffffffffffff max_cycles: 0x3c8a615336c, max_idle_ns: 440795257976 ns
Feb 09 22:38:11 compute4 kernel: check: Scanning for low memory corruption every 60 seconds
Feb 09 22:38:11 compute4 kernel: Initialise system trusted keyrings
Feb 09 22:38:11 compute4 kernel: Key type blacklist registered
Feb 09 22:38:11 compute4 kernel: workingset: timestamp_bits=36 max_order=22 bucket_order=0
Feb 09 22:38:11 compute4 kernel: zbud: loaded
Feb 09 22:38:11 compute4 kernel: squashfs: version 4.0 (2009/01/31) Phillip Lougher
Feb 09 22:38:11 compute4 kernel: fuse: init (API version 7.31)
Feb 09 22:38:11 compute4 kernel: *** VALIDATE fuse ***
Feb 09 22:38:11 compute4 kernel: *** VALIDATE fuse ***
Feb 09 22:38:11 compute4 kernel: Platform Keyring initialized
Feb 09 22:38:11 compute4 kernel: Key type asymmetric registered
Feb 09 22:38:11 compute4 kernel: Asymmetric key parser 'x509' registered
Feb 09 22:38:11 compute4 kernel: Block layer SCSI generic (bsg) driver version 0.4 loaded (major 244)
Feb 09 22:38:11 compute4 kernel: io scheduler mq-deadline registered
Feb 09 22:38:11 compute4 kernel: shpchp: Standard Hot Plug PCI Controller Driver version: 0.4
Feb 09 22:38:11 compute4 kernel: intel_idle: Please enable MWAIT in BIOS SETUP
Feb 09 22:38:11 compute4 kernel: input: Power Button as /devices/LNXSYSTM:00/LNXPWRBN:00/input/input0
Feb 09 22:38:11 compute4 kernel: ACPI: Power Button [PWRF]
Feb 09 22:38:11 compute4 kernel: Serial: 8250/16550 driver, 32 ports, IRQ sharing enabled
Feb 09 22:38:11 compute4 kernel: 00:04: ttyS0 at I/O 0x3f8 (irq = 4, base_baud = 115200) is a 16550A
Feb 09 22:38:11 compute4 kernel: Linux agpgart interface v0.103
Feb 09 22:38:11 compute4 kernel: loop: module loaded
Feb 09 22:38:11 compute4 kernel: ata_piix 0000:00:01.1: version 2.13
Feb 09 22:38:11 compute4 kernel: scsi host0: ata_piix
Feb 09 22:38:11 compute4 kernel: scsi host1: ata_piix
Feb 09 22:38:11 compute4 kernel: ata1: PATA max MWDMA2 cmd 0x1f0 ctl 0x3f6 bmdma 0xc260 irq 14
Feb 09 22:38:11 compute4 kernel: ata2: PATA max MWDMA2 cmd 0x170 ctl 0x376 bmdma 0xc268 irq 15
Feb 09 22:38:11 compute4 kernel: libphy: Fixed MDIO Bus: probed
Feb 09 22:38:11 compute4 kernel: tun: Universal TUN/TAP device driver, 1.6
Feb 09 22:38:11 compute4 kernel: PPP generic driver version 2.4.2
Feb 09 22:38:11 compute4 kernel: VFIO - User Level meta-driver version: 0.3
Feb 09 22:38:11 compute4 kernel: ehci_hcd: USB 2.0 'Enhanced' Host Controller (EHCI) Driver
Feb 09 22:38:11 compute4 kernel: ehci-pci: EHCI PCI platform driver
Feb 09 22:38:11 compute4 kernel: ehci-pci 0000:00:0a.7: EHCI Host Controller
Feb 09 22:38:11 compute4 kernel: ehci-pci 0000:00:0a.7: new USB bus registered, assigned bus number 1
Feb 09 22:38:11 compute4 kernel: ehci-pci 0000:00:0a.7: irq 10, io mem 0xfeb98000
Feb 09 22:38:11 compute4 kernel: ehci-pci 0000:00:0a.7: USB 2.0 started, EHCI 1.00
Feb 09 22:38:11 compute4 kernel: usb usb1: New USB device found, idVendor=1d6b, idProduct=0002, bcdDevice= 5.04
Feb 09 22:38:11 compute4 kernel: usb usb1: New USB device strings: Mfr=3, Product=2, SerialNumber=1
Feb 09 22:38:11 compute4 kernel: usb usb1: Product: EHCI Host Controller
Feb 09 22:38:11 compute4 kernel: usb usb1: Manufacturer: Linux 5.4.0-97-generic ehci_hcd
Feb 09 22:38:11 compute4 kernel: usb usb1: SerialNumber: 0000:00:0a.7
Feb 09 22:38:11 compute4 kernel: hub 1-0:1.0: USB hub found
Feb 09 22:38:11 compute4 kernel: hub 1-0:1.0: 6 ports detected
Feb 09 22:38:11 compute4 kernel: ehci-platform: EHCI generic platform driver
Feb 09 22:38:11 compute4 kernel: ohci_hcd: USB 1.1 'Open' Host Controller (OHCI) Driver
Feb 09 22:38:11 compute4 kernel: ohci-pci: OHCI PCI platform driver
Feb 09 22:38:11 compute4 kernel: ohci-platform: OHCI generic platform driver
Feb 09 22:38:11 compute4 kernel: uhci_hcd: USB Universal Host Controller Interface driver
Feb 09 22:38:11 compute4 kernel: uhci_hcd 0000:00:0a.0: UHCI Host Controller
Feb 09 22:38:11 compute4 kernel: uhci_hcd 0000:00:0a.0: new USB bus registered, assigned bus number 2
Feb 09 22:38:11 compute4 kernel: uhci_hcd 0000:00:0a.0: detected 2 ports
Feb 09 22:38:11 compute4 kernel: uhci_hcd 0000:00:0a.0: irq 10, io base 0x0000c1e0
Feb 09 22:38:11 compute4 kernel: usb usb2: New USB device found, idVendor=1d6b, idProduct=0001, bcdDevice= 5.04
Feb 09 22:38:11 compute4 kernel: usb usb2: New USB device strings: Mfr=3, Product=2, SerialNumber=1
Feb 09 22:38:11 compute4 kernel: usb usb2: Product: UHCI Host Controller
Feb 09 22:38:11 compute4 kernel: usb usb2: Manufacturer: Linux 5.4.0-97-generic uhci_hcd
Feb 09 22:38:11 compute4 kernel: usb usb2: SerialNumber: 0000:00:0a.0
Feb 09 22:38:11 compute4 kernel: hub 2-0:1.0: USB hub found
Feb 09 22:38:11 compute4 kernel: hub 2-0:1.0: 2 ports detected
Feb 09 22:38:11 compute4 kernel: uhci_hcd 0000:00:0a.1: UHCI Host Controller
Feb 09 22:38:11 compute4 kernel: uhci_hcd 0000:00:0a.1: new USB bus registered, assigned bus number 3
Feb 09 22:38:11 compute4 kernel: uhci_hcd 0000:00:0a.1: detected 2 ports
Feb 09 22:38:11 compute4 kernel: uhci_hcd 0000:00:0a.1: irq 11, io base 0x0000c200
Feb 09 22:38:11 compute4 kernel: usb usb3: New USB device found, idVendor=1d6b, idProduct=0001, bcdDevice= 5.04
Feb 09 22:38:11 compute4 kernel: usb usb3: New USB device strings: Mfr=3, Product=2, SerialNumber=1
Feb 09 22:38:11 compute4 kernel: usb usb3: Product: UHCI Host Controller
Feb 09 22:38:11 compute4 kernel: usb usb3: Manufacturer: Linux 5.4.0-97-generic uhci_hcd
Feb 09 22:38:11 compute4 kernel: usb usb3: SerialNumber: 0000:00:0a.1
Feb 09 22:38:11 compute4 kernel: hub 3-0:1.0: USB hub found
Feb 09 22:38:11 compute4 kernel: hub 3-0:1.0: 2 ports detected
Feb 09 22:38:11 compute4 kernel: uhci_hcd 0000:00:0a.2: UHCI Host Controller
Feb 09 22:38:11 compute4 kernel: uhci_hcd 0000:00:0a.2: new USB bus registered, assigned bus number 4
Feb 09 22:38:11 compute4 kernel: uhci_hcd 0000:00:0a.2: detected 2 ports
Feb 09 22:38:11 compute4 kernel: uhci_hcd 0000:00:0a.2: irq 11, io base 0x0000c220
Feb 09 22:38:11 compute4 kernel: usb usb4: New USB device found, idVendor=1d6b, idProduct=0001, bcdDevice= 5.04
Feb 09 22:38:11 compute4 kernel: usb usb4: New USB device strings: Mfr=3, Product=2, SerialNumber=1
Feb 09 22:38:11 compute4 kernel: usb usb4: Product: UHCI Host Controller
Feb 09 22:38:11 compute4 kernel: usb usb4: Manufacturer: Linux 5.4.0-97-generic uhci_hcd
Feb 09 22:38:11 compute4 kernel: usb usb4: SerialNumber: 0000:00:0a.2
Feb 09 22:38:11 compute4 kernel: hub 4-0:1.0: USB hub found
Feb 09 22:38:11 compute4 kernel: hub 4-0:1.0: 2 ports detected
Feb 09 22:38:11 compute4 kernel: i8042: PNP: PS/2 Controller [PNP0303:KBD,PNP0f13:MOU] at 0x60,0x64 irq 1,12
Feb 09 22:38:11 compute4 kernel: serio: i8042 KBD port at 0x60,0x64 irq 1
Feb 09 22:38:11 compute4 kernel: serio: i8042 AUX port at 0x60,0x64 irq 12
Feb 09 22:38:11 compute4 kernel: mousedev: PS/2 mouse device common for all mice
Feb 09 22:38:11 compute4 kernel: input: AT Translated Set 2 keyboard as /devices/platform/i8042/serio0/input/input1
Feb 09 22:38:11 compute4 kernel: rtc_cmos 00:00: RTC can wake from S4
Feb 09 22:38:11 compute4 kernel: rtc_cmos 00:00: registered as rtc0
Feb 09 22:38:11 compute4 kernel: rtc_cmos 00:00: alarms up to one day, y3k, 114 bytes nvram
Feb 09 22:38:11 compute4 kernel: i2c /dev entries driver
Feb 09 22:38:11 compute4 kernel: device-mapper: uevent: version 1.0.3
Feb 09 22:38:11 compute4 kernel: device-mapper: ioctl: 4.41.0-ioctl (2019-09-16) initialised: dm-devel@redhat.com
Feb 09 22:38:11 compute4 kernel: platform eisa.0: Probing EISA bus 0
Feb 09 22:38:11 compute4 kernel: platform eisa.0: EISA: Cannot allocate resource for mainboard
Feb 09 22:38:11 compute4 kernel: platform eisa.0: Cannot allocate resource for EISA slot 1
Feb 09 22:38:11 compute4 kernel: platform eisa.0: Cannot allocate resource for EISA slot 2
Feb 09 22:38:11 compute4 kernel: platform eisa.0: Cannot allocate resource for EISA slot 3
Feb 09 22:38:11 compute4 kernel: platform eisa.0: Cannot allocate resource for EISA slot 4
Feb 09 22:38:11 compute4 kernel: platform eisa.0: Cannot allocate resource for EISA slot 5
Feb 09 22:38:11 compute4 kernel: platform eisa.0: Cannot allocate resource for EISA slot 6
Feb 09 22:38:11 compute4 kernel: platform eisa.0: Cannot allocate resource for EISA slot 7
Feb 09 22:38:11 compute4 kernel: platform eisa.0: Cannot allocate resource for EISA slot 8
Feb 09 22:38:11 compute4 kernel: platform eisa.0: EISA: Detected 0 cards
Feb 09 22:38:11 compute4 kernel: intel_pstate: CPU model not supported
Feb 09 22:38:11 compute4 kernel: ledtrig-cpu: registered to indicate activity on CPUs
Feb 09 22:38:11 compute4 kernel: intel_pmc_core intel_pmc_core.0:  initialized
Feb 09 22:38:11 compute4 kernel: drop_monitor: Initializing network drop monitor service
Feb 09 22:38:11 compute4 kernel: NET: Registered protocol family 10
Feb 09 22:38:11 compute4 kernel: Segment Routing with IPv6
Feb 09 22:38:11 compute4 kernel: NET: Registered protocol family 17
Feb 09 22:38:11 compute4 kernel: Key type dns_resolver registered
Feb 09 22:38:11 compute4 kernel: RAS: Correctable Errors collector initialized.
Feb 09 22:38:11 compute4 kernel: IPI shorthand broadcast: enabled
Feb 09 22:38:11 compute4 kernel: sched_clock: Marking stable (1119369184, 38128465)->(1213081283, -55583634)
Feb 09 22:38:11 compute4 kernel: registered taskstats version 1
Feb 09 22:38:11 compute4 kernel: Loading compiled-in X.509 certificates
Feb 09 22:38:11 compute4 kernel: Loaded X.509 cert 'Build time autogenerated kernel key: e5ea7ed5422103bd507f8d0ea094986d4f0e9164'
Feb 09 22:38:11 compute4 kernel: Loaded X.509 cert 'Canonical Ltd. Live Patch Signing: 14df34d1a87cf37625abec039ef2bf521249b969'
Feb 09 22:38:11 compute4 kernel: Loaded X.509 cert 'Canonical Ltd. Kernel Module Signing: 88f752e560a1e0737e31163a466ad7b70a850c19'
Feb 09 22:38:11 compute4 kernel: blacklist: Loading compiled-in revocation X.509 certificates
Feb 09 22:38:11 compute4 kernel: Loaded X.509 cert 'Canonical Ltd. Secure Boot Signing: 61482aa2830d0ab2ad5af10b7250da9033ddcef0'
Feb 09 22:38:11 compute4 kernel: zswap: loaded using pool lzo/zbud
Feb 09 22:38:11 compute4 kernel: Key type ._fscrypt registered
Feb 09 22:38:11 compute4 kernel: Key type .fscrypt registered
Feb 09 22:38:11 compute4 kernel: Key type big_key registered
Feb 09 22:38:11 compute4 kernel: Key type encrypted registered
Feb 09 22:38:11 compute4 kernel: AppArmor: AppArmor sha1 policy hashing enabled
Feb 09 22:38:11 compute4 kernel: ima: No TPM chip found, activating TPM-bypass!
Feb 09 22:38:11 compute4 kernel: ima: Allocated hash algorithm: sha1
Feb 09 22:38:11 compute4 kernel: ima: No architecture policies found
Feb 09 22:38:11 compute4 kernel: evm: Initialising EVM extended attributes:
Feb 09 22:38:11 compute4 kernel: evm: security.selinux
Feb 09 22:38:11 compute4 kernel: evm: security.SMACK64
Feb 09 22:38:11 compute4 kernel: evm: security.SMACK64EXEC
Feb 09 22:38:11 compute4 kernel: evm: security.SMACK64TRANSMUTE
Feb 09 22:38:11 compute4 kernel: evm: security.SMACK64MMAP
Feb 09 22:38:11 compute4 kernel: evm: security.apparmor
Feb 09 22:38:11 compute4 kernel: evm: security.ima
Feb 09 22:38:11 compute4 kernel: evm: security.capability
Feb 09 22:38:11 compute4 kernel: evm: HMAC attrs: 0x1
Feb 09 22:38:11 compute4 kernel: PM:   Magic number: 10:566:653
Feb 09 22:38:11 compute4 kernel: vc vcsu1: hash matches
Feb 09 22:38:11 compute4 kernel: rtc_cmos 00:00: setting system clock to 2022-02-09T22:38:09 UTC (1644446289)
Feb 09 22:38:11 compute4 kernel: Freeing unused decrypted memory: 2040K
Feb 09 22:38:11 compute4 kernel: Freeing unused kernel image memory: 2752K
Feb 09 22:38:11 compute4 kernel: Write protecting the kernel read-only data: 26624k
Feb 09 22:38:11 compute4 kernel: Freeing unused kernel image memory: 2008K
Feb 09 22:38:11 compute4 kernel: Freeing unused kernel image memory: 740K
Feb 09 22:38:11 compute4 kernel: x86/mm: Checked W+X mappings: passed, no W+X pages found.
Feb 09 22:38:11 compute4 kernel: x86/mm: Checking user space page tables
Feb 09 22:38:11 compute4 kernel: x86/mm: Checked W+X mappings: passed, no W+X pages found.
Feb 09 22:38:11 compute4 kernel: Run /init as init process
Feb 09 22:38:11 compute4 kernel: piix4_smbus 0000:00:01.3: SMBus Host Controller at 0x700, revision 0
Feb 09 22:38:11 compute4 kernel: FDC 0 is a S82078B
Feb 09 22:38:11 compute4 kernel: virtio_blk virtio7: [vda] 629145600 512-byte logical blocks (322 GB/300 GiB)
Feb 09 22:38:11 compute4 kernel: input: VirtualPS/2 VMware VMMouse as /devices/platform/i8042/serio1/input/input4
Feb 09 22:38:11 compute4 kernel: input: VirtualPS/2 VMware VMMouse as /devices/platform/i8042/serio1/input/input3
Feb 09 22:38:11 compute4 kernel: cryptd: max_cpu_qlen set to 1000
Feb 09 22:38:11 compute4 kernel:  vda: vda1 vda2
Feb 09 22:38:11 compute4 kernel: AVX2 version of gcm_enc/dec engaged.
Feb 09 22:38:11 compute4 kernel: AES CTR mode by8 optimization enabled
Feb 09 22:38:11 compute4 kernel: cirrus 0000:00:02.0: remove_conflicting_pci_framebuffers: bar 0: 0xfc000000 -> 0xfdffffff
Feb 09 22:38:11 compute4 kernel: cirrus 0000:00:02.0: remove_conflicting_pci_framebuffers: bar 1: 0xfeb90000 -> 0xfeb90fff
Feb 09 22:38:11 compute4 kernel: virtio_blk virtio8: [vdb] 209715200 512-byte logical blocks (107 GB/100 GiB)
Feb 09 22:38:11 compute4 kernel: cirrus 0000:00:02.0: vgaarb: deactivate vga console
Feb 09 22:38:11 compute4 kernel:  vdb: vdb1 vdb2
Feb 09 22:38:11 compute4 kernel: virtio_blk virtio9: [vdc] 209715200 512-byte logical blocks (107 GB/100 GiB)
Feb 09 22:38:11 compute4 kernel: Console: switching to colour dummy device 80x25
Feb 09 22:38:11 compute4 kernel: [drm] Initialized cirrus 2.0.0 2019 for 0000:00:02.0 on minor 0
Feb 09 22:38:11 compute4 kernel: fbcon: cirrusdrmfb (fb0) is primary device
Feb 09 22:38:11 compute4 kernel: Console: switching to colour frame buffer device 128x48
Feb 09 22:38:11 compute4 kernel: cirrus 0000:00:02.0: fb0: cirrusdrmfb frame buffer device
Feb 09 22:38:11 compute4 kernel: virtio_net virtio0 ens3: renamed from eth0
Feb 09 22:38:11 compute4 kernel: virtio_net virtio6 ens9: renamed from eth6
Feb 09 22:38:11 compute4 kernel: virtio_blk virtio11: [vdd] 209715200 512-byte logical blocks (107 GB/100 GiB)
Feb 09 22:38:11 compute4 kernel: virtio_net virtio5 ens8: renamed from eth5
Feb 09 22:38:11 compute4 kernel: virtio_net virtio2 ens5: renamed from eth2
Feb 09 22:38:11 compute4 kernel: virtio_net virtio3 ens6: renamed from eth3
Feb 09 22:38:11 compute4 kernel: virtio_net virtio4 ens7: renamed from eth4
Feb 09 22:38:11 compute4 kernel: virtio_net virtio1 ens4: renamed from eth1
Feb 09 22:38:11 compute4 kernel: bcache: register_bdev() registered backing device vdd
Feb 09 22:38:11 compute4 kernel: bcache: register_bdev() registered backing device vdc
Feb 09 22:38:11 compute4 kernel: bcache: bch_journal_replay() journal replay done, 3 keys in 4 entries, seq 319
Feb 09 22:38:11 compute4 kernel: bcache: bch_cached_dev_attach() Caching vdc as bcache1 on set d7696818-1be9-4dea-9991-de95e24d7256
Feb 09 22:38:11 compute4 kernel: bcache: bch_cached_dev_attach() Caching vdd as bcache0 on set d7696818-1be9-4dea-9991-de95e24d7256
Feb 09 22:38:11 compute4 kernel: bcache: register_cache() registered cache device vdb2
Feb 09 22:38:11 compute4 kernel: raid6: avx2x4   gen() 24696 MB/s
Feb 09 22:38:11 compute4 kernel: raid6: avx2x4   xor() 14939 MB/s
Feb 09 22:38:11 compute4 kernel: raid6: avx2x2   gen() 19478 MB/s
Feb 09 22:38:11 compute4 kernel: raid6: avx2x2   xor() 15034 MB/s
Feb 09 22:38:11 compute4 kernel: raid6: avx2x1   gen() 29358 MB/s
Feb 09 22:38:11 compute4 kernel: raid6: avx2x1   xor() 19415 MB/s
Feb 09 22:38:11 compute4 kernel: raid6: sse2x4   gen() 11861 MB/s
Feb 09 22:38:11 compute4 kernel: raid6: sse2x4   xor()  7640 MB/s
Feb 09 22:38:11 compute4 kernel: raid6: sse2x2   gen()  9889 MB/s
Feb 09 22:38:11 compute4 kernel: raid6: sse2x2   xor()  7189 MB/s
Feb 09 22:38:11 compute4 kernel: raid6: sse2x1   gen()  8775 MB/s
Feb 09 22:38:11 compute4 kernel: raid6: sse2x1   xor()  7609 MB/s
Feb 09 22:38:11 compute4 kernel: raid6: using algorithm avx2x1 gen() 29358 MB/s
Feb 09 22:38:11 compute4 kernel: raid6: .... xor() 19415 MB/s, rmw enabled
Feb 09 22:38:11 compute4 kernel: raid6: using avx2x2 recovery algorithm
Feb 09 22:38:11 compute4 kernel: xor: automatically using best checksumming function   avx       
Feb 09 22:38:11 compute4 kernel: async_tx: api initialized (async)
Feb 09 22:38:11 compute4 kernel: Btrfs loaded, crc32c=crc32c-intel
Feb 09 22:38:11 compute4 kernel: EXT4-fs (vda2): mounted filesystem with ordered data mode. Opts: (null)
Feb 09 22:38:11 compute4 systemd[1]: Inserted module 'autofs4'
Feb 09 22:38:11 compute4 systemd[1]: systemd 245.4-4ubuntu3.15 running in system mode. (+PAM +AUDIT +SELINUX +IMA +APPARMOR +SMACK +SYSVINIT +UTMP +LIBCRYPTSETUP +GCRYPT +GNUTLS +ACL +XZ +LZ4 +SECCOMP +BLKID +ELFUTILS +KMOD +IDN2 -IDN +PCRE2 default-hierarchy=hybrid)
Feb 09 22:38:11 compute4 systemd[1]: Detected virtualization kvm.
Feb 09 22:38:11 compute4 systemd[1]: Detected architecture x86-64.
Feb 09 22:38:11 compute4 systemd[1]: Set hostname to <compute4>.
Feb 09 22:38:11 compute4 systemd[1]: Created slice Virtual Machine and Container Slice.
Feb 09 22:38:11 compute4 systemd[1]: Created slice system-ceph\x2dvolume.slice.
Feb 09 22:38:11 compute4 systemd[1]: Created slice system-modprobe.slice.
Feb 09 22:38:11 compute4 systemd[1]: Created slice system-vaultlocker\x2ddecrypt.slice.
Feb 09 22:38:11 compute4 systemd[1]: Created slice User and Session Slice.
Feb 09 22:38:11 compute4 systemd[1]: Started Forward Password Requests to Wall Directory Watch.
Feb 09 22:38:11 compute4 systemd[1]: Set up automount Arbitrary Executable File Formats File System Automount Point.
Feb 09 22:38:11 compute4 systemd[1]: Reached target ceph target allowing to start/stop all ceph-mon@.service instances at once.
Feb 09 22:38:11 compute4 systemd[1]: Reached target ceph target allowing to start/stop all ceph-mds@.service instances at once.
Feb 09 22:38:11 compute4 systemd[1]: Reached target ceph target allowing to start/stop all ceph-mgr@.service instances at once.
Feb 09 22:38:11 compute4 systemd[1]: Reached target ceph target allowing to start/stop all ceph-osd@.service instances at once.
Feb 09 22:38:11 compute4 systemd[1]: Reached target ceph target allowing to start/stop all ceph-radosgw@.service instances at once.
Feb 09 22:38:11 compute4 systemd[1]: Reached target User and Group Name Lookups.
Feb 09 22:38:11 compute4 systemd[1]: Reached target Slices.
Feb 09 22:38:11 compute4 systemd[1]: Reached target Libvirt guests shutdown.
Feb 09 22:38:11 compute4 systemd[1]: Listening on Device-mapper event daemon FIFOs.
Feb 09 22:38:11 compute4 systemd[1]: Listening on LVM2 poll daemon socket.
Feb 09 22:38:11 compute4 systemd[1]: Listening on multipathd control socket.
Feb 09 22:38:11 compute4 systemd[1]: Listening on RPCbind Server Activation Socket.
Feb 09 22:38:11 compute4 systemd[1]: Listening on Syslog Socket.
Feb 09 22:38:11 compute4 systemd[1]: Listening on initctl Compatibility Named Pipe.
Feb 09 22:38:11 compute4 systemd[1]: Listening on Journal Audit Socket.
Feb 09 22:38:11 compute4 systemd[1]: Listening on Journal Socket (/dev/log).
Feb 09 22:38:11 compute4 systemd[1]: Listening on Journal Socket.
Feb 09 22:38:11 compute4 systemd[1]: Listening on Network Service Netlink Socket.
Feb 09 22:38:11 compute4 systemd[1]: Listening on udev Control Socket.
Feb 09 22:38:11 compute4 systemd[1]: Listening on udev Kernel Socket.
Feb 09 22:38:11 compute4 systemd[1]: Mounting Huge Pages File System...
Feb 09 22:38:11 compute4 systemd[1]: Mounting POSIX Message Queue File System...
Feb 09 22:38:11 compute4 systemd[1]: Mounting RPC Pipe File System...
Feb 09 22:38:11 compute4 systemd[1]: Mounting Kernel Debug File System...
Feb 09 22:38:11 compute4 systemd[1]: Mounting Kernel Trace File System...
Feb 09 22:38:11 compute4 systemd[1]: Starting Journal Service...
Feb 09 22:38:11 compute4 systemd[1]: Starting Set the console keyboard layout...
Feb 09 22:38:11 compute4 systemd[1]: Starting Create list of static device nodes for the current kernel...
Feb 09 22:38:11 compute4 systemd[1]: Starting Monitoring of LVM2 mirrors, snapshots etc. using dmeventd or progress polling...
Feb 09 22:38:11 compute4 systemd[1]: Condition check resulted in Load Kernel Module drm being skipped.
Feb 09 22:38:11 compute4 kernel: RPC: Registered named UNIX socket transport module.
Feb 09 22:38:11 compute4 kernel: RPC: Registered udp transport module.
Feb 09 22:38:11 compute4 kernel: RPC: Registered tcp transport module.
Feb 09 22:38:11 compute4 kernel: RPC: Registered tcp NFSv4.1 backchannel transport module.
Feb 09 22:38:11 compute4 systemd[1]: Condition check resulted in Set Up Additional Binary Formats being skipped.
Feb 09 22:38:11 compute4 systemd[1]: Starting Load Kernel Modules...
Feb 09 22:38:11 compute4 systemd[1]: Starting Remount Root and Kernel File Systems...
Feb 09 22:38:11 compute4 systemd[1]: Starting udev Coldplug all Devices...
Feb 09 22:38:11 compute4 systemd[1]: Starting Uncomplicated firewall...
Feb 09 22:38:11 compute4 kernel: EXT4-fs (vda2): re-mounted. Opts: (null)
Feb 09 22:38:11 compute4 systemd[1]: Mounted Huge Pages File System.
Feb 09 22:38:11 compute4 systemd[1]: Mounted POSIX Message Queue File System.
Feb 09 22:38:11 compute4 systemd[1]: Mounted RPC Pipe File System.
Feb 09 22:38:11 compute4 systemd[1]: Mounted Kernel Debug File System.
Feb 09 22:38:11 compute4 systemd[1]: Mounted Kernel Trace File System.
Feb 09 22:38:11 compute4 systemd[1]: Finished Create list of static device nodes for the current kernel.
Feb 09 22:38:11 compute4 systemd[1]: Finished Load Kernel Modules.
Feb 09 22:38:11 compute4 systemd[1]: Finished Remount Root and Kernel File Systems.
Feb 09 22:38:11 compute4 systemd[1]: Finished Uncomplicated firewall.
Feb 09 22:38:11 compute4 systemd[1]: Activating swap /swap.img...
Feb 09 22:38:11 compute4 systemd[1]: Mounting FUSE Control File System...
Feb 09 22:38:11 compute4 systemd[1]: Mounting Kernel Configuration File System...
Feb 09 22:38:11 compute4 systemd[1]: Condition check resulted in Rebuild Hardware Database being skipped.
Feb 09 22:38:11 compute4 systemd[1]: Condition check resulted in Platform Persistent Storage Archival being skipped.
Feb 09 22:38:11 compute4 systemd[1]: Starting Load/Save Random Seed...
Feb 09 22:38:11 compute4 systemd[1]: Starting Apply Kernel Variables...
Feb 09 22:38:11 compute4 systemd[1]: Starting Create System Users...
Feb 09 22:38:11 compute4 systemd[1]: Mounted FUSE Control File System.
Feb 09 22:38:11 compute4 systemd[1]: Finished Monitoring of LVM2 mirrors, snapshots etc. using dmeventd or progress polling.
Feb 09 22:38:11 compute4 systemd[1]: Mounted Kernel Configuration File System.
Feb 09 22:38:11 compute4 systemd[1]: Finished Load/Save Random Seed.
Feb 09 22:38:11 compute4 systemd[1]: Finished Create System Users.
Feb 09 22:38:11 compute4 systemd[1]: Starting Create Static Device Nodes in /dev...
Feb 09 22:38:11 compute4 systemd[1]: Finished Apply Kernel Variables.
Feb 09 22:38:11 compute4 systemd[1]: Finished Create Static Device Nodes in /dev.
Feb 09 22:38:11 compute4 systemd[1]: Starting udev Kernel Device Manager...
Feb 09 22:38:11 compute4 systemd-journald[397]: Journal started
-- Subject: The journal has been started
-- Defined-By: systemd
-- Support: http://www.ubuntu.com/support
-- 
-- The system journal process has started up, opened the journal
-- files for writing and is now ready to process requests.
Feb 09 22:38:11 compute4 systemd-journald[397]: Runtime Journal (/run/log/journal/d22e39617b3341ccbc225ca6ee6a973d) is 8.0M, max 160.0M, 152.0M free.
-- Subject: Disk space used by the journal
-- Defined-By: systemd
-- Support: http://www.ubuntu.com/support
-- 
-- Runtime Journal (/run/log/journal/d22e39617b3341ccbc225ca6ee6a973d) is currently using 8.0M.
-- Maximum allowed usage is set to 160.0M.
-- Leaving at least 80.0M free (of currently available 1.5G of disk space).
-- Enforced usage limit is thus 160.0M, of which 152.0M are still available.
-- 
-- The limits controlling how much disk space is used by the journal may
-- be configured with SystemMaxUse=, SystemKeepFree=, SystemMaxFileSize=,
-- RuntimeMaxUse=, RuntimeKeepFree=, RuntimeMaxFileSize= settings in
-- /etc/systemd/journald.conf. See journald.conf(5) for details.
Feb 09 22:38:11 compute4 systemd-modules-load[407]: Inserted module 'msr'
Feb 09 22:38:11 compute4 systemd-modules-load[407]: Inserted module 'nf_conntrack'
Feb 09 22:38:11 compute4 systemd-sysctl[423]: Not setting net/ipv4/conf/all/promote_secondaries (explicit setting exists).
Feb 09 22:38:11 compute4 systemd-sysctl[423]: Not setting net/ipv4/conf/default/promote_secondaries (explicit setting exists).
Feb 09 22:38:11 compute4 systemd[1]: Started Journal Service.
Feb 09 22:38:11 compute4 systemd[1]: Starting Flush Journal to Persistent Storage...
-- Subject: A start job for unit systemd-journal-flush.service has begun execution
-- Defined-By: systemd
-- Support: http://www.ubuntu.com/support
-- 
-- A start job for unit systemd-journal-flush.service has begun execution.
-- 
-- The job identifier is 49.
Feb 09 22:38:11 compute4 systemd[1]: Started udev Kernel Device Manager.
-- Subject: A start job for unit systemd-udevd.service has finished successfully
-- Defined-By: systemd
-- Support: http://www.ubuntu.com/support
-- 
-- A start job for unit systemd-udevd.service has finished successfully.
-- 
-- The job identifier is 21.
Feb 09 22:38:11 compute4 systemd-journald[397]: Time spent on flushing to /var/log/journal/d22e39617b3341ccbc225ca6ee6a973d is 78.068ms for 714 entries.
Feb 09 22:38:11 compute4 systemd-journald[397]: System Journal (/var/log/journal/d22e39617b3341ccbc225ca6ee6a973d) is 24.0M, max 4.0G, 3.9G free.
-- Subject: Disk space used by the journal
-- Defined-By: systemd
-- Support: http://www.ubuntu.com/support
-- 
-- System Journal (/var/log/journal/d22e39617b3341ccbc225ca6ee6a973d) is currently using 24.0M.
-- Maximum allowed usage is set to 4.0G.
-- Leaving at least 4.0G free (of currently available 256.4G of disk space).
-- Enforced usage limit is thus 4.0G, of which 3.9G are still available.
-- 
-- The limits controlling how much disk space is used by the journal may
-- be configured with SystemMaxUse=, SystemKeepFree=, SystemMaxFileSize=,
-- RuntimeMaxUse=, RuntimeKeepFree=, RuntimeMaxFileSize= settings in
-- /etc/systemd/journald.conf. See journald.conf(5) for details.
Feb 09 22:38:11 compute4 systemd[1]: Finished udev Coldplug all Devices.
-- Subject: A start job for unit systemd-udev-trigger.service has finished successfully
-- Defined-By: systemd
-- Support: http://www.ubuntu.com/support
-- 
-- A start job for unit systemd-udev-trigger.service has finished successfully.
-- 
-- The job identifier is 24.
Feb 09 22:38:11 compute4 systemd[1]: Starting udev Wait for Complete Device Initialization...
-- Subject: A start job for unit systemd-udev-settle.service has begun execution
-- Defined-By: systemd
-- Support: http://www.ubuntu.com/support
-- 
-- A start job for unit systemd-udev-settle.service has begun execution.
-- 
-- The job identifier is 20.
Feb 09 22:38:11 compute4 systemd[1]: Finished Set the console keyboard layout.
-- Subject: A start job for unit keyboard-setup.service has finished successfully
-- Defined-By: systemd
-- Support: http://www.ubuntu.com/support
-- 
-- A start job for unit keyboard-setup.service has finished successfully.
-- 
-- The job identifier is 37.
Feb 09 22:38:11 compute4 systemd[1]: Condition check resulted in Show Plymouth Boot Screen being skipped.
-- Subject: A start job for unit plymouth-start.service has finished successfully
-- Defined-By: systemd
-- Support: http://www.ubuntu.com/support
-- 
-- A start job for unit plymouth-start.service has finished successfully.
-- 
-- The job identifier is 73.
Feb 09 22:38:11 compute4 systemd[1]: Started Dispatch Password Requests to Console Directory Watch.
-- Subject: A start job for unit systemd-ask-password-console.path has finished successfully
-- Defined-By: systemd
-- Support: http://www.ubuntu.com/support
-- 
-- A start job for unit systemd-ask-password-console.path has finished successfully.
-- 
-- The job identifier is 31.
Feb 09 22:38:11 compute4 systemd[1]: Condition check resulted in Forward Password Requests to Plymouth Directory Watch being skipped.
-- Subject: A start job for unit systemd-ask-password-plymouth.path has finished successfully
-- Defined-By: systemd
-- Support: http://www.ubuntu.com/support
-- 
-- A start job for unit systemd-ask-password-plymouth.path has finished successfully.
-- 
-- The job identifier is 74.
Feb 09 22:38:11 compute4 systemd[1]: Reached target Local Encrypted Volumes.
-- Subject: A start job for unit cryptsetup.target has finished successfully
-- Defined-By: systemd
-- Support: http://www.ubuntu.com/support
-- 
-- A start job for unit cryptsetup.target has finished successfully.
-- 
-- The job identifier is 30.
Feb 09 22:38:11 compute4 systemd[1]: Finished Flush Journal to Persistent Storage.
-- Subject: A start job for unit systemd-journal-flush.service has finished successfully
-- Defined-By: systemd
-- Support: http://www.ubuntu.com/support
-- 
-- A start job for unit systemd-journal-flush.service has finished successfully.
-- 
-- The job identifier is 49.
Feb 09 22:38:11 compute4 systemd[1]: Activated swap /swap.img.
-- Subject: A start job for unit swap.img.swap has finished successfully
-- Defined-By: systemd
-- Support: http://www.ubuntu.com/support
-- 
-- A start job for unit swap.img.swap has finished successfully.
-- 
-- The job identifier is 45.
Feb 09 22:38:11 compute4 systemd[1]: Reached target Swap.
-- Subject: A start job for unit swap.target has finished successfully
-- Defined-By: systemd
-- Support: http://www.ubuntu.com/support
-- 
-- A start job for unit swap.target has finished successfully.
-- 
-- The job identifier is 44.
Feb 09 22:38:11 compute4 kernel: Adding 4194300k swap on /swap.img.  Priority:-2 extents:6 across:4612092k FS
Feb 09 22:38:11 compute4 systemd-udevd[441]: Using default interface naming scheme 'v245'.
Feb 09 22:38:11 compute4 systemd-udevd[441]: ethtool: autonegotiation is unset or enabled, the speed and duplex are not writable.
Feb 09 22:38:11 compute4 systemd-udevd[441]: Could not set WakeOnLan of ens4 to off: Operation not supported
Feb 09 22:38:11 compute4 systemd-udevd[449]: Using default interface naming scheme 'v245'.
Feb 09 22:38:11 compute4 systemd-udevd[431]: Using default interface naming scheme 'v245'.
Feb 09 22:38:11 compute4 systemd-udevd[442]: Using default interface naming scheme 'v245'.
Feb 09 22:38:11 compute4 systemd-udevd[435]: Using default interface naming scheme 'v245'.
Feb 09 22:38:11 compute4 systemd-udevd[449]: ethtool: autonegotiation is unset or enabled, the speed and duplex are not writable.
Feb 09 22:38:11 compute4 systemd-udevd[434]: Using default interface naming scheme 'v245'.
Feb 09 22:38:11 compute4 systemd-udevd[446]: Using default interface naming scheme 'v245'.
Feb 09 22:38:11 compute4 systemd-udevd[435]: ethtool: autonegotiation is unset or enabled, the speed and duplex are not writable.
Feb 09 22:38:11 compute4 systemd-udevd[435]: Could not set WakeOnLan of ens9 to off: Operation not supported
Feb 09 22:38:11 compute4 systemd-udevd[442]: ethtool: autonegotiation is unset or enabled, the speed and duplex are not writable.
Feb 09 22:38:11 compute4 systemd-udevd[449]: Could not set WakeOnLan of ens3 to off: Operation not supported
Feb 09 22:38:11 compute4 systemd-udevd[446]: ethtool: autonegotiation is unset or enabled, the speed and duplex are not writable.
Feb 09 22:38:11 compute4 systemd-udevd[434]: ethtool: autonegotiation is unset or enabled, the speed and duplex are not writable.
Feb 09 22:38:11 compute4 systemd-udevd[434]: Could not set WakeOnLan of ens8 to off: Operation not supported
Feb 09 22:38:11 compute4 systemd-udevd[431]: ethtool: autonegotiation is unset or enabled, the speed and duplex are not writable.
Feb 09 22:38:11 compute4 systemd-udevd[431]: Could not set WakeOnLan of ens5 to off: Operation not supported
Feb 09 22:38:11 compute4 systemd-udevd[442]: Could not set WakeOnLan of ens6 to off: Operation not supported
Feb 09 22:38:11 compute4 systemd-udevd[446]: Could not set WakeOnLan of ens7 to off: Operation not supported
Feb 09 22:38:12 compute4 systemd[1]: Listening on Load/Save RF Kill Switch Status /dev/rfkill Watch.
-- Subject: A start job for unit systemd-rfkill.socket has finished successfully
-- Defined-By: systemd
-- Support: http://www.ubuntu.com/support
-- 
-- A start job for unit systemd-rfkill.socket has finished successfully.
-- 
-- The job identifier is 221.
Feb 09 22:38:12 compute4 systemd-udevd[434]: ethtool: autonegotiation is unset or enabled, the speed and duplex are not writable.
Feb 09 22:38:12 compute4 systemd-udevd[432]: vdc: Process 'bcache-register /dev/vdc' failed with exit code 1.
Feb 09 22:38:12 compute4 kernel: bcache: register_bcache() error : device already registered (emitting change event)
Feb 09 22:38:12 compute4 systemd-udevd[436]: vdd: Process 'bcache-register /dev/vdd' failed with exit code 1.
Feb 09 22:38:12 compute4 kernel: bcache: register_bcache() error : device already registered (emitting change event)
Feb 09 22:38:12 compute4 udevadm[439]: systemd-udev-settle.service is deprecated.
Feb 09 22:38:12 compute4 systemd-udevd[446]: vdb2: Process 'bcache-register /dev/vdb2' failed with exit code 1.
Feb 09 22:38:12 compute4 kernel: bcache: register_bcache() error : device already registered
Feb 09 22:38:12 compute4 systemd[1]: Finished udev Wait for Complete Device Initialization.
-- Subject: A start job for unit systemd-udev-settle.service has finished successfully
-- Defined-By: systemd
-- Support: http://www.ubuntu.com/support
-- 
-- A start job for unit systemd-udev-settle.service has finished successfully.
-- 
-- The job identifier is 20.
Feb 09 22:38:12 compute4 systemd[1]: Starting Device-Mapper Multipath Device Controller...
-- Subject: A start job for unit multipathd.service has begun execution
-- Defined-By: systemd
-- Support: http://www.ubuntu.com/support
-- 
-- A start job for unit multipathd.service has begun execution.
-- 
-- The job identifier is 19.
Feb 09 22:38:12 compute4 kernel: alua: device handler registered
Feb 09 22:38:12 compute4 kernel: emc: device handler registered
Feb 09 22:38:12 compute4 kernel: rdac: device handler registered
Feb 09 22:38:12 compute4 multipathd[633]: --------start up--------
Feb 09 22:38:12 compute4 multipathd[633]: read /etc/multipath.conf
Feb 09 22:38:12 compute4 multipathd[633]: path checkers start up
Feb 09 22:38:12 compute4 multipathd[633]: bcache0: HDIO_GETGEO failed with 25
Feb 09 22:38:12 compute4 multipathd[633]: bcache0: failed to get udev uid: Invalid argument
Feb 09 22:38:12 compute4 multipathd[633]: bcache0: failed to get unknown uid: Invalid argument
Feb 09 22:38:12 compute4 multipathd[633]: bcache1: HDIO_GETGEO failed with 25
Feb 09 22:38:12 compute4 multipathd[633]: bcache1: failed to get udev uid: Invalid argument
Feb 09 22:38:12 compute4 multipathd[633]: bcache1: failed to get unknown uid: Invalid argument
Feb 09 22:38:12 compute4 systemd[1]: Started Device-Mapper Multipath Device Controller.
-- Subject: A start job for unit multipathd.service has finished successfully
-- Defined-By: systemd
-- Support: http://www.ubuntu.com/support
-- 
-- A start job for unit multipathd.service has finished successfully.
-- 
-- The job identifier is 19.
Feb 09 22:38:12 compute4 systemd[1]: Reached target Local File Systems (Pre).
-- Subject: A start job for unit local-fs-pre.target has finished successfully
-- Defined-By: systemd
-- Support: http://www.ubuntu.com/support
-- 
-- A start job for unit local-fs-pre.target has finished successfully.
-- 
-- The job identifier is 16.
Feb 09 22:38:12 compute4 systemd[1]: Mounting Mount unit for core20, revision 1328...
-- Subject: A start job for unit snap-core20-1328.mount has begun execution
-- Defined-By: systemd
-- Support: http://www.ubuntu.com/support
-- 
-- A start job for unit snap-core20-1328.mount has begun execution.
-- 
-- The job identifier is 156.
Feb 09 22:38:12 compute4 systemd[1]: Mounting Mount unit for lxd, revision 21835...
-- Subject: A start job for unit snap-lxd-21835.mount has begun execution
-- Defined-By: systemd
-- Support: http://www.ubuntu.com/support
-- 
-- A start job for unit snap-lxd-21835.mount has begun execution.
-- 
-- The job identifier is 141.
Feb 09 22:38:12 compute4 systemd[1]: Mounting Mount unit for lxd, revision 22340...
-- Subject: A start job for unit snap-lxd-22340.mount has begun execution
-- Defined-By: systemd
-- Support: http://www.ubuntu.com/support
-- 
-- A start job for unit snap-lxd-22340.mount has begun execution.
-- 
-- The job identifier is 107.
Feb 09 22:38:12 compute4 systemd[1]: Mounting Mount unit for snapd, revision 14549...
-- Subject: A start job for unit snap-snapd-14549.mount has begun execution
-- Defined-By: systemd
-- Support: http://www.ubuntu.com/support
-- 
-- A start job for unit snap-snapd-14549.mount has begun execution.
-- 
-- The job identifier is 192.
Feb 09 22:38:12 compute4 systemd[1]: Condition check resulted in Virtual Machine and Container Storage (Compatibility) being skipped.
-- Subject: A start job for unit var-lib-machines.mount has finished successfully
-- Defined-By: systemd
-- Support: http://www.ubuntu.com/support
-- 
-- A start job for unit var-lib-machines.mount has finished successfully.
-- 
-- The job identifier is 128.
Feb 09 22:38:12 compute4 systemd[1]: Reached target Containers.
-- Subject: A start job for unit machines.target has finished successfully
-- Defined-By: systemd
-- Support: http://www.ubuntu.com/support
-- 
-- A start job for unit machines.target has finished successfully.
-- 
-- The job identifier is 162.
Feb 09 22:38:12 compute4 systemd[1]: Mounted Mount unit for lxd, revision 21835.
-- Subject: A start job for unit snap-lxd-21835.mount has finished successfully
-- Defined-By: systemd
-- Support: http://www.ubuntu.com/support
-- 
-- A start job for unit snap-lxd-21835.mount has finished successfully.
-- 
-- The job identifier is 141.
Feb 09 22:38:12 compute4 systemd[1]: Mounted Mount unit for core20, revision 1328.
-- Subject: A start job for unit snap-core20-1328.mount has finished successfully
-- Defined-By: systemd
-- Support: http://www.ubuntu.com/support
-- 
-- A start job for unit snap-core20-1328.mount has finished successfully.
-- 
-- The job identifier is 156.
Feb 09 22:38:12 compute4 systemd[1]: Mounted Mount unit for lxd, revision 22340.
-- Subject: A start job for unit snap-lxd-22340.mount has finished successfully
-- Defined-By: systemd
-- Support: http://www.ubuntu.com/support
-- 
-- A start job for unit snap-lxd-22340.mount has finished successfully.
-- 
-- The job identifier is 107.
Feb 09 22:38:12 compute4 systemd[1]: Mounted Mount unit for snapd, revision 14549.
-- Subject: A start job for unit snap-snapd-14549.mount has finished successfully
-- Defined-By: systemd
-- Support: http://www.ubuntu.com/support
-- 
-- A start job for unit snap-snapd-14549.mount has finished successfully.
-- 
-- The job identifier is 192.
Feb 09 22:38:12 compute4 systemd[1]: Reached target Local File Systems.
-- Subject: A start job for unit local-fs.target has finished successfully
-- Defined-By: systemd
-- Support: http://www.ubuntu.com/support
-- 
-- A start job for unit local-fs.target has finished successfully.
-- 
-- The job identifier is 5.
Feb 09 22:38:12 compute4 systemd[1]: Starting Load AppArmor profiles...
-- Subject: A start job for unit apparmor.service has begun execution
-- Defined-By: systemd
-- Support: http://www.ubuntu.com/support
-- 
-- A start job for unit apparmor.service has begun execution.
-- 
-- The job identifier is 27.
Feb 09 22:38:12 compute4 systemd[1]: Starting Set console font and keymap...
-- Subject: A start job for unit console-setup.service has begun execution
-- Defined-By: systemd
-- Support: http://www.ubuntu.com/support
-- 
-- A start job for unit console-setup.service has begun execution.
-- 
-- The job identifier is 159.
Feb 09 22:38:12 compute4 systemd[1]: Starting Create final runtime dir for shutdown pivot root...
-- Subject: A start job for unit finalrd.service has begun execution
-- Defined-By: systemd
-- Support: http://www.ubuntu.com/support
-- 
-- A start job for unit finalrd.service has begun execution.
-- 
-- The job identifier is 41.
Feb 09 22:38:12 compute4 systemd[1]: Condition check resulted in LXD - agent - 9p mount being skipped.
-- Subject: A start job for unit lxd-agent-9p.service has finished successfully
-- Defined-By: systemd
-- Support: http://www.ubuntu.com/support
-- 
-- A start job for unit lxd-agent-9p.service has finished successfully.
-- 
-- The job identifier is 123.
Feb 09 22:38:12 compute4 systemd[1]: Condition check resulted in LXD - agent being skipped.
-- Subject: A start job for unit lxd-agent.service has finished successfully
-- Defined-By: systemd
-- Support: http://www.ubuntu.com/support
-- 
-- A start job for unit lxd-agent.service has finished successfully.
-- 
-- The job identifier is 122.
Feb 09 22:38:12 compute4 systemd[1]: Starting Preprocess NFS configuration...
-- Subject: A start job for unit nfs-config.service has begun execution
-- Defined-By: systemd
-- Support: http://www.ubuntu.com/support
-- 
-- A start job for unit nfs-config.service has begun execution.
-- 
-- The job identifier is 204.
Feb 09 22:38:12 compute4 apparmor.systemd[650]: Restarting AppArmor
Feb 09 22:38:12 compute4 apparmor.systemd[650]: Reloading AppArmor profiles
Feb 09 22:38:12 compute4 systemd[1]: Starting Tell Plymouth To Write Out Runtime Data...
-- Subject: A start job for unit plymouth-read-write.service has begun execution
-- Defined-By: systemd
-- Support: http://www.ubuntu.com/support
-- 
-- A start job for unit plymouth-read-write.service has begun execution.
-- 
-- The job identifier is 46.
Feb 09 22:38:12 compute4 systemd[1]: Starting QEMU KVM preparation - module, ksm, hugepages...
-- Subject: A start job for unit qemu-kvm.service has begun execution
-- Defined-By: systemd
-- Support: http://www.ubuntu.com/support
-- 
-- A start job for unit qemu-kvm.service has begun execution.
-- 
-- The job identifier is 133.
Feb 09 22:38:12 compute4 systemd[1]: Condition check resulted in Store a System Token in an EFI Variable being skipped.
-- Subject: A start job for unit systemd-boot-system-token.service has finished successfully
-- Defined-By: systemd
-- Support: http://www.ubuntu.com/support
-- 
-- A start job for unit systemd-boot-system-token.service has finished successfully.
-- 
-- The job identifier is 26.
Feb 09 22:38:12 compute4 systemd[1]: Condition check resulted in Commit a transient machine-id on disk being skipped.
-- Subject: A start job for unit systemd-machine-id-commit.service has finished successfully
-- Defined-By: systemd
-- Support: http://www.ubuntu.com/support
-- 
-- A start job for unit systemd-machine-id-commit.service has finished successfully.
-- 
-- The job identifier is 29.
Feb 09 22:38:12 compute4 systemd[1]: Starting Create Volatile Files and Directories...
-- Subject: A start job for unit systemd-tmpfiles-setup.service has begun execution
-- Defined-By: systemd
-- Support: http://www.ubuntu.com/support
-- 
-- A start job for unit systemd-tmpfiles-setup.service has begun execution.
-- 
-- The job identifier is 38.
Feb 09 22:38:12 compute4 systemd[1]: Finished Create final runtime dir for shutdown pivot root.
-- Subject: A start job for unit finalrd.service has finished successfully
-- Defined-By: systemd
-- Support: http://www.ubuntu.com/support
-- 
-- A start job for unit finalrd.service has finished successfully.
-- 
-- The job identifier is 41.
Feb 09 22:38:12 compute4 systemd[1]: Finished Set console font and keymap.
-- Subject: A start job for unit console-setup.service has finished successfully
-- Defined-By: systemd
-- Support: http://www.ubuntu.com/support
-- 
-- A start job for unit console-setup.service has finished successfully.
-- 
-- The job identifier is 159.
Feb 09 22:38:12 compute4 systemd[1]: nfs-config.service: Succeeded.
-- Subject: Unit succeeded
-- Defined-By: systemd
-- Support: http://www.ubuntu.com/support
-- 
-- The unit nfs-config.service has successfully entered the 'dead' state.
Feb 09 22:38:12 compute4 systemd[1]: Finished Preprocess NFS configuration.
-- Subject: A start job for unit nfs-config.service has finished successfully
-- Defined-By: systemd
-- Support: http://www.ubuntu.com/support
-- 
-- A start job for unit nfs-config.service has finished successfully.
-- 
-- The job identifier is 204.
Feb 09 22:38:12 compute4 systemd[1]: Condition check resulted in RPC security service for NFS client and server being skipped.
-- Subject: A start job for unit rpc-gssd.service has finished successfully
-- Defined-By: systemd
-- Support: http://www.ubuntu.com/support
-- 
-- A start job for unit rpc-gssd.service has finished successfully.
-- 
-- The job identifier is 202.
Feb 09 22:38:12 compute4 systemd[1]: Reached target NFS client services.
-- Subject: A start job for unit nfs-client.target has finished successfully
-- Defined-By: systemd
-- Support: http://www.ubuntu.com/support
-- 
-- A start job for unit nfs-client.target has finished successfully.
-- 
-- The job identifier is 201.
Feb 09 22:38:12 compute4 systemd[1]: Finished QEMU KVM preparation - module, ksm, hugepages.
-- Subject: A start job for unit qemu-kvm.service has finished successfully
-- Defined-By: systemd
-- Support: http://www.ubuntu.com/support
-- 
-- A start job for unit qemu-kvm.service has finished successfully.
-- 
-- The job identifier is 133.
Feb 09 22:38:12 compute4 systemd[1]: plymouth-read-write.service: Succeeded.
-- Subject: Unit succeeded
-- Defined-By: systemd
-- Support: http://www.ubuntu.com/support
-- 
-- The unit plymouth-read-write.service has successfully entered the 'dead' state.
Feb 09 22:38:12 compute4 systemd[1]: Finished Tell Plymouth To Write Out Runtime Data.
-- Subject: A start job for unit plymouth-read-write.service has finished successfully
-- Defined-By: systemd
-- Support: http://www.ubuntu.com/support
-- 
-- A start job for unit plymouth-read-write.service has finished successfully.
-- 
-- The job identifier is 46.
Feb 09 22:38:12 compute4 audit[670]: AVC apparmor="STATUS" operation="profile_load" profile="unconfined" name="/usr/sbin/tcpdump" pid=670 comm="apparmor_parser"
Feb 09 22:38:12 compute4 systemd[1]: Finished Create Volatile Files and Directories.
-- Subject: A start job for unit systemd-tmpfiles-setup.service has finished successfully
-- Defined-By: systemd
-- Support: http://www.ubuntu.com/support
-- 
-- A start job for unit systemd-tmpfiles-setup.service has finished successfully.
-- 
-- The job identifier is 38.
Feb 09 22:38:12 compute4 kernel: audit: type=1400 audit(1644446292.544:2): apparmor="STATUS" operation="profile_load" profile="unconfined" name="/usr/sbin/tcpdump" pid=670 comm="apparmor_parser"
Feb 09 22:38:12 compute4 audit[669]: AVC apparmor="STATUS" operation="profile_load" profile="unconfined" name="/usr/lib/NetworkManager/nm-dhcp-client.action" pid=669 comm="apparmor_parser"
Feb 09 22:38:12 compute4 audit[669]: AVC apparmor="STATUS" operation="profile_load" profile="unconfined" name="/usr/lib/NetworkManager/nm-dhcp-helper" pid=669 comm="apparmor_parser"
Feb 09 22:38:12 compute4 audit[669]: AVC apparmor="STATUS" operation="profile_load" profile="unconfined" name="/usr/lib/connman/scripts/dhclient-script" pid=669 comm="apparmor_parser"
Feb 09 22:38:12 compute4 audit[669]: AVC apparmor="STATUS" operation="profile_load" profile="unconfined" name="/{,usr/}sbin/dhclient" pid=669 comm="apparmor_parser"
Feb 09 22:38:12 compute4 systemd[1]: Starting RPC bind portmap service...
-- Subject: A start job for unit rpcbind.service has begun execution
-- Defined-By: systemd
-- Support: http://www.ubuntu.com/support
-- 
-- A start job for unit rpcbind.service has begun execution.
-- 
-- The job identifier is 134.
Feb 09 22:38:12 compute4 apparmor.systemd[676]: Skipping profile in /etc/apparmor.d/disable: usr.sbin.rsyslogd
Feb 09 22:38:12 compute4 kernel: audit: type=1400 audit(1644446292.552:3): apparmor="STATUS" operation="profile_load" profile="unconfined" name="/usr/lib/NetworkManager/nm-dhcp-client.action" pid=669 comm="apparmor_parser"
Feb 09 22:38:12 compute4 kernel: audit: type=1400 audit(1644446292.552:4): apparmor="STATUS" operation="profile_load" profile="unconfined" name="/usr/lib/NetworkManager/nm-dhcp-helper" pid=669 comm="apparmor_parser"
Feb 09 22:38:12 compute4 kernel: audit: type=1400 audit(1644446292.552:5): apparmor="STATUS" operation="profile_load" profile="unconfined" name="/usr/lib/connman/scripts/dhclient-script" pid=669 comm="apparmor_parser"
Feb 09 22:38:12 compute4 kernel: audit: type=1400 audit(1644446292.552:6): apparmor="STATUS" operation="profile_load" profile="unconfined" name="/{,usr/}sbin/dhclient" pid=669 comm="apparmor_parser"
Feb 09 22:38:12 compute4 systemd[1]: Starting Network Time Synchronization...
-- Subject: A start job for unit systemd-timesyncd.service has begun execution
-- Defined-By: systemd
-- Support: http://www.ubuntu.com/support
-- 
-- A start job for unit systemd-timesyncd.service has begun execution.
-- 
-- The job identifier is 70.
Feb 09 22:38:12 compute4 audit[675]: AVC apparmor="STATUS" operation="profile_load" profile="unconfined" name="libvirtd" pid=675 comm="apparmor_parser"
Feb 09 22:38:12 compute4 audit[675]: AVC apparmor="STATUS" operation="profile_load" profile="unconfined" name="libvirtd//qemu_bridge_helper" pid=675 comm="apparmor_parser"
Feb 09 22:38:12 compute4 systemd[1]: Starting Update UTMP about System Boot/Shutdown...
-- Subject: A start job for unit systemd-update-utmp.service has begun execution
-- Defined-By: systemd
-- Support: http://www.ubuntu.com/support
-- 
-- A start job for unit systemd-update-utmp.service has begun execution.
-- 
-- The job identifier is 149.
Feb 09 22:38:12 compute4 kernel: audit: type=1400 audit(1644446292.556:7): apparmor="STATUS" operation="profile_load" profile="unconfined" name="libvirtd" pid=675 comm="apparmor_parser"
Feb 09 22:38:12 compute4 kernel: audit: type=1400 audit(1644446292.556:8): apparmor="STATUS" operation="profile_load" profile="unconfined" name="libvirtd//qemu_bridge_helper" pid=675 comm="apparmor_parser"
Feb 09 22:38:12 compute4 audit[677]: AVC apparmor="STATUS" operation="profile_load" profile="unconfined" name="virt-aa-helper" pid=677 comm="apparmor_parser"
Feb 09 22:38:12 compute4 kernel: audit: type=1400 audit(1644446292.568:9): apparmor="STATUS" operation="profile_load" profile="unconfined" name="virt-aa-helper" pid=677 comm="apparmor_parser"
Feb 09 22:38:12 compute4 systemd[1]: Finished Update UTMP about System Boot/Shutdown.
-- Subject: A start job for unit systemd-update-utmp.service has finished successfully
-- Defined-By: systemd
-- Support: http://www.ubuntu.com/support
-- 
-- A start job for unit systemd-update-utmp.service has finished successfully.
-- 
-- The job identifier is 149.
Feb 09 22:38:12 compute4 apparmor.systemd[681]: Skipping profile in /etc/apparmor.d/disable: usr.bin.ceph-osd
Feb 09 22:38:12 compute4 audit[682]: AVC apparmor="STATUS" operation="profile_load" profile="unconfined" name="lsb_release" pid=682 comm="apparmor_parser"
Feb 09 22:38:12 compute4 audit[680]: AVC apparmor="STATUS" operation="profile_load" profile="unconfined" name="/usr/lib/snapd/snap-confine" pid=680 comm="apparmor_parser"
Feb 09 22:38:12 compute4 audit[680]: AVC apparmor="STATUS" operation="profile_load" profile="unconfined" name="/usr/lib/snapd/snap-confine//mount-namespace-capture-helper" pid=680 comm="apparmor_parser"
Feb 09 22:38:12 compute4 kernel: audit: type=1400 audit(1644446292.576:10): apparmor="STATUS" operation="profile_load" profile="unconfined" name="lsb_release" pid=682 comm="apparmor_parser"
Feb 09 22:38:12 compute4 systemd[1]: Started RPC bind portmap service.
-- Subject: A start job for unit rpcbind.service has finished successfully
-- Defined-By: systemd
-- Support: http://www.ubuntu.com/support
-- 
-- A start job for unit rpcbind.service has finished successfully.
-- 
-- The job identifier is 134.
Feb 09 22:38:12 compute4 systemd[1]: Reached target RPC Port Mapper.
-- Subject: A start job for unit rpcbind.target has finished successfully
-- Defined-By: systemd
-- Support: http://www.ubuntu.com/support
-- 
-- A start job for unit rpcbind.target has finished successfully.
-- 
-- The job identifier is 135.
Feb 09 22:38:12 compute4 apparmor.systemd[684]: Skipping profile in /etc/apparmor.d/disable: usr.bin.nova-compute
Feb 09 22:38:12 compute4 audit[685]: AVC apparmor="STATUS" operation="profile_load" profile="unconfined" name="nvidia_modprobe" pid=685 comm="apparmor_parser"
Feb 09 22:38:12 compute4 audit[685]: AVC apparmor="STATUS" operation="profile_load" profile="unconfined" name="nvidia_modprobe//kmod" pid=685 comm="apparmor_parser"
Feb 09 22:38:12 compute4 audit[683]: AVC apparmor="STATUS" operation="profile_load" profile="unconfined" name="/usr/bin/man" pid=683 comm="apparmor_parser"
Feb 09 22:38:12 compute4 audit[683]: AVC apparmor="STATUS" operation="profile_load" profile="unconfined" name="man_filter" pid=683 comm="apparmor_parser"
Feb 09 22:38:12 compute4 audit[683]: AVC apparmor="STATUS" operation="profile_load" profile="unconfined" name="man_groff" pid=683 comm="apparmor_parser"
Feb 09 22:38:12 compute4 systemd[1]: Finished Load AppArmor profiles.
-- Subject: A start job for unit apparmor.service has finished successfully
-- Defined-By: systemd
-- Support: http://www.ubuntu.com/support
-- 
-- A start job for unit apparmor.service has finished successfully.
-- 
-- The job identifier is 27.
Feb 09 22:38:12 compute4 systemd[1]: Starting Load AppArmor profiles managed internally by snapd...
-- Subject: A start job for unit snapd.apparmor.service has begun execution
-- Defined-By: systemd
-- Support: http://www.ubuntu.com/support
-- 
-- A start job for unit snapd.apparmor.service has begun execution.
-- 
-- The job identifier is 163.
Feb 09 22:38:12 compute4 systemd[1]: Condition check resulted in Authentication service for virtual machines hosted on VMware being skipped.
-- Subject: A start job for unit vgauth.service has finished successfully
-- Defined-By: systemd
-- Support: http://www.ubuntu.com/support
-- 
-- A start job for unit vgauth.service has finished successfully.
-- 
-- The job identifier is 200.
Feb 09 22:38:12 compute4 systemd[1]: Condition check resulted in Service for virtual machines hosted on VMware being skipped.
-- Subject: A start job for unit open-vm-tools.service has finished successfully
-- Defined-By: systemd
-- Support: http://www.ubuntu.com/support
-- 
-- A start job for unit open-vm-tools.service has finished successfully.
-- 
-- The job identifier is 199.
Feb 09 22:38:12 compute4 systemd[1]: Starting Initial cloud-init job (pre-networking)...
-- Subject: A start job for unit cloud-init-local.service has begun execution
-- Defined-By: systemd
-- Support: http://www.ubuntu.com/support
-- 
-- A start job for unit cloud-init-local.service has begun execution.
-- 
-- The job identifier is 211.
Feb 09 22:38:12 compute4 audit[697]: AVC apparmor="STATUS" operation="profile_load" profile="unconfined" name="snap-update-ns.lxd" pid=697 comm="apparmor_parser"
Feb 09 22:38:12 compute4 audit[696]: AVC apparmor="STATUS" operation="profile_load" profile="unconfined" name="/snap/snapd/14549/usr/lib/snapd/snap-confine" pid=696 comm="apparmor_parser"
Feb 09 22:38:12 compute4 audit[696]: AVC apparmor="STATUS" operation="profile_load" profile="unconfined" name="/snap/snapd/14549/usr/lib/snapd/snap-confine//mount-namespace-capture-helper" pid=696 comm="apparmor_parser"
Feb 09 22:38:12 compute4 audit[699]: AVC apparmor="STATUS" operation="profile_load" profile="unconfined" name="snap.lxd.benchmark" pid=699 comm="apparmor_parser"
Feb 09 22:38:12 compute4 audit[698]: AVC apparmor="STATUS" operation="profile_load" profile="unconfined" name="snap.lxd.activate" pid=698 comm="apparmor_parser"
Feb 09 22:38:12 compute4 audit[700]: AVC apparmor="STATUS" operation="profile_load" profile="unconfined" name="snap.lxd.buginfo" pid=700 comm="apparmor_parser"
Feb 09 22:38:12 compute4 audit[701]: AVC apparmor="STATUS" operation="profile_load" profile="unconfined" name="snap.lxd.check-kernel" pid=701 comm="apparmor_parser"
Feb 09 22:38:12 compute4 systemd[1]: Started Network Time Synchronization.
-- Subject: A start job for unit systemd-timesyncd.service has finished successfully
-- Defined-By: systemd
-- Support: http://www.ubuntu.com/support
-- 
-- A start job for unit systemd-timesyncd.service has finished successfully.
-- 
-- The job identifier is 70.
Feb 09 22:38:12 compute4 systemd[1]: Reached target System Time Set.
-- Subject: A start job for unit time-set.target has finished successfully
-- Defined-By: systemd
-- Support: http://www.ubuntu.com/support
-- 
-- A start job for unit time-set.target has finished successfully.
-- 
-- The job identifier is 71.
Feb 09 22:38:12 compute4 systemd[1]: Reached target System Time Synchronized.
-- Subject: A start job for unit time-sync.target has finished successfully
-- Defined-By: systemd
-- Support: http://www.ubuntu.com/support
-- 
-- A start job for unit time-sync.target has finished successfully.
-- 
-- The job identifier is 72.
Feb 09 22:38:12 compute4 audit[702]: AVC apparmor="STATUS" operation="profile_load" profile="unconfined" name="snap.lxd.daemon" pid=702 comm="apparmor_parser"
Feb 09 22:38:12 compute4 audit[703]: AVC apparmor="STATUS" operation="profile_load" profile="unconfined" name="snap.lxd.hook.configure" pid=703 comm="apparmor_parser"
Feb 09 22:38:12 compute4 audit[705]: AVC apparmor="STATUS" operation="profile_load" profile="unconfined" name="snap.lxd.hook.install" pid=705 comm="apparmor_parser"
Feb 09 22:38:12 compute4 audit[706]: AVC apparmor="STATUS" operation="profile_load" profile="unconfined" name="snap.lxd.hook.remove" pid=706 comm="apparmor_parser"
Feb 09 22:38:12 compute4 audit[707]: AVC apparmor="STATUS" operation="profile_load" profile="unconfined" name="snap.lxd.lxc" pid=707 comm="apparmor_parser"
Feb 09 22:38:12 compute4 audit[708]: AVC apparmor="STATUS" operation="profile_load" profile="unconfined" name="snap.lxd.lxc-to-lxd" pid=708 comm="apparmor_parser"
Feb 09 22:38:12 compute4 audit[709]: AVC apparmor="STATUS" operation="profile_load" profile="unconfined" name="snap.lxd.lxd" pid=709 comm="apparmor_parser"
Feb 09 22:38:12 compute4 audit[710]: AVC apparmor="STATUS" operation="profile_load" profile="unconfined" name="snap.lxd.migrate" pid=710 comm="apparmor_parser"
Feb 09 22:38:12 compute4 audit[711]: AVC apparmor="STATUS" operation="profile_load" profile="unconfined" name="snap.lxd.user-daemon" pid=711 comm="apparmor_parser"
Feb 09 22:38:12 compute4 systemd[1]: Finished Load AppArmor profiles managed internally by snapd.
-- Subject: A start job for unit snapd.apparmor.service has finished successfully
-- Defined-By: systemd
-- Support: http://www.ubuntu.com/support
-- 
-- A start job for unit snapd.apparmor.service has finished successfully.
-- 
-- The job identifier is 163.
Feb 09 22:38:13 compute4 cloud-init[715]: Cloud-init v. 21.4-0ubuntu1~20.04.1 running 'init-local' at Wed, 09 Feb 2022 22:38:13 +0000. Up 5.35 seconds.
Feb 09 22:38:13 compute4 cloud-init[715]: 2022-02-09 22:38:13,799 - handlers.py[WARNING]: failed posting event: start: init-local/check-cache: attempting to read from cache [trust]
Feb 09 22:38:13 compute4 cloud-init[715]: 2022-02-09 22:38:13,808 - handlers.py[WARNING]: failed posting event: finish: init-local/check-cache: SUCCESS: restored from cache: DataSourceMAAS [http://10.0.0.2:5248/MAAS/metadata/]
Feb 09 22:38:13 compute4 ovs-vsctl[716]: ovs|00001|db_ctl_base|ERR|unix:/var/run/openvswitch/db.sock: database connection failed (No such file or directory)
Feb 09 22:38:13 compute4 cloud-init[715]: 2022-02-09 22:38:13,936 - handlers.py[WARNING]: failed posting event: finish: init-local: SUCCESS: searching for local datasources
Feb 09 22:38:14 compute4 systemd[1]: Finished Initial cloud-init job (pre-networking).
-- Subject: A start job for unit cloud-init-local.service has finished successfully
-- Defined-By: systemd
-- Support: http://www.ubuntu.com/support
-- 
-- A start job for unit cloud-init-local.service has finished successfully.
-- 
-- The job identifier is 211.
Feb 09 22:38:14 compute4 systemd[1]: Reached target Network (Pre).
-- Subject: A start job for unit network-pre.target has finished successfully
-- Defined-By: systemd
-- Support: http://www.ubuntu.com/support
-- 
-- A start job for unit network-pre.target has finished successfully.
-- 
-- The job identifier is 212.
Feb 09 22:38:14 compute4 systemd[1]: Starting Open vSwitch Database Unit...
-- Subject: A start job for unit ovsdb-server.service has begun execution
-- Defined-By: systemd
-- Support: http://www.ubuntu.com/support
-- 
-- A start job for unit ovsdb-server.service has begun execution.
-- 
-- The job identifier is 66.
Feb 09 22:38:14 compute4 systemd[1]: Starting Network Service...
-- Subject: A start job for unit systemd-networkd.service has begun execution
-- Defined-By: systemd
-- Support: http://www.ubuntu.com/support
-- 
-- A start job for unit systemd-networkd.service has begun execution.
-- 
-- The job identifier is 64.
Feb 09 22:38:14 compute4 systemd-udevd[434]: ethtool: autonegotiation is unset or enabled, the speed and duplex are not writable.
Feb 09 22:38:14 compute4 systemd-udevd[434]: br-ens3: Could not generate persistent MAC: No data available
Feb 09 22:38:14 compute4 kernel: bridge: filtering via arp/ip/ip6tables is no longer available by default. Update your scripts to load br_netfilter if you need this.
Feb 09 22:38:14 compute4 systemd-networkd[721]: br-ens3: netdev ready
Feb 09 22:38:14 compute4 systemd-networkd[721]: Enumeration completed
Feb 09 22:38:14 compute4 systemd[1]: Started Network Service.
-- Subject: A start job for unit systemd-networkd.service has finished successfully
-- Defined-By: systemd
-- Support: http://www.ubuntu.com/support
-- 
-- A start job for unit systemd-networkd.service has finished successfully.
-- 
-- The job identifier is 64.
Feb 09 22:38:14 compute4 systemd[1]: Starting Wait for Network to be Configured...
-- Subject: A start job for unit systemd-networkd-wait-online.service has begun execution
-- Defined-By: systemd
-- Support: http://www.ubuntu.com/support
-- 
-- A start job for unit systemd-networkd-wait-online.service has begun execution.
-- 
-- The job identifier is 63.
Feb 09 22:38:14 compute4 systemd-networkd[721]: br-ens3: IPv6 successfully enabled
Feb 09 22:38:14 compute4 systemd-networkd[721]: ens9: IPv6 successfully enabled
Feb 09 22:38:14 compute4 systemd-networkd[721]: ens8: IPv6 successfully enabled
Feb 09 22:38:14 compute4 systemd-networkd[721]: ens7: IPv6 successfully enabled
Feb 09 22:38:14 compute4 systemd[1]: Starting Network Name Resolution...
-- Subject: A start job for unit systemd-resolved.service has begun execution
-- Defined-By: systemd
-- Support: http://www.ubuntu.com/support
-- 
-- A start job for unit systemd-resolved.service has begun execution.
-- 
-- The job identifier is 190.
Feb 09 22:38:14 compute4 systemd-networkd[721]: ens6: IPv6 successfully enabled
Feb 09 22:38:14 compute4 systemd-networkd[721]: ens5: IPv6 successfully enabled
Feb 09 22:38:14 compute4 systemd-networkd[721]: ens4: IPv6 successfully enabled
Feb 09 22:38:14 compute4 ovs-ctl[720]:  * Starting ovsdb-server
Feb 09 22:38:14 compute4 systemd-networkd[721]: br-ens3: Link UP
Feb 09 22:38:14 compute4 systemd-networkd[721]: br-ens3: Gained carrier
Feb 09 22:38:14 compute4 systemd-timesyncd[678]: Network configuration changed, trying to establish connection.
Feb 09 22:38:14 compute4 kernel: br-ens3: port 1(ens3) entered blocking state
Feb 09 22:38:14 compute4 kernel: br-ens3: port 1(ens3) entered disabled state
Feb 09 22:38:14 compute4 kernel: device ens3 entered promiscuous mode
Feb 09 22:38:14 compute4 systemd-networkd[721]: ens9: Link UP
Feb 09 22:38:14 compute4 ovs-vsctl[763]: ovs|00001|vsctl|INFO|Called as ovs-vsctl --no-wait -- init -- set Open_vSwitch . db-version=8.2.0
Feb 09 22:38:14 compute4 systemd-networkd[721]: ens9: Gained carrier
Feb 09 22:38:14 compute4 systemd-networkd[721]: ens8: Link UP
Feb 09 22:38:14 compute4 systemd-timesyncd[678]: Network configuration changed, trying to establish connection.
Feb 09 22:38:14 compute4 systemd-networkd[721]: ens8: Gained carrier
Feb 09 22:38:14 compute4 systemd-networkd[721]: ens7: Link UP
Feb 09 22:38:14 compute4 systemd-timesyncd[678]: Network configuration changed, trying to establish connection.
Feb 09 22:38:14 compute4 systemd-networkd[721]: ens7: Gained carrier
Feb 09 22:38:14 compute4 systemd-networkd[721]: ens6: Link UP
Feb 09 22:38:14 compute4 systemd-timesyncd[678]: Network configuration changed, trying to establish connection.
