-- Logs begin at Fri 2022-02-04 09:34:04 UTC, end at Thu 2022-02-10 16:19:19 UTC. --
Feb 04 09:34:04 ubuntu kernel: Linux version 5.4.0-97-generic (buildd@lcy02-amd64-032) (gcc version 9.3.0 (Ubuntu 9.3.0-17ubuntu1~20.04)) #110-Ubuntu SMP Thu Jan 13 18:22:13 UTC 2022 (Ubuntu 5.4.0-97.110-generic 5.4.162)
Feb 04 09:34:04 ubuntu kernel: Command line: BOOT_IMAGE=/boot/vmlinuz-5.4.0-97-generic root=UUID=51babbe8-f78f-46a4-8830-d351c3830325 ro
Feb 04 09:34:04 ubuntu kernel: KERNEL supported cpus:
Feb 04 09:34:04 ubuntu kernel:   Intel GenuineIntel
Feb 04 09:34:04 ubuntu kernel:   AMD AuthenticAMD
Feb 04 09:34:04 ubuntu kernel:   Hygon HygonGenuine
Feb 04 09:34:04 ubuntu kernel:   Centaur CentaurHauls
Feb 04 09:34:04 ubuntu kernel:   zhaoxin   Shanghai  
Feb 04 09:34:04 ubuntu kernel: x86/fpu: Supporting XSAVE feature 0x001: 'x87 floating point registers'
Feb 04 09:34:04 ubuntu kernel: x86/fpu: Supporting XSAVE feature 0x002: 'SSE registers'
Feb 04 09:34:04 ubuntu kernel: x86/fpu: Supporting XSAVE feature 0x004: 'AVX registers'
Feb 04 09:34:04 ubuntu kernel: x86/fpu: Supporting XSAVE feature 0x008: 'MPX bounds registers'
Feb 04 09:34:04 ubuntu kernel: x86/fpu: Supporting XSAVE feature 0x010: 'MPX CSR'
Feb 04 09:34:04 ubuntu kernel: x86/fpu: xstate_offset[2]:  576, xstate_sizes[2]:  256
Feb 04 09:34:04 ubuntu kernel: x86/fpu: xstate_offset[3]:  832, xstate_sizes[3]:   64
Feb 04 09:34:04 ubuntu kernel: x86/fpu: xstate_offset[4]:  896, xstate_sizes[4]:   64
Feb 04 09:34:04 ubuntu kernel: x86/fpu: Enabled xstate features 0x1f, context size is 960 bytes, using 'compacted' format.
Feb 04 09:34:04 ubuntu kernel: BIOS-provided physical RAM map:
Feb 04 09:34:04 ubuntu kernel: BIOS-e820: [mem 0x0000000000000000-0x000000000009c3ff] usable
Feb 04 09:34:04 ubuntu kernel: BIOS-e820: [mem 0x00000000000f0000-0x00000000000fffff] reserved
Feb 04 09:34:04 ubuntu kernel: BIOS-e820: [mem 0x0000000000100000-0x00000000bfecafff] usable
Feb 04 09:34:04 ubuntu kernel: BIOS-e820: [mem 0x00000000bff78000-0x00000000bffd2fff] usable
Feb 04 09:34:04 ubuntu kernel: BIOS-e820: [mem 0x00000000bffd3000-0x00000000bfffffff] reserved
Feb 04 09:34:04 ubuntu kernel: BIOS-e820: [mem 0x00000000feffc000-0x00000000feffffff] reserved
Feb 04 09:34:04 ubuntu kernel: BIOS-e820: [mem 0x00000000fffc0000-0x00000000ffffffff] reserved
Feb 04 09:34:04 ubuntu kernel: BIOS-e820: [mem 0x0000000100000000-0x000000043fffffff] usable
Feb 04 09:34:04 ubuntu kernel: NX (Execute Disable) protection: active
Feb 04 09:34:04 ubuntu kernel: SMBIOS 2.8 present.
Feb 04 09:34:04 ubuntu kernel: DMI: QEMU Standard PC (i440FX + PIIX, 1996), BIOS 1.10.2-1ubuntu1 04/01/2014
Feb 04 09:34:04 ubuntu kernel: Hypervisor detected: KVM
Feb 04 09:34:04 ubuntu kernel: kvm-clock: Using msrs 4b564d01 and 4b564d00
Feb 04 09:34:04 ubuntu kernel: kvm-clock: cpu 0, msr 2b3601001, primary cpu clock
Feb 04 09:34:04 ubuntu kernel: kvm-clock: using sched offset of 183814092131 cycles
Feb 04 09:34:04 ubuntu kernel: clocksource: kvm-clock: mask: 0xffffffffffffffff max_cycles: 0x1cd42e4dffb, max_idle_ns: 881590591483 ns
Feb 04 09:34:04 ubuntu kernel: tsc: Detected 4200.000 MHz processor
Feb 04 09:34:04 ubuntu kernel: e820: update [mem 0x00000000-0x00000fff] usable ==> reserved
Feb 04 09:34:04 ubuntu kernel: e820: remove [mem 0x000a0000-0x000fffff] usable
Feb 04 09:34:04 ubuntu kernel: last_pfn = 0x440000 max_arch_pfn = 0x400000000
Feb 04 09:34:04 ubuntu kernel: MTRR default type: write-back
Feb 04 09:34:04 ubuntu kernel: MTRR fixed ranges enabled:
Feb 04 09:34:04 ubuntu kernel:   00000-9FFFF write-back
Feb 04 09:34:04 ubuntu kernel:   A0000-BFFFF uncachable
Feb 04 09:34:04 ubuntu kernel:   C0000-FFFFF write-protect
Feb 04 09:34:04 ubuntu kernel: MTRR variable ranges enabled:
Feb 04 09:34:04 ubuntu kernel:   0 base 00C0000000 mask FFC0000000 uncachable
Feb 04 09:34:04 ubuntu kernel:   1 disabled
Feb 04 09:34:04 ubuntu kernel:   2 disabled
Feb 04 09:34:04 ubuntu kernel:   3 disabled
Feb 04 09:34:04 ubuntu kernel:   4 disabled
Feb 04 09:34:04 ubuntu kernel:   5 disabled
Feb 04 09:34:04 ubuntu kernel:   6 disabled
Feb 04 09:34:04 ubuntu kernel:   7 disabled
Feb 04 09:34:04 ubuntu kernel: x86/PAT: Configuration [0-7]: WB  WC  UC- UC  WB  WP  UC- WT  
Feb 04 09:34:04 ubuntu kernel: last_pfn = 0xbffd3 max_arch_pfn = 0x400000000
Feb 04 09:34:04 ubuntu kernel: found SMP MP-table at [mem 0x000f6a10-0x000f6a1f]
Feb 04 09:34:04 ubuntu kernel: check: Scanning 1 areas for low memory corruption
Feb 04 09:34:04 ubuntu kernel: Using GB pages for direct mapping
Feb 04 09:34:04 ubuntu kernel: RAMDISK: [mem 0x2deed000-0x32f6dfff]
Feb 04 09:34:04 ubuntu kernel: ACPI: Early table checksum verification disabled
Feb 04 09:34:04 ubuntu kernel: ACPI: RSDP 0x00000000000F67D0 000014 (v00 BOCHS )
Feb 04 09:34:04 ubuntu kernel: ACPI: RSDT 0x00000000BFFE15A9 00002C (v01 BOCHS  BXPCRSDT 00000001 BXPC 00000001)
Feb 04 09:34:04 ubuntu kernel: ACPI: FACP 0x00000000BFFE1435 000074 (v01 BOCHS  BXPCFACP 00000001 BXPC 00000001)
Feb 04 09:34:04 ubuntu kernel: ACPI: DSDT 0x00000000BFFE0040 0013F5 (v01 BOCHS  BXPCDSDT 00000001 BXPC 00000001)
Feb 04 09:34:04 ubuntu kernel: ACPI: FACS 0x00000000BFFE0000 000040
Feb 04 09:34:04 ubuntu kernel: ACPI: APIC 0x00000000BFFE1529 000080 (v01 BOCHS  BXPCAPIC 00000001 BXPC 00000001)
Feb 04 09:34:04 ubuntu kernel: ACPI: Reserving FACP table memory at [mem 0xbffe1435-0xbffe14a8]
Feb 04 09:34:04 ubuntu kernel: ACPI: Reserving DSDT table memory at [mem 0xbffe0040-0xbffe1434]
Feb 04 09:34:04 ubuntu kernel: ACPI: Reserving FACS table memory at [mem 0xbffe0000-0xbffe003f]
Feb 04 09:34:04 ubuntu kernel: ACPI: Reserving APIC table memory at [mem 0xbffe1529-0xbffe15a8]
Feb 04 09:34:04 ubuntu kernel: ACPI: Local APIC address 0xfee00000
Feb 04 09:34:04 ubuntu kernel: No NUMA configuration found
Feb 04 09:34:04 ubuntu kernel: Faking a node at [mem 0x0000000000000000-0x000000043fffffff]
Feb 04 09:34:04 ubuntu kernel: NODE_DATA(0) allocated [mem 0x43ffd5000-0x43fffffff]
Feb 04 09:34:04 ubuntu kernel: Zone ranges:
Feb 04 09:34:04 ubuntu kernel:   DMA      [mem 0x0000000000001000-0x0000000000ffffff]
Feb 04 09:34:04 ubuntu kernel:   DMA32    [mem 0x0000000001000000-0x00000000ffffffff]
Feb 04 09:34:04 ubuntu kernel:   Normal   [mem 0x0000000100000000-0x000000043fffffff]
Feb 04 09:34:04 ubuntu kernel:   Device   empty
Feb 04 09:34:04 ubuntu kernel: Movable zone start for each node
Feb 04 09:34:04 ubuntu kernel: Early memory node ranges
Feb 04 09:34:04 ubuntu kernel:   node   0: [mem 0x0000000000001000-0x000000000009bfff]
Feb 04 09:34:04 ubuntu kernel:   node   0: [mem 0x0000000000100000-0x00000000bfecafff]
Feb 04 09:34:04 ubuntu kernel:   node   0: [mem 0x00000000bff78000-0x00000000bffd2fff]
Feb 04 09:34:04 ubuntu kernel:   node   0: [mem 0x0000000100000000-0x000000043fffffff]
Feb 04 09:34:04 ubuntu kernel: Zeroed struct page in unavailable ranges: 319 pages
Feb 04 09:34:04 ubuntu kernel: Initmem setup node 0 [mem 0x0000000000001000-0x000000043fffffff]
Feb 04 09:34:04 ubuntu kernel: On node 0 totalpages: 4193985
Feb 04 09:34:04 ubuntu kernel:   DMA zone: 64 pages used for memmap
Feb 04 09:34:04 ubuntu kernel:   DMA zone: 21 pages reserved
Feb 04 09:34:04 ubuntu kernel:   DMA zone: 3995 pages, LIFO batch:0
Feb 04 09:34:04 ubuntu kernel:   DMA32 zone: 12221 pages used for memmap
Feb 04 09:34:04 ubuntu kernel:   DMA32 zone: 782118 pages, LIFO batch:63
Feb 04 09:34:04 ubuntu kernel:   Normal zone: 53248 pages used for memmap
Feb 04 09:34:04 ubuntu kernel:   Normal zone: 3407872 pages, LIFO batch:63
Feb 04 09:34:04 ubuntu kernel: ACPI: PM-Timer IO Port: 0x608
Feb 04 09:34:04 ubuntu kernel: ACPI: Local APIC address 0xfee00000
Feb 04 09:34:04 ubuntu kernel: ACPI: LAPIC_NMI (acpi_id[0xff] dfl dfl lint[0x1])
Feb 04 09:34:04 ubuntu kernel: IOAPIC[0]: apic_id 0, version 17, address 0xfec00000, GSI 0-23
Feb 04 09:34:04 ubuntu kernel: ACPI: INT_SRC_OVR (bus 0 bus_irq 0 global_irq 2 dfl dfl)
Feb 04 09:34:04 ubuntu kernel: ACPI: INT_SRC_OVR (bus 0 bus_irq 5 global_irq 5 high level)
Feb 04 09:34:04 ubuntu kernel: ACPI: INT_SRC_OVR (bus 0 bus_irq 9 global_irq 9 high level)
Feb 04 09:34:04 ubuntu kernel: ACPI: INT_SRC_OVR (bus 0 bus_irq 10 global_irq 10 high level)
Feb 04 09:34:04 ubuntu kernel: ACPI: INT_SRC_OVR (bus 0 bus_irq 11 global_irq 11 high level)
Feb 04 09:34:04 ubuntu kernel: ACPI: IRQ0 used by override.
Feb 04 09:34:04 ubuntu kernel: ACPI: IRQ5 used by override.
Feb 04 09:34:04 ubuntu kernel: ACPI: IRQ9 used by override.
Feb 04 09:34:04 ubuntu kernel: ACPI: IRQ10 used by override.
Feb 04 09:34:04 ubuntu kernel: ACPI: IRQ11 used by override.
Feb 04 09:34:04 ubuntu kernel: Using ACPI (MADT) for SMP configuration information
Feb 04 09:34:04 ubuntu kernel: TSC deadline timer available
Feb 04 09:34:04 ubuntu kernel: smpboot: Allowing 2 CPUs, 0 hotplug CPUs
Feb 04 09:34:04 ubuntu kernel: PM: Registered nosave memory: [mem 0x00000000-0x00000fff]
Feb 04 09:34:04 ubuntu kernel: PM: Registered nosave memory: [mem 0x0009c000-0x000effff]
Feb 04 09:34:04 ubuntu kernel: PM: Registered nosave memory: [mem 0x000f0000-0x000fffff]
Feb 04 09:34:04 ubuntu kernel: PM: Registered nosave memory: [mem 0xbfecb000-0xbff77fff]
Feb 04 09:34:04 ubuntu kernel: PM: Registered nosave memory: [mem 0xbffd3000-0xbfffffff]
Feb 04 09:34:04 ubuntu kernel: PM: Registered nosave memory: [mem 0xc0000000-0xfeffbfff]
Feb 04 09:34:04 ubuntu kernel: PM: Registered nosave memory: [mem 0xfeffc000-0xfeffffff]
Feb 04 09:34:04 ubuntu kernel: PM: Registered nosave memory: [mem 0xff000000-0xfffbffff]
Feb 04 09:34:04 ubuntu kernel: PM: Registered nosave memory: [mem 0xfffc0000-0xffffffff]
Feb 04 09:34:04 ubuntu kernel: [mem 0xc0000000-0xfeffbfff] available for PCI devices
Feb 04 09:34:04 ubuntu kernel: Booting paravirtualized kernel on KVM
Feb 04 09:34:04 ubuntu kernel: clocksource: refined-jiffies: mask: 0xffffffff max_cycles: 0xffffffff, max_idle_ns: 7645519600211568 ns
Feb 04 09:34:04 ubuntu kernel: setup_percpu: NR_CPUS:8192 nr_cpumask_bits:2 nr_cpu_ids:2 nr_node_ids:1
Feb 04 09:34:04 ubuntu kernel: percpu: Embedded 60 pages/cpu s208896 r8192 d28672 u1048576
Feb 04 09:34:04 ubuntu kernel: pcpu-alloc: s208896 r8192 d28672 u1048576 alloc=1*2097152
Feb 04 09:34:04 ubuntu kernel: pcpu-alloc: [0] 0 1 
Feb 04 09:34:04 ubuntu kernel: setup async PF for cpu 0
Feb 04 09:34:04 ubuntu kernel: kvm-stealtime: cpu 0, msr 42fa32040
Feb 04 09:34:04 ubuntu kernel: Built 1 zonelists, mobility grouping on.  Total pages: 4128431
Feb 04 09:34:04 ubuntu kernel: Policy zone: Normal
Feb 04 09:34:04 ubuntu kernel: Kernel command line: BOOT_IMAGE=/boot/vmlinuz-5.4.0-97-generic root=UUID=51babbe8-f78f-46a4-8830-d351c3830325 ro
Feb 04 09:34:04 ubuntu kernel: Dentry cache hash table entries: 2097152 (order: 12, 16777216 bytes, linear)
Feb 04 09:34:04 ubuntu kernel: Inode-cache hash table entries: 1048576 (order: 11, 8388608 bytes, linear)
Feb 04 09:34:04 ubuntu kernel: mem auto-init: stack:off, heap alloc:on, heap free:off
Feb 04 09:34:04 ubuntu kernel: Calgary: detecting Calgary via BIOS EBDA area
Feb 04 09:34:04 ubuntu kernel: Calgary: Unable to locate Rio Grande table in EBDA - bailing!
Feb 04 09:34:04 ubuntu kernel: Memory: 16303156K/16775940K available (14339K kernel code, 2400K rwdata, 9500K rodata, 2752K init, 4948K bss, 472784K reserved, 0K cma-reserved)
Feb 04 09:34:04 ubuntu kernel: random: get_random_u64 called from kmem_cache_open+0x2d/0x410 with crng_init=0
Feb 04 09:34:04 ubuntu kernel: SLUB: HWalign=64, Order=0-3, MinObjects=0, CPUs=2, Nodes=1
Feb 04 09:34:04 ubuntu kernel: Kernel/User page tables isolation: enabled
Feb 04 09:34:04 ubuntu kernel: ftrace: allocating 44643 entries in 175 pages
Feb 04 09:34:04 ubuntu kernel: rcu: Hierarchical RCU implementation.
Feb 04 09:34:04 ubuntu kernel: rcu:         RCU restricting CPUs from NR_CPUS=8192 to nr_cpu_ids=2.
Feb 04 09:34:04 ubuntu kernel:         Tasks RCU enabled.
Feb 04 09:34:04 ubuntu kernel: rcu: RCU calculated value of scheduler-enlistment delay is 25 jiffies.
Feb 04 09:34:04 ubuntu kernel: rcu: Adjusting geometry for rcu_fanout_leaf=16, nr_cpu_ids=2
Feb 04 09:34:04 ubuntu kernel: NR_IRQS: 524544, nr_irqs: 440, preallocated irqs: 16
Feb 04 09:34:04 ubuntu kernel: random: crng done (trusting CPU's manufacturer)
Feb 04 09:34:04 ubuntu kernel: Console: colour VGA+ 80x25
Feb 04 09:34:04 ubuntu kernel: printk: console [tty0] enabled
Feb 04 09:34:04 ubuntu kernel: ACPI: Core revision 20190816
Feb 04 09:34:04 ubuntu kernel: APIC: Switch to symmetric I/O mode setup
Feb 04 09:34:04 ubuntu kernel: x2apic enabled
Feb 04 09:34:04 ubuntu kernel: Switched APIC routing to physical x2apic.
Feb 04 09:34:04 ubuntu kernel: clocksource: tsc-early: mask: 0xffffffffffffffff max_cycles: 0x3c8a615336c, max_idle_ns: 440795257976 ns
Feb 04 09:34:04 ubuntu kernel: Calibrating delay loop (skipped) preset value.. 8400.00 BogoMIPS (lpj=16800000)
Feb 04 09:34:04 ubuntu kernel: pid_max: default: 32768 minimum: 301
Feb 04 09:34:04 ubuntu kernel: LSM: Security Framework initializing
Feb 04 09:34:04 ubuntu kernel: Yama: becoming mindful.
Feb 04 09:34:04 ubuntu kernel: AppArmor: AppArmor initialized
Feb 04 09:34:04 ubuntu kernel: Mount-cache hash table entries: 32768 (order: 6, 262144 bytes, linear)
Feb 04 09:34:04 ubuntu kernel: Mountpoint-cache hash table entries: 32768 (order: 6, 262144 bytes, linear)
Feb 04 09:34:04 ubuntu kernel: *** VALIDATE tmpfs ***
Feb 04 09:34:04 ubuntu kernel: *** VALIDATE proc ***
Feb 04 09:34:04 ubuntu kernel: *** VALIDATE cgroup1 ***
Feb 04 09:34:04 ubuntu kernel: *** VALIDATE cgroup2 ***
Feb 04 09:34:04 ubuntu kernel: Last level iTLB entries: 4KB 0, 2MB 0, 4MB 0
Feb 04 09:34:04 ubuntu kernel: Last level dTLB entries: 4KB 0, 2MB 0, 4MB 0, 1GB 0
Feb 04 09:34:04 ubuntu kernel: Spectre V1 : Mitigation: usercopy/swapgs barriers and __user pointer sanitization
Feb 04 09:34:04 ubuntu kernel: Spectre V2 : Mitigation: Full generic retpoline
Feb 04 09:34:04 ubuntu kernel: Spectre V2 : Spectre v2 / SpectreRSB mitigation: Filling RSB on context switch
Feb 04 09:34:04 ubuntu kernel: Spectre V2 : Enabling Restricted Speculation for firmware calls
Feb 04 09:34:04 ubuntu kernel: Spectre V2 : mitigation: Enabling conditional Indirect Branch Prediction Barrier
Feb 04 09:34:04 ubuntu kernel: Speculative Store Bypass: Mitigation: Speculative Store Bypass disabled via prctl and seccomp
Feb 04 09:34:04 ubuntu kernel: TAA: Mitigation: Clear CPU buffers
Feb 04 09:34:04 ubuntu kernel: SRBDS: Unknown: Dependent on hypervisor status
Feb 04 09:34:04 ubuntu kernel: MDS: Mitigation: Clear CPU buffers
Feb 04 09:34:04 ubuntu kernel: Freeing SMP alternatives memory: 40K
Feb 04 09:34:04 ubuntu kernel: smpboot: CPU0: Intel Core Processor (Skylake, IBRS) (family: 0x6, model: 0x5e, stepping: 0x3)
Feb 04 09:34:04 ubuntu kernel: Performance Events: unsupported p6 CPU model 94 no PMU driver, software events only.
Feb 04 09:34:04 ubuntu kernel: rcu: Hierarchical SRCU implementation.
Feb 04 09:34:04 ubuntu kernel: NMI watchdog: Perf NMI watchdog permanently disabled
Feb 04 09:34:04 ubuntu kernel: smp: Bringing up secondary CPUs ...
Feb 04 09:34:04 ubuntu kernel: x86: Booting SMP configuration:
Feb 04 09:34:04 ubuntu kernel: .... node  #0, CPUs:      #1
Feb 04 09:34:04 ubuntu kernel: kvm-clock: cpu 1, msr 2b3601041, secondary cpu clock
Feb 04 09:34:04 ubuntu kernel: smpboot: CPU 1 Converting physical 0 to logical die 1
Feb 04 09:34:04 ubuntu kernel: setup async PF for cpu 1
Feb 04 09:34:04 ubuntu kernel: kvm-stealtime: cpu 1, msr 42fb32040
Feb 04 09:34:04 ubuntu kernel: smp: Brought up 1 node, 2 CPUs
Feb 04 09:34:04 ubuntu kernel: smpboot: Max logical packages: 2
Feb 04 09:34:04 ubuntu kernel: smpboot: Total of 2 processors activated (16800.00 BogoMIPS)
Feb 04 09:34:04 ubuntu kernel: devtmpfs: initialized
Feb 04 09:34:04 ubuntu kernel: x86/mm: Memory block size: 128MB
Feb 04 09:34:04 ubuntu kernel: clocksource: jiffies: mask: 0xffffffff max_cycles: 0xffffffff, max_idle_ns: 7645041785100000 ns
Feb 04 09:34:04 ubuntu kernel: futex hash table entries: 512 (order: 3, 32768 bytes, linear)
Feb 04 09:34:04 ubuntu kernel: pinctrl core: initialized pinctrl subsystem
Feb 04 09:34:04 ubuntu kernel: PM: RTC time: 09:34:01, date: 2022-02-04
Feb 04 09:34:04 ubuntu kernel: NET: Registered protocol family 16
Feb 04 09:34:04 ubuntu kernel: audit: initializing netlink subsys (disabled)
Feb 04 09:34:04 ubuntu kernel: audit: type=2000 audit(1643967240.517:1): state=initialized audit_enabled=0 res=1
Feb 04 09:34:04 ubuntu kernel: EISA bus registered
Feb 04 09:34:04 ubuntu kernel: cpuidle: using governor ladder
Feb 04 09:34:04 ubuntu kernel: cpuidle: using governor menu
Feb 04 09:34:04 ubuntu kernel: ACPI: bus type PCI registered
Feb 04 09:34:04 ubuntu kernel: acpiphp: ACPI Hot Plug PCI Controller Driver version: 0.5
Feb 04 09:34:04 ubuntu kernel: PCI: Using configuration type 1 for base access
Feb 04 09:34:04 ubuntu kernel: HugeTLB registered 1.00 GiB page size, pre-allocated 0 pages
Feb 04 09:34:04 ubuntu kernel: HugeTLB registered 2.00 MiB page size, pre-allocated 0 pages
Feb 04 09:34:04 ubuntu kernel: ACPI: Added _OSI(Module Device)
Feb 04 09:34:04 ubuntu kernel: ACPI: Added _OSI(Processor Device)
Feb 04 09:34:04 ubuntu kernel: ACPI: Added _OSI(3.0 _SCP Extensions)
Feb 04 09:34:04 ubuntu kernel: ACPI: Added _OSI(Processor Aggregator Device)
Feb 04 09:34:04 ubuntu kernel: ACPI: Added _OSI(Linux-Dell-Video)
Feb 04 09:34:04 ubuntu kernel: ACPI: Added _OSI(Linux-Lenovo-NV-HDMI-Audio)
Feb 04 09:34:04 ubuntu kernel: ACPI: Added _OSI(Linux-HPI-Hybrid-Graphics)
Feb 04 09:34:04 ubuntu kernel: ACPI: 1 ACPI AML tables successfully acquired and loaded
Feb 04 09:34:04 ubuntu kernel: ACPI: Interpreter enabled
Feb 04 09:34:04 ubuntu kernel: ACPI: (supports S0 S5)
Feb 04 09:34:04 ubuntu kernel: ACPI: Using IOAPIC for interrupt routing
Feb 04 09:34:04 ubuntu kernel: PCI: Using host bridge windows from ACPI; if necessary, use "pci=nocrs" and report a bug
Feb 04 09:34:04 ubuntu kernel: ACPI: Enabled 2 GPEs in block 00 to 0F
Feb 04 09:34:04 ubuntu kernel: ACPI: PCI Root Bridge [PCI0] (domain 0000 [bus 00-ff])
Feb 04 09:34:04 ubuntu kernel: acpi PNP0A03:00: _OSC: OS supports [ASPM ClockPM Segments MSI HPX-Type3]
Feb 04 09:34:04 ubuntu kernel: acpi PNP0A03:00: fail to add MMCONFIG information, can't access extended PCI configuration space under this bridge.
Feb 04 09:34:04 ubuntu kernel: acpiphp: Slot [3] registered
Feb 04 09:34:04 ubuntu kernel: acpiphp: Slot [4] registered
Feb 04 09:34:04 ubuntu kernel: acpiphp: Slot [5] registered
Feb 04 09:34:04 ubuntu kernel: acpiphp: Slot [6] registered
Feb 04 09:34:04 ubuntu kernel: acpiphp: Slot [7] registered
Feb 04 09:34:04 ubuntu kernel: acpiphp: Slot [8] registered
Feb 04 09:34:04 ubuntu kernel: acpiphp: Slot [9] registered
Feb 04 09:34:04 ubuntu kernel: acpiphp: Slot [11] registered
Feb 04 09:34:04 ubuntu kernel: acpiphp: Slot [12] registered
Feb 04 09:34:04 ubuntu kernel: acpiphp: Slot [13] registered
Feb 04 09:34:04 ubuntu kernel: acpiphp: Slot [14] registered
Feb 04 09:34:04 ubuntu kernel: acpiphp: Slot [15] registered
Feb 04 09:34:04 ubuntu kernel: acpiphp: Slot [16] registered
Feb 04 09:34:04 ubuntu kernel: acpiphp: Slot [17] registered
Feb 04 09:34:04 ubuntu kernel: acpiphp: Slot [18] registered
Feb 04 09:34:04 ubuntu kernel: acpiphp: Slot [19] registered
Feb 04 09:34:04 ubuntu kernel: acpiphp: Slot [20] registered
Feb 04 09:34:04 ubuntu kernel: acpiphp: Slot [21] registered
Feb 04 09:34:04 ubuntu kernel: acpiphp: Slot [22] registered
Feb 04 09:34:04 ubuntu kernel: acpiphp: Slot [23] registered
Feb 04 09:34:04 ubuntu kernel: acpiphp: Slot [24] registered
Feb 04 09:34:04 ubuntu kernel: acpiphp: Slot [25] registered
Feb 04 09:34:04 ubuntu kernel: acpiphp: Slot [26] registered
Feb 04 09:34:04 ubuntu kernel: acpiphp: Slot [27] registered
Feb 04 09:34:04 ubuntu kernel: acpiphp: Slot [28] registered
Feb 04 09:34:04 ubuntu kernel: acpiphp: Slot [29] registered
Feb 04 09:34:04 ubuntu kernel: acpiphp: Slot [30] registered
Feb 04 09:34:04 ubuntu kernel: acpiphp: Slot [31] registered
Feb 04 09:34:04 ubuntu kernel: PCI host bridge to bus 0000:00
Feb 04 09:34:04 ubuntu kernel: pci_bus 0000:00: root bus resource [io  0x0000-0x0cf7 window]
Feb 04 09:34:04 ubuntu kernel: pci_bus 0000:00: root bus resource [io  0x0d00-0xffff window]
Feb 04 09:34:04 ubuntu kernel: pci_bus 0000:00: root bus resource [mem 0x000a0000-0x000bffff window]
Feb 04 09:34:04 ubuntu kernel: pci_bus 0000:00: root bus resource [mem 0xc0000000-0xfebfffff window]
Feb 04 09:34:04 ubuntu kernel: pci_bus 0000:00: root bus resource [mem 0x440000000-0x4bfffffff window]
Feb 04 09:34:04 ubuntu kernel: pci_bus 0000:00: root bus resource [bus 00-ff]
Feb 04 09:34:04 ubuntu kernel: pci 0000:00:00.0: [8086:1237] type 00 class 0x060000
Feb 04 09:34:04 ubuntu kernel: pci 0000:00:01.0: [8086:7000] type 00 class 0x060100
Feb 04 09:34:04 ubuntu kernel: pci 0000:00:01.1: [8086:7010] type 00 class 0x010180
Feb 04 09:34:04 ubuntu kernel: pci 0000:00:01.1: reg 0x20: [io  0xc260-0xc26f]
Feb 04 09:34:04 ubuntu kernel: pci 0000:00:01.1: legacy IDE quirk: reg 0x10: [io  0x01f0-0x01f7]
Feb 04 09:34:04 ubuntu kernel: pci 0000:00:01.1: legacy IDE quirk: reg 0x14: [io  0x03f6]
Feb 04 09:34:04 ubuntu kernel: pci 0000:00:01.1: legacy IDE quirk: reg 0x18: [io  0x0170-0x0177]
Feb 04 09:34:04 ubuntu kernel: pci 0000:00:01.1: legacy IDE quirk: reg 0x1c: [io  0x0376]
Feb 04 09:34:04 ubuntu kernel: pci 0000:00:01.3: [8086:7113] type 00 class 0x068000
Feb 04 09:34:04 ubuntu kernel: pci 0000:00:01.3: quirk: [io  0x0600-0x063f] claimed by PIIX4 ACPI
Feb 04 09:34:04 ubuntu kernel: pci 0000:00:01.3: quirk: [io  0x0700-0x070f] claimed by PIIX4 SMB
Feb 04 09:34:04 ubuntu kernel: pci 0000:00:02.0: [1013:00b8] type 00 class 0x030000
Feb 04 09:34:04 ubuntu kernel: pci 0000:00:02.0: reg 0x10: [mem 0xfc000000-0xfdffffff pref]
Feb 04 09:34:04 ubuntu kernel: pci 0000:00:02.0: reg 0x14: [mem 0xfeb90000-0xfeb90fff]
Feb 04 09:34:04 ubuntu kernel: pci 0000:00:02.0: reg 0x30: [mem 0xfeb80000-0xfeb8ffff pref]
Feb 04 09:34:04 ubuntu kernel: pci 0000:00:03.0: [1af4:1000] type 00 class 0x020000
Feb 04 09:34:04 ubuntu kernel: pci 0000:00:03.0: reg 0x10: [io  0xc100-0xc11f]
Feb 04 09:34:04 ubuntu kernel: pci 0000:00:03.0: reg 0x14: [mem 0xfeb91000-0xfeb91fff]
Feb 04 09:34:04 ubuntu kernel: pci 0000:00:03.0: reg 0x20: [mem 0xfe000000-0xfe003fff 64bit pref]
Feb 04 09:34:04 ubuntu kernel: pci 0000:00:03.0: reg 0x30: [mem 0xfe800000-0xfe87ffff pref]
Feb 04 09:34:04 ubuntu kernel: pci 0000:00:04.0: [1af4:1000] type 00 class 0x020000
Feb 04 09:34:04 ubuntu kernel: pci 0000:00:04.0: reg 0x10: [io  0xc120-0xc13f]
Feb 04 09:34:04 ubuntu kernel: pci 0000:00:04.0: reg 0x14: [mem 0xfeb92000-0xfeb92fff]
Feb 04 09:34:04 ubuntu kernel: pci 0000:00:04.0: reg 0x20: [mem 0xfe004000-0xfe007fff 64bit pref]
Feb 04 09:34:04 ubuntu kernel: pci 0000:00:04.0: reg 0x30: [mem 0xfe880000-0xfe8fffff pref]
Feb 04 09:34:04 ubuntu kernel: pci 0000:00:05.0: [1af4:1000] type 00 class 0x020000
Feb 04 09:34:04 ubuntu kernel: pci 0000:00:05.0: reg 0x10: [io  0xc140-0xc15f]
Feb 04 09:34:04 ubuntu kernel: pci 0000:00:05.0: reg 0x14: [mem 0xfeb93000-0xfeb93fff]
Feb 04 09:34:04 ubuntu kernel: pci 0000:00:05.0: reg 0x20: [mem 0xfe008000-0xfe00bfff 64bit pref]
Feb 04 09:34:04 ubuntu kernel: pci 0000:00:05.0: reg 0x30: [mem 0xfe900000-0xfe97ffff pref]
Feb 04 09:34:04 ubuntu kernel: pci 0000:00:06.0: [1af4:1000] type 00 class 0x020000
Feb 04 09:34:04 ubuntu kernel: pci 0000:00:06.0: reg 0x10: [io  0xc160-0xc17f]
Feb 04 09:34:04 ubuntu kernel: pci 0000:00:06.0: reg 0x14: [mem 0xfeb94000-0xfeb94fff]
Feb 04 09:34:04 ubuntu kernel: pci 0000:00:06.0: reg 0x20: [mem 0xfe00c000-0xfe00ffff 64bit pref]
Feb 04 09:34:04 ubuntu kernel: pci 0000:00:06.0: reg 0x30: [mem 0xfe980000-0xfe9fffff pref]
Feb 04 09:34:04 ubuntu kernel: pci 0000:00:07.0: [1af4:1000] type 00 class 0x020000
Feb 04 09:34:04 ubuntu kernel: pci 0000:00:07.0: reg 0x10: [io  0xc180-0xc19f]
Feb 04 09:34:04 ubuntu kernel: pci 0000:00:07.0: reg 0x14: [mem 0xfeb95000-0xfeb95fff]
Feb 04 09:34:04 ubuntu kernel: pci 0000:00:07.0: reg 0x20: [mem 0xfe010000-0xfe013fff 64bit pref]
Feb 04 09:34:04 ubuntu kernel: pci 0000:00:07.0: reg 0x30: [mem 0xfea00000-0xfea7ffff pref]
Feb 04 09:34:04 ubuntu kernel: pci 0000:00:08.0: [1af4:1000] type 00 class 0x020000
Feb 04 09:34:04 ubuntu kernel: pci 0000:00:08.0: reg 0x10: [io  0xc1a0-0xc1bf]
Feb 04 09:34:04 ubuntu kernel: pci 0000:00:08.0: reg 0x14: [mem 0xfeb96000-0xfeb96fff]
Feb 04 09:34:04 ubuntu kernel: pci 0000:00:08.0: reg 0x20: [mem 0xfe014000-0xfe017fff 64bit pref]
Feb 04 09:34:04 ubuntu kernel: pci 0000:00:08.0: reg 0x30: [mem 0xfea80000-0xfeafffff pref]
Feb 04 09:34:04 ubuntu kernel: pci 0000:00:09.0: [1af4:1000] type 00 class 0x020000
Feb 04 09:34:04 ubuntu kernel: pci 0000:00:09.0: reg 0x10: [io  0xc1c0-0xc1df]
Feb 04 09:34:04 ubuntu kernel: pci 0000:00:09.0: reg 0x14: [mem 0xfeb97000-0xfeb97fff]
Feb 04 09:34:04 ubuntu kernel: pci 0000:00:09.0: reg 0x20: [mem 0xfe018000-0xfe01bfff 64bit pref]
Feb 04 09:34:04 ubuntu kernel: pci 0000:00:09.0: reg 0x30: [mem 0xfeb00000-0xfeb7ffff pref]
Feb 04 09:34:04 ubuntu kernel: pci 0000:00:0a.0: [8086:2934] type 00 class 0x0c0300
Feb 04 09:34:04 ubuntu kernel: pci 0000:00:0a.0: reg 0x20: [io  0xc1e0-0xc1ff]
Feb 04 09:34:04 ubuntu kernel: pci 0000:00:0a.1: [8086:2935] type 00 class 0x0c0300
Feb 04 09:34:04 ubuntu kernel: pci 0000:00:0a.1: reg 0x20: [io  0xc200-0xc21f]
Feb 04 09:34:04 ubuntu kernel: pci 0000:00:0a.2: [8086:2936] type 00 class 0x0c0300
Feb 04 09:34:04 ubuntu kernel: pci 0000:00:0a.2: reg 0x20: [io  0xc220-0xc23f]
Feb 04 09:34:04 ubuntu kernel: pci 0000:00:0a.7: [8086:293a] type 00 class 0x0c0320
Feb 04 09:34:04 ubuntu kernel: pci 0000:00:0a.7: reg 0x10: [mem 0xfeb98000-0xfeb98fff]
Feb 04 09:34:04 ubuntu kernel: pci 0000:00:0b.0: [1af4:1001] type 00 class 0x010000
Feb 04 09:34:04 ubuntu kernel: pci 0000:00:0b.0: reg 0x10: [io  0xc000-0xc03f]
Feb 04 09:34:04 ubuntu kernel: pci 0000:00:0b.0: reg 0x14: [mem 0xfeb99000-0xfeb99fff]
Feb 04 09:34:04 ubuntu kernel: pci 0000:00:0b.0: reg 0x20: [mem 0xfe01c000-0xfe01ffff 64bit pref]
Feb 04 09:34:04 ubuntu kernel: pci 0000:00:0c.0: [1af4:1001] type 00 class 0x010000
Feb 04 09:34:04 ubuntu kernel: pci 0000:00:0c.0: reg 0x10: [io  0xc040-0xc07f]
Feb 04 09:34:04 ubuntu kernel: pci 0000:00:0c.0: reg 0x14: [mem 0xfeb9a000-0xfeb9afff]
Feb 04 09:34:04 ubuntu kernel: pci 0000:00:0c.0: reg 0x20: [mem 0xfe020000-0xfe023fff 64bit pref]
Feb 04 09:34:04 ubuntu kernel: pci 0000:00:0d.0: [1af4:1001] type 00 class 0x010000
Feb 04 09:34:04 ubuntu kernel: pci 0000:00:0d.0: reg 0x10: [io  0xc080-0xc0bf]
Feb 04 09:34:04 ubuntu kernel: pci 0000:00:0d.0: reg 0x14: [mem 0xfeb9b000-0xfeb9bfff]
Feb 04 09:34:04 ubuntu kernel: pci 0000:00:0d.0: reg 0x20: [mem 0xfe024000-0xfe027fff 64bit pref]
Feb 04 09:34:04 ubuntu kernel: pci 0000:00:0e.0: [1af4:1002] type 00 class 0x00ff00
Feb 04 09:34:04 ubuntu kernel: pci 0000:00:0e.0: reg 0x10: [io  0xc240-0xc25f]
Feb 04 09:34:04 ubuntu kernel: pci 0000:00:0e.0: reg 0x20: [mem 0xfe028000-0xfe02bfff 64bit pref]
Feb 04 09:34:04 ubuntu kernel: pci 0000:00:0f.0: [1af4:1001] type 00 class 0x010000
Feb 04 09:34:04 ubuntu kernel: pci 0000:00:0f.0: reg 0x10: [io  0xc0c0-0xc0ff]
Feb 04 09:34:04 ubuntu kernel: pci 0000:00:0f.0: reg 0x14: [mem 0xfeb9c000-0xfeb9cfff]
Feb 04 09:34:04 ubuntu kernel: pci 0000:00:0f.0: reg 0x20: [mem 0xfe02c000-0xfe02ffff 64bit pref]
Feb 04 09:34:04 ubuntu kernel: ACPI: PCI Interrupt Link [LNKA] (IRQs 5 *10 11)
Feb 04 09:34:04 ubuntu kernel: ACPI: PCI Interrupt Link [LNKB] (IRQs 5 *10 11)
Feb 04 09:34:04 ubuntu kernel: ACPI: PCI Interrupt Link [LNKC] (IRQs 5 10 *11)
Feb 04 09:34:04 ubuntu kernel: ACPI: PCI Interrupt Link [LNKD] (IRQs 5 10 *11)
Feb 04 09:34:04 ubuntu kernel: ACPI: PCI Interrupt Link [LNKS] (IRQs *9)
Feb 04 09:34:04 ubuntu kernel: iommu: Default domain type: Translated 
Feb 04 09:34:04 ubuntu kernel: SCSI subsystem initialized
Feb 04 09:34:04 ubuntu kernel: libata version 3.00 loaded.
Feb 04 09:34:04 ubuntu kernel: pci 0000:00:02.0: vgaarb: setting as boot VGA device
Feb 04 09:34:04 ubuntu kernel: pci 0000:00:02.0: vgaarb: VGA device added: decodes=io+mem,owns=io+mem,locks=none
Feb 04 09:34:04 ubuntu kernel: pci 0000:00:02.0: vgaarb: bridge control possible
Feb 04 09:34:04 ubuntu kernel: vgaarb: loaded
Feb 04 09:34:04 ubuntu kernel: ACPI: bus type USB registered
Feb 04 09:34:04 ubuntu kernel: usbcore: registered new interface driver usbfs
Feb 04 09:34:04 ubuntu kernel: usbcore: registered new interface driver hub
Feb 04 09:34:04 ubuntu kernel: usbcore: registered new device driver usb
Feb 04 09:34:04 ubuntu kernel: pps_core: LinuxPPS API ver. 1 registered
Feb 04 09:34:04 ubuntu kernel: pps_core: Software ver. 5.3.6 - Copyright 2005-2007 Rodolfo Giometti <giometti@linux.it>
Feb 04 09:34:04 ubuntu kernel: PTP clock support registered
Feb 04 09:34:04 ubuntu kernel: EDAC MC: Ver: 3.0.0
Feb 04 09:34:04 ubuntu kernel: PCI: Using ACPI for IRQ routing
Feb 04 09:34:04 ubuntu kernel: PCI: pci_cache_line_size set to 64 bytes
Feb 04 09:34:04 ubuntu kernel: e820: reserve RAM buffer [mem 0x0009c400-0x0009ffff]
Feb 04 09:34:04 ubuntu kernel: e820: reserve RAM buffer [mem 0xbfecb000-0xbfffffff]
Feb 04 09:34:04 ubuntu kernel: e820: reserve RAM buffer [mem 0xbffd3000-0xbfffffff]
Feb 04 09:34:04 ubuntu kernel: NetLabel: Initializing
Feb 04 09:34:04 ubuntu kernel: NetLabel:  domain hash size = 128
Feb 04 09:34:04 ubuntu kernel: NetLabel:  protocols = UNLABELED CIPSOv4 CALIPSO
Feb 04 09:34:04 ubuntu kernel: NetLabel:  unlabeled traffic allowed by default
Feb 04 09:34:04 ubuntu kernel: clocksource: Switched to clocksource kvm-clock
Feb 04 09:34:04 ubuntu kernel: *** VALIDATE bpf ***
Feb 04 09:34:04 ubuntu kernel: VFS: Disk quotas dquot_6.6.0
Feb 04 09:34:04 ubuntu kernel: VFS: Dquot-cache hash table entries: 512 (order 0, 4096 bytes)
Feb 04 09:34:04 ubuntu kernel: *** VALIDATE ramfs ***
Feb 04 09:34:04 ubuntu kernel: *** VALIDATE hugetlbfs ***
Feb 04 09:34:04 ubuntu kernel: AppArmor: AppArmor Filesystem Enabled
Feb 04 09:34:04 ubuntu kernel: pnp: PnP ACPI init
Feb 04 09:34:04 ubuntu kernel: pnp 00:00: Plug and Play ACPI device, IDs PNP0b00 (active)
Feb 04 09:34:04 ubuntu kernel: pnp 00:01: Plug and Play ACPI device, IDs PNP0303 (active)
Feb 04 09:34:04 ubuntu kernel: pnp 00:02: Plug and Play ACPI device, IDs PNP0f13 (active)
Feb 04 09:34:04 ubuntu kernel: pnp 00:03: [dma 2]
Feb 04 09:34:04 ubuntu kernel: pnp 00:03: Plug and Play ACPI device, IDs PNP0700 (active)
Feb 04 09:34:04 ubuntu kernel: pnp 00:04: Plug and Play ACPI device, IDs PNP0501 (active)
Feb 04 09:34:04 ubuntu kernel: pnp: PnP ACPI: found 5 devices
Feb 04 09:34:04 ubuntu kernel: thermal_sys: Registered thermal governor 'fair_share'
Feb 04 09:34:04 ubuntu kernel: thermal_sys: Registered thermal governor 'bang_bang'
Feb 04 09:34:04 ubuntu kernel: thermal_sys: Registered thermal governor 'step_wise'
Feb 04 09:34:04 ubuntu kernel: thermal_sys: Registered thermal governor 'user_space'
Feb 04 09:34:04 ubuntu kernel: thermal_sys: Registered thermal governor 'power_allocator'
Feb 04 09:34:04 ubuntu kernel: clocksource: acpi_pm: mask: 0xffffff max_cycles: 0xffffff, max_idle_ns: 2085701024 ns
Feb 04 09:34:04 ubuntu kernel: pci_bus 0000:00: resource 4 [io  0x0000-0x0cf7 window]
Feb 04 09:34:04 ubuntu kernel: pci_bus 0000:00: resource 5 [io  0x0d00-0xffff window]
Feb 04 09:34:04 ubuntu kernel: pci_bus 0000:00: resource 6 [mem 0x000a0000-0x000bffff window]
Feb 04 09:34:04 ubuntu kernel: pci_bus 0000:00: resource 7 [mem 0xc0000000-0xfebfffff window]
Feb 04 09:34:04 ubuntu kernel: pci_bus 0000:00: resource 8 [mem 0x440000000-0x4bfffffff window]
Feb 04 09:34:04 ubuntu kernel: NET: Registered protocol family 2
Feb 04 09:34:04 ubuntu kernel: IP idents hash table entries: 262144 (order: 9, 2097152 bytes, linear)
Feb 04 09:34:04 ubuntu kernel: tcp_listen_portaddr_hash hash table entries: 8192 (order: 5, 131072 bytes, linear)
Feb 04 09:34:04 ubuntu kernel: TCP established hash table entries: 131072 (order: 8, 1048576 bytes, linear)
Feb 04 09:34:04 ubuntu kernel: TCP bind hash table entries: 65536 (order: 8, 1048576 bytes, linear)
Feb 04 09:34:04 ubuntu kernel: TCP: Hash tables configured (established 131072 bind 65536)
Feb 04 09:34:04 ubuntu kernel: UDP hash table entries: 8192 (order: 6, 262144 bytes, linear)
Feb 04 09:34:04 ubuntu kernel: UDP-Lite hash table entries: 8192 (order: 6, 262144 bytes, linear)
Feb 04 09:34:04 ubuntu kernel: NET: Registered protocol family 1
Feb 04 09:34:04 ubuntu kernel: NET: Registered protocol family 44
Feb 04 09:34:04 ubuntu kernel: pci 0000:00:01.0: PIIX3: Enabling Passive Release
Feb 04 09:34:04 ubuntu kernel: pci 0000:00:00.0: Limiting direct PCI/PCI transfers
Feb 04 09:34:04 ubuntu kernel: pci 0000:00:01.0: Activating ISA DMA hang workarounds
Feb 04 09:34:04 ubuntu kernel: pci 0000:00:02.0: Video device with shadowed ROM at [mem 0x000c0000-0x000dffff]
Feb 04 09:34:04 ubuntu kernel: PCI Interrupt Link [LNKB] enabled at IRQ 10
Feb 04 09:34:04 ubuntu kernel: pci 0000:00:0a.0: quirk_usb_early_handoff+0x0/0x670 took 30886 usecs
Feb 04 09:34:04 ubuntu kernel: PCI Interrupt Link [LNKC] enabled at IRQ 11
Feb 04 09:34:04 ubuntu kernel: pci 0000:00:0a.1: quirk_usb_early_handoff+0x0/0x670 took 35497 usecs
Feb 04 09:34:04 ubuntu kernel: PCI Interrupt Link [LNKD] enabled at IRQ 11
Feb 04 09:34:04 ubuntu kernel: pci 0000:00:0a.2: quirk_usb_early_handoff+0x0/0x670 took 32949 usecs
Feb 04 09:34:04 ubuntu kernel: PCI Interrupt Link [LNKA] enabled at IRQ 10
Feb 04 09:34:04 ubuntu kernel: pci 0000:00:0a.7: quirk_usb_early_handoff+0x0/0x670 took 31892 usecs
Feb 04 09:34:04 ubuntu kernel: PCI: CLS 0 bytes, default 64
Feb 04 09:34:04 ubuntu kernel: Trying to unpack rootfs image as initramfs...
Feb 04 09:34:04 ubuntu kernel: Freeing initrd memory: 82436K
Feb 04 09:34:04 ubuntu kernel: PCI-DMA: Using software bounce buffering for IO (SWIOTLB)
Feb 04 09:34:04 ubuntu kernel: software IO TLB: mapped [mem 0xbbecb000-0xbfecb000] (64MB)
Feb 04 09:34:04 ubuntu kernel: clocksource: tsc: mask: 0xffffffffffffffff max_cycles: 0x3c8a615336c, max_idle_ns: 440795257976 ns
Feb 04 09:34:04 ubuntu kernel: check: Scanning for low memory corruption every 60 seconds
Feb 04 09:34:04 ubuntu kernel: Initialise system trusted keyrings
Feb 04 09:34:04 ubuntu kernel: Key type blacklist registered
Feb 04 09:34:04 ubuntu kernel: workingset: timestamp_bits=36 max_order=22 bucket_order=0
Feb 04 09:34:04 ubuntu kernel: zbud: loaded
Feb 04 09:34:04 ubuntu kernel: squashfs: version 4.0 (2009/01/31) Phillip Lougher
Feb 04 09:34:04 ubuntu kernel: fuse: init (API version 7.31)
Feb 04 09:34:04 ubuntu kernel: *** VALIDATE fuse ***
Feb 04 09:34:04 ubuntu kernel: *** VALIDATE fuse ***
Feb 04 09:34:04 ubuntu kernel: Platform Keyring initialized
Feb 04 09:34:04 ubuntu kernel: Key type asymmetric registered
Feb 04 09:34:04 ubuntu kernel: Asymmetric key parser 'x509' registered
Feb 04 09:34:04 ubuntu kernel: Block layer SCSI generic (bsg) driver version 0.4 loaded (major 244)
Feb 04 09:34:04 ubuntu kernel: io scheduler mq-deadline registered
Feb 04 09:34:04 ubuntu kernel: shpchp: Standard Hot Plug PCI Controller Driver version: 0.4
Feb 04 09:34:04 ubuntu kernel: intel_idle: Please enable MWAIT in BIOS SETUP
Feb 04 09:34:04 ubuntu kernel: input: Power Button as /devices/LNXSYSTM:00/LNXPWRBN:00/input/input0
Feb 04 09:34:04 ubuntu kernel: ACPI: Power Button [PWRF]
Feb 04 09:34:04 ubuntu kernel: Serial: 8250/16550 driver, 32 ports, IRQ sharing enabled
Feb 04 09:34:04 ubuntu kernel: 00:04: ttyS0 at I/O 0x3f8 (irq = 4, base_baud = 115200) is a 16550A
Feb 04 09:34:04 ubuntu kernel: Linux agpgart interface v0.103
Feb 04 09:34:04 ubuntu kernel: loop: module loaded
Feb 04 09:34:04 ubuntu kernel: ata_piix 0000:00:01.1: version 2.13
Feb 04 09:34:04 ubuntu kernel: scsi host0: ata_piix
Feb 04 09:34:04 ubuntu kernel: scsi host1: ata_piix
Feb 04 09:34:04 ubuntu kernel: ata1: PATA max MWDMA2 cmd 0x1f0 ctl 0x3f6 bmdma 0xc260 irq 14
Feb 04 09:34:04 ubuntu kernel: ata2: PATA max MWDMA2 cmd 0x170 ctl 0x376 bmdma 0xc268 irq 15
Feb 04 09:34:04 ubuntu kernel: libphy: Fixed MDIO Bus: probed
Feb 04 09:34:04 ubuntu kernel: tun: Universal TUN/TAP device driver, 1.6
Feb 04 09:34:04 ubuntu kernel: PPP generic driver version 2.4.2
Feb 04 09:34:04 ubuntu kernel: VFIO - User Level meta-driver version: 0.3
Feb 04 09:34:04 ubuntu kernel: ehci_hcd: USB 2.0 'Enhanced' Host Controller (EHCI) Driver
Feb 04 09:34:04 ubuntu kernel: ehci-pci: EHCI PCI platform driver
Feb 04 09:34:04 ubuntu kernel: ehci-pci 0000:00:0a.7: EHCI Host Controller
Feb 04 09:34:04 ubuntu kernel: ehci-pci 0000:00:0a.7: new USB bus registered, assigned bus number 1
Feb 04 09:34:04 ubuntu kernel: ehci-pci 0000:00:0a.7: irq 10, io mem 0xfeb98000
Feb 04 09:34:04 ubuntu kernel: ehci-pci 0000:00:0a.7: USB 2.0 started, EHCI 1.00
Feb 04 09:34:04 ubuntu kernel: usb usb1: New USB device found, idVendor=1d6b, idProduct=0002, bcdDevice= 5.04
Feb 04 09:34:04 ubuntu kernel: usb usb1: New USB device strings: Mfr=3, Product=2, SerialNumber=1
Feb 04 09:34:04 ubuntu kernel: usb usb1: Product: EHCI Host Controller
Feb 04 09:34:04 ubuntu kernel: usb usb1: Manufacturer: Linux 5.4.0-97-generic ehci_hcd
Feb 04 09:34:04 ubuntu kernel: usb usb1: SerialNumber: 0000:00:0a.7
Feb 04 09:34:04 ubuntu kernel: hub 1-0:1.0: USB hub found
Feb 04 09:34:04 ubuntu kernel: hub 1-0:1.0: 6 ports detected
Feb 04 09:34:04 ubuntu kernel: ehci-platform: EHCI generic platform driver
Feb 04 09:34:04 ubuntu kernel: ohci_hcd: USB 1.1 'Open' Host Controller (OHCI) Driver
Feb 04 09:34:04 ubuntu kernel: ohci-pci: OHCI PCI platform driver
Feb 04 09:34:04 ubuntu kernel: ohci-platform: OHCI generic platform driver
Feb 04 09:34:04 ubuntu kernel: uhci_hcd: USB Universal Host Controller Interface driver
Feb 04 09:34:04 ubuntu kernel: uhci_hcd 0000:00:0a.0: UHCI Host Controller
Feb 04 09:34:04 ubuntu kernel: uhci_hcd 0000:00:0a.0: new USB bus registered, assigned bus number 2
Feb 04 09:34:04 ubuntu kernel: uhci_hcd 0000:00:0a.0: detected 2 ports
Feb 04 09:34:04 ubuntu kernel: uhci_hcd 0000:00:0a.0: irq 10, io base 0x0000c1e0
Feb 04 09:34:04 ubuntu kernel: usb usb2: New USB device found, idVendor=1d6b, idProduct=0001, bcdDevice= 5.04
Feb 04 09:34:04 ubuntu kernel: usb usb2: New USB device strings: Mfr=3, Product=2, SerialNumber=1
Feb 04 09:34:04 ubuntu kernel: usb usb2: Product: UHCI Host Controller
Feb 04 09:34:04 ubuntu kernel: usb usb2: Manufacturer: Linux 5.4.0-97-generic uhci_hcd
Feb 04 09:34:04 ubuntu kernel: usb usb2: SerialNumber: 0000:00:0a.0
Feb 04 09:34:04 ubuntu kernel: hub 2-0:1.0: USB hub found
Feb 04 09:34:04 ubuntu kernel: hub 2-0:1.0: 2 ports detected
Feb 04 09:34:04 ubuntu kernel: uhci_hcd 0000:00:0a.1: UHCI Host Controller
Feb 04 09:34:04 ubuntu kernel: uhci_hcd 0000:00:0a.1: new USB bus registered, assigned bus number 3
Feb 04 09:34:04 ubuntu kernel: uhci_hcd 0000:00:0a.1: detected 2 ports
Feb 04 09:34:04 ubuntu kernel: uhci_hcd 0000:00:0a.1: irq 11, io base 0x0000c200
Feb 04 09:34:04 ubuntu kernel: usb usb3: New USB device found, idVendor=1d6b, idProduct=0001, bcdDevice= 5.04
Feb 04 09:34:04 ubuntu kernel: usb usb3: New USB device strings: Mfr=3, Product=2, SerialNumber=1
Feb 04 09:34:04 ubuntu kernel: usb usb3: Product: UHCI Host Controller
Feb 04 09:34:04 ubuntu kernel: usb usb3: Manufacturer: Linux 5.4.0-97-generic uhci_hcd
Feb 04 09:34:04 ubuntu kernel: usb usb3: SerialNumber: 0000:00:0a.1
Feb 04 09:34:04 ubuntu kernel: hub 3-0:1.0: USB hub found
Feb 04 09:34:04 ubuntu kernel: hub 3-0:1.0: 2 ports detected
Feb 04 09:34:04 ubuntu kernel: uhci_hcd 0000:00:0a.2: UHCI Host Controller
Feb 04 09:34:04 ubuntu kernel: uhci_hcd 0000:00:0a.2: new USB bus registered, assigned bus number 4
Feb 04 09:34:04 ubuntu kernel: uhci_hcd 0000:00:0a.2: detected 2 ports
Feb 04 09:34:04 ubuntu kernel: uhci_hcd 0000:00:0a.2: irq 11, io base 0x0000c220
Feb 04 09:34:04 ubuntu kernel: usb usb4: New USB device found, idVendor=1d6b, idProduct=0001, bcdDevice= 5.04
Feb 04 09:34:04 ubuntu kernel: usb usb4: New USB device strings: Mfr=3, Product=2, SerialNumber=1
Feb 04 09:34:04 ubuntu kernel: usb usb4: Product: UHCI Host Controller
Feb 04 09:34:04 ubuntu kernel: usb usb4: Manufacturer: Linux 5.4.0-97-generic uhci_hcd
Feb 04 09:34:04 ubuntu kernel: usb usb4: SerialNumber: 0000:00:0a.2
Feb 04 09:34:04 ubuntu kernel: hub 4-0:1.0: USB hub found
Feb 04 09:34:04 ubuntu kernel: hub 4-0:1.0: 2 ports detected
Feb 04 09:34:04 ubuntu kernel: i8042: PNP: PS/2 Controller [PNP0303:KBD,PNP0f13:MOU] at 0x60,0x64 irq 1,12
Feb 04 09:34:04 ubuntu kernel: serio: i8042 KBD port at 0x60,0x64 irq 1
Feb 04 09:34:04 ubuntu kernel: serio: i8042 AUX port at 0x60,0x64 irq 12
Feb 04 09:34:04 ubuntu kernel: mousedev: PS/2 mouse device common for all mice
Feb 04 09:34:04 ubuntu kernel: input: AT Translated Set 2 keyboard as /devices/platform/i8042/serio0/input/input1
Feb 04 09:34:04 ubuntu kernel: rtc_cmos 00:00: RTC can wake from S4
Feb 04 09:34:04 ubuntu kernel: rtc_cmos 00:00: registered as rtc0
Feb 04 09:34:04 ubuntu kernel: rtc_cmos 00:00: alarms up to one day, y3k, 114 bytes nvram
Feb 04 09:34:04 ubuntu kernel: i2c /dev entries driver
Feb 04 09:34:04 ubuntu kernel: device-mapper: uevent: version 1.0.3
Feb 04 09:34:04 ubuntu kernel: device-mapper: ioctl: 4.41.0-ioctl (2019-09-16) initialised: dm-devel@redhat.com
Feb 04 09:34:04 ubuntu kernel: platform eisa.0: Probing EISA bus 0
Feb 04 09:34:04 ubuntu kernel: platform eisa.0: EISA: Cannot allocate resource for mainboard
Feb 04 09:34:04 ubuntu kernel: platform eisa.0: Cannot allocate resource for EISA slot 1
Feb 04 09:34:04 ubuntu kernel: platform eisa.0: Cannot allocate resource for EISA slot 2
Feb 04 09:34:04 ubuntu kernel: platform eisa.0: Cannot allocate resource for EISA slot 3
Feb 04 09:34:04 ubuntu kernel: platform eisa.0: Cannot allocate resource for EISA slot 4
Feb 04 09:34:04 ubuntu kernel: platform eisa.0: Cannot allocate resource for EISA slot 5
Feb 04 09:34:04 ubuntu kernel: platform eisa.0: Cannot allocate resource for EISA slot 6
Feb 04 09:34:04 ubuntu kernel: platform eisa.0: Cannot allocate resource for EISA slot 7
Feb 04 09:34:04 ubuntu kernel: platform eisa.0: Cannot allocate resource for EISA slot 8
Feb 04 09:34:04 ubuntu kernel: platform eisa.0: EISA: Detected 0 cards
Feb 04 09:34:04 ubuntu kernel: intel_pstate: CPU model not supported
Feb 04 09:34:04 ubuntu kernel: ledtrig-cpu: registered to indicate activity on CPUs
Feb 04 09:34:04 ubuntu kernel: intel_pmc_core intel_pmc_core.0:  initialized
Feb 04 09:34:04 ubuntu kernel: drop_monitor: Initializing network drop monitor service
Feb 04 09:34:04 ubuntu kernel: NET: Registered protocol family 10
Feb 04 09:34:04 ubuntu kernel: Segment Routing with IPv6
Feb 04 09:34:04 ubuntu kernel: NET: Registered protocol family 17
Feb 04 09:34:04 ubuntu kernel: Key type dns_resolver registered
Feb 04 09:34:04 ubuntu kernel: RAS: Correctable Errors collector initialized.
Feb 04 09:34:04 ubuntu kernel: IPI shorthand broadcast: enabled
Feb 04 09:34:04 ubuntu kernel: sched_clock: Marking stable (1129060798, 33711335)->(1217706342, -54934209)
Feb 04 09:34:04 ubuntu kernel: registered taskstats version 1
Feb 04 09:34:04 ubuntu kernel: Loading compiled-in X.509 certificates
Feb 04 09:34:04 ubuntu kernel: Loaded X.509 cert 'Build time autogenerated kernel key: e5ea7ed5422103bd507f8d0ea094986d4f0e9164'
Feb 04 09:34:04 ubuntu kernel: Loaded X.509 cert 'Canonical Ltd. Live Patch Signing: 14df34d1a87cf37625abec039ef2bf521249b969'
Feb 04 09:34:04 ubuntu kernel: Loaded X.509 cert 'Canonical Ltd. Kernel Module Signing: 88f752e560a1e0737e31163a466ad7b70a850c19'
Feb 04 09:34:04 ubuntu kernel: blacklist: Loading compiled-in revocation X.509 certificates
Feb 04 09:34:04 ubuntu kernel: Loaded X.509 cert 'Canonical Ltd. Secure Boot Signing: 61482aa2830d0ab2ad5af10b7250da9033ddcef0'
Feb 04 09:34:04 ubuntu kernel: zswap: loaded using pool lzo/zbud
Feb 04 09:34:04 ubuntu kernel: Key type ._fscrypt registered
Feb 04 09:34:04 ubuntu kernel: Key type .fscrypt registered
Feb 04 09:34:04 ubuntu kernel: Key type big_key registered
Feb 04 09:34:04 ubuntu kernel: Key type encrypted registered
Feb 04 09:34:04 ubuntu kernel: AppArmor: AppArmor sha1 policy hashing enabled
Feb 04 09:34:04 ubuntu kernel: ima: No TPM chip found, activating TPM-bypass!
Feb 04 09:34:04 ubuntu kernel: ima: Allocated hash algorithm: sha1
Feb 04 09:34:04 ubuntu kernel: ima: No architecture policies found
Feb 04 09:34:04 ubuntu kernel: evm: Initialising EVM extended attributes:
Feb 04 09:34:04 ubuntu kernel: evm: security.selinux
Feb 04 09:34:04 ubuntu kernel: evm: security.SMACK64
Feb 04 09:34:04 ubuntu kernel: evm: security.SMACK64EXEC
Feb 04 09:34:04 ubuntu kernel: evm: security.SMACK64TRANSMUTE
Feb 04 09:34:04 ubuntu kernel: evm: security.SMACK64MMAP
Feb 04 09:34:04 ubuntu kernel: evm: security.apparmor
Feb 04 09:34:04 ubuntu kernel: evm: security.ima
Feb 04 09:34:04 ubuntu kernel: evm: security.capability
Feb 04 09:34:04 ubuntu kernel: evm: HMAC attrs: 0x1
Feb 04 09:34:04 ubuntu kernel: PM:   Magic number: 10:257:575
Feb 04 09:34:04 ubuntu kernel:  workqueue: hash matches
Feb 04 09:34:04 ubuntu kernel: rtc_cmos 00:00: setting system clock to 2022-02-04T09:34:02 UTC (1643967242)
Feb 04 09:34:04 ubuntu kernel: Freeing unused decrypted memory: 2040K
Feb 04 09:34:04 ubuntu kernel: Freeing unused kernel image memory: 2752K
Feb 04 09:34:04 ubuntu kernel: Write protecting the kernel read-only data: 26624k
Feb 04 09:34:04 ubuntu kernel: Freeing unused kernel image memory: 2008K
Feb 04 09:34:04 ubuntu kernel: Freeing unused kernel image memory: 740K
Feb 04 09:34:04 ubuntu kernel: x86/mm: Checked W+X mappings: passed, no W+X pages found.
Feb 04 09:34:04 ubuntu kernel: x86/mm: Checking user space page tables
Feb 04 09:34:04 ubuntu kernel: x86/mm: Checked W+X mappings: passed, no W+X pages found.
Feb 04 09:34:04 ubuntu kernel: Run /init as init process
Feb 04 09:34:04 ubuntu kernel: piix4_smbus 0000:00:01.3: SMBus Host Controller at 0x700, revision 0
Feb 04 09:34:04 ubuntu kernel: virtio_blk virtio7: [vda] 629145600 512-byte logical blocks (322 GB/300 GiB)
Feb 04 09:34:04 ubuntu kernel: input: VirtualPS/2 VMware VMMouse as /devices/platform/i8042/serio1/input/input4
Feb 04 09:34:04 ubuntu kernel: input: VirtualPS/2 VMware VMMouse as /devices/platform/i8042/serio1/input/input3
Feb 04 09:34:04 ubuntu kernel:  vda: vda1 vda2
Feb 04 09:34:04 ubuntu kernel: FDC 0 is a S82078B
Feb 04 09:34:04 ubuntu kernel: virtio_blk virtio8: [vdb] 209715200 512-byte logical blocks (107 GB/100 GiB)
Feb 04 09:34:04 ubuntu kernel: cryptd: max_cpu_qlen set to 1000
Feb 04 09:34:04 ubuntu kernel:  vdb: vdb1 vdb2
Feb 04 09:34:04 ubuntu kernel: AVX2 version of gcm_enc/dec engaged.
Feb 04 09:34:04 ubuntu kernel: AES CTR mode by8 optimization enabled
Feb 04 09:34:04 ubuntu kernel: cirrus 0000:00:02.0: remove_conflicting_pci_framebuffers: bar 0: 0xfc000000 -> 0xfdffffff
Feb 04 09:34:04 ubuntu kernel: cirrus 0000:00:02.0: remove_conflicting_pci_framebuffers: bar 1: 0xfeb90000 -> 0xfeb90fff
Feb 04 09:34:04 ubuntu kernel: cirrus 0000:00:02.0: vgaarb: deactivate vga console
Feb 04 09:34:04 ubuntu kernel: virtio_blk virtio9: [vdc] 209715200 512-byte logical blocks (107 GB/100 GiB)
Feb 04 09:34:04 ubuntu kernel: virtio_net virtio0 ens3: renamed from eth0
Feb 04 09:34:04 ubuntu kernel: virtio_blk virtio11: [vdd] 209715200 512-byte logical blocks (107 GB/100 GiB)
Feb 04 09:34:04 ubuntu kernel: virtio_net virtio1 ens4: renamed from eth1
Feb 04 09:34:04 ubuntu kernel: virtio_net virtio5 ens8: renamed from eth5
Feb 04 09:34:04 ubuntu kernel: Console: switching to colour dummy device 80x25
Feb 04 09:34:04 ubuntu kernel: [drm] Initialized cirrus 2.0.0 2019 for 0000:00:02.0 on minor 0
Feb 04 09:34:04 ubuntu kernel: fbcon: cirrusdrmfb (fb0) is primary device
Feb 04 09:34:04 ubuntu kernel: virtio_net virtio6 ens9: renamed from eth6
Feb 04 09:34:04 ubuntu kernel: Console: switching to colour frame buffer device 128x48
Feb 04 09:34:04 ubuntu kernel: cirrus 0000:00:02.0: fb0: cirrusdrmfb frame buffer device
Feb 04 09:34:04 ubuntu kernel: virtio_net virtio2 ens5: renamed from eth2
Feb 04 09:34:04 ubuntu kernel: virtio_net virtio4 ens7: renamed from eth4
Feb 04 09:34:04 ubuntu kernel: virtio_net virtio3 ens6: renamed from eth3
Feb 04 09:34:04 ubuntu kernel: bcache: register_bdev() registered backing device vdd
Feb 04 09:34:04 ubuntu kernel: bcache: register_bdev() registered backing device vdc
Feb 04 09:34:04 ubuntu kernel: bcache: bch_journal_replay() journal replay done, 0 keys in 2 entries, seq 8
Feb 04 09:34:04 ubuntu kernel: bcache: bch_cached_dev_attach() Caching vdc as bcache1 on set d7696818-1be9-4dea-9991-de95e24d7256
Feb 04 09:34:04 ubuntu kernel: bcache: bch_cached_dev_attach() Caching vdd as bcache0 on set d7696818-1be9-4dea-9991-de95e24d7256
Feb 04 09:34:04 ubuntu kernel: bcache: register_cache() registered cache device vdb2
Feb 04 09:34:04 ubuntu kernel: raid6: avx2x4   gen() 34990 MB/s
Feb 04 09:34:04 ubuntu kernel: raid6: avx2x4   xor() 15373 MB/s
Feb 04 09:34:04 ubuntu kernel: raid6: avx2x2   gen() 19498 MB/s
Feb 04 09:34:04 ubuntu kernel: raid6: avx2x2   xor() 14890 MB/s
Feb 04 09:34:04 ubuntu kernel: raid6: avx2x1   gen() 18815 MB/s
Feb 04 09:34:04 ubuntu kernel: raid6: avx2x1   xor() 11325 MB/s
Feb 04 09:34:04 ubuntu kernel: raid6: sse2x4   gen() 16387 MB/s
Feb 04 09:34:04 ubuntu kernel: raid6: sse2x4   xor() 10650 MB/s
Feb 04 09:34:04 ubuntu kernel: raid6: sse2x2   gen() 14655 MB/s
Feb 04 09:34:04 ubuntu kernel: raid6: sse2x2   xor() 10031 MB/s
Feb 04 09:34:04 ubuntu kernel: raid6: sse2x1   gen() 11350 MB/s
Feb 04 09:34:04 ubuntu kernel: raid6: sse2x1   xor()  7409 MB/s
Feb 04 09:34:04 ubuntu kernel: raid6: using algorithm avx2x4 gen() 34990 MB/s
Feb 04 09:34:04 ubuntu kernel: raid6: .... xor() 15373 MB/s, rmw enabled
Feb 04 09:34:04 ubuntu kernel: raid6: using avx2x2 recovery algorithm
Feb 04 09:34:04 ubuntu kernel: xor: automatically using best checksumming function   avx       
Feb 04 09:34:04 ubuntu kernel: async_tx: api initialized (async)
Feb 04 09:34:04 ubuntu kernel: Btrfs loaded, crc32c=crc32c-intel
Feb 04 09:34:04 ubuntu kernel: EXT4-fs (vda2): mounted filesystem with ordered data mode. Opts: (null)
Feb 04 09:34:04 ubuntu systemd[1]: Inserted module 'autofs4'
Feb 04 09:34:04 ubuntu systemd[1]: systemd 245.4-4ubuntu3.15 running in system mode. (+PAM +AUDIT +SELINUX +IMA +APPARMOR +SMACK +SYSVINIT +UTMP +LIBCRYPTSETUP +GCRYPT +GNUTLS +ACL +XZ +LZ4 +SECCOMP +BLKID +ELFUTILS +KMOD +IDN2 -IDN +PCRE2 default-hierarchy=hybrid)
Feb 04 09:34:04 ubuntu systemd[1]: Detected virtualization kvm.
Feb 04 09:34:04 ubuntu systemd[1]: Detected architecture x86-64.
Feb 04 09:34:04 ubuntu systemd[1]: Set hostname to <ubuntu>.
Feb 04 09:34:04 ubuntu systemd[1]: Initializing machine ID from KVM UUID.
Feb 04 09:34:04 ubuntu systemd[1]: Installed transient /etc/machine-id file.
Feb 04 09:34:04 ubuntu systemd[1]: Created slice system-modprobe.slice.
Feb 04 09:34:04 ubuntu systemd[1]: Created slice User and Session Slice.
Feb 04 09:34:04 ubuntu systemd[1]: Started Forward Password Requests to Wall Directory Watch.
Feb 04 09:34:04 ubuntu systemd[1]: Set up automount Arbitrary Executable File Formats File System Automount Point.
Feb 04 09:34:04 ubuntu systemd[1]: Reached target User and Group Name Lookups.
Feb 04 09:34:04 ubuntu systemd[1]: Reached target Slices.
Feb 04 09:34:04 ubuntu systemd[1]: Listening on Device-mapper event daemon FIFOs.
Feb 04 09:34:04 ubuntu systemd[1]: Listening on LVM2 poll daemon socket.
Feb 04 09:34:04 ubuntu systemd[1]: Listening on multipathd control socket.
Feb 04 09:34:04 ubuntu systemd[1]: Listening on Syslog Socket.
Feb 04 09:34:04 ubuntu systemd[1]: Listening on initctl Compatibility Named Pipe.
Feb 04 09:34:04 ubuntu systemd[1]: Listening on Journal Audit Socket.
Feb 04 09:34:04 ubuntu systemd[1]: Listening on Journal Socket (/dev/log).
Feb 04 09:34:04 ubuntu systemd[1]: Listening on Journal Socket.
Feb 04 09:34:04 ubuntu systemd[1]: Listening on Network Service Netlink Socket.
Feb 04 09:34:04 ubuntu systemd[1]: Listening on udev Control Socket.
Feb 04 09:34:04 ubuntu systemd[1]: Listening on udev Kernel Socket.
Feb 04 09:34:04 ubuntu systemd[1]: Mounting Huge Pages File System...
Feb 04 09:34:04 ubuntu systemd[1]: Mounting POSIX Message Queue File System...
Feb 04 09:34:04 ubuntu systemd[1]: Mounting Kernel Debug File System...
Feb 04 09:34:04 ubuntu systemd[1]: Mounting Kernel Trace File System...
Feb 04 09:34:04 ubuntu systemd[1]: Starting Journal Service...
Feb 04 09:34:04 ubuntu systemd[1]: Starting Set the console keyboard layout...
Feb 04 09:34:04 ubuntu systemd[1]: Starting Create list of static device nodes for the current kernel...
Feb 04 09:34:04 ubuntu systemd[1]: Starting Monitoring of LVM2 mirrors, snapshots etc. using dmeventd or progress polling...
Feb 04 09:34:04 ubuntu systemd[1]: Condition check resulted in Load Kernel Module drm being skipped.
Feb 04 09:34:04 ubuntu systemd[1]: Condition check resulted in OpenVSwitch configuration for cleanup being skipped.
Feb 04 09:34:04 ubuntu systemd[1]: Condition check resulted in Set Up Additional Binary Formats being skipped.
Feb 04 09:34:04 ubuntu systemd[1]: Starting Load Kernel Modules...
Feb 04 09:34:04 ubuntu systemd[1]: Starting Remount Root and Kernel File Systems...
Feb 04 09:34:04 ubuntu systemd[1]: Starting udev Coldplug all Devices...
Feb 04 09:34:04 ubuntu systemd[1]: Starting Uncomplicated firewall...
Feb 04 09:34:04 ubuntu systemd[1]: Mounted Huge Pages File System.
Feb 04 09:34:04 ubuntu systemd[1]: Mounted POSIX Message Queue File System.
Feb 04 09:34:04 ubuntu kernel: EXT4-fs (vda2): re-mounted. Opts: (null)
Feb 04 09:34:04 ubuntu systemd[1]: Mounted Kernel Debug File System.
Feb 04 09:34:04 ubuntu systemd[1]: Mounted Kernel Trace File System.
Feb 04 09:34:04 ubuntu systemd[1]: Finished Create list of static device nodes for the current kernel.
Feb 04 09:34:04 ubuntu systemd[1]: Finished Monitoring of LVM2 mirrors, snapshots etc. using dmeventd or progress polling.
Feb 04 09:34:04 ubuntu systemd[1]: Finished Load Kernel Modules.
Feb 04 09:34:04 ubuntu systemd-journald[394]: Journal started
Feb 04 09:34:04 ubuntu systemd-journald[394]: Runtime Journal (/run/log/journal/d22e39617b3341ccbc225ca6ee6a973d) is 8.0M, max 160.0M, 152.0M free.
Feb 04 09:34:04 ubuntu systemd-modules-load[403]: Inserted module 'msr'
Feb 04 09:34:04 ubuntu systemd[1]: Started Journal Service.
Feb 04 09:34:04 ubuntu systemd[1]: Finished Remount Root and Kernel File Systems.
Feb 04 09:34:04 ubuntu systemd[1]: Finished Uncomplicated firewall.
Feb 04 09:34:04 ubuntu systemd[1]: Activating swap /swap.img...
Feb 04 09:34:04 ubuntu systemd[1]: Mounting FUSE Control File System...
Feb 04 09:34:04 ubuntu systemd[1]: Mounting Kernel Configuration File System...
Feb 04 09:34:04 ubuntu systemd[1]: Condition check resulted in Rebuild Hardware Database being skipped.
Feb 04 09:34:04 ubuntu systemd[1]: Starting Flush Journal to Persistent Storage...
Feb 04 09:34:04 ubuntu systemd[1]: Condition check resulted in Platform Persistent Storage Archival being skipped.
Feb 04 09:34:04 ubuntu systemd[1]: Starting Load/Save Random Seed...
Feb 04 09:34:04 ubuntu systemd[1]: Starting Apply Kernel Variables...
Feb 04 09:34:04 ubuntu systemd[1]: Starting Create System Users...
Feb 04 09:34:04 ubuntu systemd-sysctl[416]: Not setting net/ipv4/conf/all/promote_secondaries (explicit setting exists).
Feb 04 09:34:04 ubuntu systemd-sysctl[416]: Not setting net/ipv4/conf/default/promote_secondaries (explicit setting exists).
Feb 04 09:34:04 ubuntu systemd[1]: Finished Set the console keyboard layout.
Feb 04 09:34:04 ubuntu systemd[1]: Finished udev Coldplug all Devices.
Feb 04 09:34:04 ubuntu systemd[1]: Mounted FUSE Control File System.
Feb 04 09:34:04 ubuntu systemd[1]: Mounted Kernel Configuration File System.
Feb 04 09:34:04 ubuntu systemd[1]: Finished Load/Save Random Seed.
Feb 04 09:34:04 ubuntu systemd-journald[394]: Time spent on flushing to /var/log/journal/d22e39617b3341ccbc225ca6ee6a973d is 3.113ms for 696 entries.
Feb 04 09:34:04 ubuntu systemd-journald[394]: System Journal (/var/log/journal/d22e39617b3341ccbc225ca6ee6a973d) is 8.0M, max 4.0G, 3.9G free.
Feb 04 09:34:04 ubuntu systemd[1]: Finished Apply Kernel Variables.
Feb 04 09:34:04 ubuntu systemd[1]: Starting udev Wait for Complete Device Initialization...
Feb 04 09:34:04 ubuntu systemd-sysusers[417]: Creating group systemd-coredump with gid 999.
Feb 04 09:34:04 ubuntu systemd-sysusers[417]: Creating user systemd-coredump (systemd Core Dumper) with uid 999 and gid 999.
Feb 04 09:34:04 ubuntu systemd[1]: Finished Flush Journal to Persistent Storage.
Feb 04 09:34:04 ubuntu systemd[1]: Finished Create System Users.
Feb 04 09:34:04 ubuntu systemd[1]: Starting Create Static Device Nodes in /dev...
Feb 04 09:34:04 ubuntu systemd[1]: Finished Create Static Device Nodes in /dev.
Feb 04 09:34:04 ubuntu systemd[1]: Starting udev Kernel Device Manager...
Feb 04 09:34:04 ubuntu systemd[1]: Started udev Kernel Device Manager.
Feb 04 09:34:04 ubuntu systemd[1]: Condition check resulted in Show Plymouth Boot Screen being skipped.
Feb 04 09:34:04 ubuntu systemd[1]: Started Dispatch Password Requests to Console Directory Watch.
Feb 04 09:34:04 ubuntu systemd[1]: Condition check resulted in Forward Password Requests to Plymouth Directory Watch being skipped.
Feb 04 09:34:04 ubuntu systemd[1]: Reached target Local Encrypted Volumes.
Feb 04 09:34:04 ubuntu systemd[1]: Activated swap /swap.img.
Feb 04 09:34:04 ubuntu systemd[1]: Reached target Swap.
Feb 04 09:34:04 ubuntu kernel: Adding 4194300k swap on /swap.img.  Priority:-2 extents:6 across:4612092k FS
Feb 04 09:34:04 ubuntu systemd-udevd[427]: Using default interface naming scheme 'v245'.
Feb 04 09:34:04 ubuntu systemd-udevd[427]: ethtool: autonegotiation is unset or enabled, the speed and duplex are not writable.
Feb 04 09:34:04 ubuntu systemd-udevd[442]: Using default interface naming scheme 'v245'.
Feb 04 09:34:04 ubuntu systemd-udevd[431]: Using default interface naming scheme 'v245'.
Feb 04 09:34:04 ubuntu systemd-udevd[431]: ethtool: autonegotiation is unset or enabled, the speed and duplex are not writable.
Feb 04 09:34:04 ubuntu systemd-udevd[440]: Using default interface naming scheme 'v245'.
Feb 04 09:34:04 ubuntu systemd-udevd[440]: ethtool: autonegotiation is unset or enabled, the speed and duplex are not writable.
Feb 04 09:34:04 ubuntu systemd-udevd[427]: ethtool: autonegotiation is unset or enabled, the speed and duplex are not writable.
Feb 04 09:34:04 ubuntu systemd-udevd[439]: Using default interface naming scheme 'v245'.
Feb 04 09:34:04 ubuntu systemd-udevd[439]: ethtool: autonegotiation is unset or enabled, the speed and duplex are not writable.
Feb 04 09:34:04 ubuntu systemd-udevd[442]: ethtool: autonegotiation is unset or enabled, the speed and duplex are not writable.
Feb 04 09:34:04 ubuntu systemd-udevd[430]: Using default interface naming scheme 'v245'.
Feb 04 09:34:04 ubuntu systemd-udevd[430]: ethtool: autonegotiation is unset or enabled, the speed and duplex are not writable.
Feb 04 09:34:04 ubuntu systemd[1]: Listening on Load/Save RF Kill Switch Status /dev/rfkill Watch.
Feb 04 09:34:04 ubuntu systemd-udevd[435]: ethtool: autonegotiation is unset or enabled, the speed and duplex are not writable.
Feb 04 09:34:04 ubuntu kernel: bcache: register_bcache() error : device already registered (emitting change event)
Feb 04 09:34:04 ubuntu systemd-udevd[434]: vdc: Process 'bcache-register /dev/vdc' failed with exit code 1.
Feb 04 09:34:04 ubuntu kernel: bcache: register_bcache() error : device already registered (emitting change event)
Feb 04 09:34:04 ubuntu systemd-udevd[425]: vdd: Process 'bcache-register /dev/vdd' failed with exit code 1.
Feb 04 09:34:04 ubuntu udevadm[421]: systemd-udev-settle.service is deprecated.
Feb 04 09:34:04 ubuntu systemd-udevd[434]: vdb2: Process 'bcache-register /dev/vdb2' failed with exit code 1.
Feb 04 09:34:04 ubuntu kernel: bcache: register_bcache() error : device already registered
Feb 04 09:34:04 ubuntu systemd[1]: Finished udev Wait for Complete Device Initialization.
Feb 04 09:34:04 ubuntu systemd[1]: Starting Device-Mapper Multipath Device Controller...
Feb 04 09:34:04 ubuntu kernel: alua: device handler registered
Feb 04 09:34:04 ubuntu kernel: emc: device handler registered
Feb 04 09:34:04 ubuntu kernel: rdac: device handler registered
Feb 04 09:34:04 ubuntu multipathd[592]: --------start up--------
Feb 04 09:34:04 ubuntu multipathd[592]: read /etc/multipath.conf
Feb 04 09:34:04 ubuntu multipathd[592]: path checkers start up
Feb 04 09:34:04 ubuntu multipathd[592]: bcache0: HDIO_GETGEO failed with 25
Feb 04 09:34:04 ubuntu multipathd[592]: bcache0: failed to get udev uid: Invalid argument
Feb 04 09:34:04 ubuntu multipathd[592]: bcache0: failed to get unknown uid: Invalid argument
Feb 04 09:34:04 ubuntu multipathd[592]: bcache1: HDIO_GETGEO failed with 25
Feb 04 09:34:04 ubuntu multipathd[592]: bcache1: failed to get udev uid: Invalid argument
Feb 04 09:34:04 ubuntu multipathd[592]: bcache1: failed to get unknown uid: Invalid argument
Feb 04 09:34:04 ubuntu systemd[1]: Started Device-Mapper Multipath Device Controller.
Feb 04 09:34:04 ubuntu systemd[1]: Reached target Local File Systems (Pre).
Feb 04 09:34:04 ubuntu systemd[1]: Mounting Mount unit for core20, revision 1328...
Feb 04 09:34:04 ubuntu systemd[1]: Mounting Mount unit for lxd, revision 21835...
Feb 04 09:34:04 ubuntu systemd[1]: Mounting Mount unit for snapd, revision 14549...
Feb 04 09:34:04 ubuntu systemd[1]: Mounted Mount unit for lxd, revision 21835.
Feb 04 09:34:04 ubuntu systemd[1]: Mounted Mount unit for core20, revision 1328.
Feb 04 09:34:04 ubuntu systemd[1]: Mounted Mount unit for snapd, revision 14549.
Feb 04 09:34:04 ubuntu systemd[1]: Reached target Local File Systems.
Feb 04 09:34:04 ubuntu systemd[1]: Starting Load AppArmor profiles...
Feb 04 09:34:04 ubuntu systemd[1]: Starting Set console font and keymap...
Feb 04 09:34:04 ubuntu systemd[1]: Starting Create final runtime dir for shutdown pivot root...
Feb 04 09:34:04 ubuntu systemd[1]: Condition check resulted in LXD - agent - 9p mount being skipped.
Feb 04 09:34:04 ubuntu systemd[1]: Condition check resulted in LXD - agent being skipped.
Feb 04 09:34:04 ubuntu systemd[1]: Starting Tell Plymouth To Write Out Runtime Data...
Feb 04 09:34:04 ubuntu systemd[1]: Condition check resulted in Store a System Token in an EFI Variable being skipped.
Feb 04 09:34:04 ubuntu apparmor.systemd[607]: Restarting AppArmor
Feb 04 09:34:04 ubuntu apparmor.systemd[607]: Reloading AppArmor profiles
Feb 04 09:34:04 ubuntu systemd[1]: Starting Commit a transient machine-id on disk...
Feb 04 09:34:04 ubuntu systemd[1]: Starting Create Volatile Files and Directories...
Feb 04 09:34:04 ubuntu systemd[1]: Finished Create final runtime dir for shutdown pivot root.
Feb 04 09:34:04 ubuntu systemd[1]: plymouth-read-write.service: Succeeded.
Feb 04 09:34:04 ubuntu systemd[1]: Finished Tell Plymouth To Write Out Runtime Data.
Feb 04 09:34:04 ubuntu systemd[1]: Finished Create Volatile Files and Directories.
Feb 04 09:34:04 ubuntu systemd[1]: Starting Network Time Synchronization...
Feb 04 09:34:04 ubuntu systemd[1]: Starting Update UTMP about System Boot/Shutdown...
Feb 04 09:34:04 ubuntu systemd[1]: etc-machine\x2did.mount: Succeeded.
Feb 04 09:34:04 ubuntu systemd[1]: Finished Commit a transient machine-id on disk.
Feb 04 09:34:04 ubuntu systemd[1]: Finished Update UTMP about System Boot/Shutdown.
Feb 04 09:34:04 ubuntu systemd[1]: Started Network Time Synchronization.
Feb 04 09:34:04 ubuntu systemd[1]: Reached target System Time Set.
Feb 04 09:34:04 ubuntu systemd[1]: Reached target System Time Synchronized.
Feb 04 09:34:05 ubuntu audit[633]: AVC apparmor="STATUS" operation="profile_load" profile="unconfined" name="/usr/sbin/tcpdump" pid=633 comm="apparmor_parser"
Feb 04 09:34:05 ubuntu kernel: audit: type=1400 audit(1643967245.068:2): apparmor="STATUS" operation="profile_load" profile="unconfined" name="/usr/sbin/tcpdump" pid=633 comm="apparmor_parser"
Feb 04 09:34:05 ubuntu apparmor.systemd[641]: Skipping profile in /etc/apparmor.d/disable: usr.sbin.rsyslogd
Feb 04 09:34:05 ubuntu audit[632]: AVC apparmor="STATUS" operation="profile_load" profile="unconfined" name="/usr/lib/NetworkManager/nm-dhcp-client.action" pid=632 comm="apparmor_parser"
Feb 04 09:34:05 ubuntu kernel: audit: type=1400 audit(1643967245.108:3): apparmor="STATUS" operation="profile_load" profile="unconfined" name="/usr/lib/NetworkManager/nm-dhcp-client.action" pid=632 comm="apparmor_parser"
Feb 04 09:34:05 ubuntu audit[632]: AVC apparmor="STATUS" operation="profile_load" profile="unconfined" name="/usr/lib/NetworkManager/nm-dhcp-helper" pid=632 comm="apparmor_parser"
Feb 04 09:34:05 ubuntu audit[632]: AVC apparmor="STATUS" operation="profile_load" profile="unconfined" name="/usr/lib/connman/scripts/dhclient-script" pid=632 comm="apparmor_parser"
Feb 04 09:34:05 ubuntu audit[632]: AVC apparmor="STATUS" operation="profile_load" profile="unconfined" name="/{,usr/}sbin/dhclient" pid=632 comm="apparmor_parser"
Feb 04 09:34:05 ubuntu kernel: audit: type=1400 audit(1643967245.112:4): apparmor="STATUS" operation="profile_load" profile="unconfined" name="/usr/lib/NetworkManager/nm-dhcp-helper" pid=632 comm="apparmor_parser"
Feb 04 09:34:05 ubuntu kernel: audit: type=1400 audit(1643967245.112:5): apparmor="STATUS" operation="profile_load" profile="unconfined" name="/usr/lib/connman/scripts/dhclient-script" pid=632 comm="apparmor_parser"
Feb 04 09:34:05 ubuntu kernel: audit: type=1400 audit(1643967245.112:6): apparmor="STATUS" operation="profile_load" profile="unconfined" name="/{,usr/}sbin/dhclient" pid=632 comm="apparmor_parser"
Feb 04 09:34:05 ubuntu audit[643]: AVC apparmor="STATUS" operation="profile_load" profile="unconfined" name="lsb_release" pid=643 comm="apparmor_parser"
Feb 04 09:34:05 ubuntu kernel: audit: type=1400 audit(1643967245.136:7): apparmor="STATUS" operation="profile_load" profile="unconfined" name="lsb_release" pid=643 comm="apparmor_parser"
Feb 04 09:34:05 ubuntu audit[644]: AVC apparmor="STATUS" operation="profile_load" profile="unconfined" name="/usr/bin/man" pid=644 comm="apparmor_parser"
Feb 04 09:34:05 ubuntu audit[644]: AVC apparmor="STATUS" operation="profile_load" profile="unconfined" name="man_filter" pid=644 comm="apparmor_parser"
Feb 04 09:34:05 ubuntu kernel: audit: type=1400 audit(1643967245.176:8): apparmor="STATUS" operation="profile_load" profile="unconfined" name="/usr/bin/man" pid=644 comm="apparmor_parser"
Feb 04 09:34:05 ubuntu kernel: audit: type=1400 audit(1643967245.176:9): apparmor="STATUS" operation="profile_load" profile="unconfined" name="man_filter" pid=644 comm="apparmor_parser"
Feb 04 09:34:05 ubuntu audit[644]: AVC apparmor="STATUS" operation="profile_load" profile="unconfined" name="man_groff" pid=644 comm="apparmor_parser"
Feb 04 09:34:05 ubuntu kernel: audit: type=1400 audit(1643967245.180:10): apparmor="STATUS" operation="profile_load" profile="unconfined" name="man_groff" pid=644 comm="apparmor_parser"
Feb 04 09:34:05 ubuntu audit[645]: AVC apparmor="STATUS" operation="profile_load" profile="unconfined" name="nvidia_modprobe" pid=645 comm="apparmor_parser"
Feb 04 09:34:05 ubuntu audit[645]: AVC apparmor="STATUS" operation="profile_load" profile="unconfined" name="nvidia_modprobe//kmod" pid=645 comm="apparmor_parser"
Feb 04 09:34:05 ubuntu audit[642]: AVC apparmor="STATUS" operation="profile_load" profile="unconfined" name="/usr/lib/snapd/snap-confine" pid=642 comm="apparmor_parser"
Feb 04 09:34:05 ubuntu audit[642]: AVC apparmor="STATUS" operation="profile_load" profile="unconfined" name="/usr/lib/snapd/snap-confine//mount-namespace-capture-helper" pid=642 comm="apparmor_parser"
Feb 04 09:34:05 ubuntu systemd[1]: Finished Load AppArmor profiles.
Feb 04 09:34:05 ubuntu systemd[1]: Starting Load AppArmor profiles managed internally by snapd...
Feb 04 09:34:05 ubuntu systemd[1]: Condition check resulted in Authentication service for virtual machines hosted on VMware being skipped.
Feb 04 09:34:05 ubuntu systemd[1]: Condition check resulted in Service for virtual machines hosted on VMware being skipped.
Feb 04 09:34:05 ubuntu systemd[1]: Starting Initial cloud-init job (pre-networking)...
Feb 04 09:34:05 ubuntu audit[657]: AVC apparmor="STATUS" operation="profile_load" profile="unconfined" name="snap-update-ns.lxd" pid=657 comm="apparmor_parser"
Feb 04 09:34:05 ubuntu systemd[1]: Finished Set console font and keymap.
Feb 04 09:34:05 ubuntu audit[659]: AVC apparmor="STATUS" operation="profile_load" profile="unconfined" name="snap.lxd.activate" pid=659 comm="apparmor_parser"
Feb 04 09:34:05 ubuntu audit[831]: AVC apparmor="STATUS" operation="profile_load" profile="unconfined" name="snap.lxd.benchmark" pid=831 comm="apparmor_parser"
Feb 04 09:34:05 ubuntu audit[832]: AVC apparmor="STATUS" operation="profile_load" profile="unconfined" name="snap.lxd.buginfo" pid=832 comm="apparmor_parser"
Feb 04 09:34:05 ubuntu audit[834]: AVC apparmor="STATUS" operation="profile_load" profile="unconfined" name="snap.lxd.check-kernel" pid=834 comm="apparmor_parser"
Feb 04 09:34:05 ubuntu cloud-init[837]: Cloud-init v. 21.4-0ubuntu1~20.04.1 running 'init-local' at Fri, 04 Feb 2022 09:34:05 +0000. Up 4.43 seconds.
Feb 04 09:34:05 ubuntu cloud-init[837]: 2022-02-04 09:34:05,849 - handlers.py[WARNING]: failed posting event: start: init-local/check-cache: attempting to read from cache [trust]
Feb 04 09:34:05 ubuntu cloud-init[837]: 2022-02-04 09:34:05,850 - handlers.py[WARNING]: failed posting event: finish: init-local/check-cache: SUCCESS: no cache found
Feb 04 09:34:05 ubuntu audit[656]: AVC apparmor="STATUS" operation="profile_load" profile="unconfined" name="/snap/snapd/14549/usr/lib/snapd/snap-confine" pid=656 comm="apparmor_parser"
Feb 04 09:34:05 ubuntu audit[838]: AVC apparmor="STATUS" operation="profile_load" profile="unconfined" name="snap.lxd.daemon" pid=838 comm="apparmor_parser"
Feb 04 09:34:05 ubuntu audit[656]: AVC apparmor="STATUS" operation="profile_load" profile="unconfined" name="/snap/snapd/14549/usr/lib/snapd/snap-confine//mount-namespace-capture-helper" pid=656 comm="apparmor_parser"
Feb 04 09:34:05 ubuntu audit[842]: AVC apparmor="STATUS" operation="profile_load" profile="unconfined" name="snap.lxd.hook.install" pid=842 comm="apparmor_parser"
Feb 04 09:34:06 ubuntu audit[841]: AVC apparmor="STATUS" operation="profile_load" profile="unconfined" name="snap.lxd.hook.configure" pid=841 comm="apparmor_parser"
Feb 04 09:34:06 ubuntu audit[844]: AVC apparmor="STATUS" operation="profile_load" profile="unconfined" name="snap.lxd.hook.remove" pid=844 comm="apparmor_parser"
Feb 04 09:34:06 ubuntu systemd[1]: Condition check resulted in OpenVSwitch configuration for cleanup being skipped.
Feb 04 09:34:06 ubuntu systemd[1]: Condition check resulted in OpenVSwitch configuration for cleanup being skipped.
Feb 04 09:34:06 ubuntu systemd[1]: Condition check resulted in OpenVSwitch configuration for cleanup being skipped.
Feb 04 09:34:06 ubuntu audit[846]: AVC apparmor="STATUS" operation="profile_load" profile="unconfined" name="snap.lxd.lxc" pid=846 comm="apparmor_parser"
Feb 04 09:34:06 ubuntu audit[849]: AVC apparmor="STATUS" operation="profile_load" profile="unconfined" name="snap.lxd.lxc-to-lxd" pid=849 comm="apparmor_parser"
Feb 04 09:34:06 ubuntu cloud-init[837]: 2022-02-04 09:34:06,154 - handlers.py[WARNING]: failed posting event: finish: init-local: SUCCESS: searching for local datasources
Feb 04 09:34:06 ubuntu systemd[1]: Finished Initial cloud-init job (pre-networking).
Feb 04 09:34:06 ubuntu systemd[1]: Reached target Network (Pre).
Feb 04 09:34:06 ubuntu systemd[1]: Starting Network Service...
Feb 04 09:34:06 ubuntu audit[862]: AVC apparmor="STATUS" operation="profile_load" profile="unconfined" name="snap.lxd.lxd" pid=862 comm="apparmor_parser"
Feb 04 09:34:06 ubuntu systemd-networkd[868]: Enumeration completed
Feb 04 09:34:06 ubuntu systemd-networkd[868]: ens9: IPv6 successfully enabled
Feb 04 09:34:06 ubuntu systemd[1]: Started Network Service.
Feb 04 09:34:06 ubuntu systemd-networkd[868]: ens8: IPv6 successfully enabled
Feb 04 09:34:06 ubuntu systemd-networkd[868]: ens7: IPv6 successfully enabled
Feb 04 09:34:06 ubuntu systemd[1]: Starting Wait for Network to be Configured...
Feb 04 09:34:06 ubuntu systemd-networkd[868]: ens6: IPv6 successfully enabled
Feb 04 09:34:06 ubuntu systemd-networkd[868]: ens5: IPv6 successfully enabled
Feb 04 09:34:06 ubuntu systemd-networkd[868]: ens4: IPv6 successfully enabled
Feb 04 09:34:06 ubuntu systemd-networkd[868]: ens3: IPv6 successfully enabled
Feb 04 09:34:06 ubuntu systemd[1]: Starting Network Name Resolution...
Feb 04 09:34:06 ubuntu systemd-networkd[868]: ens9: Link UP
Feb 04 09:34:06 ubuntu systemd-networkd[868]: ens9: Gained carrier
Feb 04 09:34:06 ubuntu systemd-networkd[868]: ens8: Link UP
Feb 04 09:34:06 ubuntu audit[866]: AVC apparmor="STATUS" operation="profile_load" profile="unconfined" name="snap.lxd.migrate" pid=866 comm="apparmor_parser"
Feb 04 09:34:06 ubuntu systemd[1]: Finished Load AppArmor profiles managed internally by snapd.
Feb 04 09:34:06 ubuntu systemd-networkd[868]: ens8: Gained carrier
Feb 04 09:34:06 ubuntu systemd-networkd[868]: ens7: Link UP
Feb 04 09:34:06 ubuntu systemd-resolved[889]: Positive Trust Anchors:
Feb 04 09:34:06 ubuntu systemd-resolved[889]: . IN DS 20326 8 2 e06d44b80b8f1d39a95c0b0d7c65d08458e880409bbc683457104237c7f8ec8d
Feb 04 09:34:06 ubuntu systemd-resolved[889]: Negative trust anchors: 10.in-addr.arpa 16.172.in-addr.arpa 17.172.in-addr.arpa 18.172.in-addr.arpa 19.172.in-addr.arpa 20.172.in-addr.arpa 21.172.in-addr.arpa 22.172.in-addr.arpa 23.172.in-addr.arpa 24.172.in-addr.arpa 25.172.in-addr.arpa 26.172.in-addr.arpa 27.172.in-addr.arpa 28.172.in-addr.arpa 29.172.in-addr.arpa 30.172.in-addr.arpa 31.172.in-addr.arpa 168.192.in-addr.arpa d.f.ip6.arpa corp home internal intranet lan local private test
Feb 04 09:34:06 ubuntu systemd-resolved[889]: Using system hostname 'ubuntu'.
Feb 04 09:34:06 ubuntu systemd[1]: Started Network Name Resolution.
Feb 04 09:34:06 ubuntu systemd[1]: Reached target Network.
Feb 04 09:34:06 ubuntu systemd[1]: Reached target Host and Network Name Lookups.
Feb 04 09:34:06 ubuntu systemd-networkd[868]: ens7: Gained carrier
Feb 04 09:34:06 ubuntu systemd-networkd[868]: ens6: Link UP
Feb 04 09:34:06 ubuntu systemd-networkd[868]: ens6: Gained carrier
Feb 04 09:34:06 ubuntu systemd-networkd[868]: ens5: Link UP
Feb 04 09:34:06 ubuntu systemd-networkd[868]: ens5: Gained carrier
Feb 04 09:34:06 ubuntu systemd-networkd[868]: ens4: Link UP
Feb 04 09:34:06 ubuntu systemd-networkd[868]: ens4: Gained carrier
Feb 04 09:34:06 ubuntu systemd-networkd[868]: ens3: Link UP
Feb 04 09:34:06 ubuntu systemd-networkd[868]: ens3: Gained carrier
Feb 04 09:34:06 ubuntu systemd-timesyncd[634]: Network configuration changed, trying to establish connection.
Feb 04 09:34:07 ubuntu systemd-networkd[868]: ens8: Gained IPv6LL
Feb 04 09:34:07 ubuntu systemd-timesyncd[634]: Network configuration changed, trying to establish connection.
Feb 04 09:34:07 ubuntu systemd-networkd[868]: ens4: Gained IPv6LL
Feb 04 09:34:07 ubuntu systemd-timesyncd[634]: Network configuration changed, trying to establish connection.
Feb 04 09:34:07 ubuntu systemd-networkd[868]: ens3: Gained IPv6LL
Feb 04 09:34:07 ubuntu systemd-timesyncd[634]: Network configuration changed, trying to establish connection.
Feb 04 09:34:07 ubuntu systemd-networkd-wait-online[888]: managing: ens3
Feb 04 09:34:07 ubuntu systemd-networkd[868]: ens7: Gained IPv6LL
Feb 04 09:34:07 ubuntu systemd-timesyncd[634]: Network configuration changed, trying to establish connection.
Feb 04 09:34:07 ubuntu systemd-networkd-wait-online[888]: managing: ens3
Feb 04 09:34:07 ubuntu systemd-networkd[868]: ens9: Gained IPv6LL
Feb 04 09:34:07 ubuntu systemd-timesyncd[634]: Network configuration changed, trying to establish connection.
Feb 04 09:34:07 ubuntu systemd-networkd-wait-online[888]: managing: ens3
Feb 04 09:34:07 ubuntu systemd-networkd-wait-online[888]: managing: ens9
Feb 04 09:34:07 ubuntu systemd[1]: Finished Wait for Network to be Configured.
Feb 04 09:34:07 ubuntu systemd[1]: Starting Initial cloud-init job (metadata service crawler)...
Feb 04 09:34:07 ubuntu systemd-networkd[868]: ens5: Gained IPv6LL
Feb 04 09:34:07 ubuntu systemd-timesyncd[634]: Network configuration changed, trying to establish connection.
Feb 04 09:34:08 ubuntu systemd-networkd[868]: ens6: Gained IPv6LL
Feb 04 09:34:08 ubuntu systemd-timesyncd[634]: Network configuration changed, trying to establish connection.
Feb 04 09:34:08 ubuntu systemd[1]: Reloading.
Feb 04 09:34:08 ubuntu systemd[1]: systemd-networkd-wait-online.service: Succeeded.
Feb 04 09:34:08 ubuntu systemd[1]: Stopped Wait for Network to be Configured.
Feb 04 09:34:08 ubuntu systemd[1]: Stopping Network Service...
Feb 04 09:34:08 ubuntu systemd-timesyncd[634]: Network configuration changed, trying to establish connection.
Feb 04 09:34:08 ubuntu systemd-timesyncd[634]: Network configuration changed, trying to establish connection.
Feb 04 09:34:08 ubuntu systemd-timesyncd[634]: Network configuration changed, trying to establish connection.
Feb 04 09:34:08 ubuntu systemd-timesyncd[634]: Network configuration changed, trying to establish connection.
Feb 04 09:34:08 ubuntu systemd[1]: Condition check resulted in OpenVSwitch configuration for cleanup being skipped.
Feb 04 09:34:08 ubuntu systemd[1]: Condition check resulted in OpenVSwitch configuration for cleanup being skipped.
Feb 04 09:34:08 ubuntu systemd-timesyncd[634]: Network configuration changed, trying to establish connection.
Feb 04 09:34:08 ubuntu systemd-timesyncd[634]: Network configuration changed, trying to establish connection.
Feb 04 09:34:08 ubuntu systemd-timesyncd[634]: Network configuration changed, trying to establish connection.
Feb 04 09:34:08 ubuntu systemd-timesyncd[634]: Network configuration changed, trying to establish connection.
Feb 04 09:34:08 ubuntu systemd[1]: systemd-networkd.service: Succeeded.
Feb 04 09:34:08 ubuntu systemd[1]: Starting Network Service...
Feb 04 09:34:08 ubuntu systemd-networkd[974]: ens9: Gained IPv6LL
Feb 04 09:34:08 ubuntu systemd-networkd[974]: ens8: Gained IPv6LL
Feb 04 09:34:08 ubuntu systemd-networkd[974]: ens7: Gained IPv6LL
Feb 04 09:34:08 ubuntu systemd-networkd[974]: ens6: Gained IPv6LL
Feb 04 09:34:08 ubuntu systemd-networkd[974]: ens5: Gained IPv6LL
Feb 04 09:34:08 ubuntu systemd-networkd[974]: ens4: Gained IPv6LL
Feb 04 09:34:08 ubuntu systemd-networkd[974]: ens3: Gained IPv6LL
Feb 04 09:34:08 ubuntu systemd-networkd[974]: Enumeration completed
Feb 04 09:34:08 ubuntu systemd-networkd[974]: ens9: IPv6 successfully enabled
Feb 04 09:34:08 ubuntu systemd[1]: Started Network Service.
Feb 04 09:34:08 ubuntu systemd-timesyncd[634]: Network configuration changed, trying to establish connection.
Feb 04 09:34:08 ubuntu systemd-networkd[974]: ens8: IPv6 successfully enabled
Feb 04 09:34:08 ubuntu systemd-timesyncd[634]: Network configuration changed, trying to establish connection.
Feb 04 09:34:08 ubuntu systemd-networkd[974]: ens7: IPv6 successfully enabled
Feb 04 09:34:08 ubuntu systemd-networkd[974]: ens6: IPv6 successfully enabled
Feb 04 09:34:08 compute4 systemd-resolved[889]: System hostname changed to 'compute4'.
Feb 04 09:34:08 compute4 systemd-networkd[974]: ens5: IPv6 successfully enabled
Feb 04 09:34:08 compute4 systemd-networkd[974]: ens4: IPv6 successfully enabled
Feb 04 09:34:08 compute4 systemd-networkd[974]: ens3: IPv6 successfully enabled
Feb 04 09:34:08 compute4 systemd-timesyncd[634]: Network configuration changed, trying to establish connection.
Feb 04 09:34:08 compute4 systemd-timesyncd[634]: Network configuration changed, trying to establish connection.
Feb 04 09:34:08 compute4 systemd-timesyncd[634]: Network configuration changed, trying to establish connection.
Feb 04 09:34:08 compute4 systemd-timesyncd[634]: Network configuration changed, trying to establish connection.
Feb 04 09:34:08 compute4 systemd-timesyncd[634]: Network configuration changed, trying to establish connection.
Feb 04 09:34:08 compute4 systemd-timesyncd[634]: Network configuration changed, trying to establish connection.
Feb 04 09:34:08 compute4 systemd-timesyncd[634]: Network configuration changed, trying to establish connection.
Feb 04 09:34:08 compute4 systemd-timesyncd[634]: Network configuration changed, trying to establish connection.
Feb 04 09:34:08 compute4 systemd-timesyncd[634]: Network configuration changed, trying to establish connection.
Feb 04 09:34:09 compute4 cloud-init[894]: Cloud-init v. 21.4-0ubuntu1~20.04.1 running 'init' at Fri, 04 Feb 2022 09:34:08 +0000. Up 6.66 seconds.
Feb 04 09:34:09 compute4 cloud-init[894]: ci-info: ++++++++++++++++++++++++++++++++++++++Net device info++++++++++++++++++++++++++++++++++++++
Feb 04 09:34:09 compute4 cloud-init[894]: ci-info: +--------+------+----------------------------+---------------+--------+-------------------+
Feb 04 09:34:09 compute4 cloud-init[894]: ci-info: | Device |  Up  |          Address           |      Mask     | Scope  |     Hw-Address    |
Feb 04 09:34:09 compute4 cloud-init[894]: ci-info: +--------+------+----------------------------+---------------+--------+-------------------+
Feb 04 09:34:09 compute4 cloud-init[894]: ci-info: |  ens3  | True |         10.0.0.128         | 255.255.255.0 | global | 52:54:00:e2:28:a3 |
Feb 04 09:34:09 compute4 cloud-init[894]: ci-info: |  ens3  | True | fe80::5054:ff:fee2:28a3/64 |       .       |  link  | 52:54:00:e2:28:a3 |
Feb 04 09:34:09 compute4 cloud-init[894]: ci-info: |  ens4  | True | fe80::5054:ff:febb:47e2/64 |       .       |  link  | 52:54:00:bb:47:e2 |
Feb 04 09:34:09 compute4 cloud-init[894]: ci-info: |  ens5  | True | fe80::5054:ff:fe5c:d947/64 |       .       |  link  | 52:54:00:5c:d9:47 |
Feb 04 09:34:09 compute4 cloud-init[894]: ci-info: |  ens6  | True | fe80::5054:ff:fee6:1419/64 |       .       |  link  | 52:54:00:e6:14:19 |
Feb 04 09:34:09 compute4 cloud-init[894]: ci-info: |  ens7  | True | fe80::5054:ff:fe78:19c3/64 |       .       |  link  | 52:54:00:78:19:c3 |
Feb 04 09:34:09 compute4 cloud-init[894]: ci-info: |  ens8  | True | fe80::5054:ff:fefa:5095/64 |       .       |  link  | 52:54:00:fa:50:95 |
Feb 04 09:34:09 compute4 cloud-init[894]: ci-info: |  ens9  | True | fe80::5054:ff:fe5c:a7e0/64 |       .       |  link  | 52:54:00:5c:a7:e0 |
Feb 04 09:34:09 compute4 cloud-init[894]: ci-info: |   lo   | True |         127.0.0.1          |   255.0.0.0   |  host  |         .         |
Feb 04 09:34:09 compute4 cloud-init[894]: ci-info: |   lo   | True |          ::1/128           |       .       |  host  |         .         |
Feb 04 09:34:09 compute4 cloud-init[894]: ci-info: +--------+------+----------------------------+---------------+--------+-------------------+
Feb 04 09:34:09 compute4 cloud-init[894]: ci-info: +++++++++++++++++++++++++++Route IPv4 info++++++++++++++++++++++++++++
Feb 04 09:34:09 compute4 cloud-init[894]: ci-info: +-------+-------------+----------+---------------+-----------+-------+
Feb 04 09:34:09 compute4 cloud-init[894]: ci-info: | Route | Destination | Gateway  |    Genmask    | Interface | Flags |
Feb 04 09:34:09 compute4 cloud-init[894]: ci-info: +-------+-------------+----------+---------------+-----------+-------+
Feb 04 09:34:09 compute4 cloud-init[894]: ci-info: |   0   |   0.0.0.0   | 10.0.0.2 |    0.0.0.0    |    ens3   |   UG  |
Feb 04 09:34:09 compute4 cloud-init[894]: ci-info: |   1   |   10.0.0.0  | 0.0.0.0  | 255.255.255.0 |    ens3   |   U   |
Feb 04 09:34:09 compute4 cloud-init[894]: ci-info: +-------+-------------+----------+---------------+-----------+-------+
Feb 04 09:34:09 compute4 cloud-init[894]: ci-info: +++++++++++++++++++Route IPv6 info+++++++++++++++++++
Feb 04 09:34:09 compute4 cloud-init[894]: ci-info: +-------+-------------+---------+-----------+-------+
Feb 04 09:34:09 compute4 cloud-init[894]: ci-info: | Route | Destination | Gateway | Interface | Flags |
Feb 04 09:34:09 compute4 cloud-init[894]: ci-info: +-------+-------------+---------+-----------+-------+
Feb 04 09:34:09 compute4 cloud-init[894]: ci-info: |   1   |  fe80::/64  |    ::   |    ens9   |   U   |
Feb 04 09:34:09 compute4 cloud-init[894]: ci-info: |   2   |  fe80::/64  |    ::   |    ens8   |   U   |
Feb 04 09:34:09 compute4 cloud-init[894]: ci-info: |   3   |  fe80::/64  |    ::   |    ens7   |   U   |
Feb 04 09:34:09 compute4 cloud-init[894]: ci-info: |   4   |  fe80::/64  |    ::   |    ens6   |   U   |
Feb 04 09:34:09 compute4 cloud-init[894]: ci-info: |   5   |  fe80::/64  |    ::   |    ens5   |   U   |
Feb 04 09:34:09 compute4 cloud-init[894]: ci-info: |   6   |  fe80::/64  |    ::   |    ens4   |   U   |
Feb 04 09:34:09 compute4 cloud-init[894]: ci-info: |   7   |  fe80::/64  |    ::   |    ens3   |   U   |
Feb 04 09:34:09 compute4 cloud-init[894]: ci-info: |   9   |    local    |    ::   |    ens9   |   U   |
Feb 04 09:34:09 compute4 cloud-init[894]: ci-info: |   10  |    local    |    ::   |    ens5   |   U   |
Feb 04 09:34:09 compute4 cloud-init[894]: ci-info: |   11  |    local    |    ::   |    ens7   |   U   |
Feb 04 09:34:09 compute4 cloud-init[894]: ci-info: |   12  |    local    |    ::   |    ens4   |   U   |
Feb 04 09:34:09 compute4 cloud-init[894]: ci-info: |   13  |    local    |    ::   |    ens3   |   U   |
Feb 04 09:34:09 compute4 cloud-init[894]: ci-info: |   14  |    local    |    ::   |    ens8   |   U   |
Feb 04 09:34:09 compute4 cloud-init[894]: ci-info: |   15  |  multicast  |    ::   |    ens9   |   U   |
Feb 04 09:34:09 compute4 cloud-init[894]: ci-info: |   16  |  multicast  |    ::   |    ens8   |   U   |
Feb 04 09:34:09 compute4 cloud-init[894]: ci-info: |   17  |  multicast  |    ::   |    ens7   |   U   |
Feb 04 09:34:09 compute4 cloud-init[894]: ci-info: |   18  |  multicast  |    ::   |    ens6   |   U   |
Feb 04 09:34:09 compute4 cloud-init[894]: ci-info: |   19  |  multicast  |    ::   |    ens5   |   U   |
Feb 04 09:34:09 compute4 cloud-init[894]: ci-info: |   20  |  multicast  |    ::   |    ens4   |   U   |
Feb 04 09:34:09 compute4 cloud-init[894]: ci-info: |   21  |  multicast  |    ::   |    ens3   |   U   |
Feb 04 09:34:09 compute4 cloud-init[894]: ci-info: +-------+-------------+---------+-----------+-------+
Feb 04 09:34:09 compute4 systemd-udevd[961]: vda: Failed to process device, ignoring: Resource temporarily unavailable
Feb 04 09:34:09 compute4 systemd-udevd[956]: vda2: Failed to process device, ignoring: Resource temporarily unavailable
Feb 04 09:34:09 compute4 systemd-udevd[961]: vda1: Failed to process device, ignoring: Resource temporarily unavailable
Feb 04 09:34:09 compute4 kernel: EXT4-fs (vda2): resizing filesystem from 78641152 to 78642683 blocks
Feb 04 09:34:09 compute4 kernel: EXT4-fs (vda2): resized filesystem to 78642683
Feb 04 09:34:09 compute4 useradd[1035]: new group: name=ubuntu, GID=1000
Feb 04 09:34:09 compute4 useradd[1035]: new user: name=ubuntu, UID=1000, GID=1000, home=/home/ubuntu, shell=/bin/bash, from=none
Feb 04 09:34:09 compute4 useradd[1035]: add 'ubuntu' to group 'adm'
Feb 04 09:34:09 compute4 useradd[1035]: add 'ubuntu' to group 'dialout'
Feb 04 09:34:09 compute4 useradd[1035]: add 'ubuntu' to group 'cdrom'
Feb 04 09:34:09 compute4 useradd[1035]: add 'ubuntu' to group 'floppy'
Feb 04 09:34:09 compute4 useradd[1035]: add 'ubuntu' to group 'sudo'
Feb 04 09:34:09 compute4 useradd[1035]: add 'ubuntu' to group 'audio'
Feb 04 09:34:09 compute4 useradd[1035]: add 'ubuntu' to group 'dip'
Feb 04 09:34:09 compute4 useradd[1035]: add 'ubuntu' to group 'video'
Feb 04 09:34:09 compute4 useradd[1035]: add 'ubuntu' to group 'plugdev'
Feb 04 09:34:09 compute4 useradd[1035]: add 'ubuntu' to group 'netdev'
Feb 04 09:34:09 compute4 useradd[1035]: add 'ubuntu' to shadow group 'adm'
Feb 04 09:34:09 compute4 useradd[1035]: add 'ubuntu' to shadow group 'dialout'
Feb 04 09:34:09 compute4 useradd[1035]: add 'ubuntu' to shadow group 'cdrom'
Feb 04 09:34:09 compute4 useradd[1035]: add 'ubuntu' to shadow group 'floppy'
Feb 04 09:34:09 compute4 useradd[1035]: add 'ubuntu' to shadow group 'sudo'
Feb 04 09:34:09 compute4 useradd[1035]: add 'ubuntu' to shadow group 'audio'
Feb 04 09:34:09 compute4 useradd[1035]: add 'ubuntu' to shadow group 'dip'
Feb 04 09:34:09 compute4 useradd[1035]: add 'ubuntu' to shadow group 'video'
Feb 04 09:34:09 compute4 useradd[1035]: add 'ubuntu' to shadow group 'plugdev'
Feb 04 09:34:09 compute4 useradd[1035]: add 'ubuntu' to shadow group 'netdev'
Feb 04 09:34:09 compute4 passwd[1044]: password for 'ubuntu' changed by 'root'
Feb 04 09:34:10 compute4 cloud-init[894]: Generating public/private rsa key pair.
Feb 04 09:34:10 compute4 cloud-init[894]: Your identification has been saved in /etc/ssh/ssh_host_rsa_key
Feb 04 09:34:10 compute4 cloud-init[894]: Your public key has been saved in /etc/ssh/ssh_host_rsa_key.pub
Feb 04 09:34:10 compute4 cloud-init[894]: The key fingerprint is:
Feb 04 09:34:10 compute4 cloud-init[894]: SHA256:OUwTSKZkVKaSeTv9gtrC41Hu6g0bwRHTvEjI7n4gfWw root@compute4
Feb 04 09:34:10 compute4 cloud-init[894]: The key's randomart image is:
Feb 04 09:34:10 compute4 cloud-init[894]: +---[RSA 3072]----+
Feb 04 09:34:10 compute4 cloud-init[894]: |..o++o=..        |
Feb 04 09:34:10 compute4 cloud-init[894]: |...Bo=.  .       |
Feb 04 09:34:10 compute4 cloud-init[894]: |..=.+.  o        |
Feb 04 09:34:10 compute4 cloud-init[894]: | o.+.o o o       |
Feb 04 09:34:10 compute4 cloud-init[894]: |..o.+ . S        |
Feb 04 09:34:10 compute4 cloud-init[894]: |.o.+Eo . .       |
Feb 04 09:34:10 compute4 cloud-init[894]: |o.=oo . .        |
Feb 04 09:34:10 compute4 cloud-init[894]: | .+@   .         |
Feb 04 09:34:10 compute4 cloud-init[894]: | oB++            |
Feb 04 09:34:10 compute4 cloud-init[894]: +----[SHA256]-----+
Feb 04 09:34:10 compute4 cloud-init[894]: Generating public/private dsa key pair.
Feb 04 09:34:10 compute4 cloud-init[894]: Your identification has been saved in /etc/ssh/ssh_host_dsa_key
Feb 04 09:34:10 compute4 cloud-init[894]: Your public key has been saved in /etc/ssh/ssh_host_dsa_key.pub
Feb 04 09:34:10 compute4 cloud-init[894]: The key fingerprint is:
Feb 04 09:34:10 compute4 cloud-init[894]: SHA256:BtPaFSLLWdNLBf4SlunlPGJMUDezM2F1ivZjUPHerU0 root@compute4
Feb 04 09:34:10 compute4 cloud-init[894]: The key's randomart image is:
Feb 04 09:34:10 compute4 cloud-init[894]: +---[DSA 1024]----+
Feb 04 09:34:10 compute4 cloud-init[894]: |      . =o+oB.+..|
Feb 04 09:34:10 compute4 cloud-init[894]: |     . * =o* B + |
Feb 04 09:34:10 compute4 cloud-init[894]: |      * ..O.O . .|
Feb 04 09:34:10 compute4 cloud-init[894]: |       = *.B = .o|
Feb 04 09:34:10 compute4 cloud-init[894]: |      . S * = + E|
Feb 04 09:34:10 compute4 cloud-init[894]: |       . . o o = |
Feb 04 09:34:10 compute4 cloud-init[894]: |              . .|
Feb 04 09:34:10 compute4 cloud-init[894]: |                 |
Feb 04 09:34:10 compute4 cloud-init[894]: |                 |
Feb 04 09:34:10 compute4 cloud-init[894]: +----[SHA256]-----+
Feb 04 09:34:10 compute4 cloud-init[894]: Generating public/private ecdsa key pair.
Feb 04 09:34:10 compute4 cloud-init[894]: Your identification has been saved in /etc/ssh/ssh_host_ecdsa_key
Feb 04 09:34:10 compute4 cloud-init[894]: Your public key has been saved in /etc/ssh/ssh_host_ecdsa_key.pub
Feb 04 09:34:10 compute4 cloud-init[894]: The key fingerprint is:
Feb 04 09:34:10 compute4 cloud-init[894]: SHA256:eEuODKDwHIGpS1/P1hYBQTVp8QqfXT0RDAnUL0HyLSQ root@compute4
Feb 04 09:34:10 compute4 cloud-init[894]: The key's randomart image is:
Feb 04 09:34:10 compute4 cloud-init[894]: +---[ECDSA 256]---+
Feb 04 09:34:10 compute4 cloud-init[894]: | o.   .++++E+++o.|
Feb 04 09:34:10 compute4 cloud-init[894]: |o  .     +o =+o..|
Feb 04 09:34:10 compute4 cloud-init[894]: |o o    .. .. +o+ |
Feb 04 09:34:10 compute4 cloud-init[894]: |o= o . .o.+ .....|
Feb 04 09:34:10 compute4 cloud-init[894]: |o.+ o + S+..  .  |
Feb 04 09:34:10 compute4 cloud-init[894]: |.  . o O +       |
Feb 04 09:34:10 compute4 cloud-init[894]: |      + +        |
Feb 04 09:34:10 compute4 cloud-init[894]: |                 |
Feb 04 09:34:10 compute4 cloud-init[894]: |                 |
Feb 04 09:34:10 compute4 cloud-init[894]: +----[SHA256]-----+
Feb 04 09:34:10 compute4 cloud-init[894]: Generating public/private ed25519 key pair.
Feb 04 09:34:10 compute4 cloud-init[894]: Your identification has been saved in /etc/ssh/ssh_host_ed25519_key
Feb 04 09:34:10 compute4 cloud-init[894]: Your public key has been saved in /etc/ssh/ssh_host_ed25519_key.pub
Feb 04 09:34:10 compute4 cloud-init[894]: The key fingerprint is:
Feb 04 09:34:10 compute4 cloud-init[894]: SHA256:jub0hMfuP96fMKQG9Y7WJ+drbCdKwcAbwLbBRkWkgb4 root@compute4
Feb 04 09:34:10 compute4 cloud-init[894]: The key's randomart image is:
Feb 04 09:34:10 compute4 cloud-init[894]: +--[ED25519 256]--+
Feb 04 09:34:10 compute4 cloud-init[894]: |       =+++      |
Feb 04 09:34:10 compute4 cloud-init[894]: |      . *=       |
Feb 04 09:34:10 compute4 cloud-init[894]: |     . o.o=      |
Feb 04 09:34:10 compute4 cloud-init[894]: |      . .. *     |
Feb 04 09:34:10 compute4 cloud-init[894]: |       .S . =    |
Feb 04 09:34:10 compute4 cloud-init[894]: |      E= . * .   |
Feb 04 09:34:10 compute4 cloud-init[894]: |      = = = B.o  |
Feb 04 09:34:10 compute4 cloud-init[894]: |     + = o.o B=..|
Feb 04 09:34:10 compute4 cloud-init[894]: |      ..+oo.o==+ |
Feb 04 09:34:10 compute4 cloud-init[894]: +----[SHA256]-----+
Feb 04 09:34:10 compute4 systemd[1]: Finished Initial cloud-init job (metadata service crawler).
Feb 04 09:34:10 compute4 systemd[1]: Reached target Cloud-config availability.
Feb 04 09:34:10 compute4 systemd[1]: Reached target Network is Online.
Feb 04 09:34:10 compute4 systemd[1]: Reached target System Initialization.
Feb 04 09:34:10 compute4 systemd[1]: Condition check resulted in Process error reports when automatic reporting is enabled (file watch) being skipped.
Feb 04 09:34:10 compute4 systemd[1]: Started Trigger to poll for Ubuntu Pro licenses (Only enabled on GCP LTS non-pro).
Feb 04 09:34:10 compute4 systemd[1]: Started Daily apt download activities.
Feb 04 09:34:10 compute4 systemd[1]: Started Daily apt upgrade and clean activities.
Feb 04 09:34:10 compute4 systemd[1]: Started Periodic ext4 Online Metadata Check for All Filesystems.
Feb 04 09:34:10 compute4 systemd[1]: Started Discard unused blocks once a week.
Feb 04 09:34:10 compute4 systemd[1]: Started Refresh fwupd metadata regularly.
Feb 04 09:34:10 compute4 systemd[1]: Started Daily rotation of log files.
Feb 04 09:34:10 compute4 systemd[1]: Started Daily man-db regeneration.
Feb 04 09:34:10 compute4 systemd[1]: Started Message of the Day.
Feb 04 09:34:10 compute4 systemd[1]: Condition check resulted in Timer to automatically fetch and run repair assertions being skipped.
Feb 04 09:34:10 compute4 systemd[1]: Started Daily Cleanup of Temporary Directories.
Feb 04 09:34:10 compute4 systemd[1]: Started Ubuntu Advantage Timer for running repeated jobs.
Feb 04 09:34:10 compute4 systemd[1]: Reached target Paths.
Feb 04 09:34:10 compute4 systemd[1]: Reached target Timers.
Feb 04 09:34:10 compute4 systemd[1]: Condition check resulted in Unix socket for apport crash forwarding being skipped.
Feb 04 09:34:10 compute4 systemd[1]: Listening on cloud-init hotplug hook socket.
Feb 04 09:34:10 compute4 systemd[1]: Listening on D-Bus System Message Bus Socket.
Feb 04 09:34:10 compute4 systemd[1]: Listening on Open-iSCSI iscsid Socket.
Feb 04 09:34:10 compute4 systemd[1]: Starting Socket activation for snappy daemon.
Feb 04 09:34:10 compute4 systemd[1]: Listening on UUID daemon activation socket.
Feb 04 09:34:10 compute4 systemd[1]: Condition check resulted in Login to default iSCSI targets being skipped.
Feb 04 09:34:10 compute4 systemd[1]: Reached target Remote File Systems (Pre).
Feb 04 09:34:10 compute4 systemd[1]: Reached target Remote File Systems.
Feb 04 09:34:10 compute4 systemd[1]: Starting Availability of block devices...
Feb 04 09:34:10 compute4 systemd[1]: Listening on Socket activation for snappy daemon.
Feb 04 09:34:10 compute4 systemd[1]: Reached target Sockets.
Feb 04 09:34:10 compute4 systemd[1]: Reached target Basic System.
Feb 04 09:34:10 compute4 systemd[1]: Starting Accounts Service...
Feb 04 09:34:10 compute4 systemd[1]: Starting LSB: automatic crash report generation...
Feb 04 09:34:10 compute4 systemd[1]: Starting Deferred execution scheduler...
Feb 04 09:34:10 compute4 systemd[1]: Started Regular background program processing daemon.
Feb 04 09:34:10 compute4 systemd[1]: Started D-Bus System Message Bus.
Feb 04 09:34:10 compute4 systemd[1]: Started Save initial kernel messages after boot.
Feb 04 09:34:10 compute4 systemd[1]: Starting Remove Stale Online ext4 Metadata Check Snapshots...
Feb 04 09:34:10 compute4 systemd[1]: Condition check resulted in getty on tty2-tty6 if dbus and logind are not available being skipped.
Feb 04 09:34:10 compute4 systemd[1]: Starting Record successful boot for GRUB...
Feb 04 09:34:10 compute4 cron[1062]: (CRON) INFO (pidfile fd = 3)
Feb 04 09:34:10 compute4 systemd[1]: Started irqbalance daemon.
Feb 04 09:34:10 compute4 cron[1062]: (CRON) INFO (Running @reboot jobs)
Feb 04 09:34:10 compute4 systemd[1]: Starting Dispatcher daemon for systemd-networkd...
Feb 04 09:34:10 compute4 systemd[1]: Condition check resulted in Set the CPU Frequency Scaling governor being skipped.
Feb 04 09:34:10 compute4 systemd[1]: Starting Pollinate to seed the pseudo random number generator...
Feb 04 09:34:10 compute4 systemd[1]: Condition check resulted in fast remote file copy program daemon being skipped.
Feb 04 09:34:10 compute4 systemd[1]: Starting System Logging Service...
Feb 04 09:34:10 compute4 systemd[1]: Condition check resulted in Secure Boot updates for DB and DBX being skipped.
Feb 04 09:34:10 compute4 systemd[1]: Condition check resulted in Automatically repair incorrect owner/permissions on core devices being skipped.
Feb 04 09:34:10 compute4 systemd[1]: Condition check resulted in Wait for the Ubuntu Core chooser trigger being skipped.
Feb 04 09:34:10 compute4 systemd[1]: Starting Snap Daemon...
Feb 04 09:34:10 compute4 systemd[1]: Starting Login Service...
Feb 04 09:34:10 compute4 systemd[1]: Starting Permit User Sessions...
Feb 04 09:34:10 compute4 systemd[1]: Condition check resulted in Thermal Daemon Service being skipped.
Feb 04 09:34:10 compute4 systemd[1]: Condition check resulted in Ubuntu Advantage reboot cmds being skipped.
Feb 04 09:34:10 compute4 systemd[1]: Starting Disk Manager...
Feb 04 09:34:10 compute4 udisksd[1081]: udisks daemon version 2.8.4 starting
Feb 04 09:34:10 compute4 systemd[1]: Finished Availability of block devices.
Feb 04 09:34:10 compute4 systemd[1]: Started Deferred execution scheduler.
Feb 04 09:34:10 compute4 systemd[1]: e2scrub_reap.service: Succeeded.
Feb 04 09:34:10 compute4 systemd[1]: Finished Remove Stale Online ext4 Metadata Check Snapshots.
Feb 04 09:34:10 compute4 systemd[1]: Finished Permit User Sessions.
Feb 04 09:34:10 compute4 systemd-logind[1079]: New seat seat0.
Feb 04 09:34:10 compute4 systemd-logind[1079]: Watching system buttons on /dev/input/event0 (Power Button)
Feb 04 09:34:10 compute4 systemd-logind[1079]: Watching system buttons on /dev/input/event1 (AT Translated Set 2 keyboard)
Feb 04 09:34:10 compute4 rsyslogd[1074]: imuxsock: Acquired UNIX socket '/run/systemd/journal/syslog' (fd 3) from systemd.  [v8.2001.0]
Feb 04 09:34:10 compute4 systemd[1]: Started System Logging Service.
Feb 04 09:34:10 compute4 rsyslogd[1074]: rsyslogd's groupid changed to 110
Feb 04 09:34:10 compute4 rsyslogd[1074]: rsyslogd's userid changed to 104
Feb 04 09:34:10 compute4 rsyslogd[1074]: [origin software="rsyslogd" swVersion="8.2001.0" x-pid="1074" x-info="https://www.rsyslog.com"] start
