[    0.000000] kernel: Linux version 5.4.0-97-generic (buildd@lcy02-amd64-032) (gcc version 9.3.0 (Ubuntu 9.3.0-17ubuntu1~20.04)) #110-Ubuntu SMP Thu Jan 13 18:22:13 UTC 2022 (Ubuntu 5.4.0-97.110-generic 5.4.162)
[    0.000000] kernel: Command line: BOOT_IMAGE=/boot/vmlinuz-5.4.0-97-generic root=UUID=51babbe8-f78f-46a4-8830-d351c3830325 ro
[    0.000000] kernel: KERNEL supported cpus:
[    0.000000] kernel:   Intel GenuineIntel
[    0.000000] kernel:   AMD AuthenticAMD
[    0.000000] kernel:   Hygon HygonGenuine
[    0.000000] kernel:   Centaur CentaurHauls
[    0.000000] kernel:   zhaoxin   Shanghai  
[    0.000000] kernel: x86/fpu: Supporting XSAVE feature 0x001: 'x87 floating point registers'
[    0.000000] kernel: x86/fpu: Supporting XSAVE feature 0x002: 'SSE registers'
[    0.000000] kernel: x86/fpu: Supporting XSAVE feature 0x004: 'AVX registers'
[    0.000000] kernel: x86/fpu: Supporting XSAVE feature 0x008: 'MPX bounds registers'
[    0.000000] kernel: x86/fpu: Supporting XSAVE feature 0x010: 'MPX CSR'
[    0.000000] kernel: x86/fpu: xstate_offset[2]:  576, xstate_sizes[2]:  256
[    0.000000] kernel: x86/fpu: xstate_offset[3]:  832, xstate_sizes[3]:   64
[    0.000000] kernel: x86/fpu: xstate_offset[4]:  896, xstate_sizes[4]:   64
[    0.000000] kernel: x86/fpu: Enabled xstate features 0x1f, context size is 960 bytes, using 'compacted' format.
[    0.000000] kernel: BIOS-provided physical RAM map:
[    0.000000] kernel: BIOS-e820: [mem 0x0000000000000000-0x000000000009c3ff] usable
[    0.000000] kernel: BIOS-e820: [mem 0x00000000000f0000-0x00000000000fffff] reserved
[    0.000000] kernel: BIOS-e820: [mem 0x0000000000100000-0x00000000bfecafff] usable
[    0.000000] kernel: BIOS-e820: [mem 0x00000000bff78000-0x00000000bffd2fff] usable
[    0.000000] kernel: BIOS-e820: [mem 0x00000000bffd3000-0x00000000bfffffff] reserved
[    0.000000] kernel: BIOS-e820: [mem 0x00000000feffc000-0x00000000feffffff] reserved
[    0.000000] kernel: BIOS-e820: [mem 0x00000000fffc0000-0x00000000ffffffff] reserved
[    0.000000] kernel: BIOS-e820: [mem 0x0000000100000000-0x000000043fffffff] usable
[    0.000000] kernel: NX (Execute Disable) protection: active
[    0.000000] kernel: SMBIOS 2.8 present.
[    0.000000] kernel: DMI: QEMU Standard PC (i440FX + PIIX, 1996), BIOS 1.10.2-1ubuntu1 04/01/2014
[    0.000000] kernel: Hypervisor detected: KVM
[    0.000000] kernel: kvm-clock: Using msrs 4b564d01 and 4b564d00
[    0.000000] kernel: kvm-clock: cpu 0, msr 71601001, primary cpu clock
[    0.000000] kernel: kvm-clock: using sched offset of 21759872940 cycles
[    0.000005] kernel: clocksource: kvm-clock: mask: 0xffffffffffffffff max_cycles: 0x1cd42e4dffb, max_idle_ns: 881590591483 ns
[    0.000009] kernel: tsc: Detected 4200.000 MHz processor
[    0.001053] kernel: e820: update [mem 0x00000000-0x00000fff] usable ==> reserved
[    0.001054] kernel: e820: remove [mem 0x000a0000-0x000fffff] usable
[    0.001059] kernel: last_pfn = 0x440000 max_arch_pfn = 0x400000000
[    0.001080] kernel: MTRR default type: write-back
[    0.001081] kernel: MTRR fixed ranges enabled:
[    0.001081] kernel:   00000-9FFFF write-back
[    0.001082] kernel:   A0000-BFFFF uncachable
[    0.001082] kernel:   C0000-FFFFF write-protect
[    0.001083] kernel: MTRR variable ranges enabled:
[    0.001084] kernel:   0 base 00C0000000 mask FFC0000000 uncachable
[    0.001084] kernel:   1 disabled
[    0.001084] kernel:   2 disabled
[    0.001085] kernel:   3 disabled
[    0.001085] kernel:   4 disabled
[    0.001085] kernel:   5 disabled
[    0.001085] kernel:   6 disabled
[    0.001086] kernel:   7 disabled
[    0.001094] kernel: x86/PAT: Configuration [0-7]: WB  WC  UC- UC  WB  WP  UC- WT  
[    0.001103] kernel: last_pfn = 0xbffd3 max_arch_pfn = 0x400000000
[    0.006974] kernel: found SMP MP-table at [mem 0x000f6a10-0x000f6a1f]
[    0.007097] kernel: check: Scanning 1 areas for low memory corruption
[    0.007128] kernel: Using GB pages for direct mapping
[    0.007288] kernel: RAMDISK: [mem 0x2deed000-0x32f6dfff]
[    0.007299] kernel: ACPI: Early table checksum verification disabled
[    0.007313] kernel: ACPI: RSDP 0x00000000000F67D0 000014 (v00 BOCHS )
[    0.007319] kernel: ACPI: RSDT 0x00000000BFFE15A9 00002C (v01 BOCHS  BXPCRSDT 00000001 BXPC 00000001)
[    0.007323] kernel: ACPI: FACP 0x00000000BFFE1435 000074 (v01 BOCHS  BXPCFACP 00000001 BXPC 00000001)
[    0.007328] kernel: ACPI: DSDT 0x00000000BFFE0040 0013F5 (v01 BOCHS  BXPCDSDT 00000001 BXPC 00000001)
[    0.007331] kernel: ACPI: FACS 0x00000000BFFE0000 000040
[    0.007333] kernel: ACPI: APIC 0x00000000BFFE1529 000080 (v01 BOCHS  BXPCAPIC 00000001 BXPC 00000001)
[    0.007335] kernel: ACPI: Reserving FACP table memory at [mem 0xbffe1435-0xbffe14a8]
[    0.007336] kernel: ACPI: Reserving DSDT table memory at [mem 0xbffe0040-0xbffe1434]
[    0.007336] kernel: ACPI: Reserving FACS table memory at [mem 0xbffe0000-0xbffe003f]
[    0.007337] kernel: ACPI: Reserving APIC table memory at [mem 0xbffe1529-0xbffe15a8]
[    0.007357] kernel: ACPI: Local APIC address 0xfee00000
[    0.007589] kernel: No NUMA configuration found
[    0.007590] kernel: Faking a node at [mem 0x0000000000000000-0x000000043fffffff]
[    0.007597] kernel: NODE_DATA(0) allocated [mem 0x43ffd3000-0x43fffdfff]
[    0.007828] kernel: Zone ranges:
[    0.007829] kernel:   DMA      [mem 0x0000000000001000-0x0000000000ffffff]
[    0.007830] kernel:   DMA32    [mem 0x0000000001000000-0x00000000ffffffff]
[    0.007831] kernel:   Normal   [mem 0x0000000100000000-0x000000043fffffff]
[    0.007832] kernel:   Device   empty
[    0.007832] kernel: Movable zone start for each node
[    0.007834] kernel: Early memory node ranges
[    0.007835] kernel:   node   0: [mem 0x0000000000001000-0x000000000009bfff]
[    0.007835] kernel:   node   0: [mem 0x0000000000100000-0x00000000bfecafff]
[    0.007836] kernel:   node   0: [mem 0x00000000bff78000-0x00000000bffd2fff]
[    0.007837] kernel:   node   0: [mem 0x0000000100000000-0x000000043fffffff]
[    0.008022] kernel: Zeroed struct page in unavailable ranges: 319 pages
[    0.008023] kernel: Initmem setup node 0 [mem 0x0000000000001000-0x000000043fffffff]
[    0.008024] kernel: On node 0 totalpages: 4193985
[    0.008029] kernel:   DMA zone: 64 pages used for memmap
[    0.008029] kernel:   DMA zone: 21 pages reserved
[    0.008029] kernel:   DMA zone: 3995 pages, LIFO batch:0
[    0.008058] kernel:   DMA32 zone: 12221 pages used for memmap
[    0.008059] kernel:   DMA32 zone: 782118 pages, LIFO batch:63
[    0.016584] kernel:   Normal zone: 53248 pages used for memmap
[    0.016585] kernel:   Normal zone: 3407872 pages, LIFO batch:63
[    0.049001] kernel: ACPI: PM-Timer IO Port: 0x608
[    0.049005] kernel: ACPI: Local APIC address 0xfee00000
[    0.049019] kernel: ACPI: LAPIC_NMI (acpi_id[0xff] dfl dfl lint[0x1])
[    0.049054] kernel: IOAPIC[0]: apic_id 0, version 17, address 0xfec00000, GSI 0-23
[    0.049057] kernel: ACPI: INT_SRC_OVR (bus 0 bus_irq 0 global_irq 2 dfl dfl)
[    0.049058] kernel: ACPI: INT_SRC_OVR (bus 0 bus_irq 5 global_irq 5 high level)
[    0.049058] kernel: ACPI: INT_SRC_OVR (bus 0 bus_irq 9 global_irq 9 high level)
[    0.049061] kernel: ACPI: INT_SRC_OVR (bus 0 bus_irq 10 global_irq 10 high level)
[    0.049062] kernel: ACPI: INT_SRC_OVR (bus 0 bus_irq 11 global_irq 11 high level)
[    0.049063] kernel: ACPI: IRQ0 used by override.
[    0.049064] kernel: ACPI: IRQ5 used by override.
[    0.049064] kernel: ACPI: IRQ9 used by override.
[    0.049064] kernel: ACPI: IRQ10 used by override.
[    0.049064] kernel: ACPI: IRQ11 used by override.
[    0.049066] kernel: Using ACPI (MADT) for SMP configuration information
[    0.049070] kernel: TSC deadline timer available
[    0.049074] kernel: smpboot: Allowing 2 CPUs, 0 hotplug CPUs
[    0.049095] kernel: PM: Registered nosave memory: [mem 0x00000000-0x00000fff]
[    0.049096] kernel: PM: Registered nosave memory: [mem 0x0009c000-0x000effff]
[    0.049097] kernel: PM: Registered nosave memory: [mem 0x000f0000-0x000fffff]
[    0.049098] kernel: PM: Registered nosave memory: [mem 0xbfecb000-0xbff77fff]
[    0.049098] kernel: PM: Registered nosave memory: [mem 0xbffd3000-0xbfffffff]
[    0.049099] kernel: PM: Registered nosave memory: [mem 0xc0000000-0xfeffbfff]
[    0.049099] kernel: PM: Registered nosave memory: [mem 0xfeffc000-0xfeffffff]
[    0.049100] kernel: PM: Registered nosave memory: [mem 0xff000000-0xfffbffff]
[    0.049100] kernel: PM: Registered nosave memory: [mem 0xfffc0000-0xffffffff]
[    0.049101] kernel: [mem 0xc0000000-0xfeffbfff] available for PCI devices
[    0.049102] kernel: Booting paravirtualized kernel on KVM
[    0.049106] kernel: clocksource: refined-jiffies: mask: 0xffffffff max_cycles: 0xffffffff, max_idle_ns: 7645519600211568 ns
[    0.049110] kernel: setup_percpu: NR_CPUS:8192 nr_cpumask_bits:2 nr_cpu_ids:2 nr_node_ids:1
[    0.049288] kernel: percpu: Embedded 60 pages/cpu s208896 r8192 d28672 u1048576
[    0.049291] kernel: pcpu-alloc: s208896 r8192 d28672 u1048576 alloc=1*2097152
[    0.049292] kernel: pcpu-alloc: [0] 0 1 
[    0.049313] kernel: setup async PF for cpu 0
[    0.049316] kernel: kvm-stealtime: cpu 0, msr 42fa32040
[    0.049320] kernel: Built 1 zonelists, mobility grouping on.  Total pages: 4128431
[    0.049321] kernel: Policy zone: Normal
[    0.049322] kernel: Kernel command line: BOOT_IMAGE=/boot/vmlinuz-5.4.0-97-generic root=UUID=51babbe8-f78f-46a4-8830-d351c3830325 ro
[    0.050449] kernel: Dentry cache hash table entries: 2097152 (order: 12, 16777216 bytes, linear)
[    0.051120] kernel: Inode-cache hash table entries: 1048576 (order: 11, 8388608 bytes, linear)
[    0.051169] kernel: mem auto-init: stack:off, heap alloc:on, heap free:off
[    0.055414] kernel: Calgary: detecting Calgary via BIOS EBDA area
[    0.055417] kernel: Calgary: Unable to locate Rio Grande table in EBDA - bailing!
[    0.089194] kernel: Memory: 16303148K/16775940K available (14339K kernel code, 2400K rwdata, 9500K rodata, 2752K init, 4948K bss, 472792K reserved, 0K cma-reserved)
[    0.089205] kernel: random: get_random_u64 called from kmem_cache_open+0x2d/0x410 with crng_init=0
[    0.089477] kernel: SLUB: HWalign=64, Order=0-3, MinObjects=0, CPUs=2, Nodes=1
[    0.089500] kernel: Kernel/User page tables isolation: enabled
[    0.089520] kernel: ftrace: allocating 44643 entries in 175 pages
[    0.107490] kernel: rcu: Hierarchical RCU implementation.
[    0.107492] kernel: rcu:         RCU restricting CPUs from NR_CPUS=8192 to nr_cpu_ids=2.
[    0.107493] kernel:         Tasks RCU enabled.
[    0.107495] kernel: rcu: RCU calculated value of scheduler-enlistment delay is 25 jiffies.
[    0.107495] kernel: rcu: Adjusting geometry for rcu_fanout_leaf=16, nr_cpu_ids=2
[    0.109882] kernel: NR_IRQS: 524544, nr_irqs: 440, preallocated irqs: 16
[    0.110325] kernel: random: crng done (trusting CPU's manufacturer)
[    0.115196] kernel: Console: colour VGA+ 80x25
[    0.145777] kernel: printk: console [tty0] enabled
[    0.145992] kernel: ACPI: Core revision 20190816
[    0.146203] kernel: APIC: Switch to symmetric I/O mode setup
[    0.146581] kernel: x2apic enabled
[    0.146986] kernel: Switched APIC routing to physical x2apic.
[    0.147923] kernel: clocksource: tsc-early: mask: 0xffffffffffffffff max_cycles: 0x3c8a615336c, max_idle_ns: 440795257976 ns
[    0.148299] kernel: Calibrating delay loop (skipped) preset value.. 8400.00 BogoMIPS (lpj=16800000)
[    0.148631] kernel: pid_max: default: 32768 minimum: 301
[    0.148859] kernel: LSM: Security Framework initializing
[    0.149068] kernel: Yama: becoming mindful.
[    0.149259] kernel: AppArmor: AppArmor initialized
[    0.149489] kernel: Mount-cache hash table entries: 32768 (order: 6, 262144 bytes, linear)
[    0.149896] kernel: Mountpoint-cache hash table entries: 32768 (order: 6, 262144 bytes, linear)
[    0.150242] kernel: *** VALIDATE tmpfs ***
[    0.150508] kernel: *** VALIDATE proc ***
[    0.150746] kernel: *** VALIDATE cgroup1 ***
[    0.150969] kernel: *** VALIDATE cgroup2 ***
[    0.151243] kernel: Last level iTLB entries: 4KB 0, 2MB 0, 4MB 0
[    0.151458] kernel: Last level dTLB entries: 4KB 0, 2MB 0, 4MB 0, 1GB 0
[    0.151685] kernel: Spectre V1 : Mitigation: usercopy/swapgs barriers and __user pointer sanitization
[    0.152017] kernel: Spectre V2 : Mitigation: Full generic retpoline
[    0.152233] kernel: Spectre V2 : Spectre v2 / SpectreRSB mitigation: Filling RSB on context switch
[    0.152296] kernel: Spectre V2 : Enabling Restricted Speculation for firmware calls
[    0.152296] kernel: Spectre V2 : mitigation: Enabling conditional Indirect Branch Prediction Barrier
[    0.152296] kernel: Speculative Store Bypass: Mitigation: Speculative Store Bypass disabled via prctl and seccomp
[    0.152296] kernel: TAA: Mitigation: Clear CPU buffers
[    0.152296] kernel: SRBDS: Unknown: Dependent on hypervisor status
[    0.152296] kernel: MDS: Mitigation: Clear CPU buffers
[    0.152296] kernel: Freeing SMP alternatives memory: 40K
[    0.152296] kernel: smpboot: CPU0: Intel Core Processor (Skylake, IBRS) (family: 0x6, model: 0x5e, stepping: 0x3)
[    0.152296] kernel: Performance Events: unsupported p6 CPU model 94 no PMU driver, software events only.
[    0.152296] kernel: rcu: Hierarchical SRCU implementation.
[    0.152296] kernel: NMI watchdog: Perf NMI watchdog permanently disabled
[    0.152296] kernel: smp: Bringing up secondary CPUs ...
[    0.152296] kernel: x86: Booting SMP configuration:
[    0.152296] kernel: .... node  #0, CPUs:      #1
[    0.042128] kernel: kvm-clock: cpu 1, msr 71601041, secondary cpu clock
[    0.042128] kernel: smpboot: CPU 1 Converting physical 0 to logical die 1
[    0.152329] kernel: setup async PF for cpu 1
[    0.152648] kernel: kvm-stealtime: cpu 1, msr 42fb32040
[    0.152849] kernel: smp: Brought up 1 node, 2 CPUs
[    0.152849] kernel: smpboot: Max logical packages: 2
[    0.152849] kernel: smpboot: Total of 2 processors activated (16800.00 BogoMIPS)
[    0.153364] kernel: devtmpfs: initialized
[    0.153364] kernel: x86/mm: Memory block size: 128MB
[    0.153622] kernel: clocksource: jiffies: mask: 0xffffffff max_cycles: 0xffffffff, max_idle_ns: 7645041785100000 ns
[    0.153622] kernel: futex hash table entries: 512 (order: 3, 32768 bytes, linear)
[    0.153622] kernel: pinctrl core: initialized pinctrl subsystem
[    0.156407] kernel: PM: RTC time: 22:38:07, date: 2022-02-09
[    0.156864] kernel: NET: Registered protocol family 16
[    0.157108] kernel: audit: initializing netlink subsys (disabled)
[    0.157355] kernel: audit: type=2000 audit(1644446288.107:1): state=initialized audit_enabled=0 res=1
[    0.157355] kernel: EISA bus registered
[    0.157355] kernel: cpuidle: using governor ladder
[    0.157355] kernel: cpuidle: using governor menu
[    0.157378] kernel: ACPI: bus type PCI registered
[    0.157565] kernel: acpiphp: ACPI Hot Plug PCI Controller Driver version: 0.5
[    0.157885] kernel: PCI: Using configuration type 1 for base access
[    0.160541] kernel: HugeTLB registered 1.00 GiB page size, pre-allocated 0 pages
[    0.160616] kernel: HugeTLB registered 2.00 MiB page size, pre-allocated 0 pages
[    0.160910] kernel: ACPI: Added _OSI(Module Device)
[    0.160910] kernel: ACPI: Added _OSI(Processor Device)
[    0.160910] kernel: ACPI: Added _OSI(3.0 _SCP Extensions)
[    0.160945] kernel: ACPI: Added _OSI(Processor Aggregator Device)
[    0.161166] kernel: ACPI: Added _OSI(Linux-Dell-Video)
[    0.161366] kernel: ACPI: Added _OSI(Linux-Lenovo-NV-HDMI-Audio)
[    0.161580] kernel: ACPI: Added _OSI(Linux-HPI-Hybrid-Graphics)
[    0.162336] kernel: ACPI: 1 ACPI AML tables successfully acquired and loaded
[    0.165120] kernel: ACPI: Interpreter enabled
[    0.165317] kernel: ACPI: (supports S0 S5)
[    0.165489] kernel: ACPI: Using IOAPIC for interrupt routing
[    0.165728] kernel: PCI: Using host bridge windows from ACPI; if necessary, use "pci=nocrs" and report a bug
[    0.166147] kernel: ACPI: Enabled 2 GPEs in block 00 to 0F
[    0.168039] kernel: ACPI: PCI Root Bridge [PCI0] (domain 0000 [bus 00-ff])
[    0.168317] kernel: acpi PNP0A03:00: _OSC: OS supports [ASPM ClockPM Segments MSI HPX-Type3]
[    0.168633] kernel: acpi PNP0A03:00: fail to add MMCONFIG information, can't access extended PCI configuration space under this bridge.
[    0.169210] kernel: acpiphp: Slot [3] registered
[    0.169406] kernel: acpiphp: Slot [4] registered
[    0.169597] kernel: acpiphp: Slot [5] registered
[    0.169792] kernel: acpiphp: Slot [6] registered
[    0.169986] kernel: acpiphp: Slot [7] registered
[    0.170178] kernel: acpiphp: Slot [8] registered
[    0.170399] kernel: acpiphp: Slot [9] registered
[    0.170603] kernel: acpiphp: Slot [11] registered
[    0.170830] kernel: acpiphp: Slot [12] registered
[    0.171026] kernel: acpiphp: Slot [13] registered
[    0.171218] kernel: acpiphp: Slot [14] registered
[    0.171429] kernel: acpiphp: Slot [15] registered
[    0.171622] kernel: acpiphp: Slot [16] registered
[    0.171814] kernel: acpiphp: Slot [17] registered
[    0.172010] kernel: acpiphp: Slot [18] registered
[    0.172253] kernel: acpiphp: Slot [19] registered
[    0.172328] kernel: acpiphp: Slot [20] registered
[    0.172523] kernel: acpiphp: Slot [21] registered
[    0.172718] kernel: acpiphp: Slot [22] registered
[    0.172917] kernel: acpiphp: Slot [23] registered
[    0.173113] kernel: acpiphp: Slot [24] registered
[    0.173312] kernel: acpiphp: Slot [25] registered
[    0.173513] kernel: acpiphp: Slot [26] registered
[    0.173710] kernel: acpiphp: Slot [27] registered
[    0.173907] kernel: acpiphp: Slot [28] registered
[    0.174107] kernel: acpiphp: Slot [29] registered
[    0.174307] kernel: acpiphp: Slot [30] registered
[    0.174505] kernel: acpiphp: Slot [31] registered
[    0.174703] kernel: PCI host bridge to bus 0000:00
[    0.174897] kernel: pci_bus 0000:00: root bus resource [io  0x0000-0x0cf7 window]
[    0.175145] kernel: pci_bus 0000:00: root bus resource [io  0x0d00-0xffff window]
[    0.175404] kernel: pci_bus 0000:00: root bus resource [mem 0x000a0000-0x000bffff window]
[    0.175760] kernel: pci_bus 0000:00: root bus resource [mem 0xc0000000-0xfebfffff window]
[    0.176110] kernel: pci_bus 0000:00: root bus resource [mem 0x440000000-0x4bfffffff window]
[    0.176302] kernel: pci_bus 0000:00: root bus resource [bus 00-ff]
[    0.176554] kernel: pci 0000:00:00.0: [8086:1237] type 00 class 0x060000
[    0.177231] kernel: pci 0000:00:01.0: [8086:7000] type 00 class 0x060100
[    0.177873] kernel: pci 0000:00:01.1: [8086:7010] type 00 class 0x010180
[    0.180170] kernel: pci 0000:00:01.1: reg 0x20: [io  0xc260-0xc26f]
[    0.181126] kernel: pci 0000:00:01.1: legacy IDE quirk: reg 0x10: [io  0x01f0-0x01f7]
[    0.181398] kernel: pci 0000:00:01.1: legacy IDE quirk: reg 0x14: [io  0x03f6]
[    0.181634] kernel: pci 0000:00:01.1: legacy IDE quirk: reg 0x18: [io  0x0170-0x0177]
[    0.181883] kernel: pci 0000:00:01.1: legacy IDE quirk: reg 0x1c: [io  0x0376]
[    0.182298] kernel: pci 0000:00:01.3: [8086:7113] type 00 class 0x068000
[    0.182853] kernel: pci 0000:00:01.3: quirk: [io  0x0600-0x063f] claimed by PIIX4 ACPI
[    0.183167] kernel: pci 0000:00:01.3: quirk: [io  0x0700-0x070f] claimed by PIIX4 SMB
[    0.183798] kernel: pci 0000:00:02.0: [1013:00b8] type 00 class 0x030000
[    0.185496] kernel: pci 0000:00:02.0: reg 0x10: [mem 0xfc000000-0xfdffffff pref]
[    0.186846] kernel: pci 0000:00:02.0: reg 0x14: [mem 0xfeb90000-0xfeb90fff]
[    0.191478] kernel: pci 0000:00:02.0: reg 0x30: [mem 0xfeb80000-0xfeb8ffff pref]
[    0.192155] kernel: pci 0000:00:03.0: [1af4:1000] type 00 class 0x020000
[    0.193484] kernel: pci 0000:00:03.0: reg 0x10: [io  0xc100-0xc11f]
[    0.195477] kernel: pci 0000:00:03.0: reg 0x14: [mem 0xfeb91000-0xfeb91fff]
[    0.199865] kernel: pci 0000:00:03.0: reg 0x20: [mem 0xfe000000-0xfe003fff 64bit pref]
[    0.200986] kernel: pci 0000:00:03.0: reg 0x30: [mem 0xfe800000-0xfe87ffff pref]
[    0.201872] kernel: pci 0000:00:04.0: [1af4:1000] type 00 class 0x020000
[    0.203271] kernel: pci 0000:00:04.0: reg 0x10: [io  0xc120-0xc13f]
[    0.204308] kernel: pci 0000:00:04.0: reg 0x14: [mem 0xfeb92000-0xfeb92fff]
[    0.209377] kernel: pci 0000:00:04.0: reg 0x20: [mem 0xfe004000-0xfe007fff 64bit pref]
[    0.210759] kernel: pci 0000:00:04.0: reg 0x30: [mem 0xfe880000-0xfe8fffff pref]
[    0.211609] kernel: pci 0000:00:05.0: [1af4:1000] type 00 class 0x020000
[    0.212861] kernel: pci 0000:00:05.0: reg 0x10: [io  0xc140-0xc15f]
[    0.214133] kernel: pci 0000:00:05.0: reg 0x14: [mem 0xfeb93000-0xfeb93fff]
[    0.217945] kernel: pci 0000:00:05.0: reg 0x20: [mem 0xfe008000-0xfe00bfff 64bit pref]
[    0.219449] kernel: pci 0000:00:05.0: reg 0x30: [mem 0xfe900000-0xfe97ffff pref]
[    0.220294] kernel: pci 0000:00:06.0: [1af4:1000] type 00 class 0x020000
[    0.221452] kernel: pci 0000:00:06.0: reg 0x10: [io  0xc160-0xc17f]
[    0.222786] kernel: pci 0000:00:06.0: reg 0x14: [mem 0xfeb94000-0xfeb94fff]
[    0.226215] kernel: pci 0000:00:06.0: reg 0x20: [mem 0xfe00c000-0xfe00ffff 64bit pref]
[    0.228827] kernel: pci 0000:00:06.0: reg 0x30: [mem 0xfe980000-0xfe9fffff pref]
[    0.229834] kernel: pci 0000:00:07.0: [1af4:1000] type 00 class 0x020000
[    0.231276] kernel: pci 0000:00:07.0: reg 0x10: [io  0xc180-0xc19f]
[    0.232304] kernel: pci 0000:00:07.0: reg 0x14: [mem 0xfeb95000-0xfeb95fff]
[    0.235791] kernel: pci 0000:00:07.0: reg 0x20: [mem 0xfe010000-0xfe013fff 64bit pref]
[    0.236813] kernel: pci 0000:00:07.0: reg 0x30: [mem 0xfea00000-0xfea7ffff pref]
[    0.239010] kernel: pci 0000:00:08.0: [1af4:1000] type 00 class 0x020000
[    0.240305] kernel: pci 0000:00:08.0: reg 0x10: [io  0xc1a0-0xc1bf]
[    0.241724] kernel: pci 0000:00:08.0: reg 0x14: [mem 0xfeb96000-0xfeb96fff]
[    0.244856] kernel: pci 0000:00:08.0: reg 0x20: [mem 0xfe014000-0xfe017fff 64bit pref]
[    0.246226] kernel: pci 0000:00:08.0: reg 0x30: [mem 0xfea80000-0xfeafffff pref]
[    0.247094] kernel: pci 0000:00:09.0: [1af4:1000] type 00 class 0x020000
[    0.248307] kernel: pci 0000:00:09.0: reg 0x10: [io  0xc1c0-0xc1df]
[    0.250855] kernel: pci 0000:00:09.0: reg 0x14: [mem 0xfeb97000-0xfeb97fff]
[    0.254147] kernel: pci 0000:00:09.0: reg 0x20: [mem 0xfe018000-0xfe01bfff 64bit pref]
[    0.255466] kernel: pci 0000:00:09.0: reg 0x30: [mem 0xfeb00000-0xfeb7ffff pref]
[    0.256296] kernel: pci 0000:00:0a.0: [8086:2934] type 00 class 0x0c0300
[    0.258242] kernel: pci 0000:00:0a.0: reg 0x20: [io  0xc1e0-0xc1ff]
[    0.260675] kernel: pci 0000:00:0a.1: [8086:2935] type 00 class 0x0c0300
[    0.262862] kernel: pci 0000:00:0a.1: reg 0x20: [io  0xc200-0xc21f]
[    0.264207] kernel: pci 0000:00:0a.2: [8086:2936] type 00 class 0x0c0300
[    0.266210] kernel: pci 0000:00:0a.2: reg 0x20: [io  0xc220-0xc23f]
[    0.267345] kernel: pci 0000:00:0a.7: [8086:293a] type 00 class 0x0c0320
[    0.268128] kernel: pci 0000:00:0a.7: reg 0x10: [mem 0xfeb98000-0xfeb98fff]
[    0.272271] kernel: pci 0000:00:0b.0: [1af4:1001] type 00 class 0x010000
[    0.273460] kernel: pci 0000:00:0b.0: reg 0x10: [io  0xc000-0xc03f]
[    0.274734] kernel: pci 0000:00:0b.0: reg 0x14: [mem 0xfeb99000-0xfeb99fff]
[    0.278022] kernel: pci 0000:00:0b.0: reg 0x20: [mem 0xfe01c000-0xfe01ffff 64bit pref]
[    0.280476] kernel: pci 0000:00:0c.0: [1af4:1001] type 00 class 0x010000
[    0.283127] kernel: pci 0000:00:0c.0: reg 0x10: [io  0xc040-0xc07f]
[    0.284306] kernel: pci 0000:00:0c.0: reg 0x14: [mem 0xfeb9a000-0xfeb9afff]
[    0.287763] kernel: pci 0000:00:0c.0: reg 0x20: [mem 0xfe020000-0xfe023fff 64bit pref]
[    0.289665] kernel: pci 0000:00:0d.0: [1af4:1001] type 00 class 0x010000
[    0.291245] kernel: pci 0000:00:0d.0: reg 0x10: [io  0xc080-0xc0bf]
[    0.293483] kernel: pci 0000:00:0d.0: reg 0x14: [mem 0xfeb9b000-0xfeb9bfff]
[    0.296851] kernel: pci 0000:00:0d.0: reg 0x20: [mem 0xfe024000-0xfe027fff 64bit pref]
[    0.299182] kernel: pci 0000:00:0e.0: [1af4:1002] type 00 class 0x00ff00
[    0.300223] kernel: pci 0000:00:0e.0: reg 0x10: [io  0xc240-0xc25f]
[    0.304306] kernel: pci 0000:00:0e.0: reg 0x20: [mem 0xfe028000-0xfe02bfff 64bit pref]
[    0.306047] kernel: pci 0000:00:0f.0: [1af4:1001] type 00 class 0x010000
[    0.307426] kernel: pci 0000:00:0f.0: reg 0x10: [io  0xc0c0-0xc0ff]
[    0.308305] kernel: pci 0000:00:0f.0: reg 0x14: [mem 0xfeb9c000-0xfeb9cfff]
[    0.311778] kernel: pci 0000:00:0f.0: reg 0x20: [mem 0xfe02c000-0xfe02ffff 64bit pref]
[    0.317372] kernel: ACPI: PCI Interrupt Link [LNKA] (IRQs 5 *10 11)
[    0.317682] kernel: ACPI: PCI Interrupt Link [LNKB] (IRQs 5 *10 11)
[    0.317971] kernel: ACPI: PCI Interrupt Link [LNKC] (IRQs 5 10 *11)
[    0.318262] kernel: ACPI: PCI Interrupt Link [LNKD] (IRQs 5 10 *11)
[    0.318516] kernel: ACPI: PCI Interrupt Link [LNKS] (IRQs *9)
[    0.319014] kernel: iommu: Default domain type: Translated 
[    0.319014] kernel: SCSI subsystem initialized
[    0.320346] kernel: libata version 3.00 loaded.
[    0.320346] kernel: pci 0000:00:02.0: vgaarb: setting as boot VGA device
[    0.320561] kernel: pci 0000:00:02.0: vgaarb: VGA device added: decodes=io+mem,owns=io+mem,locks=none
[    0.321079] kernel: pci 0000:00:02.0: vgaarb: bridge control possible
[    0.321295] kernel: vgaarb: loaded
[    0.321498] kernel: ACPI: bus type USB registered
[    0.321707] kernel: usbcore: registered new interface driver usbfs
[    0.321933] kernel: usbcore: registered new interface driver hub
[    0.322151] kernel: usbcore: registered new device driver usb
[    0.322399] kernel: pps_core: LinuxPPS API ver. 1 registered
[    0.322607] kernel: pps_core: Software ver. 5.3.6 - Copyright 2005-2007 Rodolfo Giometti <giometti@linux.it>
[    0.322957] kernel: PTP clock support registered
[    0.323191] kernel: EDAC MC: Ver: 3.0.0
[    0.323191] kernel: PCI: Using ACPI for IRQ routing
[    0.323191] kernel: PCI: pci_cache_line_size set to 64 bytes
[    0.324379] kernel: e820: reserve RAM buffer [mem 0x0009c400-0x0009ffff]
[    0.324381] kernel: e820: reserve RAM buffer [mem 0xbfecb000-0xbfffffff]
[    0.324382] kernel: e820: reserve RAM buffer [mem 0xbffd3000-0xbfffffff]
[    0.324490] kernel: NetLabel: Initializing
[    0.324662] kernel: NetLabel:  domain hash size = 128
[    0.324851] kernel: NetLabel:  protocols = UNLABELED CIPSOv4 CALIPSO
[    0.325147] kernel: NetLabel:  unlabeled traffic allowed by default
[    0.325386] kernel: clocksource: Switched to clocksource kvm-clock
[    0.332030] kernel: *** VALIDATE bpf ***
[    0.332264] kernel: VFS: Disk quotas dquot_6.6.0
[    0.332469] kernel: VFS: Dquot-cache hash table entries: 512 (order 0, 4096 bytes)
[    0.332735] kernel: *** VALIDATE ramfs ***
[    0.332910] kernel: *** VALIDATE hugetlbfs ***
[    0.333184] kernel: AppArmor: AppArmor Filesystem Enabled
[    0.333416] kernel: pnp: PnP ACPI init
[    0.333635] kernel: pnp 00:00: Plug and Play ACPI device, IDs PNP0b00 (active)
[    0.333656] kernel: pnp 00:01: Plug and Play ACPI device, IDs PNP0303 (active)
[    0.333672] kernel: pnp 00:02: Plug and Play ACPI device, IDs PNP0f13 (active)
[    0.333679] kernel: pnp 00:03: [dma 2]
[    0.333685] kernel: pnp 00:03: Plug and Play ACPI device, IDs PNP0700 (active)
[    0.333737] kernel: pnp 00:04: Plug and Play ACPI device, IDs PNP0501 (active)
[    0.333882] kernel: pnp: PnP ACPI: found 5 devices
[    0.336054] kernel: thermal_sys: Registered thermal governor 'fair_share'
[    0.336055] kernel: thermal_sys: Registered thermal governor 'bang_bang'
[    0.336309] kernel: thermal_sys: Registered thermal governor 'step_wise'
[    0.336534] kernel: thermal_sys: Registered thermal governor 'user_space'
[    0.336758] kernel: thermal_sys: Registered thermal governor 'power_allocator'
[    0.341637] kernel: clocksource: acpi_pm: mask: 0xffffff max_cycles: 0xffffff, max_idle_ns: 2085701024 ns
[    0.342262] kernel: pci_bus 0000:00: resource 4 [io  0x0000-0x0cf7 window]
[    0.342498] kernel: pci_bus 0000:00: resource 5 [io  0x0d00-0xffff window]
[    0.342728] kernel: pci_bus 0000:00: resource 6 [mem 0x000a0000-0x000bffff window]
[    0.343018] kernel: pci_bus 0000:00: resource 7 [mem 0xc0000000-0xfebfffff window]
[    0.343290] kernel: pci_bus 0000:00: resource 8 [mem 0x440000000-0x4bfffffff window]
[    0.343603] kernel: NET: Registered protocol family 2
[    0.343957] kernel: IP idents hash table entries: 262144 (order: 9, 2097152 bytes, linear)
[    0.345414] kernel: tcp_listen_portaddr_hash hash table entries: 8192 (order: 5, 131072 bytes, linear)
[    0.345888] kernel: TCP established hash table entries: 131072 (order: 8, 1048576 bytes, linear)
[    0.346307] kernel: TCP bind hash table entries: 65536 (order: 8, 1048576 bytes, linear)
[    0.346688] kernel: TCP: Hash tables configured (established 131072 bind 65536)
[    0.346966] kernel: UDP hash table entries: 8192 (order: 6, 262144 bytes, linear)
[    0.347277] kernel: UDP-Lite hash table entries: 8192 (order: 6, 262144 bytes, linear)
[    0.347760] kernel: NET: Registered protocol family 1
[    0.347965] kernel: NET: Registered protocol family 44
[    0.348174] kernel: pci 0000:00:01.0: PIIX3: Enabling Passive Release
[    0.348432] kernel: pci 0000:00:00.0: Limiting direct PCI/PCI transfers
[    0.348683] kernel: pci 0000:00:01.0: Activating ISA DMA hang workarounds
[    0.349012] kernel: pci 0000:00:02.0: Video device with shadowed ROM at [mem 0x000c0000-0x000dffff]
[    0.366272] kernel: PCI Interrupt Link [LNKB] enabled at IRQ 10
[    0.383303] kernel: pci 0000:00:0a.0: quirk_usb_early_handoff+0x0/0x670 took 33084 usecs
[    0.400212] kernel: PCI Interrupt Link [LNKC] enabled at IRQ 11
[    0.416943] kernel: pci 0000:00:0a.1: quirk_usb_early_handoff+0x0/0x670 took 32511 usecs
[    0.433950] kernel: PCI Interrupt Link [LNKD] enabled at IRQ 11
[    0.450739] kernel: pci 0000:00:0a.2: quirk_usb_early_handoff+0x0/0x670 took 32494 usecs
[    0.467556] kernel: PCI Interrupt Link [LNKA] enabled at IRQ 10
[    0.484259] kernel: pci 0000:00:0a.7: quirk_usb_early_handoff+0x0/0x670 took 32388 usecs
[    0.484638] kernel: PCI: CLS 0 bytes, default 64
[    0.485035] kernel: Trying to unpack rootfs image as initramfs...
[    0.619658] kernel: Freeing initrd memory: 82436K
[    0.619923] kernel: PCI-DMA: Using software bounce buffering for IO (SWIOTLB)
[    0.620154] kernel: software IO TLB: mapped [mem 0xbbecb000-0xbfecb000] (64MB)
[    0.620498] kernel: clocksource: tsc: mask: 0xffffffffffffffff max_cycles: 0x3c8a615336c, max_idle_ns: 440795257976 ns
[    0.620921] kernel: check: Scanning for low memory corruption every 60 seconds
[    0.621451] kernel: Initialise system trusted keyrings
[    0.621663] kernel: Key type blacklist registered
[    0.621887] kernel: workingset: timestamp_bits=36 max_order=22 bucket_order=0
[    0.622824] kernel: zbud: loaded
[    0.623278] kernel: squashfs: version 4.0 (2009/01/31) Phillip Lougher
[    0.623710] kernel: fuse: init (API version 7.31)
[    0.623910] kernel: *** VALIDATE fuse ***
[    0.624081] kernel: *** VALIDATE fuse ***
[    0.624363] kernel: Platform Keyring initialized
[    0.626414] kernel: Key type asymmetric registered
[    0.626629] kernel: Asymmetric key parser 'x509' registered
[    0.626840] kernel: Block layer SCSI generic (bsg) driver version 0.4 loaded (major 244)
[    0.627334] kernel: io scheduler mq-deadline registered
[    0.627641] kernel: shpchp: Standard Hot Plug PCI Controller Driver version: 0.4
[    0.627929] kernel: intel_idle: Please enable MWAIT in BIOS SETUP
[    0.627987] kernel: input: Power Button as /devices/LNXSYSTM:00/LNXPWRBN:00/input/input0
[    0.628360] kernel: ACPI: Power Button [PWRF]
[    0.838135] kernel: Serial: 8250/16550 driver, 32 ports, IRQ sharing enabled
[    0.861128] kernel: 00:04: ttyS0 at I/O 0x3f8 (irq = 4, base_baud = 115200) is a 16550A
[    0.862888] kernel: Linux agpgart interface v0.103
[    0.988369] kernel: loop: module loaded
[    0.988806] kernel: ata_piix 0000:00:01.1: version 2.13
[    0.989568] kernel: scsi host0: ata_piix
[    0.989906] kernel: scsi host1: ata_piix
[    0.990171] kernel: ata1: PATA max MWDMA2 cmd 0x1f0 ctl 0x3f6 bmdma 0xc260 irq 14
[    0.990483] kernel: ata2: PATA max MWDMA2 cmd 0x170 ctl 0x376 bmdma 0xc268 irq 15
[    0.990927] kernel: libphy: Fixed MDIO Bus: probed
[    0.991324] kernel: tun: Universal TUN/TAP device driver, 1.6
[    0.991889] kernel: PPP generic driver version 2.4.2
[    0.992226] kernel: VFIO - User Level meta-driver version: 0.3
[    0.992572] kernel: ehci_hcd: USB 2.0 'Enhanced' Host Controller (EHCI) Driver
[    0.992875] kernel: ehci-pci: EHCI PCI platform driver
[    1.018264] kernel: ehci-pci 0000:00:0a.7: EHCI Host Controller
[    1.018575] kernel: ehci-pci 0000:00:0a.7: new USB bus registered, assigned bus number 1
[    1.019135] kernel: ehci-pci 0000:00:0a.7: irq 10, io mem 0xfeb98000
[    1.032377] kernel: ehci-pci 0000:00:0a.7: USB 2.0 started, EHCI 1.00
[    1.032739] kernel: usb usb1: New USB device found, idVendor=1d6b, idProduct=0002, bcdDevice= 5.04
[    1.033159] kernel: usb usb1: New USB device strings: Mfr=3, Product=2, SerialNumber=1
[    1.033570] kernel: usb usb1: Product: EHCI Host Controller
[    1.033824] kernel: usb usb1: Manufacturer: Linux 5.4.0-97-generic ehci_hcd
[    1.034119] kernel: usb usb1: SerialNumber: 0000:00:0a.7
[    1.034549] kernel: hub 1-0:1.0: USB hub found
[    1.034817] kernel: hub 1-0:1.0: 6 ports detected
[    1.035386] kernel: ehci-platform: EHCI generic platform driver
[    1.035682] kernel: ohci_hcd: USB 1.1 'Open' Host Controller (OHCI) Driver
[    1.036004] kernel: ohci-pci: OHCI PCI platform driver
[    1.036270] kernel: ohci-platform: OHCI generic platform driver
[    1.036562] kernel: uhci_hcd: USB Universal Host Controller Interface driver
[    1.062680] kernel: uhci_hcd 0000:00:0a.0: UHCI Host Controller
[    1.062964] kernel: uhci_hcd 0000:00:0a.0: new USB bus registered, assigned bus number 2
[    1.063397] kernel: uhci_hcd 0000:00:0a.0: detected 2 ports
[    1.063726] kernel: uhci_hcd 0000:00:0a.0: irq 10, io base 0x0000c1e0
[    1.064105] kernel: usb usb2: New USB device found, idVendor=1d6b, idProduct=0001, bcdDevice= 5.04
[    1.064555] kernel: usb usb2: New USB device strings: Mfr=3, Product=2, SerialNumber=1
[    1.064946] kernel: usb usb2: Product: UHCI Host Controller
[    1.065221] kernel: usb usb2: Manufacturer: Linux 5.4.0-97-generic uhci_hcd
[    1.065521] kernel: usb usb2: SerialNumber: 0000:00:0a.0
[    1.066093] kernel: hub 2-0:1.0: USB hub found
[    1.067283] kernel: hub 2-0:1.0: 2 ports detected
[    1.093544] kernel: uhci_hcd 0000:00:0a.1: UHCI Host Controller
[    1.093833] kernel: uhci_hcd 0000:00:0a.1: new USB bus registered, assigned bus number 3
[    1.094261] kernel: uhci_hcd 0000:00:0a.1: detected 2 ports
[    1.094613] kernel: uhci_hcd 0000:00:0a.1: irq 11, io base 0x0000c200
[    1.095014] kernel: usb usb3: New USB device found, idVendor=1d6b, idProduct=0001, bcdDevice= 5.04
[    1.095613] kernel: usb usb3: New USB device strings: Mfr=3, Product=2, SerialNumber=1
[    1.096035] kernel: usb usb3: Product: UHCI Host Controller
[    1.096330] kernel: usb usb3: Manufacturer: Linux 5.4.0-97-generic uhci_hcd
[    1.096630] kernel: usb usb3: SerialNumber: 0000:00:0a.1
[    1.097012] kernel: hub 3-0:1.0: USB hub found
[    1.097278] kernel: hub 3-0:1.0: 2 ports detected
[    1.124184] kernel: uhci_hcd 0000:00:0a.2: UHCI Host Controller
[    1.124504] kernel: uhci_hcd 0000:00:0a.2: new USB bus registered, assigned bus number 4
[    1.124926] kernel: uhci_hcd 0000:00:0a.2: detected 2 ports
[    1.125265] kernel: uhci_hcd 0000:00:0a.2: irq 11, io base 0x0000c220
[    1.125648] kernel: usb usb4: New USB device found, idVendor=1d6b, idProduct=0001, bcdDevice= 5.04
[    1.126072] kernel: usb usb4: New USB device strings: Mfr=3, Product=2, SerialNumber=1
[    1.126506] kernel: usb usb4: Product: UHCI Host Controller
[    1.126792] kernel: usb usb4: Manufacturer: Linux 5.4.0-97-generic uhci_hcd
[    1.127121] kernel: usb usb4: SerialNumber: 0000:00:0a.2
[    1.127536] kernel: hub 4-0:1.0: USB hub found
[    1.127800] kernel: hub 4-0:1.0: 2 ports detected
[    1.128237] kernel: i8042: PNP: PS/2 Controller [PNP0303:KBD,PNP0f13:MOU] at 0x60,0x64 irq 1,12
[    1.129420] kernel: serio: i8042 KBD port at 0x60,0x64 irq 1
[    1.129737] kernel: serio: i8042 AUX port at 0x60,0x64 irq 12
[    1.130221] kernel: mousedev: PS/2 mouse device common for all mice
[    1.130833] kernel: input: AT Translated Set 2 keyboard as /devices/platform/i8042/serio0/input/input1
[    1.132455] kernel: rtc_cmos 00:00: RTC can wake from S4
[    1.143314] kernel: rtc_cmos 00:00: registered as rtc0
[    1.143591] kernel: rtc_cmos 00:00: alarms up to one day, y3k, 114 bytes nvram
[    1.143910] kernel: i2c /dev entries driver
[    1.144205] kernel: device-mapper: uevent: version 1.0.3
[    1.144558] kernel: device-mapper: ioctl: 4.41.0-ioctl (2019-09-16) initialised: dm-devel@redhat.com
[    1.145045] kernel: platform eisa.0: Probing EISA bus 0
[    1.145302] kernel: platform eisa.0: EISA: Cannot allocate resource for mainboard
[    1.145626] kernel: platform eisa.0: Cannot allocate resource for EISA slot 1
[    1.145924] kernel: platform eisa.0: Cannot allocate resource for EISA slot 2
[    1.146226] kernel: platform eisa.0: Cannot allocate resource for EISA slot 3
[    1.146535] kernel: platform eisa.0: Cannot allocate resource for EISA slot 4
[    1.146846] kernel: platform eisa.0: Cannot allocate resource for EISA slot 5
[    1.147295] kernel: platform eisa.0: Cannot allocate resource for EISA slot 6
[    1.147611] kernel: platform eisa.0: Cannot allocate resource for EISA slot 7
[    1.147911] kernel: platform eisa.0: Cannot allocate resource for EISA slot 8
[    1.148216] kernel: platform eisa.0: EISA: Detected 0 cards
[    1.148654] kernel: intel_pstate: CPU model not supported
[    1.148950] kernel: ledtrig-cpu: registered to indicate activity on CPUs
[    1.149370] kernel: intel_pmc_core intel_pmc_core.0:  initialized
[    1.149682] kernel: drop_monitor: Initializing network drop monitor service
[    1.150144] kernel: NET: Registered protocol family 10
[    1.156555] kernel: Segment Routing with IPv6
[    1.156840] kernel: NET: Registered protocol family 17
[    1.157155] kernel: Key type dns_resolver registered
[    1.157578] kernel: RAS: Correctable Errors collector initialized.
[    1.157882] kernel: IPI shorthand broadcast: enabled
[    1.158134] kernel: sched_clock: Marking stable (1119369184, 38128465)->(1213081283, -55583634)
[    1.158636] kernel: registered taskstats version 1
[    1.158893] kernel: Loading compiled-in X.509 certificates
[    1.159930] kernel: Loaded X.509 cert 'Build time autogenerated kernel key: e5ea7ed5422103bd507f8d0ea094986d4f0e9164'
[    1.160986] kernel: Loaded X.509 cert 'Canonical Ltd. Live Patch Signing: 14df34d1a87cf37625abec039ef2bf521249b969'
[    1.162002] kernel: Loaded X.509 cert 'Canonical Ltd. Kernel Module Signing: 88f752e560a1e0737e31163a466ad7b70a850c19'
[    1.162495] kernel: blacklist: Loading compiled-in revocation X.509 certificates
[    1.162856] kernel: Loaded X.509 cert 'Canonical Ltd. Secure Boot Signing: 61482aa2830d0ab2ad5af10b7250da9033ddcef0'
[    1.163345] kernel: zswap: loaded using pool lzo/zbud
[    1.163708] kernel: Key type ._fscrypt registered
[    1.163957] kernel: Key type .fscrypt registered
[    1.169414] kernel: Key type big_key registered
[    1.172481] kernel: Key type encrypted registered
[    1.172753] kernel: AppArmor: AppArmor sha1 policy hashing enabled
[    1.173047] kernel: ima: No TPM chip found, activating TPM-bypass!
[    1.173359] kernel: ima: Allocated hash algorithm: sha1
[    1.173617] kernel: ima: No architecture policies found
[    1.173878] kernel: evm: Initialising EVM extended attributes:
[    1.174153] kernel: evm: security.selinux
[    1.174376] kernel: evm: security.SMACK64
[    1.174653] kernel: evm: security.SMACK64EXEC
[    1.174881] kernel: evm: security.SMACK64TRANSMUTE
[    1.175126] kernel: evm: security.SMACK64MMAP
[    1.175339] kernel: evm: security.apparmor
[    1.175576] kernel: evm: security.ima
[    1.175798] kernel: evm: security.capability
[    1.176038] kernel: evm: HMAC attrs: 0x1
[    1.176623] kernel: PM:   Magic number: 10:566:653
[    1.176919] kernel: vc vcsu1: hash matches
[    1.177288] kernel: rtc_cmos 00:00: setting system clock to 2022-02-09T22:38:09 UTC (1644446289)
[    1.178547] kernel: Freeing unused decrypted memory: 2040K
[    1.179524] kernel: Freeing unused kernel image memory: 2752K
[    1.200366] kernel: Write protecting the kernel read-only data: 26624k
[    1.201624] kernel: Freeing unused kernel image memory: 2008K
[    1.202062] kernel: Freeing unused kernel image memory: 740K
[    1.212864] kernel: x86/mm: Checked W+X mappings: passed, no W+X pages found.
[    1.213207] kernel: x86/mm: Checking user space page tables
[    1.223443] kernel: x86/mm: Checked W+X mappings: passed, no W+X pages found.
[    1.223790] kernel: Run /init as init process
[    1.310548] kernel: piix4_smbus 0000:00:01.3: SMBus Host Controller at 0x700, revision 0
[    1.319652] kernel: FDC 0 is a S82078B
[    1.333300] kernel: virtio_blk virtio7: [vda] 629145600 512-byte logical blocks (322 GB/300 GiB)
[    1.342385] kernel: input: VirtualPS/2 VMware VMMouse as /devices/platform/i8042/serio1/input/input4
[    1.343162] kernel: input: VirtualPS/2 VMware VMMouse as /devices/platform/i8042/serio1/input/input3
[    1.361959] kernel: cryptd: max_cpu_qlen set to 1000
[    1.366144] kernel:  vda: vda1 vda2
[    1.366734] kernel: AVX2 version of gcm_enc/dec engaged.
[    1.367030] kernel: AES CTR mode by8 optimization enabled
[    1.378272] kernel: cirrus 0000:00:02.0: remove_conflicting_pci_framebuffers: bar 0: 0xfc000000 -> 0xfdffffff
[    1.384929] kernel: cirrus 0000:00:02.0: remove_conflicting_pci_framebuffers: bar 1: 0xfeb90000 -> 0xfeb90fff
[    1.389596] kernel: virtio_blk virtio8: [vdb] 209715200 512-byte logical blocks (107 GB/100 GiB)
[    1.402335] kernel: cirrus 0000:00:02.0: vgaarb: deactivate vga console
[    1.402877] kernel:  vdb: vdb1 vdb2
[    1.433230] kernel: virtio_blk virtio9: [vdc] 209715200 512-byte logical blocks (107 GB/100 GiB)
[    1.433523] kernel: Console: switching to colour dummy device 80x25
[    1.433726] kernel: [drm] Initialized cirrus 2.0.0 2019 for 0000:00:02.0 on minor 0
[    1.434049] kernel: fbcon: cirrusdrmfb (fb0) is primary device
[    1.436770] kernel: Console: switching to colour frame buffer device 128x48
[    1.439537] kernel: cirrus 0000:00:02.0: fb0: cirrusdrmfb frame buffer device
[    1.453415] kernel: virtio_net virtio0 ens3: renamed from eth0
[    1.478212] kernel: virtio_net virtio6 ens9: renamed from eth6
[    1.481114] kernel: virtio_blk virtio11: [vdd] 209715200 512-byte logical blocks (107 GB/100 GiB)
[    1.493419] kernel: virtio_net virtio5 ens8: renamed from eth5
[    1.505056] kernel: virtio_net virtio2 ens5: renamed from eth2
[    1.515318] kernel: virtio_net virtio3 ens6: renamed from eth3
[    1.528991] kernel: virtio_net virtio4 ens7: renamed from eth4
[    1.537437] kernel: virtio_net virtio1 ens4: renamed from eth1
[    1.557158] kernel: bcache: register_bdev() registered backing device vdd
[    1.558233] kernel: bcache: register_bdev() registered backing device vdc
[    1.591830] kernel: bcache: bch_journal_replay() journal replay done, 3 keys in 4 entries, seq 319
[    1.600237] kernel: bcache: bch_cached_dev_attach() Caching vdc as bcache1 on set d7696818-1be9-4dea-9991-de95e24d7256
[    1.603752] kernel: bcache: bch_cached_dev_attach() Caching vdd as bcache0 on set d7696818-1be9-4dea-9991-de95e24d7256
[    1.603818] kernel: bcache: register_cache() registered cache device vdb2
[    1.756326] kernel: raid6: avx2x4   gen() 24696 MB/s
[    1.804323] kernel: raid6: avx2x4   xor() 14939 MB/s
[    1.852320] kernel: raid6: avx2x2   gen() 19478 MB/s
[    1.900318] kernel: raid6: avx2x2   xor() 15034 MB/s
[    1.948327] kernel: raid6: avx2x1   gen() 29358 MB/s
[    1.996321] kernel: raid6: avx2x1   xor() 19415 MB/s
[    2.044332] kernel: raid6: sse2x4   gen() 11861 MB/s
[    2.092328] kernel: raid6: sse2x4   xor()  7640 MB/s
[    2.140328] kernel: raid6: sse2x2   gen()  9889 MB/s
[    2.188322] kernel: raid6: sse2x2   xor()  7189 MB/s
[    2.236350] kernel: raid6: sse2x1   gen()  8775 MB/s
[    2.284318] kernel: raid6: sse2x1   xor()  7609 MB/s
[    2.284530] kernel: raid6: using algorithm avx2x1 gen() 29358 MB/s
[    2.284738] kernel: raid6: .... xor() 19415 MB/s, rmw enabled
[    2.284998] kernel: raid6: using avx2x2 recovery algorithm
[    2.286267] kernel: xor: automatically using best checksumming function   avx       
[    2.287884] kernel: async_tx: api initialized (async)
[    2.336005] kernel: Btrfs loaded, crc32c=crc32c-intel
[    2.382708] kernel: EXT4-fs (vda2): mounted filesystem with ordered data mode. Opts: (null)
[    2.589609] systemd[1]: Inserted module 'autofs4'
[    2.605462] systemd[1]: systemd 245.4-4ubuntu3.15 running in system mode. (+PAM +AUDIT +SELINUX +IMA +APPARMOR +SMACK +SYSVINIT +UTMP +LIBCRYPTSETUP +GCRYPT +GNUTLS +ACL +XZ +LZ4 +SECCOMP +BLKID +ELFUTILS +KMOD +IDN2 -IDN +PCRE2 default-hierarchy=hybrid)
[    2.606541] systemd[1]: Detected virtualization kvm.
[    2.606895] systemd[1]: Detected architecture x86-64.
[    2.629250] systemd[1]: Set hostname to <compute4>.
[    2.883876] systemd[1]: Created slice Virtual Machine and Container Slice.
[    2.889635] systemd[1]: Created slice system-ceph\x2dvolume.slice.
[    2.890828] systemd[1]: Created slice system-modprobe.slice.
[    2.892200] systemd[1]: Created slice system-vaultlocker\x2ddecrypt.slice.
[    2.897931] systemd[1]: Created slice User and Session Slice.
[    2.898825] systemd[1]: Started Forward Password Requests to Wall Directory Watch.
[    2.899966] systemd[1]: Set up automount Arbitrary Executable File Formats File System Automount Point.
[    2.904812] systemd[1]: Reached target ceph target allowing to start/stop all ceph-mon@.service instances at once.
[    2.905860] systemd[1]: Reached target ceph target allowing to start/stop all ceph-mds@.service instances at once.
[    2.906894] systemd[1]: Reached target ceph target allowing to start/stop all ceph-mgr@.service instances at once.
[    2.907997] systemd[1]: Reached target ceph target allowing to start/stop all ceph-osd@.service instances at once.
[    2.913661] systemd[1]: Reached target ceph target allowing to start/stop all ceph-radosgw@.service instances at once.
[    2.914897] systemd[1]: Reached target User and Group Name Lookups.
[    2.916115] systemd[1]: Reached target Slices.
[    2.925400] systemd[1]: Reached target Libvirt guests shutdown.
[    2.926675] systemd[1]: Listening on Device-mapper event daemon FIFOs.
[    2.927937] systemd[1]: Listening on LVM2 poll daemon socket.
[    2.929186] systemd[1]: Listening on multipathd control socket.
[    2.936111] systemd[1]: Listening on RPCbind Server Activation Socket.
[    2.942686] systemd[1]: Listening on Syslog Socket.
[    2.943908] systemd[1]: Listening on initctl Compatibility Named Pipe.
[    2.945185] systemd[1]: Listening on Journal Audit Socket.
[    2.946378] systemd[1]: Listening on Journal Socket (/dev/log).
[    2.947604] systemd[1]: Listening on Journal Socket.
[    2.953928] systemd[1]: Listening on Network Service Netlink Socket.
[    2.955180] systemd[1]: Listening on udev Control Socket.
[    2.956800] systemd[1]: Listening on udev Kernel Socket.
[    2.961377] systemd[1]: Mounting Huge Pages File System...
[    2.963521] systemd[1]: Mounting POSIX Message Queue File System...
[    2.971098] systemd[1]: Mounting RPC Pipe File System...
[    2.973795] systemd[1]: Mounting Kernel Debug File System...
[    2.976861] systemd[1]: Mounting Kernel Trace File System...
[    2.979319] systemd[1]: Starting Journal Service...
[    2.981776] systemd[1]: Starting Set the console keyboard layout...
[    2.984151] systemd[1]: Starting Create list of static device nodes for the current kernel...
[    2.993925] systemd[1]: Starting Monitoring of LVM2 mirrors, snapshots etc. using dmeventd or progress polling...
[    2.996188] systemd[1]: Condition check resulted in Load Kernel Module drm being skipped.
[    2.998656] kernel: RPC: Registered named UNIX socket transport module.
[    2.999071] kernel: RPC: Registered udp transport module.
[    2.999477] kernel: RPC: Registered tcp transport module.
[    2.999904] kernel: RPC: Registered tcp NFSv4.1 backchannel transport module.
[    3.003102] systemd[1]: Condition check resulted in Set Up Additional Binary Formats being skipped.
[    3.005431] systemd[1]: Starting Load Kernel Modules...
[    3.008500] systemd[1]: Starting Remount Root and Kernel File Systems...
[    3.010487] systemd[1]: Starting udev Coldplug all Devices...
[    3.020439] systemd[1]: Starting Uncomplicated firewall...
[    3.021355] kernel: EXT4-fs (vda2): re-mounted. Opts: (null)
[    3.028249] systemd[1]: Mounted Huge Pages File System.
[    3.037745] systemd[1]: Mounted POSIX Message Queue File System.
[    3.038900] systemd[1]: Mounted RPC Pipe File System.
[    3.039992] systemd[1]: Mounted Kernel Debug File System.
[    3.047645] systemd[1]: Mounted Kernel Trace File System.
[    3.050840] systemd[1]: Finished Create list of static device nodes for the current kernel.
[    3.053315] systemd[1]: Finished Load Kernel Modules.
[    3.055722] systemd[1]: Finished Remount Root and Kernel File Systems.
[    3.058070] systemd[1]: Finished Uncomplicated firewall.
[    3.061591] systemd[1]: Activating swap /swap.img...
[    3.065422] systemd[1]: Mounting FUSE Control File System...
[    3.071126] systemd[1]: Mounting Kernel Configuration File System...
[    3.073201] systemd[1]: Condition check resulted in Rebuild Hardware Database being skipped.
[    3.074103] systemd[1]: Condition check resulted in Platform Persistent Storage Archival being skipped.
[    3.076979] systemd[1]: Starting Load/Save Random Seed...
[    3.082592] systemd[1]: Starting Apply Kernel Variables...
[    3.087462] systemd[1]: Starting Create System Users...
[    3.099289] systemd[1]: Mounted FUSE Control File System.
[    3.106760] systemd[1]: Finished Monitoring of LVM2 mirrors, snapshots etc. using dmeventd or progress polling.
[    3.108804] systemd[1]: Mounted Kernel Configuration File System.
[    3.127828] systemd[1]: Finished Load/Save Random Seed.
[    3.133625] systemd[1]: Finished Create System Users.
[    3.135245] systemd[1]: Starting Create Static Device Nodes in /dev...
[    3.149667] systemd[1]: Finished Apply Kernel Variables.
[    3.153691] systemd[1]: Finished Create Static Device Nodes in /dev.
[    3.155287] systemd[1]: Starting udev Kernel Device Manager...
[    3.200453] systemd[1]: Started Journal Service.
[    3.309142] kernel: Adding 4194300k swap on /swap.img.  Priority:-2 extents:6 across:4612092k FS
[    3.854020] kernel: bcache: register_bcache() error : device already registered (emitting change event)
[    3.856774] kernel: bcache: register_bcache() error : device already registered (emitting change event)
[    3.977206] kernel: bcache: register_bcache() error : device already registered
[    4.033160] kernel: alua: device handler registered
[    4.034142] kernel: emc: device handler registered
[    4.034964] kernel: rdac: device handler registered
[    4.228320] kernel: audit: type=1400 audit(1644446292.544:2): apparmor="STATUS" operation="profile_load" profile="unconfined" name="/usr/sbin/tcpdump" pid=670 comm="apparmor_parser"
[    4.232999] kernel: audit: type=1400 audit(1644446292.552:3): apparmor="STATUS" operation="profile_load" profile="unconfined" name="/usr/lib/NetworkManager/nm-dhcp-client.action" pid=669 comm="apparmor_parser"
[    4.233002] kernel: audit: type=1400 audit(1644446292.552:4): apparmor="STATUS" operation="profile_load" profile="unconfined" name="/usr/lib/NetworkManager/nm-dhcp-helper" pid=669 comm="apparmor_parser"
[    4.233003] kernel: audit: type=1400 audit(1644446292.552:5): apparmor="STATUS" operation="profile_load" profile="unconfined" name="/usr/lib/connman/scripts/dhclient-script" pid=669 comm="apparmor_parser"
[    4.233004] kernel: audit: type=1400 audit(1644446292.552:6): apparmor="STATUS" operation="profile_load" profile="unconfined" name="/{,usr/}sbin/dhclient" pid=669 comm="apparmor_parser"
[    4.240494] kernel: audit: type=1400 audit(1644446292.556:7): apparmor="STATUS" operation="profile_load" profile="unconfined" name="libvirtd" pid=675 comm="apparmor_parser"
[    4.240497] kernel: audit: type=1400 audit(1644446292.556:8): apparmor="STATUS" operation="profile_load" profile="unconfined" name="libvirtd//qemu_bridge_helper" pid=675 comm="apparmor_parser"
[    4.250021] kernel: audit: type=1400 audit(1644446292.568:9): apparmor="STATUS" operation="profile_load" profile="unconfined" name="virt-aa-helper" pid=677 comm="apparmor_parser"
[    4.257717] kernel: audit: type=1400 audit(1644446292.576:10): apparmor="STATUS" operation="profile_load" profile="unconfined" name="lsb_release" pid=682 comm="apparmor_parser"
[    5.765002] kernel: bridge: filtering via arp/ip/ip6tables is no longer available by default. Update your scripts to load br_netfilter if you need this.
[    5.806599] kernel: br-ens3: port 1(ens3) entered blocking state
[    5.806601] kernel: br-ens3: port 1(ens3) entered disabled state
[    5.806671] kernel: device ens3 entered promiscuous mode
[    5.885317] kernel: br-ens3: port 1(ens3) entered blocking state
[    5.885319] kernel: br-ens3: port 1(ens3) entered forwarding state
[    5.966980] kernel: openvswitch: Open vSwitch switching datapath
[    6.042893] kernel: device ovs-system entered promiscuous mode
[    6.048469] kernel: Timeout policy base is empty
[    6.048471] kernel: Failed to associated timeout policy `ovs_test_tp'
[    6.104238] kernel: device br-tun entered promiscuous mode
[    6.114074] kernel: device br-int entered promiscuous mode
[    6.121993] kernel: device br-ex entered promiscuous mode
[    6.122201] kernel: device ens7 entered promiscuous mode
[    6.130226] kernel: device br-data entered promiscuous mode
[   10.061283] kernel: bpfilter: Loaded bpfilter_umh pid 1201
[   10.061767] unknown: Started bpfilter
