Feb  4 09:34:10 compute4 kernel: [    0.000000] Linux version 5.4.0-97-generic (buildd@lcy02-amd64-032) (gcc version 9.3.0 (Ubuntu 9.3.0-17ubuntu1~20.04)) #110-Ubuntu SMP Thu Jan 13 18:22:13 UTC 2022 (Ubuntu 5.4.0-97.110-generic 5.4.162)
Feb  4 09:34:10 compute4 kernel: [    0.000000] Command line: BOOT_IMAGE=/boot/vmlinuz-5.4.0-97-generic root=UUID=51babbe8-f78f-46a4-8830-d351c3830325 ro
Feb  4 09:34:10 compute4 kernel: [    0.000000] KERNEL supported cpus:
Feb  4 09:34:10 compute4 kernel: [    0.000000]   Intel GenuineIntel
Feb  4 09:34:10 compute4 kernel: [    0.000000]   AMD AuthenticAMD
Feb  4 09:34:10 compute4 kernel: [    0.000000]   Hygon HygonGenuine
Feb  4 09:34:10 compute4 kernel: [    0.000000]   Centaur CentaurHauls
Feb  4 09:34:10 compute4 kernel: [    0.000000]   zhaoxin   Shanghai  
Feb  4 09:34:10 compute4 kernel: [    0.000000] x86/fpu: Supporting XSAVE feature 0x001: 'x87 floating point registers'
Feb  4 09:34:10 compute4 kernel: [    0.000000] x86/fpu: Supporting XSAVE feature 0x002: 'SSE registers'
Feb  4 09:34:10 compute4 kernel: [    0.000000] x86/fpu: Supporting XSAVE feature 0x004: 'AVX registers'
Feb  4 09:34:10 compute4 kernel: [    0.000000] x86/fpu: Supporting XSAVE feature 0x008: 'MPX bounds registers'
Feb  4 09:34:10 compute4 kernel: [    0.000000] x86/fpu: Supporting XSAVE feature 0x010: 'MPX CSR'
Feb  4 09:34:10 compute4 kernel: [    0.000000] x86/fpu: xstate_offset[2]:  576, xstate_sizes[2]:  256
Feb  4 09:34:10 compute4 kernel: [    0.000000] x86/fpu: xstate_offset[3]:  832, xstate_sizes[3]:   64
Feb  4 09:34:10 compute4 kernel: [    0.000000] x86/fpu: xstate_offset[4]:  896, xstate_sizes[4]:   64
Feb  4 09:34:10 compute4 kernel: [    0.000000] x86/fpu: Enabled xstate features 0x1f, context size is 960 bytes, using 'compacted' format.
Feb  4 09:34:10 compute4 kernel: [    0.000000] BIOS-provided physical RAM map:
Feb  4 09:34:10 compute4 kernel: [    0.000000] BIOS-e820: [mem 0x0000000000000000-0x000000000009c3ff] usable
Feb  4 09:34:10 compute4 kernel: [    0.000000] BIOS-e820: [mem 0x00000000000f0000-0x00000000000fffff] reserved
Feb  4 09:34:10 compute4 kernel: [    0.000000] BIOS-e820: [mem 0x0000000000100000-0x00000000bfecafff] usable
Feb  4 09:34:10 compute4 kernel: [    0.000000] BIOS-e820: [mem 0x00000000bff78000-0x00000000bffd2fff] usable
Feb  4 09:34:10 compute4 kernel: [    0.000000] BIOS-e820: [mem 0x00000000bffd3000-0x00000000bfffffff] reserved
Feb  4 09:34:10 compute4 kernel: [    0.000000] BIOS-e820: [mem 0x00000000feffc000-0x00000000feffffff] reserved
Feb  4 09:34:10 compute4 kernel: [    0.000000] BIOS-e820: [mem 0x00000000fffc0000-0x00000000ffffffff] reserved
Feb  4 09:34:10 compute4 kernel: [    0.000000] BIOS-e820: [mem 0x0000000100000000-0x000000043fffffff] usable
Feb  4 09:34:10 compute4 kernel: [    0.000000] NX (Execute Disable) protection: active
Feb  4 09:34:10 compute4 kernel: [    0.000000] SMBIOS 2.8 present.
Feb  4 09:34:10 compute4 kernel: [    0.000000] DMI: QEMU Standard PC (i440FX + PIIX, 1996), BIOS 1.10.2-1ubuntu1 04/01/2014
Feb  4 09:34:10 compute4 kernel: [    0.000000] Hypervisor detected: KVM
Feb  4 09:34:10 compute4 kernel: [    0.000000] kvm-clock: Using msrs 4b564d01 and 4b564d00
Feb  4 09:34:10 compute4 kernel: [    0.000000] kvm-clock: cpu 0, msr 2b3601001, primary cpu clock
Feb  4 09:34:10 compute4 kernel: [    0.000000] kvm-clock: using sched offset of 183814092131 cycles
Feb  4 09:34:10 compute4 kernel: [    0.000004] clocksource: kvm-clock: mask: 0xffffffffffffffff max_cycles: 0x1cd42e4dffb, max_idle_ns: 881590591483 ns
Feb  4 09:34:10 compute4 kernel: [    0.000012] tsc: Detected 4200.000 MHz processor
Feb  4 09:34:10 compute4 kernel: [    0.001100] e820: update [mem 0x00000000-0x00000fff] usable ==> reserved
Feb  4 09:34:10 compute4 kernel: [    0.001101] e820: remove [mem 0x000a0000-0x000fffff] usable
Feb  4 09:34:10 compute4 kernel: [    0.001104] last_pfn = 0x440000 max_arch_pfn = 0x400000000
Feb  4 09:34:10 compute4 kernel: [    0.001125] MTRR default type: write-back
Feb  4 09:34:10 compute4 kernel: [    0.001125] MTRR fixed ranges enabled:
Feb  4 09:34:10 compute4 kernel: [    0.001126]   00000-9FFFF write-back
Feb  4 09:34:10 compute4 kernel: [    0.001127]   A0000-BFFFF uncachable
Feb  4 09:34:10 compute4 kernel: [    0.001127]   C0000-FFFFF write-protect
Feb  4 09:34:10 compute4 kernel: [    0.001127] MTRR variable ranges enabled:
Feb  4 09:34:10 compute4 kernel: [    0.001128]   0 base 00C0000000 mask FFC0000000 uncachable
Feb  4 09:34:10 compute4 kernel: [    0.001129]   1 disabled
Feb  4 09:34:10 compute4 kernel: [    0.001129]   2 disabled
Feb  4 09:34:10 compute4 kernel: [    0.001129]   3 disabled
Feb  4 09:34:10 compute4 kernel: [    0.001129]   4 disabled
Feb  4 09:34:10 compute4 kernel: [    0.001130]   5 disabled
Feb  4 09:34:10 compute4 kernel: [    0.001130]   6 disabled
Feb  4 09:34:10 compute4 kernel: [    0.001130]   7 disabled
Feb  4 09:34:10 compute4 kernel: [    0.001138] x86/PAT: Configuration [0-7]: WB  WC  UC- UC  WB  WP  UC- WT  
Feb  4 09:34:10 compute4 kernel: [    0.001148] last_pfn = 0xbffd3 max_arch_pfn = 0x400000000
Feb  4 09:34:10 compute4 kernel: [    0.007340] found SMP MP-table at [mem 0x000f6a10-0x000f6a1f]
Feb  4 09:34:10 compute4 kernel: [    0.007466] check: Scanning 1 areas for low memory corruption
Feb  4 09:34:10 compute4 kernel: [    0.007491] Using GB pages for direct mapping
Feb  4 09:34:10 compute4 kernel: [    0.007599] RAMDISK: [mem 0x2deed000-0x32f6dfff]
Feb  4 09:34:10 compute4 kernel: [    0.007612] ACPI: Early table checksum verification disabled
Feb  4 09:34:10 compute4 kernel: [    0.007627] ACPI: RSDP 0x00000000000F67D0 000014 (v00 BOCHS )
Feb  4 09:34:10 compute4 kernel: [    0.007632] ACPI: RSDT 0x00000000BFFE15A9 00002C (v01 BOCHS  BXPCRSDT 00000001 BXPC 00000001)
Feb  4 09:34:10 compute4 kernel: [    0.007637] ACPI: FACP 0x00000000BFFE1435 000074 (v01 BOCHS  BXPCFACP 00000001 BXPC 00000001)
Feb  4 09:34:10 compute4 kernel: [    0.007645] ACPI: DSDT 0x00000000BFFE0040 0013F5 (v01 BOCHS  BXPCDSDT 00000001 BXPC 00000001)
Feb  4 09:34:10 compute4 kernel: [    0.007648] ACPI: FACS 0x00000000BFFE0000 000040
Feb  4 09:34:10 compute4 kernel: [    0.007650] ACPI: APIC 0x00000000BFFE1529 000080 (v01 BOCHS  BXPCAPIC 00000001 BXPC 00000001)
Feb  4 09:34:10 compute4 kernel: [    0.007652] ACPI: Reserving FACP table memory at [mem 0xbffe1435-0xbffe14a8]
Feb  4 09:34:10 compute4 kernel: [    0.007653] ACPI: Reserving DSDT table memory at [mem 0xbffe0040-0xbffe1434]
Feb  4 09:34:10 compute4 kernel: [    0.007653] ACPI: Reserving FACS table memory at [mem 0xbffe0000-0xbffe003f]
Feb  4 09:34:10 compute4 kernel: [    0.007654] ACPI: Reserving APIC table memory at [mem 0xbffe1529-0xbffe15a8]
Feb  4 09:34:10 compute4 kernel: [    0.007669] ACPI: Local APIC address 0xfee00000
Feb  4 09:34:10 compute4 kernel: [    0.007919] No NUMA configuration found
Feb  4 09:34:10 compute4 kernel: [    0.007920] Faking a node at [mem 0x0000000000000000-0x000000043fffffff]
Feb  4 09:34:10 compute4 kernel: [    0.007927] NODE_DATA(0) allocated [mem 0x43ffd5000-0x43fffffff]
Feb  4 09:34:10 compute4 kernel: [    0.008088] Zone ranges:
Feb  4 09:34:10 compute4 kernel: [    0.008089]   DMA      [mem 0x0000000000001000-0x0000000000ffffff]
Feb  4 09:34:10 compute4 kernel: [    0.008090]   DMA32    [mem 0x0000000001000000-0x00000000ffffffff]
Feb  4 09:34:10 compute4 kernel: [    0.008091]   Normal   [mem 0x0000000100000000-0x000000043fffffff]
Feb  4 09:34:10 compute4 kernel: [    0.008091]   Device   empty
Feb  4 09:34:10 compute4 kernel: [    0.008092] Movable zone start for each node
Feb  4 09:34:10 compute4 kernel: [    0.008094] Early memory node ranges
Feb  4 09:34:10 compute4 kernel: [    0.008094]   node   0: [mem 0x0000000000001000-0x000000000009bfff]
Feb  4 09:34:10 compute4 kernel: [    0.008095]   node   0: [mem 0x0000000000100000-0x00000000bfecafff]
Feb  4 09:34:10 compute4 kernel: [    0.008096]   node   0: [mem 0x00000000bff78000-0x00000000bffd2fff]
Feb  4 09:34:10 compute4 kernel: [    0.008096]   node   0: [mem 0x0000000100000000-0x000000043fffffff]
Feb  4 09:34:10 compute4 kernel: [    0.008102] Zeroed struct page in unavailable ranges: 319 pages
Feb  4 09:34:10 compute4 kernel: [    0.008103] Initmem setup node 0 [mem 0x0000000000001000-0x000000043fffffff]
Feb  4 09:34:10 compute4 kernel: [    0.008104] On node 0 totalpages: 4193985
Feb  4 09:34:10 compute4 kernel: [    0.008106]   DMA zone: 64 pages used for memmap
Feb  4 09:34:10 compute4 kernel: [    0.008107]   DMA zone: 21 pages reserved
Feb  4 09:34:10 compute4 kernel: [    0.008107]   DMA zone: 3995 pages, LIFO batch:0
Feb  4 09:34:10 compute4 kernel: [    0.008135]   DMA32 zone: 12221 pages used for memmap
Feb  4 09:34:10 compute4 kernel: [    0.008135]   DMA32 zone: 782118 pages, LIFO batch:63
Feb  4 09:34:10 compute4 kernel: [    0.013896]   Normal zone: 53248 pages used for memmap
Feb  4 09:34:10 compute4 kernel: [    0.013897]   Normal zone: 3407872 pages, LIFO batch:63
Feb  4 09:34:10 compute4 kernel: [    0.038041] ACPI: PM-Timer IO Port: 0x608
Feb  4 09:34:10 compute4 kernel: [    0.038044] ACPI: Local APIC address 0xfee00000
Feb  4 09:34:10 compute4 kernel: [    0.038064] ACPI: LAPIC_NMI (acpi_id[0xff] dfl dfl lint[0x1])
Feb  4 09:34:10 compute4 kernel: [    0.038095] IOAPIC[0]: apic_id 0, version 17, address 0xfec00000, GSI 0-23
Feb  4 09:34:10 compute4 kernel: [    0.038098] ACPI: INT_SRC_OVR (bus 0 bus_irq 0 global_irq 2 dfl dfl)
Feb  4 09:34:10 compute4 kernel: [    0.038099] ACPI: INT_SRC_OVR (bus 0 bus_irq 5 global_irq 5 high level)
Feb  4 09:34:10 compute4 kernel: [    0.038100] ACPI: INT_SRC_OVR (bus 0 bus_irq 9 global_irq 9 high level)
Feb  4 09:34:10 compute4 kernel: [    0.038103] ACPI: INT_SRC_OVR (bus 0 bus_irq 10 global_irq 10 high level)
Feb  4 09:34:10 compute4 kernel: [    0.038103] ACPI: INT_SRC_OVR (bus 0 bus_irq 11 global_irq 11 high level)
Feb  4 09:34:10 compute4 kernel: [    0.038105] ACPI: IRQ0 used by override.
Feb  4 09:34:10 compute4 kernel: [    0.038105] ACPI: IRQ5 used by override.
Feb  4 09:34:10 compute4 kernel: [    0.038105] ACPI: IRQ9 used by override.
Feb  4 09:34:10 compute4 kernel: [    0.038106] ACPI: IRQ10 used by override.
Feb  4 09:34:10 compute4 kernel: [    0.038106] ACPI: IRQ11 used by override.
Feb  4 09:34:10 compute4 kernel: [    0.038107] Using ACPI (MADT) for SMP configuration information
Feb  4 09:34:10 compute4 kernel: [    0.038111] TSC deadline timer available
Feb  4 09:34:10 compute4 kernel: [    0.038115] smpboot: Allowing 2 CPUs, 0 hotplug CPUs
Feb  4 09:34:10 compute4 kernel: [    0.038141] PM: Registered nosave memory: [mem 0x00000000-0x00000fff]
Feb  4 09:34:10 compute4 kernel: [    0.038142] PM: Registered nosave memory: [mem 0x0009c000-0x000effff]
Feb  4 09:34:10 compute4 kernel: [    0.038142] PM: Registered nosave memory: [mem 0x000f0000-0x000fffff]
Feb  4 09:34:10 compute4 kernel: [    0.038143] PM: Registered nosave memory: [mem 0xbfecb000-0xbff77fff]
Feb  4 09:34:10 compute4 kernel: [    0.038144] PM: Registered nosave memory: [mem 0xbffd3000-0xbfffffff]
Feb  4 09:34:10 compute4 kernel: [    0.038144] PM: Registered nosave memory: [mem 0xc0000000-0xfeffbfff]
Feb  4 09:34:10 compute4 kernel: [    0.038145] PM: Registered nosave memory: [mem 0xfeffc000-0xfeffffff]
Feb  4 09:34:10 compute4 kernel: [    0.038145] PM: Registered nosave memory: [mem 0xff000000-0xfffbffff]
Feb  4 09:34:10 compute4 kernel: [    0.038146] PM: Registered nosave memory: [mem 0xfffc0000-0xffffffff]
Feb  4 09:34:10 compute4 kernel: [    0.038147] [mem 0xc0000000-0xfeffbfff] available for PCI devices
Feb  4 09:34:10 compute4 kernel: [    0.038148] Booting paravirtualized kernel on KVM
Feb  4 09:34:10 compute4 kernel: [    0.038152] clocksource: refined-jiffies: mask: 0xffffffff max_cycles: 0xffffffff, max_idle_ns: 7645519600211568 ns
Feb  4 09:34:10 compute4 kernel: [    0.038155] setup_percpu: NR_CPUS:8192 nr_cpumask_bits:2 nr_cpu_ids:2 nr_node_ids:1
Feb  4 09:34:10 compute4 kernel: [    0.038273] percpu: Embedded 60 pages/cpu s208896 r8192 d28672 u1048576
Feb  4 09:34:10 compute4 kernel: [    0.038276] pcpu-alloc: s208896 r8192 d28672 u1048576 alloc=1*2097152
Feb  4 09:34:10 compute4 kernel: [    0.038276] pcpu-alloc: [0] 0 1 
Feb  4 09:34:10 compute4 kernel: [    0.038293] setup async PF for cpu 0
Feb  4 09:34:10 compute4 kernel: [    0.038296] kvm-stealtime: cpu 0, msr 42fa32040
Feb  4 09:34:10 compute4 kernel: [    0.038300] Built 1 zonelists, mobility grouping on.  Total pages: 4128431
Feb  4 09:34:10 compute4 kernel: [    0.038301] Policy zone: Normal
Feb  4 09:34:10 compute4 kernel: [    0.038301] Kernel command line: BOOT_IMAGE=/boot/vmlinuz-5.4.0-97-generic root=UUID=51babbe8-f78f-46a4-8830-d351c3830325 ro
Feb  4 09:34:10 compute4 kernel: [    0.038910] Dentry cache hash table entries: 2097152 (order: 12, 16777216 bytes, linear)
Feb  4 09:34:10 compute4 kernel: [    0.039206] Inode-cache hash table entries: 1048576 (order: 11, 8388608 bytes, linear)
Feb  4 09:34:10 compute4 kernel: [    0.039253] mem auto-init: stack:off, heap alloc:on, heap free:off
Feb  4 09:34:10 compute4 kernel: [    0.041819] Calgary: detecting Calgary via BIOS EBDA area
Feb  4 09:34:10 compute4 kernel: [    0.041820] Calgary: Unable to locate Rio Grande table in EBDA - bailing!
Feb  4 09:34:10 compute4 kernel: [    0.069653] Memory: 16303156K/16775940K available (14339K kernel code, 2400K rwdata, 9500K rodata, 2752K init, 4948K bss, 472784K reserved, 0K cma-reserved)
Feb  4 09:34:10 compute4 kernel: [    0.069663] random: get_random_u64 called from kmem_cache_open+0x2d/0x410 with crng_init=0
Feb  4 09:34:10 compute4 kernel: [    0.069762] SLUB: HWalign=64, Order=0-3, MinObjects=0, CPUs=2, Nodes=1
Feb  4 09:34:10 compute4 kernel: [    0.069777] Kernel/User page tables isolation: enabled
Feb  4 09:34:10 compute4 kernel: [    0.069793] ftrace: allocating 44643 entries in 175 pages
Feb  4 09:34:10 compute4 kernel: [    0.082058] rcu: Hierarchical RCU implementation.
Feb  4 09:34:10 compute4 kernel: [    0.082060] rcu: 	RCU restricting CPUs from NR_CPUS=8192 to nr_cpu_ids=2.
Feb  4 09:34:10 compute4 kernel: [    0.082063] 	Tasks RCU enabled.
Feb  4 09:34:10 compute4 kernel: [    0.082064] rcu: RCU calculated value of scheduler-enlistment delay is 25 jiffies.
Feb  4 09:34:10 compute4 kernel: [    0.082064] rcu: Adjusting geometry for rcu_fanout_leaf=16, nr_cpu_ids=2
Feb  4 09:34:10 compute4 kernel: [    0.083812] NR_IRQS: 524544, nr_irqs: 440, preallocated irqs: 16
Feb  4 09:34:10 compute4 kernel: [    0.084199] random: crng done (trusting CPU's manufacturer)
Feb  4 09:34:10 compute4 kernel: [    0.087784] Console: colour VGA+ 80x25
Feb  4 09:34:10 compute4 kernel: [    0.115230] printk: console [tty0] enabled
Feb  4 09:34:10 compute4 kernel: [    0.115443] ACPI: Core revision 20190816
Feb  4 09:34:10 compute4 kernel: [    0.115663] APIC: Switch to symmetric I/O mode setup
Feb  4 09:34:10 compute4 kernel: [    0.116090] x2apic enabled
Feb  4 09:34:10 compute4 kernel: [    0.116448] Switched APIC routing to physical x2apic.
Feb  4 09:34:10 compute4 kernel: [    0.117393] clocksource: tsc-early: mask: 0xffffffffffffffff max_cycles: 0x3c8a615336c, max_idle_ns: 440795257976 ns
Feb  4 09:34:10 compute4 kernel: [    0.117776] Calibrating delay loop (skipped) preset value.. 8400.00 BogoMIPS (lpj=16800000)
Feb  4 09:34:10 compute4 kernel: [    0.118112] pid_max: default: 32768 minimum: 301
Feb  4 09:34:10 compute4 kernel: [    0.118338] LSM: Security Framework initializing
Feb  4 09:34:10 compute4 kernel: [    0.118540] Yama: becoming mindful.
Feb  4 09:34:10 compute4 kernel: [    0.118739] AppArmor: AppArmor initialized
Feb  4 09:34:10 compute4 kernel: [    0.118964] Mount-cache hash table entries: 32768 (order: 6, 262144 bytes, linear)
Feb  4 09:34:10 compute4 kernel: [    0.119294] Mountpoint-cache hash table entries: 32768 (order: 6, 262144 bytes, linear)
Feb  4 09:34:10 compute4 kernel: [    0.119633] *** VALIDATE tmpfs ***
Feb  4 09:34:10 compute4 kernel: [    0.120037] *** VALIDATE proc ***
Feb  4 09:34:10 compute4 kernel: [    0.120254] *** VALIDATE cgroup1 ***
Feb  4 09:34:10 compute4 kernel: [    0.120433] *** VALIDATE cgroup2 ***
Feb  4 09:34:10 compute4 kernel: [    0.120719] Last level iTLB entries: 4KB 0, 2MB 0, 4MB 0
Feb  4 09:34:10 compute4 kernel: [    0.120931] Last level dTLB entries: 4KB 0, 2MB 0, 4MB 0, 1GB 0
Feb  4 09:34:10 compute4 kernel: [    0.121163] Spectre V1 : Mitigation: usercopy/swapgs barriers and __user pointer sanitization
Feb  4 09:34:10 compute4 kernel: [    0.121496] Spectre V2 : Mitigation: Full generic retpoline
Feb  4 09:34:10 compute4 kernel: [    0.121719] Spectre V2 : Spectre v2 / SpectreRSB mitigation: Filling RSB on context switch
Feb  4 09:34:10 compute4 kernel: [    0.121773] Spectre V2 : Enabling Restricted Speculation for firmware calls
Feb  4 09:34:10 compute4 kernel: [    0.121773] Spectre V2 : mitigation: Enabling conditional Indirect Branch Prediction Barrier
Feb  4 09:34:10 compute4 kernel: [    0.121773] Speculative Store Bypass: Mitigation: Speculative Store Bypass disabled via prctl and seccomp
Feb  4 09:34:10 compute4 kernel: [    0.121773] TAA: Mitigation: Clear CPU buffers
Feb  4 09:34:10 compute4 kernel: [    0.121773] SRBDS: Unknown: Dependent on hypervisor status
Feb  4 09:34:10 compute4 kernel: [    0.121773] MDS: Mitigation: Clear CPU buffers
Feb  4 09:34:10 compute4 kernel: [    0.121773] Freeing SMP alternatives memory: 40K
Feb  4 09:34:10 compute4 kernel: [    0.121773] smpboot: CPU0: Intel Core Processor (Skylake, IBRS) (family: 0x6, model: 0x5e, stepping: 0x3)
Feb  4 09:34:10 compute4 kernel: [    0.121773] Performance Events: unsupported p6 CPU model 94 no PMU driver, software events only.
Feb  4 09:34:10 compute4 kernel: [    0.121773] rcu: Hierarchical SRCU implementation.
Feb  4 09:34:10 compute4 kernel: [    0.121773] NMI watchdog: Perf NMI watchdog permanently disabled
Feb  4 09:34:10 compute4 kernel: [    0.121773] smp: Bringing up secondary CPUs ...
Feb  4 09:34:10 compute4 kernel: [    0.121773] x86: Booting SMP configuration:
Feb  4 09:34:10 compute4 kernel: [    0.121773] .... node  #0, CPUs:      #1
Feb  4 09:34:10 compute4 kernel: [    0.037711] kvm-clock: cpu 1, msr 2b3601041, secondary cpu clock
Feb  4 09:34:10 compute4 kernel: [    0.037711] smpboot: CPU 1 Converting physical 0 to logical die 1
Feb  4 09:34:10 compute4 kernel: [    0.121795] setup async PF for cpu 1
Feb  4 09:34:10 compute4 kernel: [    0.121975] kvm-stealtime: cpu 1, msr 42fb32040
Feb  4 09:34:10 compute4 kernel: [    0.122254] smp: Brought up 1 node, 2 CPUs
Feb  4 09:34:10 compute4 kernel: [    0.122254] smpboot: Max logical packages: 2
Feb  4 09:34:10 compute4 kernel: [    0.122254] smpboot: Total of 2 processors activated (16800.00 BogoMIPS)
Feb  4 09:34:10 compute4 kernel: [    0.122807] devtmpfs: initialized
Feb  4 09:34:10 compute4 kernel: [    0.122807] x86/mm: Memory block size: 128MB
Feb  4 09:34:10 compute4 kernel: [    0.123047] clocksource: jiffies: mask: 0xffffffff max_cycles: 0xffffffff, max_idle_ns: 7645041785100000 ns
Feb  4 09:34:10 compute4 kernel: [    0.123047] futex hash table entries: 512 (order: 3, 32768 bytes, linear)
Feb  4 09:34:10 compute4 kernel: [    0.123047] pinctrl core: initialized pinctrl subsystem
Feb  4 09:34:10 compute4 kernel: [    0.123047] PM: RTC time: 09:34:01, date: 2022-02-04
Feb  4 09:34:10 compute4 kernel: [    0.125867] NET: Registered protocol family 16
Feb  4 09:34:10 compute4 kernel: [    0.126254] audit: initializing netlink subsys (disabled)
Feb  4 09:34:10 compute4 kernel: [    0.126489] audit: type=2000 audit(1643967240.517:1): state=initialized audit_enabled=0 res=1
Feb  4 09:34:10 compute4 kernel: [    0.126489] EISA bus registered
Feb  4 09:34:10 compute4 kernel: [    0.126489] cpuidle: using governor ladder
Feb  4 09:34:10 compute4 kernel: [    0.126576] cpuidle: using governor menu
Feb  4 09:34:10 compute4 kernel: [    0.126814] ACPI: bus type PCI registered
Feb  4 09:34:10 compute4 kernel: [    0.126999] acpiphp: ACPI Hot Plug PCI Controller Driver version: 0.5
Feb  4 09:34:10 compute4 kernel: [    0.127307] PCI: Using configuration type 1 for base access
Feb  4 09:34:10 compute4 kernel: [    0.128779] HugeTLB registered 1.00 GiB page size, pre-allocated 0 pages
Feb  4 09:34:10 compute4 kernel: [    0.129779] HugeTLB registered 2.00 MiB page size, pre-allocated 0 pages
Feb  4 09:34:10 compute4 kernel: [    0.130098] ACPI: Added _OSI(Module Device)
Feb  4 09:34:10 compute4 kernel: [    0.130135] ACPI: Added _OSI(Processor Device)
Feb  4 09:34:10 compute4 kernel: [    0.130396] ACPI: Added _OSI(3.0 _SCP Extensions)
Feb  4 09:34:10 compute4 kernel: [    0.130662] ACPI: Added _OSI(Processor Aggregator Device)
Feb  4 09:34:10 compute4 kernel: [    0.130947] ACPI: Added _OSI(Linux-Dell-Video)
Feb  4 09:34:10 compute4 kernel: [    0.131212] ACPI: Added _OSI(Linux-Lenovo-NV-HDMI-Audio)
Feb  4 09:34:10 compute4 kernel: [    0.131496] ACPI: Added _OSI(Linux-HPI-Hybrid-Graphics)
Feb  4 09:34:10 compute4 kernel: [    0.133974] ACPI: 1 ACPI AML tables successfully acquired and loaded
Feb  4 09:34:10 compute4 kernel: [    0.134807] ACPI: Interpreter enabled
Feb  4 09:34:10 compute4 kernel: [    0.135067] ACPI: (supports S0 S5)
Feb  4 09:34:10 compute4 kernel: [    0.135310] ACPI: Using IOAPIC for interrupt routing
Feb  4 09:34:10 compute4 kernel: [    0.135599] PCI: Using host bridge windows from ACPI; if necessary, use "pci=nocrs" and report a bug
Feb  4 09:34:10 compute4 kernel: [    0.136172] ACPI: Enabled 2 GPEs in block 00 to 0F
Feb  4 09:34:10 compute4 kernel: [    0.139140] ACPI: PCI Root Bridge [PCI0] (domain 0000 [bus 00-ff])
Feb  4 09:34:10 compute4 kernel: [    0.139477] acpi PNP0A03:00: _OSC: OS supports [ASPM ClockPM Segments MSI HPX-Type3]
Feb  4 09:34:10 compute4 kernel: [    0.139923] acpi PNP0A03:00: fail to add MMCONFIG information, can't access extended PCI configuration space under this bridge.
Feb  4 09:34:10 compute4 kernel: [    0.140734] acpiphp: Slot [3] registered
Feb  4 09:34:10 compute4 kernel: [    0.141008] acpiphp: Slot [4] registered
Feb  4 09:34:10 compute4 kernel: [    0.141274] acpiphp: Slot [5] registered
Feb  4 09:34:10 compute4 kernel: [    0.141546] acpiphp: Slot [6] registered
Feb  4 09:34:10 compute4 kernel: [    0.141822] acpiphp: Slot [7] registered
Feb  4 09:34:10 compute4 kernel: [    0.142094] acpiphp: Slot [8] registered
Feb  4 09:34:10 compute4 kernel: [    0.142361] acpiphp: Slot [9] registered
Feb  4 09:34:10 compute4 kernel: [    0.142651] acpiphp: Slot [11] registered
Feb  4 09:34:10 compute4 kernel: [    0.142930] acpiphp: Slot [12] registered
Feb  4 09:34:10 compute4 kernel: [    0.143201] acpiphp: Slot [13] registered
Feb  4 09:34:10 compute4 kernel: [    0.143469] acpiphp: Slot [14] registered
Feb  4 09:34:10 compute4 kernel: [    0.143738] acpiphp: Slot [15] registered
Feb  4 09:34:10 compute4 kernel: [    0.144010] acpiphp: Slot [16] registered
Feb  4 09:34:10 compute4 kernel: [    0.144271] acpiphp: Slot [17] registered
Feb  4 09:34:10 compute4 kernel: [    0.144541] acpiphp: Slot [18] registered
Feb  4 09:34:10 compute4 kernel: [    0.144825] acpiphp: Slot [19] registered
Feb  4 09:34:10 compute4 kernel: [    0.145099] acpiphp: Slot [20] registered
Feb  4 09:34:10 compute4 kernel: [    0.145373] acpiphp: Slot [21] registered
Feb  4 09:34:10 compute4 kernel: [    0.145668] acpiphp: Slot [22] registered
Feb  4 09:34:10 compute4 kernel: [    0.145800] acpiphp: Slot [23] registered
Feb  4 09:34:10 compute4 kernel: [    0.146070] acpiphp: Slot [24] registered
Feb  4 09:34:10 compute4 kernel: [    0.146347] acpiphp: Slot [25] registered
Feb  4 09:34:10 compute4 kernel: [    0.146620] acpiphp: Slot [26] registered
Feb  4 09:34:10 compute4 kernel: [    0.146895] acpiphp: Slot [27] registered
Feb  4 09:34:10 compute4 kernel: [    0.147172] acpiphp: Slot [28] registered
Feb  4 09:34:10 compute4 kernel: [    0.147456] acpiphp: Slot [29] registered
Feb  4 09:34:10 compute4 kernel: [    0.147732] acpiphp: Slot [30] registered
Feb  4 09:34:10 compute4 kernel: [    0.148000] acpiphp: Slot [31] registered
Feb  4 09:34:10 compute4 kernel: [    0.148270] PCI host bridge to bus 0000:00
Feb  4 09:34:10 compute4 kernel: [    0.148529] pci_bus 0000:00: root bus resource [io  0x0000-0x0cf7 window]
Feb  4 09:34:10 compute4 kernel: [    0.148854] pci_bus 0000:00: root bus resource [io  0x0d00-0xffff window]
Feb  4 09:34:10 compute4 kernel: [    0.149179] pci_bus 0000:00: root bus resource [mem 0x000a0000-0x000bffff window]
Feb  4 09:34:10 compute4 kernel: [    0.149595] pci_bus 0000:00: root bus resource [mem 0xc0000000-0xfebfffff window]
Feb  4 09:34:10 compute4 kernel: [    0.149790] pci_bus 0000:00: root bus resource [mem 0x440000000-0x4bfffffff window]
Feb  4 09:34:10 compute4 kernel: [    0.150208] pci_bus 0000:00: root bus resource [bus 00-ff]
Feb  4 09:34:10 compute4 kernel: [    0.150547] pci 0000:00:00.0: [8086:1237] type 00 class 0x060000
Feb  4 09:34:10 compute4 kernel: [    0.151475] pci 0000:00:01.0: [8086:7000] type 00 class 0x060100
Feb  4 09:34:10 compute4 kernel: [    0.152365] pci 0000:00:01.1: [8086:7010] type 00 class 0x010180
Feb  4 09:34:10 compute4 kernel: [    0.155636] pci 0000:00:01.1: reg 0x20: [io  0xc260-0xc26f]
Feb  4 09:34:10 compute4 kernel: [    0.157213] pci 0000:00:01.1: legacy IDE quirk: reg 0x10: [io  0x01f0-0x01f7]
Feb  4 09:34:10 compute4 kernel: [    0.157553] pci 0000:00:01.1: legacy IDE quirk: reg 0x14: [io  0x03f6]
Feb  4 09:34:10 compute4 kernel: [    0.157779] pci 0000:00:01.1: legacy IDE quirk: reg 0x18: [io  0x0170-0x0177]
Feb  4 09:34:10 compute4 kernel: [    0.158112] pci 0000:00:01.1: legacy IDE quirk: reg 0x1c: [io  0x0376]
Feb  4 09:34:10 compute4 kernel: [    0.158638] pci 0000:00:01.3: [8086:7113] type 00 class 0x068000
Feb  4 09:34:10 compute4 kernel: [    0.159413] pci 0000:00:01.3: quirk: [io  0x0600-0x063f] claimed by PIIX4 ACPI
Feb  4 09:34:10 compute4 kernel: [    0.159853] pci 0000:00:01.3: quirk: [io  0x0700-0x070f] claimed by PIIX4 SMB
Feb  4 09:34:10 compute4 kernel: [    0.160587] pci 0000:00:02.0: [1013:00b8] type 00 class 0x030000
Feb  4 09:34:10 compute4 kernel: [    0.162843] pci 0000:00:02.0: reg 0x10: [mem 0xfc000000-0xfdffffff pref]
Feb  4 09:34:10 compute4 kernel: [    0.164685] pci 0000:00:02.0: reg 0x14: [mem 0xfeb90000-0xfeb90fff]
Feb  4 09:34:10 compute4 kernel: [    0.169808] pci 0000:00:02.0: reg 0x30: [mem 0xfeb80000-0xfeb8ffff pref]
Feb  4 09:34:10 compute4 kernel: [    0.170565] pci 0000:00:03.0: [1af4:1000] type 00 class 0x020000
Feb  4 09:34:10 compute4 kernel: [    0.172934] pci 0000:00:03.0: reg 0x10: [io  0xc100-0xc11f]
Feb  4 09:34:10 compute4 kernel: [    0.173781] pci 0000:00:03.0: reg 0x14: [mem 0xfeb91000-0xfeb91fff]
Feb  4 09:34:10 compute4 kernel: [    0.178870] pci 0000:00:03.0: reg 0x20: [mem 0xfe000000-0xfe003fff 64bit pref]
Feb  4 09:34:10 compute4 kernel: [    0.181221] pci 0000:00:03.0: reg 0x30: [mem 0xfe800000-0xfe87ffff pref]
Feb  4 09:34:10 compute4 kernel: [    0.182402] pci 0000:00:04.0: [1af4:1000] type 00 class 0x020000
Feb  4 09:34:10 compute4 kernel: [    0.183799] pci 0000:00:04.0: reg 0x10: [io  0xc120-0xc13f]
Feb  4 09:34:10 compute4 kernel: [    0.185441] pci 0000:00:04.0: reg 0x14: [mem 0xfeb92000-0xfeb92fff]
Feb  4 09:34:10 compute4 kernel: [    0.189326] pci 0000:00:04.0: reg 0x20: [mem 0xfe004000-0xfe007fff 64bit pref]
Feb  4 09:34:10 compute4 kernel: [    0.190631] pci 0000:00:04.0: reg 0x30: [mem 0xfe880000-0xfe8fffff pref]
Feb  4 09:34:10 compute4 kernel: [    0.192736] pci 0000:00:05.0: [1af4:1000] type 00 class 0x020000
Feb  4 09:34:10 compute4 kernel: [    0.193780] pci 0000:00:05.0: reg 0x10: [io  0xc140-0xc15f]
Feb  4 09:34:10 compute4 kernel: [    0.194987] pci 0000:00:05.0: reg 0x14: [mem 0xfeb93000-0xfeb93fff]
Feb  4 09:34:10 compute4 kernel: [    0.198261] pci 0000:00:05.0: reg 0x20: [mem 0xfe008000-0xfe00bfff 64bit pref]
Feb  4 09:34:10 compute4 kernel: [    0.199587] pci 0000:00:05.0: reg 0x30: [mem 0xfe900000-0xfe97ffff pref]
Feb  4 09:34:10 compute4 kernel: [    0.200441] pci 0000:00:06.0: [1af4:1000] type 00 class 0x020000
Feb  4 09:34:10 compute4 kernel: [    0.201781] pci 0000:00:06.0: reg 0x10: [io  0xc160-0xc17f]
Feb  4 09:34:10 compute4 kernel: [    0.204335] pci 0000:00:06.0: reg 0x14: [mem 0xfeb94000-0xfeb94fff]
Feb  4 09:34:10 compute4 kernel: [    0.207330] pci 0000:00:06.0: reg 0x20: [mem 0xfe00c000-0xfe00ffff 64bit pref]
Feb  4 09:34:10 compute4 kernel: [    0.208643] pci 0000:00:06.0: reg 0x30: [mem 0xfe980000-0xfe9fffff pref]
Feb  4 09:34:10 compute4 kernel: [    0.209515] pci 0000:00:07.0: [1af4:1000] type 00 class 0x020000
Feb  4 09:34:10 compute4 kernel: [    0.210938] pci 0000:00:07.0: reg 0x10: [io  0xc180-0xc19f]
Feb  4 09:34:10 compute4 kernel: [    0.212152] pci 0000:00:07.0: reg 0x14: [mem 0xfeb95000-0xfeb95fff]
Feb  4 09:34:10 compute4 kernel: [    0.216492] pci 0000:00:07.0: reg 0x20: [mem 0xfe010000-0xfe013fff 64bit pref]
Feb  4 09:34:10 compute4 kernel: [    0.217779] pci 0000:00:07.0: reg 0x30: [mem 0xfea00000-0xfea7ffff pref]
Feb  4 09:34:10 compute4 kernel: [    0.218667] pci 0000:00:08.0: [1af4:1000] type 00 class 0x020000
Feb  4 09:34:10 compute4 kernel: [    0.219993] pci 0000:00:08.0: reg 0x10: [io  0xc1a0-0xc1bf]
Feb  4 09:34:10 compute4 kernel: [    0.221221] pci 0000:00:08.0: reg 0x14: [mem 0xfeb96000-0xfeb96fff]
Feb  4 09:34:10 compute4 kernel: [    0.225782] pci 0000:00:08.0: reg 0x20: [mem 0xfe014000-0xfe017fff 64bit pref]
Feb  4 09:34:10 compute4 kernel: [    0.227246] pci 0000:00:08.0: reg 0x30: [mem 0xfea80000-0xfeafffff pref]
Feb  4 09:34:10 compute4 kernel: [    0.228130] pci 0000:00:09.0: [1af4:1000] type 00 class 0x020000
Feb  4 09:34:10 compute4 kernel: [    0.229457] pci 0000:00:09.0: reg 0x10: [io  0xc1c0-0xc1df]
Feb  4 09:34:10 compute4 kernel: [    0.230288] pci 0000:00:09.0: reg 0x14: [mem 0xfeb97000-0xfeb97fff]
Feb  4 09:34:10 compute4 kernel: [    0.233517] pci 0000:00:09.0: reg 0x20: [mem 0xfe018000-0xfe01bfff 64bit pref]
Feb  4 09:34:10 compute4 kernel: [    0.234849] pci 0000:00:09.0: reg 0x30: [mem 0xfeb00000-0xfeb7ffff pref]
Feb  4 09:34:10 compute4 kernel: [    0.237012] pci 0000:00:0a.0: [8086:2934] type 00 class 0x0c0300
Feb  4 09:34:10 compute4 kernel: [    0.239296] pci 0000:00:0a.0: reg 0x20: [io  0xc1e0-0xc1ff]
Feb  4 09:34:10 compute4 kernel: [    0.240466] pci 0000:00:0a.1: [8086:2935] type 00 class 0x0c0300
Feb  4 09:34:10 compute4 kernel: [    0.242517] pci 0000:00:0a.1: reg 0x20: [io  0xc200-0xc21f]
Feb  4 09:34:10 compute4 kernel: [    0.243616] pci 0000:00:0a.2: [8086:2936] type 00 class 0x0c0300
Feb  4 09:34:10 compute4 kernel: [    0.245747] pci 0000:00:0a.2: reg 0x20: [io  0xc220-0xc23f]
Feb  4 09:34:10 compute4 kernel: [    0.246766] pci 0000:00:0a.7: [8086:293a] type 00 class 0x0c0320
Feb  4 09:34:10 compute4 kernel: [    0.247406] pci 0000:00:0a.7: reg 0x10: [mem 0xfeb98000-0xfeb98fff]
Feb  4 09:34:10 compute4 kernel: [    0.250100] pci 0000:00:0b.0: [1af4:1001] type 00 class 0x010000
Feb  4 09:34:10 compute4 kernel: [    0.251505] pci 0000:00:0b.0: reg 0x10: [io  0xc000-0xc03f]
Feb  4 09:34:10 compute4 kernel: [    0.252796] pci 0000:00:0b.0: reg 0x14: [mem 0xfeb99000-0xfeb99fff]
Feb  4 09:34:10 compute4 kernel: [    0.257212] pci 0000:00:0b.0: reg 0x20: [mem 0xfe01c000-0xfe01ffff 64bit pref]
Feb  4 09:34:10 compute4 kernel: [    0.259415] pci 0000:00:0c.0: [1af4:1001] type 00 class 0x010000
Feb  4 09:34:10 compute4 kernel: [    0.261126] pci 0000:00:0c.0: reg 0x10: [io  0xc040-0xc07f]
Feb  4 09:34:10 compute4 kernel: [    0.262538] pci 0000:00:0c.0: reg 0x14: [mem 0xfeb9a000-0xfeb9afff]
Feb  4 09:34:10 compute4 kernel: [    0.268674] pci 0000:00:0c.0: reg 0x20: [mem 0xfe020000-0xfe023fff 64bit pref]
Feb  4 09:34:10 compute4 kernel: [    0.271490] pci 0000:00:0d.0: [1af4:1001] type 00 class 0x010000
Feb  4 09:34:10 compute4 kernel: [    0.273613] pci 0000:00:0d.0: reg 0x10: [io  0xc080-0xc0bf]
Feb  4 09:34:10 compute4 kernel: [    0.275508] pci 0000:00:0d.0: reg 0x14: [mem 0xfeb9b000-0xfeb9bfff]
Feb  4 09:34:10 compute4 kernel: [    0.281472] pci 0000:00:0d.0: reg 0x20: [mem 0xfe024000-0xfe027fff 64bit pref]
Feb  4 09:34:10 compute4 kernel: [    0.284358] pci 0000:00:0e.0: [1af4:1002] type 00 class 0x00ff00
Feb  4 09:34:10 compute4 kernel: [    0.285785] pci 0000:00:0e.0: reg 0x10: [io  0xc240-0xc25f]
Feb  4 09:34:10 compute4 kernel: [    0.291914] pci 0000:00:0e.0: reg 0x20: [mem 0xfe028000-0xfe02bfff 64bit pref]
Feb  4 09:34:10 compute4 kernel: [    0.294568] pci 0000:00:0f.0: [1af4:1001] type 00 class 0x010000
Feb  4 09:34:10 compute4 kernel: [    0.296701] pci 0000:00:0f.0: reg 0x10: [io  0xc0c0-0xc0ff]
Feb  4 09:34:10 compute4 kernel: [    0.298618] pci 0000:00:0f.0: reg 0x14: [mem 0xfeb9c000-0xfeb9cfff]
Feb  4 09:34:10 compute4 kernel: [    0.304385] pci 0000:00:0f.0: reg 0x20: [mem 0xfe02c000-0xfe02ffff 64bit pref]
Feb  4 09:34:10 compute4 kernel: [    0.308798] ACPI: PCI Interrupt Link [LNKA] (IRQs 5 *10 11)
Feb  4 09:34:10 compute4 kernel: [    0.309106] ACPI: PCI Interrupt Link [LNKB] (IRQs 5 *10 11)
Feb  4 09:34:10 compute4 kernel: [    0.309391] ACPI: PCI Interrupt Link [LNKC] (IRQs 5 10 *11)
Feb  4 09:34:10 compute4 kernel: [    0.309674] ACPI: PCI Interrupt Link [LNKD] (IRQs 5 10 *11)
Feb  4 09:34:10 compute4 kernel: [    0.309833] ACPI: PCI Interrupt Link [LNKS] (IRQs *9)
Feb  4 09:34:10 compute4 kernel: [    0.311265] iommu: Default domain type: Translated 
Feb  4 09:34:10 compute4 kernel: [    0.311265] SCSI subsystem initialized
Feb  4 09:34:10 compute4 kernel: [    0.313819] libata version 3.00 loaded.
Feb  4 09:34:10 compute4 kernel: [    0.313822] pci 0000:00:02.0: vgaarb: setting as boot VGA device
Feb  4 09:34:10 compute4 kernel: [    0.314035] pci 0000:00:02.0: vgaarb: VGA device added: decodes=io+mem,owns=io+mem,locks=none
Feb  4 09:34:10 compute4 kernel: [    0.314476] pci 0000:00:02.0: vgaarb: bridge control possible
Feb  4 09:34:10 compute4 kernel: [    0.314693] vgaarb: loaded
Feb  4 09:34:10 compute4 kernel: [    0.314877] ACPI: bus type USB registered
Feb  4 09:34:10 compute4 kernel: [    0.315080] usbcore: registered new interface driver usbfs
Feb  4 09:34:10 compute4 kernel: [    0.315302] usbcore: registered new interface driver hub
Feb  4 09:34:10 compute4 kernel: [    0.315542] usbcore: registered new device driver usb
Feb  4 09:34:10 compute4 kernel: [    0.315769] pps_core: LinuxPPS API ver. 1 registered
Feb  4 09:34:10 compute4 kernel: [    0.315973] pps_core: Software ver. 5.3.6 - Copyright 2005-2007 Rodolfo Giometti <giometti@linux.it>
Feb  4 09:34:10 compute4 kernel: [    0.316317] PTP clock support registered
Feb  4 09:34:10 compute4 kernel: [    0.316556] EDAC MC: Ver: 3.0.0
Feb  4 09:34:10 compute4 kernel: [    0.316556] PCI: Using ACPI for IRQ routing
Feb  4 09:34:10 compute4 kernel: [    0.316556] PCI: pci_cache_line_size set to 64 bytes
Feb  4 09:34:10 compute4 kernel: [    0.316556] e820: reserve RAM buffer [mem 0x0009c400-0x0009ffff]
Feb  4 09:34:10 compute4 kernel: [    0.316556] e820: reserve RAM buffer [mem 0xbfecb000-0xbfffffff]
Feb  4 09:34:10 compute4 kernel: [    0.316556] e820: reserve RAM buffer [mem 0xbffd3000-0xbfffffff]
Feb  4 09:34:10 compute4 kernel: [    0.317882] NetLabel: Initializing
Feb  4 09:34:10 compute4 kernel: [    0.318056] NetLabel:  domain hash size = 128
Feb  4 09:34:10 compute4 kernel: [    0.318243] NetLabel:  protocols = UNLABELED CIPSOv4 CALIPSO
Feb  4 09:34:10 compute4 kernel: [    0.318486] NetLabel:  unlabeled traffic allowed by default
Feb  4 09:34:10 compute4 kernel: [    0.318720] clocksource: Switched to clocksource kvm-clock
Feb  4 09:34:10 compute4 kernel: [    0.324877] *** VALIDATE bpf ***
Feb  4 09:34:10 compute4 kernel: [    0.325180] VFS: Disk quotas dquot_6.6.0
Feb  4 09:34:10 compute4 kernel: [    0.325389] VFS: Dquot-cache hash table entries: 512 (order 0, 4096 bytes)
Feb  4 09:34:10 compute4 kernel: [    0.325655] *** VALIDATE ramfs ***
Feb  4 09:34:10 compute4 kernel: [    0.325844] *** VALIDATE hugetlbfs ***
Feb  4 09:34:10 compute4 kernel: [    0.326094] AppArmor: AppArmor Filesystem Enabled
Feb  4 09:34:10 compute4 kernel: [    0.326317] pnp: PnP ACPI init
Feb  4 09:34:10 compute4 kernel: [    0.326541] pnp 00:00: Plug and Play ACPI device, IDs PNP0b00 (active)
Feb  4 09:34:10 compute4 kernel: [    0.326565] pnp 00:01: Plug and Play ACPI device, IDs PNP0303 (active)
Feb  4 09:34:10 compute4 kernel: [    0.326581] pnp 00:02: Plug and Play ACPI device, IDs PNP0f13 (active)
Feb  4 09:34:10 compute4 kernel: [    0.326589] pnp 00:03: [dma 2]
Feb  4 09:34:10 compute4 kernel: [    0.326594] pnp 00:03: Plug and Play ACPI device, IDs PNP0700 (active)
Feb  4 09:34:10 compute4 kernel: [    0.326650] pnp 00:04: Plug and Play ACPI device, IDs PNP0501 (active)
Feb  4 09:34:10 compute4 kernel: [    0.326798] pnp: PnP ACPI: found 5 devices
Feb  4 09:34:10 compute4 kernel: [    0.328293] thermal_sys: Registered thermal governor 'fair_share'
Feb  4 09:34:10 compute4 kernel: [    0.328293] thermal_sys: Registered thermal governor 'bang_bang'
Feb  4 09:34:10 compute4 kernel: [    0.328530] thermal_sys: Registered thermal governor 'step_wise'
Feb  4 09:34:10 compute4 kernel: [    0.328756] thermal_sys: Registered thermal governor 'user_space'
Feb  4 09:34:10 compute4 kernel: [    0.329016] thermal_sys: Registered thermal governor 'power_allocator'
Feb  4 09:34:10 compute4 kernel: [    0.333820] clocksource: acpi_pm: mask: 0xffffff max_cycles: 0xffffff, max_idle_ns: 2085701024 ns
Feb  4 09:34:10 compute4 kernel: [    0.334435] pci_bus 0000:00: resource 4 [io  0x0000-0x0cf7 window]
Feb  4 09:34:10 compute4 kernel: [    0.334666] pci_bus 0000:00: resource 5 [io  0x0d00-0xffff window]
Feb  4 09:34:10 compute4 kernel: [    0.334896] pci_bus 0000:00: resource 6 [mem 0x000a0000-0x000bffff window]
Feb  4 09:34:10 compute4 kernel: [    0.335138] pci_bus 0000:00: resource 7 [mem 0xc0000000-0xfebfffff window]
Feb  4 09:34:10 compute4 kernel: [    0.335382] pci_bus 0000:00: resource 8 [mem 0x440000000-0x4bfffffff window]
Feb  4 09:34:10 compute4 kernel: [    0.335687] NET: Registered protocol family 2
Feb  4 09:34:10 compute4 kernel: [    0.335977] IP idents hash table entries: 262144 (order: 9, 2097152 bytes, linear)
Feb  4 09:34:10 compute4 kernel: [    0.337386] tcp_listen_portaddr_hash hash table entries: 8192 (order: 5, 131072 bytes, linear)
Feb  4 09:34:10 compute4 kernel: [    0.337773] TCP established hash table entries: 131072 (order: 8, 1048576 bytes, linear)
Feb  4 09:34:10 compute4 kernel: [    0.338198] TCP bind hash table entries: 65536 (order: 8, 1048576 bytes, linear)
Feb  4 09:34:10 compute4 kernel: [    0.338543] TCP: Hash tables configured (established 131072 bind 65536)
Feb  4 09:34:10 compute4 kernel: [    0.338806] UDP hash table entries: 8192 (order: 6, 262144 bytes, linear)
Feb  4 09:34:10 compute4 kernel: [    0.339074] UDP-Lite hash table entries: 8192 (order: 6, 262144 bytes, linear)
Feb  4 09:34:10 compute4 kernel: [    0.339445] NET: Registered protocol family 1
Feb  4 09:34:10 compute4 kernel: [    0.339668] NET: Registered protocol family 44
Feb  4 09:34:10 compute4 kernel: [    0.339882] pci 0000:00:01.0: PIIX3: Enabling Passive Release
Feb  4 09:34:10 compute4 kernel: [    0.340134] pci 0000:00:00.0: Limiting direct PCI/PCI transfers
Feb  4 09:34:10 compute4 kernel: [    0.340388] pci 0000:00:01.0: Activating ISA DMA hang workarounds
Feb  4 09:34:10 compute4 kernel: [    0.340671] pci 0000:00:02.0: Video device with shadowed ROM at [mem 0x000c0000-0x000dffff]
Feb  4 09:34:10 compute4 kernel: [    0.356639] PCI Interrupt Link [LNKB] enabled at IRQ 10
Feb  4 09:34:10 compute4 kernel: [    0.372733] pci 0000:00:0a.0: quirk_usb_early_handoff+0x0/0x670 took 30886 usecs
Feb  4 09:34:10 compute4 kernel: [    0.391947] PCI Interrupt Link [LNKC] enabled at IRQ 11
Feb  4 09:34:10 compute4 kernel: [    0.409465] pci 0000:00:0a.1: quirk_usb_early_handoff+0x0/0x670 took 35497 usecs
Feb  4 09:34:10 compute4 kernel: [    0.425921] PCI Interrupt Link [LNKD] enabled at IRQ 11
Feb  4 09:34:10 compute4 kernel: [    0.443566] pci 0000:00:0a.2: quirk_usb_early_handoff+0x0/0x670 took 32949 usecs
Feb  4 09:34:10 compute4 kernel: [    0.460201] PCI Interrupt Link [LNKA] enabled at IRQ 10
Feb  4 09:34:10 compute4 kernel: [    0.476588] pci 0000:00:0a.7: quirk_usb_early_handoff+0x0/0x670 took 31892 usecs
Feb  4 09:34:10 compute4 kernel: [    0.477242] PCI: CLS 0 bytes, default 64
Feb  4 09:34:10 compute4 kernel: [    0.477474] Trying to unpack rootfs image as initramfs...
Feb  4 09:34:10 compute4 kernel: [    0.600325] Freeing initrd memory: 82436K
Feb  4 09:34:10 compute4 kernel: [    0.600556] PCI-DMA: Using software bounce buffering for IO (SWIOTLB)
Feb  4 09:34:10 compute4 kernel: [    0.600788] software IO TLB: mapped [mem 0xbbecb000-0xbfecb000] (64MB)
Feb  4 09:34:10 compute4 kernel: [    0.601106] clocksource: tsc: mask: 0xffffffffffffffff max_cycles: 0x3c8a615336c, max_idle_ns: 440795257976 ns
Feb  4 09:34:10 compute4 kernel: [    0.601507] check: Scanning for low memory corruption every 60 seconds
Feb  4 09:34:10 compute4 kernel: [    0.602039] Initialise system trusted keyrings
Feb  4 09:34:10 compute4 kernel: [    0.602247] Key type blacklist registered
Feb  4 09:34:10 compute4 kernel: [    0.602467] workingset: timestamp_bits=36 max_order=22 bucket_order=0
Feb  4 09:34:10 compute4 kernel: [    0.603367] zbud: loaded
Feb  4 09:34:10 compute4 kernel: [    0.603729] squashfs: version 4.0 (2009/01/31) Phillip Lougher
Feb  4 09:34:10 compute4 kernel: [    0.604060] fuse: init (API version 7.31)
Feb  4 09:34:10 compute4 kernel: [    0.604266] *** VALIDATE fuse ***
Feb  4 09:34:10 compute4 kernel: [    0.604473] *** VALIDATE fuse ***
Feb  4 09:34:10 compute4 kernel: [    0.604780] Platform Keyring initialized
Feb  4 09:34:10 compute4 kernel: [    0.607009] Key type asymmetric registered
Feb  4 09:34:10 compute4 kernel: [    0.607201] Asymmetric key parser 'x509' registered
Feb  4 09:34:10 compute4 kernel: [    0.607409] Block layer SCSI generic (bsg) driver version 0.4 loaded (major 244)
Feb  4 09:34:10 compute4 kernel: [    0.607749] io scheduler mq-deadline registered
Feb  4 09:34:10 compute4 kernel: [    0.608048] shpchp: Standard Hot Plug PCI Controller Driver version: 0.4
Feb  4 09:34:10 compute4 kernel: [    0.608345] intel_idle: Please enable MWAIT in BIOS SETUP
Feb  4 09:34:10 compute4 kernel: [    0.608405] input: Power Button as /devices/LNXSYSTM:00/LNXPWRBN:00/input/input0
Feb  4 09:34:10 compute4 kernel: [    0.608736] ACPI: Power Button [PWRF]
Feb  4 09:34:10 compute4 kernel: [    0.851358] Serial: 8250/16550 driver, 32 ports, IRQ sharing enabled
Feb  4 09:34:10 compute4 kernel: [    0.874580] 00:04: ttyS0 at I/O 0x3f8 (irq = 4, base_baud = 115200) is a 16550A
Feb  4 09:34:10 compute4 kernel: [    0.876556] Linux agpgart interface v0.103
Feb  4 09:34:10 compute4 kernel: [    1.005867] loop: module loaded
Feb  4 09:34:10 compute4 kernel: [    1.006244] ata_piix 0000:00:01.1: version 2.13
Feb  4 09:34:10 compute4 kernel: [    1.006769] scsi host0: ata_piix
Feb  4 09:34:10 compute4 kernel: [    1.007022] scsi host1: ata_piix
Feb  4 09:34:10 compute4 kernel: [    1.007265] ata1: PATA max MWDMA2 cmd 0x1f0 ctl 0x3f6 bmdma 0xc260 irq 14
Feb  4 09:34:10 compute4 kernel: [    1.007529] ata2: PATA max MWDMA2 cmd 0x170 ctl 0x376 bmdma 0xc268 irq 15
Feb  4 09:34:10 compute4 kernel: [    1.007849] libphy: Fixed MDIO Bus: probed
Feb  4 09:34:10 compute4 kernel: [    1.008048] tun: Universal TUN/TAP device driver, 1.6
Feb  4 09:34:10 compute4 kernel: [    1.008486] PPP generic driver version 2.4.2
Feb  4 09:34:10 compute4 kernel: [    1.008780] VFIO - User Level meta-driver version: 0.3
Feb  4 09:34:10 compute4 kernel: [    1.009144] ehci_hcd: USB 2.0 'Enhanced' Host Controller (EHCI) Driver
Feb  4 09:34:10 compute4 kernel: [    1.009377] ehci-pci: EHCI PCI platform driver
Feb  4 09:34:10 compute4 kernel: [    1.027060] ehci-pci 0000:00:0a.7: EHCI Host Controller
Feb  4 09:34:10 compute4 kernel: [    1.027282] ehci-pci 0000:00:0a.7: new USB bus registered, assigned bus number 1
Feb  4 09:34:10 compute4 kernel: [    1.027687] ehci-pci 0000:00:0a.7: irq 10, io mem 0xfeb98000
Feb  4 09:34:10 compute4 kernel: [    1.041845] ehci-pci 0000:00:0a.7: USB 2.0 started, EHCI 1.00
Feb  4 09:34:10 compute4 kernel: [    1.042224] usb usb1: New USB device found, idVendor=1d6b, idProduct=0002, bcdDevice= 5.04
Feb  4 09:34:10 compute4 kernel: [    1.042680] usb usb1: New USB device strings: Mfr=3, Product=2, SerialNumber=1
Feb  4 09:34:10 compute4 kernel: [    1.043117] usb usb1: Product: EHCI Host Controller
Feb  4 09:34:10 compute4 kernel: [    1.043373] usb usb1: Manufacturer: Linux 5.4.0-97-generic ehci_hcd
Feb  4 09:34:10 compute4 kernel: [    1.043666] usb usb1: SerialNumber: 0000:00:0a.7
Feb  4 09:34:10 compute4 kernel: [    1.044104] hub 1-0:1.0: USB hub found
Feb  4 09:34:10 compute4 kernel: [    1.044358] hub 1-0:1.0: 6 ports detected
Feb  4 09:34:10 compute4 kernel: [    1.044773] ehci-platform: EHCI generic platform driver
Feb  4 09:34:10 compute4 kernel: [    1.045194] ohci_hcd: USB 1.1 'Open' Host Controller (OHCI) Driver
Feb  4 09:34:10 compute4 kernel: [    1.045500] ohci-pci: OHCI PCI platform driver
Feb  4 09:34:10 compute4 kernel: [    1.045769] ohci-platform: OHCI generic platform driver
Feb  4 09:34:10 compute4 kernel: [    1.046060] uhci_hcd: USB Universal Host Controller Interface driver
Feb  4 09:34:10 compute4 kernel: [    1.072043] uhci_hcd 0000:00:0a.0: UHCI Host Controller
Feb  4 09:34:10 compute4 kernel: [    1.072344] uhci_hcd 0000:00:0a.0: new USB bus registered, assigned bus number 2
Feb  4 09:34:10 compute4 kernel: [    1.072787] uhci_hcd 0000:00:0a.0: detected 2 ports
Feb  4 09:34:10 compute4 kernel: [    1.073147] uhci_hcd 0000:00:0a.0: irq 10, io base 0x0000c1e0
Feb  4 09:34:10 compute4 kernel: [    1.073541] usb usb2: New USB device found, idVendor=1d6b, idProduct=0001, bcdDevice= 5.04
Feb  4 09:34:10 compute4 kernel: [    1.074017] usb usb2: New USB device strings: Mfr=3, Product=2, SerialNumber=1
Feb  4 09:34:10 compute4 kernel: [    1.074481] usb usb2: Product: UHCI Host Controller
Feb  4 09:34:10 compute4 kernel: [    1.074784] usb usb2: Manufacturer: Linux 5.4.0-97-generic uhci_hcd
Feb  4 09:34:10 compute4 kernel: [    1.075093] usb usb2: SerialNumber: 0000:00:0a.0
Feb  4 09:34:10 compute4 kernel: [    1.075506] hub 2-0:1.0: USB hub found
Feb  4 09:34:10 compute4 kernel: [    1.075782] hub 2-0:1.0: 2 ports detected
Feb  4 09:34:10 compute4 kernel: [    1.101872] uhci_hcd 0000:00:0a.1: UHCI Host Controller
Feb  4 09:34:10 compute4 kernel: [    1.102166] uhci_hcd 0000:00:0a.1: new USB bus registered, assigned bus number 3
Feb  4 09:34:10 compute4 kernel: [    1.102595] uhci_hcd 0000:00:0a.1: detected 2 ports
Feb  4 09:34:10 compute4 kernel: [    1.102967] uhci_hcd 0000:00:0a.1: irq 11, io base 0x0000c200
Feb  4 09:34:10 compute4 kernel: [    1.103342] usb usb3: New USB device found, idVendor=1d6b, idProduct=0001, bcdDevice= 5.04
Feb  4 09:34:10 compute4 kernel: [    1.103761] usb usb3: New USB device strings: Mfr=3, Product=2, SerialNumber=1
Feb  4 09:34:10 compute4 kernel: [    1.104140] usb usb3: Product: UHCI Host Controller
Feb  4 09:34:10 compute4 kernel: [    1.104398] usb usb3: Manufacturer: Linux 5.4.0-97-generic uhci_hcd
Feb  4 09:34:10 compute4 kernel: [    1.104683] usb usb3: SerialNumber: 0000:00:0a.1
Feb  4 09:34:10 compute4 kernel: [    1.105130] hub 3-0:1.0: USB hub found
Feb  4 09:34:10 compute4 kernel: [    1.105375] hub 3-0:1.0: 2 ports detected
Feb  4 09:34:10 compute4 kernel: [    1.130941] uhci_hcd 0000:00:0a.2: UHCI Host Controller
Feb  4 09:34:10 compute4 kernel: [    1.131234] uhci_hcd 0000:00:0a.2: new USB bus registered, assigned bus number 4
Feb  4 09:34:10 compute4 kernel: [    1.131657] uhci_hcd 0000:00:0a.2: detected 2 ports
Feb  4 09:34:10 compute4 kernel: [    1.131991] uhci_hcd 0000:00:0a.2: irq 11, io base 0x0000c220
Feb  4 09:34:10 compute4 kernel: [    1.132378] usb usb4: New USB device found, idVendor=1d6b, idProduct=0001, bcdDevice= 5.04
Feb  4 09:34:10 compute4 kernel: [    1.132817] usb usb4: New USB device strings: Mfr=3, Product=2, SerialNumber=1
Feb  4 09:34:10 compute4 kernel: [    1.133217] usb usb4: Product: UHCI Host Controller
Feb  4 09:34:10 compute4 kernel: [    1.133479] usb usb4: Manufacturer: Linux 5.4.0-97-generic uhci_hcd
Feb  4 09:34:10 compute4 kernel: [    1.133801] usb usb4: SerialNumber: 0000:00:0a.2
Feb  4 09:34:10 compute4 kernel: [    1.134193] hub 4-0:1.0: USB hub found
Feb  4 09:34:10 compute4 kernel: [    1.134446] hub 4-0:1.0: 2 ports detected
Feb  4 09:34:10 compute4 kernel: [    1.134859] i8042: PNP: PS/2 Controller [PNP0303:KBD,PNP0f13:MOU] at 0x60,0x64 irq 1,12
Feb  4 09:34:10 compute4 kernel: [    1.135969] serio: i8042 KBD port at 0x60,0x64 irq 1
Feb  4 09:34:10 compute4 kernel: [    1.136248] serio: i8042 AUX port at 0x60,0x64 irq 12
Feb  4 09:34:10 compute4 kernel: [    1.136691] mousedev: PS/2 mouse device common for all mice
Feb  4 09:34:10 compute4 kernel: [    1.137332] input: AT Translated Set 2 keyboard as /devices/platform/i8042/serio0/input/input1
Feb  4 09:34:10 compute4 kernel: [    1.137905] rtc_cmos 00:00: RTC can wake from S4
Feb  4 09:34:10 compute4 kernel: [    1.149091] rtc_cmos 00:00: registered as rtc0
Feb  4 09:34:10 compute4 kernel: [    1.149370] rtc_cmos 00:00: alarms up to one day, y3k, 114 bytes nvram
Feb  4 09:34:10 compute4 kernel: [    1.149690] i2c /dev entries driver
Feb  4 09:34:10 compute4 kernel: [    1.149993] device-mapper: uevent: version 1.0.3
Feb  4 09:34:10 compute4 kernel: [    1.150330] device-mapper: ioctl: 4.41.0-ioctl (2019-09-16) initialised: dm-devel@redhat.com
Feb  4 09:34:10 compute4 kernel: [    1.150796] platform eisa.0: Probing EISA bus 0
Feb  4 09:34:10 compute4 kernel: [    1.151045] platform eisa.0: EISA: Cannot allocate resource for mainboard
Feb  4 09:34:10 compute4 kernel: [    1.151373] platform eisa.0: Cannot allocate resource for EISA slot 1
Feb  4 09:34:10 compute4 kernel: [    1.151689] platform eisa.0: Cannot allocate resource for EISA slot 2
Feb  4 09:34:10 compute4 kernel: [    1.152010] platform eisa.0: Cannot allocate resource for EISA slot 3
Feb  4 09:34:10 compute4 kernel: [    1.152327] platform eisa.0: Cannot allocate resource for EISA slot 4
Feb  4 09:34:10 compute4 kernel: [    1.152661] platform eisa.0: Cannot allocate resource for EISA slot 5
Feb  4 09:34:10 compute4 kernel: [    1.153104] platform eisa.0: Cannot allocate resource for EISA slot 6
Feb  4 09:34:10 compute4 kernel: [    1.153426] platform eisa.0: Cannot allocate resource for EISA slot 7
Feb  4 09:34:10 compute4 kernel: [    1.153752] platform eisa.0: Cannot allocate resource for EISA slot 8
Feb  4 09:34:10 compute4 kernel: [    1.154073] platform eisa.0: EISA: Detected 0 cards
Feb  4 09:34:10 compute4 kernel: [    1.154355] intel_pstate: CPU model not supported
Feb  4 09:34:10 compute4 kernel: [    1.154656] ledtrig-cpu: registered to indicate activity on CPUs
Feb  4 09:34:10 compute4 kernel: [    1.155096] intel_pmc_core intel_pmc_core.0:  initialized
Feb  4 09:34:10 compute4 kernel: [    1.155408] drop_monitor: Initializing network drop monitor service
Feb  4 09:34:10 compute4 kernel: [    1.155867] NET: Registered protocol family 10
Feb  4 09:34:10 compute4 kernel: [    1.161786] Segment Routing with IPv6
Feb  4 09:34:10 compute4 kernel: [    1.162062] NET: Registered protocol family 17
Feb  4 09:34:10 compute4 kernel: [    1.162367] Key type dns_resolver registered
Feb  4 09:34:10 compute4 kernel: [    1.162799] RAS: Correctable Errors collector initialized.
Feb  4 09:34:10 compute4 kernel: [    1.163103] IPI shorthand broadcast: enabled
Feb  4 09:34:10 compute4 kernel: [    1.163357] sched_clock: Marking stable (1129060798, 33711335)->(1217706342, -54934209)
Feb  4 09:34:10 compute4 kernel: [    1.163880] registered taskstats version 1
Feb  4 09:34:10 compute4 kernel: [    1.164142] Loading compiled-in X.509 certificates
Feb  4 09:34:10 compute4 kernel: [    1.165204] Loaded X.509 cert 'Build time autogenerated kernel key: e5ea7ed5422103bd507f8d0ea094986d4f0e9164'
Feb  4 09:34:10 compute4 kernel: [    1.166293] Loaded X.509 cert 'Canonical Ltd. Live Patch Signing: 14df34d1a87cf37625abec039ef2bf521249b969'
Feb  4 09:34:10 compute4 kernel: [    1.167325] Loaded X.509 cert 'Canonical Ltd. Kernel Module Signing: 88f752e560a1e0737e31163a466ad7b70a850c19'
Feb  4 09:34:10 compute4 kernel: [    1.167805] blacklist: Loading compiled-in revocation X.509 certificates
Feb  4 09:34:10 compute4 kernel: [    1.168155] Loaded X.509 cert 'Canonical Ltd. Secure Boot Signing: 61482aa2830d0ab2ad5af10b7250da9033ddcef0'
Feb  4 09:34:10 compute4 kernel: [    1.168662] zswap: loaded using pool lzo/zbud
Feb  4 09:34:10 compute4 kernel: [    1.169112] Key type ._fscrypt registered
Feb  4 09:34:10 compute4 kernel: [    1.169363] Key type .fscrypt registered
Feb  4 09:34:10 compute4 kernel: [    1.174507] Key type big_key registered
Feb  4 09:34:10 compute4 kernel: [    1.177281] Key type encrypted registered
Feb  4 09:34:10 compute4 kernel: [    1.177536] AppArmor: AppArmor sha1 policy hashing enabled
Feb  4 09:34:10 compute4 kernel: [    1.177838] ima: No TPM chip found, activating TPM-bypass!
Feb  4 09:34:10 compute4 kernel: [    1.178120] ima: Allocated hash algorithm: sha1
Feb  4 09:34:10 compute4 kernel: [    1.178370] ima: No architecture policies found
Feb  4 09:34:10 compute4 kernel: [    1.178625] evm: Initialising EVM extended attributes:
Feb  4 09:34:10 compute4 kernel: [    1.178893] evm: security.selinux
Feb  4 09:34:10 compute4 kernel: [    1.179116] evm: security.SMACK64
Feb  4 09:34:10 compute4 kernel: [    1.179340] evm: security.SMACK64EXEC
Feb  4 09:34:10 compute4 kernel: [    1.179584] evm: security.SMACK64TRANSMUTE
Feb  4 09:34:10 compute4 kernel: [    1.179843] evm: security.SMACK64MMAP
Feb  4 09:34:10 compute4 kernel: [    1.180086] evm: security.apparmor
Feb  4 09:34:10 compute4 kernel: [    1.180315] evm: security.ima
Feb  4 09:34:10 compute4 kernel: [    1.180537] evm: security.capability
Feb  4 09:34:10 compute4 kernel: [    1.180777] evm: HMAC attrs: 0x1
Feb  4 09:34:10 compute4 kernel: [    1.181434] PM:   Magic number: 10:257:575
Feb  4 09:34:10 compute4 kernel: [    1.181718]  workqueue: hash matches
Feb  4 09:34:10 compute4 kernel: [    1.182061] rtc_cmos 00:00: setting system clock to 2022-02-04T09:34:02 UTC (1643967242)
Feb  4 09:34:10 compute4 kernel: [    1.183958] Freeing unused decrypted memory: 2040K
Feb  4 09:34:10 compute4 kernel: [    1.185151] Freeing unused kernel image memory: 2752K
Feb  4 09:34:10 compute4 kernel: [    1.201834] Write protecting the kernel read-only data: 26624k
Feb  4 09:34:10 compute4 kernel: [    1.203213] Freeing unused kernel image memory: 2008K
Feb  4 09:34:10 compute4 kernel: [    1.203886] Freeing unused kernel image memory: 740K
Feb  4 09:34:10 compute4 kernel: [    1.215136] x86/mm: Checked W+X mappings: passed, no W+X pages found.
Feb  4 09:34:10 compute4 kernel: [    1.215499] x86/mm: Checking user space page tables
Feb  4 09:34:10 compute4 kernel: [    1.226269] x86/mm: Checked W+X mappings: passed, no W+X pages found.
Feb  4 09:34:10 compute4 kernel: [    1.226612] Run /init as init process
Feb  4 09:34:10 compute4 kernel: [    1.314948] piix4_smbus 0000:00:01.3: SMBus Host Controller at 0x700, revision 0
Feb  4 09:34:10 compute4 kernel: [    1.327286] virtio_blk virtio7: [vda] 629145600 512-byte logical blocks (322 GB/300 GiB)
Feb  4 09:34:10 compute4 kernel: [    1.336222] input: VirtualPS/2 VMware VMMouse as /devices/platform/i8042/serio1/input/input4
Feb  4 09:34:10 compute4 kernel: [    1.338227] input: VirtualPS/2 VMware VMMouse as /devices/platform/i8042/serio1/input/input3
Feb  4 09:34:10 compute4 kernel: [    1.342704]  vda: vda1 vda2
Feb  4 09:34:10 compute4 kernel: [    1.345287] FDC 0 is a S82078B
Feb  4 09:34:10 compute4 kernel: [    1.362612] virtio_blk virtio8: [vdb] 209715200 512-byte logical blocks (107 GB/100 GiB)
Feb  4 09:34:10 compute4 kernel: [    1.367364] cryptd: max_cpu_qlen set to 1000
Feb  4 09:34:10 compute4 kernel: [    1.375625]  vdb: vdb1 vdb2
Feb  4 09:34:10 compute4 kernel: [    1.377688] AVX2 version of gcm_enc/dec engaged.
Feb  4 09:34:10 compute4 kernel: [    1.378010] AES CTR mode by8 optimization enabled
Feb  4 09:34:10 compute4 kernel: [    1.386820] cirrus 0000:00:02.0: remove_conflicting_pci_framebuffers: bar 0: 0xfc000000 -> 0xfdffffff
Feb  4 09:34:10 compute4 kernel: [    1.387349] cirrus 0000:00:02.0: remove_conflicting_pci_framebuffers: bar 1: 0xfeb90000 -> 0xfeb90fff
Feb  4 09:34:10 compute4 kernel: [    1.388205] cirrus 0000:00:02.0: vgaarb: deactivate vga console
Feb  4 09:34:10 compute4 kernel: [    1.400887] virtio_blk virtio9: [vdc] 209715200 512-byte logical blocks (107 GB/100 GiB)
Feb  4 09:34:10 compute4 kernel: [    1.416695] virtio_net virtio0 ens3: renamed from eth0
Feb  4 09:34:10 compute4 kernel: [    1.430853] virtio_blk virtio11: [vdd] 209715200 512-byte logical blocks (107 GB/100 GiB)
Feb  4 09:34:10 compute4 kernel: [    1.431449] virtio_net virtio1 ens4: renamed from eth1
Feb  4 09:34:10 compute4 kernel: [    1.446728] virtio_net virtio5 ens8: renamed from eth5
Feb  4 09:34:10 compute4 kernel: [    1.453868] Console: switching to colour dummy device 80x25
Feb  4 09:34:10 compute4 kernel: [    1.454192] [drm] Initialized cirrus 2.0.0 2019 for 0000:00:02.0 on minor 0
Feb  4 09:34:10 compute4 kernel: [    1.454645] fbcon: cirrusdrmfb (fb0) is primary device
Feb  4 09:34:10 compute4 kernel: [    1.462164] virtio_net virtio6 ens9: renamed from eth6
Feb  4 09:34:10 compute4 kernel: [    1.470658] Console: switching to colour frame buffer device 128x48
Feb  4 09:34:10 compute4 kernel: [    1.472190] cirrus 0000:00:02.0: fb0: cirrusdrmfb frame buffer device
Feb  4 09:34:10 compute4 kernel: [    1.481354] virtio_net virtio2 ens5: renamed from eth2
Feb  4 09:34:10 compute4 kernel: [    1.497408] virtio_net virtio4 ens7: renamed from eth4
Feb  4 09:34:10 compute4 kernel: [    1.511258] virtio_net virtio3 ens6: renamed from eth3
Feb  4 09:34:10 compute4 kernel: [    1.515535] bcache: register_bdev() registered backing device vdd
Feb  4 09:34:10 compute4 kernel: [    1.523188] bcache: register_bdev() registered backing device vdc
Feb  4 09:34:10 compute4 kernel: [    1.549570] bcache: bch_journal_replay() journal replay done, 0 keys in 2 entries, seq 8
Feb  4 09:34:10 compute4 kernel: [    1.554736] bcache: bch_cached_dev_attach() Caching vdc as bcache1 on set d7696818-1be9-4dea-9991-de95e24d7256
Feb  4 09:34:10 compute4 kernel: [    1.556358] bcache: bch_cached_dev_attach() Caching vdd as bcache0 on set d7696818-1be9-4dea-9991-de95e24d7256
Feb  4 09:34:10 compute4 kernel: [    1.556482] bcache: register_cache() registered cache device vdb2
Feb  4 09:34:10 compute4 kernel: [    1.705798] raid6: avx2x4   gen() 34990 MB/s
Feb  4 09:34:10 compute4 kernel: [    1.753799] raid6: avx2x4   xor() 15373 MB/s
Feb  4 09:34:10 compute4 kernel: [    1.801796] raid6: avx2x2   gen() 19498 MB/s
Feb  4 09:34:10 compute4 kernel: [    1.849795] raid6: avx2x2   xor() 14890 MB/s
Feb  4 09:34:10 compute4 kernel: [    1.897798] raid6: avx2x1   gen() 18815 MB/s
Feb  4 09:34:10 compute4 kernel: [    1.945799] raid6: avx2x1   xor() 11325 MB/s
Feb  4 09:34:10 compute4 kernel: [    1.993796] raid6: sse2x4   gen() 16387 MB/s
Feb  4 09:34:10 compute4 kernel: [    2.041798] raid6: sse2x4   xor() 10650 MB/s
Feb  4 09:34:10 compute4 kernel: [    2.089802] raid6: sse2x2   gen() 14655 MB/s
Feb  4 09:34:10 compute4 kernel: [    2.137801] raid6: sse2x2   xor() 10031 MB/s
Feb  4 09:34:10 compute4 kernel: [    2.185808] raid6: sse2x1   gen() 11350 MB/s
Feb  4 09:34:10 compute4 kernel: [    2.233796] raid6: sse2x1   xor()  7409 MB/s
Feb  4 09:34:10 compute4 kernel: [    2.234024] raid6: using algorithm avx2x4 gen() 34990 MB/s
Feb  4 09:34:10 compute4 kernel: [    2.234221] raid6: .... xor() 15373 MB/s, rmw enabled
Feb  4 09:34:10 compute4 kernel: [    2.234410] raid6: using avx2x2 recovery algorithm
Feb  4 09:34:10 compute4 kernel: [    2.235599] xor: automatically using best checksumming function   avx       
Feb  4 09:34:10 compute4 kernel: [    2.237386] async_tx: api initialized (async)
Feb  4 09:34:10 compute4 kernel: [    2.288196] Btrfs loaded, crc32c=crc32c-intel
Feb  4 09:34:10 compute4 kernel: [    2.337369] EXT4-fs (vda2): mounted filesystem with ordered data mode. Opts: (null)
Feb  4 09:34:10 compute4 kernel: [    2.778236] EXT4-fs (vda2): re-mounted. Opts: (null)
Feb  4 09:34:10 compute4 kernel: [    2.957798] Adding 4194300k swap on /swap.img.  Priority:-2 extents:6 across:4612092k FS
Feb  4 09:34:10 compute4 kernel: [    3.282171] bcache: register_bcache() error : device already registered (emitting change event)
Feb  4 09:34:10 compute4 kernel: [    3.285218] bcache: register_bcache() error : device already registered (emitting change event)
Feb  4 09:34:10 compute4 kernel: [    3.381024] bcache: register_bcache() error : device already registered
Feb  4 09:34:10 compute4 kernel: [    3.429811] alua: device handler registered
Feb  4 09:34:10 compute4 kernel: [    3.430546] emc: device handler registered
Feb  4 09:34:10 compute4 kernel: [    3.431334] rdac: device handler registered
Feb  4 09:34:10 compute4 kernel: [    3.757194] audit: type=1400 audit(1643967245.068:2): apparmor="STATUS" operation="profile_load" profile="unconfined" name="/usr/sbin/tcpdump" pid=633 comm="apparmor_parser"
Feb  4 09:34:10 compute4 kernel: [    3.797567] audit: type=1400 audit(1643967245.108:3): apparmor="STATUS" operation="profile_load" profile="unconfined" name="/usr/lib/NetworkManager/nm-dhcp-client.action" pid=632 comm="apparmor_parser"
Feb  4 09:34:10 compute4 kernel: [    3.797999] audit: type=1400 audit(1643967245.112:4): apparmor="STATUS" operation="profile_load" profile="unconfined" name="/usr/lib/NetworkManager/nm-dhcp-helper" pid=632 comm="apparmor_parser"
Feb  4 09:34:10 compute4 kernel: [    3.798275] audit: type=1400 audit(1643967245.112:5): apparmor="STATUS" operation="profile_load" profile="unconfined" name="/usr/lib/connman/scripts/dhclient-script" pid=632 comm="apparmor_parser"
Feb  4 09:34:10 compute4 kernel: [    3.798675] audit: type=1400 audit(1643967245.112:6): apparmor="STATUS" operation="profile_load" profile="unconfined" name="/{,usr/}sbin/dhclient" pid=632 comm="apparmor_parser"
Feb  4 09:34:10 compute4 kernel: [    3.823830] audit: type=1400 audit(1643967245.136:7): apparmor="STATUS" operation="profile_load" profile="unconfined" name="lsb_release" pid=643 comm="apparmor_parser"
Feb  4 09:34:10 compute4 kernel: [    3.865240] audit: type=1400 audit(1643967245.176:8): apparmor="STATUS" operation="profile_load" profile="unconfined" name="/usr/bin/man" pid=644 comm="apparmor_parser"
Feb  4 09:34:10 compute4 kernel: [    3.865528] audit: type=1400 audit(1643967245.176:9): apparmor="STATUS" operation="profile_load" profile="unconfined" name="man_filter" pid=644 comm="apparmor_parser"
Feb  4 09:34:10 compute4 kernel: [    3.865866] audit: type=1400 audit(1643967245.180:10): apparmor="STATUS" operation="profile_load" profile="unconfined" name="man_groff" pid=644 comm="apparmor_parser"
Feb  4 09:34:10 compute4 kernel: [    8.213877] EXT4-fs (vda2): resizing filesystem from 78641152 to 78642683 blocks
Feb  4 09:34:10 compute4 kernel: [    8.214457] EXT4-fs (vda2): resized filesystem to 78642683
Feb  4 09:34:20 compute4 kernel: [   19.735178] bcache: register_bcache() error : device already registered (emitting change event)
Feb  4 09:34:20 compute4 kernel: [   19.737733] bcache: register_bcache() error : device already registered (emitting change event)
Feb  4 09:34:20 compute4 kernel: [   19.778261] bcache: register_bcache() error : device already registered
Feb  4 09:34:42 compute4 kernel: [   42.481989] new mount options do not match the existing superblock, will be ignored
Feb  4 09:34:44 compute4 kernel: [   44.121958] NET: Registered protocol family 40
Feb  4 09:34:45 compute4 kernel: [   45.098604] bpfilter: Loaded bpfilter_umh pid 3877
Feb  4 09:34:45 compute4 kernel: [   45.351229] spl: loading out-of-tree module taints kernel.
Feb  4 09:34:45 compute4 kernel: [   45.355322] znvpair: module license 'CDDL' taints kernel.
Feb  4 09:34:45 compute4 kernel: [   45.355323] Disabling lock debugging due to kernel taint
Feb  4 09:34:47 compute4 kernel: [   47.296434] ZFS: Loaded module v0.8.3-1ubuntu12.13, ZFS pool version 5000, ZFS filesystem version 5
Feb  4 09:35:00 compute4 kernel: [   59.799581] kauditd_printk_skb: 19 callbacks suppressed
Feb  4 09:35:00 compute4 kernel: [   59.799582] audit: type=1400 audit(1643967300.272:30): apparmor="STATUS" operation="profile_replace" profile="unconfined" name="/snap/snapd/14549/usr/lib/snapd/snap-confine" pid=4229 comm="apparmor_parser"
Feb  4 09:35:00 compute4 kernel: [   59.818486] audit: type=1400 audit(1643967300.292:31): apparmor="STATUS" operation="profile_replace" profile="unconfined" name="/snap/snapd/14549/usr/lib/snapd/snap-confine//mount-namespace-capture-helper" pid=4229 comm="apparmor_parser"
Feb  4 09:35:00 compute4 kernel: [   59.876321] audit: type=1400 audit(1643967300.348:32): apparmor="STATUS" operation="profile_replace" profile="unconfined" name="snap.lxd.benchmark" pid=4232 comm="apparmor_parser"
Feb  4 09:35:00 compute4 kernel: [   59.876420] audit: type=1400 audit(1643967300.348:33): apparmor="STATUS" operation="profile_replace" profile="unconfined" name="snap.lxd.activate" pid=4231 comm="apparmor_parser"
Feb  4 09:35:00 compute4 kernel: [   59.934396] audit: type=1400 audit(1643967300.408:34): apparmor="STATUS" operation="profile_replace" profile="unconfined" name="snap.lxd.check-kernel" pid=4234 comm="apparmor_parser"
Feb  4 09:35:00 compute4 kernel: [   59.936982] audit: type=1400 audit(1643967300.408:35): apparmor="STATUS" operation="profile_replace" profile="unconfined" name="snap.lxd.buginfo" pid=4233 comm="apparmor_parser"
Feb  4 09:35:00 compute4 kernel: [   60.012053] audit: type=1400 audit(1643967300.484:36): apparmor="STATUS" operation="profile_replace" profile="unconfined" name="snap.lxd.daemon" pid=4235 comm="apparmor_parser"
Feb  4 09:35:00 compute4 kernel: [   60.015086] audit: type=1400 audit(1643967300.488:37): apparmor="STATUS" operation="profile_replace" profile="unconfined" name="snap.lxd.hook.configure" pid=4236 comm="apparmor_parser"
Feb  4 09:35:00 compute4 kernel: [   60.062373] audit: type=1400 audit(1643967300.536:38): apparmor="STATUS" operation="profile_replace" profile="unconfined" name="snap.lxd.hook.install" pid=4237 comm="apparmor_parser"
Feb  4 09:35:00 compute4 kernel: [   60.075346] audit: type=1400 audit(1643967300.548:39): apparmor="STATUS" operation="profile_replace" profile="unconfined" name="snap.lxd.hook.remove" pid=4238 comm="apparmor_parser"
Feb  4 09:35:05 compute4 kernel: [   65.477474] bridge: filtering via arp/ip/ip6tables is no longer available by default. Update your scripts to load br_netfilter if you need this.
Feb  4 09:35:06 compute4 kernel: [   65.618493] kauditd_printk_skb: 6 callbacks suppressed
Feb  4 09:35:06 compute4 kernel: [   65.618496] audit: type=1400 audit(1643967306.092:46): apparmor="STATUS" operation="profile_load" profile="unconfined" name="lxd_dnsmasq-lxdbr0_</var/snap/lxd/common/lxd>" pid=4810 comm="apparmor_parser"
Feb  4 09:37:23 compute4 kernel: [  203.133351] audit: type=1400 audit(1643967443.602:47): apparmor="STATUS" operation="profile_load" profile="unconfined" name="virt-aa-helper" pid=19564 comm="apparmor_parser"
Feb  4 09:37:23 compute4 kernel: [  203.190147] audit: type=1400 audit(1643967443.658:48): apparmor="STATUS" operation="profile_load" profile="unconfined" name="libvirtd" pid=19570 comm="apparmor_parser"
Feb  4 09:37:23 compute4 kernel: [  203.190538] audit: type=1400 audit(1643967443.658:49): apparmor="STATUS" operation="profile_load" profile="unconfined" name="libvirtd//qemu_bridge_helper" pid=19570 comm="apparmor_parser"
Feb  4 09:37:26 compute4 kernel: [  205.793759] virbr0: port 1(virbr0-nic) entered blocking state
Feb  4 09:37:26 compute4 kernel: [  205.793761] virbr0: port 1(virbr0-nic) entered disabled state
Feb  4 09:37:26 compute4 kernel: [  205.794293] device virbr0-nic entered promiscuous mode
Feb  4 09:37:26 compute4 kernel: [  206.133186] virbr0: port 1(virbr0-nic) entered blocking state
Feb  4 09:37:26 compute4 kernel: [  206.133188] virbr0: port 1(virbr0-nic) entered listening state
Feb  4 09:37:26 compute4 kernel: [  206.189946] virbr0: port 1(virbr0-nic) entered disabled state
Feb  4 09:37:55 compute4 kernel: [  234.824043] br-ens3: port 1(ens3) entered blocking state
Feb  4 09:37:55 compute4 kernel: [  234.824045] br-ens3: port 1(ens3) entered disabled state
Feb  4 09:37:55 compute4 kernel: [  234.824232] device ens3 entered promiscuous mode
Feb  4 09:37:55 compute4 kernel: [  234.824332] br-ens3: port 1(ens3) entered blocking state
Feb  4 09:37:55 compute4 kernel: [  234.824332] br-ens3: port 1(ens3) entered forwarding state
Feb  4 09:38:32 compute4 kernel: [  272.026058] openvswitch: Open vSwitch switching datapath
Feb  4 09:38:46 compute4 kernel: [  285.852261] Bridge firewalling registered
Feb  4 09:38:50 compute4 kernel: [  289.669725] device ovs-system entered promiscuous mode
Feb  4 09:38:50 compute4 kernel: [  289.670197] Timeout policy base is empty
Feb  4 09:38:50 compute4 kernel: [  289.670198] Failed to associated timeout policy `ovs_test_tp'
Feb  4 09:38:50 compute4 kernel: [  289.708056] device br-int entered promiscuous mode
Feb  4 09:39:11 compute4 kernel: [  310.526040] audit: type=1400 audit(1643967550.993:50): apparmor="STATUS" operation="profile_remove" info="profile does not exist" error=-2 profile="unconfined" name="/usr/bin/ceph-osd" pid=25115 comm="apparmor_parser"
Feb  4 09:39:11 compute4 kernel: [  310.594092] audit: type=1400 audit(1643967551.061:51): apparmor="STATUS" operation="profile_replace" info="same as current profile, skipping" profile="unconfined" name="/usr/sbin/tcpdump" pid=25153 comm="apparmor_parser"
Feb  4 09:39:11 compute4 kernel: [  310.597618] audit: type=1400 audit(1643967551.065:52): apparmor="STATUS" operation="profile_replace" profile="unconfined" name="/usr/lib/NetworkManager/nm-dhcp-client.action" pid=25152 comm="apparmor_parser"
Feb  4 09:39:11 compute4 kernel: [  310.597622] audit: type=1400 audit(1643967551.065:53): apparmor="STATUS" operation="profile_replace" profile="unconfined" name="/usr/lib/NetworkManager/nm-dhcp-helper" pid=25152 comm="apparmor_parser"
Feb  4 09:39:11 compute4 kernel: [  310.597624] audit: type=1400 audit(1643967551.065:54): apparmor="STATUS" operation="profile_replace" profile="unconfined" name="/usr/lib/connman/scripts/dhclient-script" pid=25152 comm="apparmor_parser"
Feb  4 09:39:11 compute4 kernel: [  310.597626] audit: type=1400 audit(1643967551.065:55): apparmor="STATUS" operation="profile_replace" profile="unconfined" name="/{,usr/}sbin/dhclient" pid=25152 comm="apparmor_parser"
Feb  4 09:39:11 compute4 kernel: [  310.599878] audit: type=1400 audit(1643967551.065:56): apparmor="STATUS" operation="profile_replace" profile="unconfined" name="libvirtd" pid=25154 comm="apparmor_parser"
Feb  4 09:39:11 compute4 kernel: [  310.621660] audit: type=1400 audit(1643967551.089:57): apparmor="STATUS" operation="profile_replace" profile="unconfined" name="libvirtd//qemu_bridge_helper" pid=25154 comm="apparmor_parser"
Feb  4 09:39:11 compute4 kernel: [  310.622293] audit: type=1400 audit(1643967551.089:58): apparmor="STATUS" operation="profile_replace" info="same as current profile, skipping" profile="unconfined" name="virt-aa-helper" pid=25156 comm="apparmor_parser"
Feb  4 09:39:11 compute4 kernel: [  310.624373] audit: type=1400 audit(1643967551.089:59): apparmor="STATUS" operation="profile_replace" profile="unconfined" name="/usr/lib/snapd/snap-confine" pid=25157 comm="apparmor_parser"
Feb  4 09:39:39 compute4 kernel: [  339.374540] No such timeout policy "ovs_test_tp"
Feb  4 09:39:39 compute4 kernel: [  339.374542] Failed to associated timeout policy `ovs_test_tp'
Feb  4 09:39:40 compute4 kernel: [  339.861910] device br-ex entered promiscuous mode
Feb  4 09:39:42 compute4 kernel: [  341.634044] device br-data entered promiscuous mode
Feb  4 09:39:42 compute4 kernel: [  341.684883] device ens7 entered promiscuous mode
Feb  4 09:39:56 compute4 kernel: [  355.565446] capability: warning: `privsep-helper' uses deprecated v2 capabilities in a way that may be insecure
Feb  4 09:39:59 compute4 kernel: [  359.000479] device br-tun entered promiscuous mode
Feb  4 09:40:38 compute4 kernel: [  398.350926] device virbr0-nic left promiscuous mode
Feb  4 09:40:38 compute4 kernel: [  398.350930] virbr0: port 1(virbr0-nic) entered disabled state
Feb  4 09:40:45 compute4 kernel: [  405.383393] kauditd_printk_skb: 7 callbacks suppressed
Feb  4 09:40:45 compute4 kernel: [  405.383395] audit: type=1400 audit(1643967645.848:67): apparmor="STATUS" operation="profile_remove" info="profile does not exist" error=-2 profile="unconfined" name="/usr/bin/nova-compute" pid=29211 comm="apparmor_parser"
Feb  4 09:40:46 compute4 kernel: [  406.250560] Loading iSCSI transport class v2.0-870.
Feb  4 09:42:47 compute4 kernel: [  526.719550] br-ens3: port 2(vethd728384f) entered blocking state
Feb  4 09:42:47 compute4 kernel: [  526.719552] br-ens3: port 2(vethd728384f) entered disabled state
Feb  4 09:42:47 compute4 kernel: [  526.719628] device vethd728384f entered promiscuous mode
Feb  4 09:42:47 compute4 kernel: [  526.719654] br-ens3: port 2(vethd728384f) entered blocking state
Feb  4 09:42:47 compute4 kernel: [  526.719655] br-ens3: port 2(vethd728384f) entered forwarding state
Feb  4 09:42:47 compute4 kernel: [  526.743252] br-ens3: port 3(vethd5ff833b) entered blocking state
Feb  4 09:42:47 compute4 kernel: [  526.743254] br-ens3: port 3(vethd5ff833b) entered disabled state
Feb  4 09:42:47 compute4 kernel: [  526.744085] device vethd5ff833b entered promiscuous mode
Feb  4 09:42:47 compute4 kernel: [  526.899271] br-ens3: port 4(veth0b50f20b) entered blocking state
Feb  4 09:42:47 compute4 kernel: [  526.899273] br-ens3: port 4(veth0b50f20b) entered disabled state
Feb  4 09:42:47 compute4 kernel: [  526.899343] device veth0b50f20b entered promiscuous mode
Feb  4 09:42:47 compute4 kernel: [  526.899365] br-ens3: port 4(veth0b50f20b) entered blocking state
Feb  4 09:42:47 compute4 kernel: [  526.899366] br-ens3: port 4(veth0b50f20b) entered forwarding state
Feb  4 09:42:47 compute4 kernel: [  526.940611] br-ens3: port 5(veth5035220e) entered blocking state
Feb  4 09:42:47 compute4 kernel: [  526.940613] br-ens3: port 5(veth5035220e) entered disabled state
Feb  4 09:42:47 compute4 kernel: [  526.940700] device veth5035220e entered promiscuous mode
Feb  4 09:42:47 compute4 kernel: [  526.940729] br-ens3: port 5(veth5035220e) entered blocking state
Feb  4 09:42:47 compute4 kernel: [  526.940730] br-ens3: port 5(veth5035220e) entered forwarding state
Feb  4 09:42:47 compute4 kernel: [  527.015064] br-ens3: port 6(vethc76755b2) entered blocking state
Feb  4 09:42:47 compute4 kernel: [  527.015065] br-ens3: port 6(vethc76755b2) entered disabled state
Feb  4 09:42:47 compute4 kernel: [  527.015141] device vethc76755b2 entered promiscuous mode
Feb  4 09:42:47 compute4 kernel: [  527.015169] br-ens3: port 6(vethc76755b2) entered blocking state
Feb  4 09:42:47 compute4 kernel: [  527.015169] br-ens3: port 6(vethc76755b2) entered forwarding state
Feb  4 09:42:47 compute4 kernel: [  527.192093] br-ens3: port 7(vethee47b849) entered blocking state
Feb  4 09:42:47 compute4 kernel: [  527.192097] br-ens3: port 7(vethee47b849) entered disabled state
Feb  4 09:42:47 compute4 kernel: [  527.192218] device vethee47b849 entered promiscuous mode
Feb  4 09:42:47 compute4 kernel: [  527.192244] br-ens3: port 7(vethee47b849) entered blocking state
Feb  4 09:42:47 compute4 kernel: [  527.192246] br-ens3: port 7(vethee47b849) entered forwarding state
Feb  4 09:42:47 compute4 kernel: [  527.331049] br-ens3: port 8(veth98facc24) entered blocking state
Feb  4 09:42:47 compute4 kernel: [  527.331051] br-ens3: port 8(veth98facc24) entered disabled state
Feb  4 09:42:47 compute4 kernel: [  527.331133] device veth98facc24 entered promiscuous mode
Feb  4 09:42:47 compute4 kernel: [  527.331170] br-ens3: port 8(veth98facc24) entered blocking state
Feb  4 09:42:47 compute4 kernel: [  527.331171] br-ens3: port 8(veth98facc24) entered forwarding state
Feb  4 09:42:48 compute4 kernel: [  527.574990] br-ens3: port 2(vethd728384f) entered disabled state
Feb  4 09:42:48 compute4 kernel: [  527.575059] br-ens3: port 4(veth0b50f20b) entered disabled state
Feb  4 09:42:48 compute4 kernel: [  527.575091] br-ens3: port 5(veth5035220e) entered disabled state
Feb  4 09:42:48 compute4 kernel: [  527.575123] br-ens3: port 6(vethc76755b2) entered disabled state
Feb  4 09:42:48 compute4 kernel: [  527.575150] br-ens3: port 7(vethee47b849) entered disabled state
Feb  4 09:42:48 compute4 kernel: [  527.575177] br-ens3: port 8(veth98facc24) entered disabled state
Feb  4 09:42:49 compute4 kernel: [  528.764454] audit: type=1400 audit(1643967769.231:68): apparmor="STATUS" operation="profile_load" profile="unconfined" name="lxd-juju-04f1e3-1-lxd-2_</var/snap/lxd/common/lxd>" pid=32708 comm="apparmor_parser"
Feb  4 09:42:49 compute4 kernel: [  528.807567] cgroup: cgroup: disabling cgroup2 socket matching due to net_prio or net_cls activation
Feb  4 09:42:49 compute4 kernel: [  528.851255] physs3Dnld: renamed from veth9883da35
Feb  4 09:42:49 compute4 kernel: [  528.882893] eth0: renamed from physs3Dnld
Feb  4 09:42:49 compute4 kernel: [  528.899773] IPv6: ADDRCONF(NETDEV_CHANGE): eth0: link becomes ready
Feb  4 09:42:49 compute4 kernel: [  528.899810] br-ens3: port 2(vethd728384f) entered blocking state
Feb  4 09:42:49 compute4 kernel: [  528.899813] br-ens3: port 2(vethd728384f) entered forwarding state
Feb  4 09:42:49 compute4 kernel: [  528.931413] new mount options do not match the existing superblock, will be ignored
Feb  4 09:42:49 compute4 kernel: [  529.109251] audit: type=1400 audit(1643967769.575:69): apparmor="STATUS" operation="profile_load" profile="unconfined" name="lxd-juju-04f1e3-1-lxd-6_</var/snap/lxd/common/lxd>" pid=32701 comm="apparmor_parser"
Feb  4 09:42:49 compute4 kernel: [  529.217776] audit: type=1400 audit(1643967769.683:70): apparmor="STATUS" operation="profile_load" profile="unconfined" name="lxd-juju-04f1e3-1-lxd-3_</var/snap/lxd/common/lxd>" pid=32729 comm="apparmor_parser"
Feb  4 09:42:49 compute4 kernel: [  529.227352] phys8at6mn: renamed from vethda0565ef
Feb  4 09:42:49 compute4 kernel: [  529.253595] audit: type=1400 audit(1643967769.719:71): apparmor="STATUS" operation="profile_load" profile="unconfined" name="lxd-juju-04f1e3-1-lxd-4_</var/snap/lxd/common/lxd>" pid=32769 comm="apparmor_parser"
Feb  4 09:42:49 compute4 kernel: [  529.267893] eth0: renamed from phys8at6mn
Feb  4 09:42:49 compute4 kernel: [  529.278226] IPv6: ADDRCONF(NETDEV_CHANGE): eth0: link becomes ready
Feb  4 09:42:49 compute4 kernel: [  529.278275] br-ens3: port 5(veth5035220e) entered blocking state
Feb  4 09:42:49 compute4 kernel: [  529.278277] br-ens3: port 5(veth5035220e) entered forwarding state
Feb  4 09:42:49 compute4 kernel: [  529.340033] audit: type=1400 audit(1643967769.807:72): apparmor="STATUS" operation="profile_load" profile="unconfined" name="lxd-juju-04f1e3-1-lxd-1_</var/snap/lxd/common/lxd>" pid=32752 comm="apparmor_parser"
Feb  4 09:42:49 compute4 kernel: [  529.363235] physxeU3eW: renamed from veth7c88d95e
Feb  4 09:42:49 compute4 kernel: [  529.392213] physpaZxuZ: renamed from veth02a38454
Feb  4 09:42:49 compute4 kernel: [  529.457411] eth0: renamed from physxeU3eW
Feb  4 09:42:49 compute4 kernel: [  529.468751] eth0: renamed from physpaZxuZ
Feb  4 09:42:49 compute4 kernel: [  529.491380] IPv6: ADDRCONF(NETDEV_CHANGE): eth0: link becomes ready
Feb  4 09:42:49 compute4 kernel: [  529.491413] br-ens3: port 8(veth98facc24) entered blocking state
Feb  4 09:42:49 compute4 kernel: [  529.491414] br-ens3: port 8(veth98facc24) entered forwarding state
Feb  4 09:42:50 compute4 kernel: [  529.552138] IPv6: ADDRCONF(NETDEV_CHANGE): eth0: link becomes ready
Feb  4 09:42:50 compute4 kernel: [  529.552193] br-ens3: port 4(veth0b50f20b) entered blocking state
Feb  4 09:42:50 compute4 kernel: [  529.552196] br-ens3: port 4(veth0b50f20b) entered forwarding state
Feb  4 09:42:50 compute4 kernel: [  529.631295] physgTUQoF: renamed from veth978795f3
Feb  4 09:42:50 compute4 kernel: [  529.655132] eth0: renamed from physgTUQoF
Feb  4 09:42:50 compute4 kernel: [  529.661490] IPv6: ADDRCONF(NETDEV_CHANGE): eth0: link becomes ready
Feb  4 09:42:50 compute4 kernel: [  529.661540] br-ens3: port 6(vethc76755b2) entered blocking state
Feb  4 09:42:50 compute4 kernel: [  529.661543] br-ens3: port 6(vethc76755b2) entered forwarding state
Feb  4 09:42:50 compute4 kernel: [  529.721280] audit: type=1400 audit(1643967770.187:73): apparmor="STATUS" operation="profile_load" profile="unconfined" name="lxd-juju-04f1e3-1-lxd-5_</var/snap/lxd/common/lxd>" pid=32767 comm="apparmor_parser"
Feb  4 09:42:50 compute4 kernel: [  529.887597] audit: type=1400 audit(1643967770.351:74): apparmor="STATUS" operation="profile_load" profile="unconfined" name="lxd-juju-04f1e3-1-lxd-0_</var/snap/lxd/common/lxd>" pid=32758 comm="apparmor_parser"
Feb  4 09:42:50 compute4 kernel: [  529.888419] physSAJlil: renamed from veth636e6f2d
Feb  4 09:42:50 compute4 kernel: [  529.908578] eth0: renamed from physSAJlil
Feb  4 09:42:50 compute4 kernel: [  529.913711] IPv6: ADDRCONF(NETDEV_CHANGE): eth0: link becomes ready
Feb  4 09:42:50 compute4 kernel: [  529.913770] br-ens3: port 7(vethee47b849) entered blocking state
Feb  4 09:42:50 compute4 kernel: [  529.913774] br-ens3: port 7(vethee47b849) entered forwarding state
Feb  4 09:42:50 compute4 kernel: [  529.979291] physkkt5bL: renamed from veth0d42c092
Feb  4 09:42:50 compute4 kernel: [  529.991614] eth0: renamed from physkkt5bL
Feb  4 09:42:50 compute4 kernel: [  530.005237] IPv6: ADDRCONF(NETDEV_CHANGE): eth0: link becomes ready
Feb  4 09:42:50 compute4 kernel: [  530.005305] br-ens3: port 3(vethd5ff833b) entered blocking state
Feb  4 09:42:50 compute4 kernel: [  530.005309] br-ens3: port 3(vethd5ff833b) entered forwarding state
Feb  4 09:42:53 compute4 kernel: [  532.854686] audit: type=1400 audit(1643967773.319:75): apparmor="STATUS" operation="profile_load" label="lxd-juju-04f1e3-1-lxd-2_</var/snap/lxd/common/lxd>//&:lxd-juju-04f1e3-1-lxd-2_<var-snap-lxd-common-lxd>:unconfined" name="/usr/sbin/tcpdump" pid=33470 comm="apparmor_parser"
Feb  4 09:42:54 compute4 kernel: [  533.559108] audit: type=1400 audit(1643967774.027:76): apparmor="STATUS" operation="profile_load" label="lxd-juju-04f1e3-1-lxd-2_</var/snap/lxd/common/lxd>//&:lxd-juju-04f1e3-1-lxd-2_<var-snap-lxd-common-lxd>:unconfined" name="/usr/lib/NetworkManager/nm-dhcp-client.action" pid=33469 comm="apparmor_parser"
Feb  4 09:42:54 compute4 kernel: [  533.561252] audit: type=1400 audit(1643967774.027:77): apparmor="STATUS" operation="profile_load" label="lxd-juju-04f1e3-1-lxd-2_</var/snap/lxd/common/lxd>//&:lxd-juju-04f1e3-1-lxd-2_<var-snap-lxd-common-lxd>:unconfined" name="/usr/lib/NetworkManager/nm-dhcp-helper" pid=33469 comm="apparmor_parser"
Feb  4 09:42:54 compute4 kernel: [  534.058641] kauditd_printk_skb: 2 callbacks suppressed
Feb  4 09:42:54 compute4 kernel: [  534.058643] audit: type=1400 audit(1643967774.523:80): apparmor="STATUS" operation="profile_load" label="lxd-juju-04f1e3-1-lxd-6_</var/snap/lxd/common/lxd>//&:lxd-juju-04f1e3-1-lxd-6_<var-snap-lxd-common-lxd>:unconfined" name="/usr/sbin/tcpdump" pid=33788 comm="apparmor_parser"
Feb  4 09:42:54 compute4 kernel: [  534.110541] audit: type=1400 audit(1643967774.575:81): apparmor="STATUS" operation="profile_load" label="lxd-juju-04f1e3-1-lxd-4_</var/snap/lxd/common/lxd>//&:lxd-juju-04f1e3-1-lxd-4_<var-snap-lxd-common-lxd>:unconfined" name="/usr/sbin/tcpdump" pid=33827 comm="apparmor_parser"
Feb  4 09:42:54 compute4 kernel: [  534.174643] audit: type=1400 audit(1643967774.639:82): apparmor="STATUS" operation="profile_load" label="lxd-juju-04f1e3-1-lxd-2_</var/snap/lxd/common/lxd>//&:lxd-juju-04f1e3-1-lxd-2_<var-snap-lxd-common-lxd>:unconfined" name="lsb_release" pid=34022 comm="apparmor_parser"
Feb  4 09:42:55 compute4 kernel: [  534.719672] audit: type=1400 audit(1643967775.187:83): apparmor="STATUS" operation="profile_load" label="lxd-juju-04f1e3-1-lxd-3_</var/snap/lxd/common/lxd>//&:lxd-juju-04f1e3-1-lxd-3_<var-snap-lxd-common-lxd>:unconfined" name="/usr/sbin/tcpdump" pid=33979 comm="apparmor_parser"
Feb  4 09:42:55 compute4 kernel: [  534.727267] audit: type=1400 audit(1643967775.195:84): apparmor="STATUS" operation="profile_load" label="lxd-juju-04f1e3-1-lxd-1_</var/snap/lxd/common/lxd>//&:lxd-juju-04f1e3-1-lxd-1_<var-snap-lxd-common-lxd>:unconfined" name="/usr/sbin/tcpdump" pid=33971 comm="apparmor_parser"
Feb  4 09:42:55 compute4 kernel: [  535.042732] audit: type=1400 audit(1643967775.507:85): apparmor="STATUS" operation="profile_load" label="lxd-juju-04f1e3-1-lxd-5_</var/snap/lxd/common/lxd>//&:lxd-juju-04f1e3-1-lxd-5_<var-snap-lxd-common-lxd>:unconfined" name="/usr/sbin/tcpdump" pid=34013 comm="apparmor_parser"
Feb  4 09:42:55 compute4 kernel: [  535.123202] audit: type=1400 audit(1643967775.591:86): apparmor="STATUS" operation="profile_load" label="lxd-juju-04f1e3-1-lxd-6_</var/snap/lxd/common/lxd>//&:lxd-juju-04f1e3-1-lxd-6_<var-snap-lxd-common-lxd>:unconfined" name="/usr/lib/NetworkManager/nm-dhcp-client.action" pid=33787 comm="apparmor_parser"
Feb  4 09:42:55 compute4 kernel: [  535.123695] audit: type=1400 audit(1643967775.591:87): apparmor="STATUS" operation="profile_load" label="lxd-juju-04f1e3-1-lxd-6_</var/snap/lxd/common/lxd>//&:lxd-juju-04f1e3-1-lxd-6_<var-snap-lxd-common-lxd>:unconfined" name="/usr/lib/NetworkManager/nm-dhcp-helper" pid=33787 comm="apparmor_parser"
Feb  4 09:42:55 compute4 kernel: [  535.131672] audit: type=1400 audit(1643967775.599:88): apparmor="STATUS" operation="profile_load" label="lxd-juju-04f1e3-1-lxd-6_</var/snap/lxd/common/lxd>//&:lxd-juju-04f1e3-1-lxd-6_<var-snap-lxd-common-lxd>:unconfined" name="/usr/lib/connman/scripts/dhclient-script" pid=33787 comm="apparmor_parser"
Feb  4 09:42:55 compute4 kernel: [  535.139717] audit: type=1400 audit(1643967775.607:89): apparmor="STATUS" operation="profile_load" label="lxd-juju-04f1e3-1-lxd-6_</var/snap/lxd/common/lxd>//&:lxd-juju-04f1e3-1-lxd-6_<var-snap-lxd-common-lxd>:unconfined" name="/{,usr/}sbin/dhclient" pid=33787 comm="apparmor_parser"
Feb  4 09:42:59 compute4 kernel: [  539.096875] kauditd_printk_skb: 81 callbacks suppressed
Feb  4 09:42:59 compute4 kernel: [  539.096876] audit: type=1400 audit(1643967779.563:171): apparmor="STATUS" operation="profile_load" label="lxd-juju-04f1e3-1-lxd-1_</var/snap/lxd/common/lxd>//&:lxd-juju-04f1e3-1-lxd-1_<var-snap-lxd-common-lxd>:unconfined" name="snap-update-ns.lxd" pid=34145 comm="apparmor_parser"
Feb  4 09:43:00 compute4 kernel: [  539.584550] audit: type=1400 audit(1643967780.047:172): apparmor="STATUS" operation="profile_load" label="lxd-juju-04f1e3-1-lxd-5_</var/snap/lxd/common/lxd>//&:lxd-juju-04f1e3-1-lxd-5_<var-snap-lxd-common-lxd>:unconfined" name="snap-update-ns.lxd" pid=34179 comm="apparmor_parser"
Feb  4 09:43:00 compute4 kernel: [  539.675414] audit: type=1400 audit(1643967780.143:173): apparmor="STATUS" operation="profile_load" label="lxd-juju-04f1e3-1-lxd-0_</var/snap/lxd/common/lxd>//&:lxd-juju-04f1e3-1-lxd-0_<var-snap-lxd-common-lxd>:unconfined" name="snap-update-ns.lxd" pid=34181 comm="apparmor_parser"
Feb  4 09:43:00 compute4 kernel: [  540.253999] audit: type=1400 audit(1643967780.719:174): apparmor="STATUS" operation="profile_load" label="lxd-juju-04f1e3-1-lxd-6_</var/snap/lxd/common/lxd>//&:lxd-juju-04f1e3-1-lxd-6_<var-snap-lxd-common-lxd>:unconfined" name="snap.lxd.activate" pid=34122 comm="apparmor_parser"
Feb  4 09:43:00 compute4 kernel: [  540.487915] audit: type=1400 audit(1643967780.955:175): apparmor="STATUS" operation="profile_load" label="lxd-juju-04f1e3-1-lxd-3_</var/snap/lxd/common/lxd>//&:lxd-juju-04f1e3-1-lxd-3_<var-snap-lxd-common-lxd>:unconfined" name="snap.lxd.activate" pid=34129 comm="apparmor_parser"
Feb  4 09:43:00 compute4 kernel: [  540.503623] audit: type=1400 audit(1643967780.971:176): apparmor="STATUS" operation="profile_load" label="lxd-juju-04f1e3-1-lxd-4_</var/snap/lxd/common/lxd>//&:lxd-juju-04f1e3-1-lxd-4_<var-snap-lxd-common-lxd>:unconfined" name="snap.lxd.activate" pid=34118 comm="apparmor_parser"
Feb  4 09:43:01 compute4 kernel: [  540.639197] audit: type=1400 audit(1643967781.103:177): apparmor="STATUS" operation="profile_load" label="lxd-juju-04f1e3-1-lxd-2_</var/snap/lxd/common/lxd>//&:lxd-juju-04f1e3-1-lxd-2_<var-snap-lxd-common-lxd>:unconfined" name="snap.lxd.benchmark" pid=34143 comm="apparmor_parser"
Feb  4 09:43:01 compute4 kernel: [  540.798985] audit: type=1400 audit(1643967781.263:178): apparmor="STATUS" operation="profile_load" label="lxd-juju-04f1e3-1-lxd-1_</var/snap/lxd/common/lxd>//&:lxd-juju-04f1e3-1-lxd-1_<var-snap-lxd-common-lxd>:unconfined" name="snap.lxd.activate" pid=34158 comm="apparmor_parser"
Feb  4 09:43:02 compute4 kernel: [  541.633880] audit: type=1400 audit(1643967782.099:179): apparmor="STATUS" operation="profile_load" label="lxd-juju-04f1e3-1-lxd-0_</var/snap/lxd/common/lxd>//&:lxd-juju-04f1e3-1-lxd-0_<var-snap-lxd-common-lxd>:unconfined" name="snap.lxd.activate" pid=34199 comm="apparmor_parser"
Feb  4 09:43:02 compute4 kernel: [  541.979507] audit: type=1400 audit(1643967782.447:180): apparmor="STATUS" operation="profile_load" label="lxd-juju-04f1e3-1-lxd-5_</var/snap/lxd/common/lxd>//&:lxd-juju-04f1e3-1-lxd-5_<var-snap-lxd-common-lxd>:unconfined" name="snap.lxd.activate" pid=34194 comm="apparmor_parser"
Feb  4 09:43:04 compute4 kernel: [  544.230491] kauditd_printk_skb: 10 callbacks suppressed
Feb  4 09:43:04 compute4 kernel: [  544.230493] audit: type=1400 audit(1643967784.695:191): apparmor="STATUS" operation="profile_load" label="lxd-juju-04f1e3-1-lxd-1_</var/snap/lxd/common/lxd>//&:lxd-juju-04f1e3-1-lxd-1_<var-snap-lxd-common-lxd>:unconfined" name="snap.lxd.buginfo" pid=34665 comm="apparmor_parser"
Feb  4 09:43:04 compute4 kernel: [  544.437802] audit: type=1400 audit(1643967784.903:192): apparmor="STATUS" operation="profile_load" label="lxd-juju-04f1e3-1-lxd-3_</var/snap/lxd/common/lxd>//&:lxd-juju-04f1e3-1-lxd-3_<var-snap-lxd-common-lxd>:unconfined" name="snap.lxd.buginfo" pid=34694 comm="apparmor_parser"
Feb  4 09:43:05 compute4 kernel: [  544.614873] audit: type=1400 audit(1643967785.079:193): apparmor="STATUS" operation="profile_load" label="lxd-juju-04f1e3-1-lxd-2_</var/snap/lxd/common/lxd>//&:lxd-juju-04f1e3-1-lxd-2_<var-snap-lxd-common-lxd>:unconfined" name="/snap/snapd/14549/usr/lib/snapd/snap-confine" pid=34074 comm="apparmor_parser"
Feb  4 09:43:05 compute4 kernel: [  544.615580] audit: type=1400 audit(1643967785.083:194): apparmor="STATUS" operation="profile_load" label="lxd-juju-04f1e3-1-lxd-2_</var/snap/lxd/common/lxd>//&:lxd-juju-04f1e3-1-lxd-2_<var-snap-lxd-common-lxd>:unconfined" name="/snap/snapd/14549/usr/lib/snapd/snap-confine//mount-namespace-capture-helper" pid=34074 comm="apparmor_parser"
Feb  4 09:43:05 compute4 kernel: [  544.979652] audit: type=1400 audit(1643967785.447:195): apparmor="STATUS" operation="profile_load" label="lxd-juju-04f1e3-1-lxd-0_</var/snap/lxd/common/lxd>//&:lxd-juju-04f1e3-1-lxd-0_<var-snap-lxd-common-lxd>:unconfined" name="snap.lxd.buginfo" pid=34810 comm="apparmor_parser"
Feb  4 09:43:05 compute4 kernel: [  545.144507] audit: type=1400 audit(1643967785.611:196): apparmor="STATUS" operation="profile_load" label="lxd-juju-04f1e3-1-lxd-5_</var/snap/lxd/common/lxd>//&:lxd-juju-04f1e3-1-lxd-5_<var-snap-lxd-common-lxd>:unconfined" name="snap.lxd.buginfo" pid=34802 comm="apparmor_parser"
Feb  4 09:43:05 compute4 kernel: [  545.234397] audit: type=1400 audit(1643967785.699:197): apparmor="STATUS" operation="profile_load" label="lxd-juju-04f1e3-1-lxd-6_</var/snap/lxd/common/lxd>//&:lxd-juju-04f1e3-1-lxd-6_<var-snap-lxd-common-lxd>:unconfined" name="snap.lxd.check-kernel" pid=34844 comm="apparmor_parser"
Feb  4 09:43:06 compute4 kernel: [  545.384646] audit: type=1400 audit(1643967785.851:198): apparmor="STATUS" operation="profile_load" label="lxd-juju-04f1e3-1-lxd-4_</var/snap/lxd/common/lxd>//&:lxd-juju-04f1e3-1-lxd-4_<var-snap-lxd-common-lxd>:unconfined" name="snap.lxd.check-kernel" pid=34860 comm="apparmor_parser"
Feb  4 09:43:06 compute4 kernel: [  545.650916] audit: type=1400 audit(1643967786.115:199): apparmor="STATUS" operation="profile_load" label="lxd-juju-04f1e3-1-lxd-2_</var/snap/lxd/common/lxd>//&:lxd-juju-04f1e3-1-lxd-2_<var-snap-lxd-common-lxd>:unconfined" name="snap.lxd.daemon" pid=34814 comm="apparmor_parser"
Feb  4 09:43:06 compute4 kernel: [  545.840511] audit: type=1400 audit(1643967786.307:200): apparmor="STATUS" operation="profile_load" label="lxd-juju-04f1e3-1-lxd-1_</var/snap/lxd/common/lxd>//&:lxd-juju-04f1e3-1-lxd-1_<var-snap-lxd-common-lxd>:unconfined" name="snap.lxd.check-kernel" pid=34886 comm="apparmor_parser"
Feb  4 09:43:09 compute4 kernel: [  549.318815] kauditd_printk_skb: 32 callbacks suppressed
Feb  4 09:43:09 compute4 kernel: [  549.318817] audit: type=1400 audit(1643967789.783:233): apparmor="STATUS" operation="profile_load" label="lxd-juju-04f1e3-1-lxd-0_</var/snap/lxd/common/lxd>//&:lxd-juju-04f1e3-1-lxd-0_<var-snap-lxd-common-lxd>:unconfined" name="snap.lxd.hook.configure" pid=35006 comm="apparmor_parser"
Feb  4 09:43:09 compute4 kernel: [  549.420730] audit: type=1400 audit(1643967789.887:234): apparmor="STATUS" operation="profile_load" label="lxd-juju-04f1e3-1-lxd-0_</var/snap/lxd/common/lxd>//&:lxd-juju-04f1e3-1-lxd-0_<var-snap-lxd-common-lxd>:unconfined" name="snap.lxd.hook.install" pid=35029 comm="apparmor_parser"
Feb  4 09:43:09 compute4 kernel: [  549.446287] audit: type=1400 audit(1643967789.911:235): apparmor="STATUS" operation="profile_load" label="lxd-juju-04f1e3-1-lxd-1_</var/snap/lxd/common/lxd>//&:lxd-juju-04f1e3-1-lxd-1_<var-snap-lxd-common-lxd>:unconfined" name="snap.lxd.hook.configure" pid=35008 comm="apparmor_parser"
Feb  4 09:43:10 compute4 kernel: [  549.526798] audit: type=1400 audit(1643967789.991:236): apparmor="STATUS" operation="profile_load" label="lxd-juju-04f1e3-1-lxd-3_</var/snap/lxd/common/lxd>//&:lxd-juju-04f1e3-1-lxd-3_<var-snap-lxd-common-lxd>:unconfined" name="snap.lxd.hook.install" pid=35015 comm="apparmor_parser"
Feb  4 09:43:10 compute4 kernel: [  550.011805] audit: type=1400 audit(1643967790.479:237): apparmor="STATUS" operation="profile_load" label="lxd-juju-04f1e3-1-lxd-4_</var/snap/lxd/common/lxd>//&:lxd-juju-04f1e3-1-lxd-4_<var-snap-lxd-common-lxd>:unconfined" name="snap.lxd.hook.remove" pid=35024 comm="apparmor_parser"
Feb  4 09:43:10 compute4 kernel: [  550.041238] audit: type=1400 audit(1643967790.507:238): apparmor="STATUS" operation="profile_load" label="lxd-juju-04f1e3-1-lxd-5_</var/snap/lxd/common/lxd>//&:lxd-juju-04f1e3-1-lxd-5_<var-snap-lxd-common-lxd>:unconfined" name="snap.lxd.hook.install" pid=35031 comm="apparmor_parser"
Feb  4 09:43:10 compute4 kernel: [  550.201694] audit: type=1400 audit(1643967790.667:239): apparmor="STATUS" operation="profile_load" label="lxd-juju-04f1e3-1-lxd-2_</var/snap/lxd/common/lxd>//&:lxd-juju-04f1e3-1-lxd-2_<var-snap-lxd-common-lxd>:unconfined" name="snap.lxd.lxc-to-lxd" pid=35027 comm="apparmor_parser"
Feb  4 09:43:10 compute4 kernel: [  550.211750] audit: type=1400 audit(1643967790.679:240): apparmor="STATUS" operation="profile_load" label="lxd-juju-04f1e3-1-lxd-2_</var/snap/lxd/common/lxd>//&:lxd-juju-04f1e3-1-lxd-2_<var-snap-lxd-common-lxd>:unconfined" name="snap.lxd.lxd" pid=35036 comm="apparmor_parser"
Feb  4 09:43:10 compute4 kernel: [  550.232511] audit: type=1400 audit(1643967790.699:241): apparmor="STATUS" operation="profile_load" label="lxd-juju-04f1e3-1-lxd-5_</var/snap/lxd/common/lxd>//&:lxd-juju-04f1e3-1-lxd-5_<var-snap-lxd-common-lxd>:unconfined" name="snap.lxd.hook.remove" pid=35040 comm="apparmor_parser"
Feb  4 09:43:10 compute4 kernel: [  550.271803] audit: type=1400 audit(1643967790.739:242): apparmor="STATUS" operation="profile_load" label="lxd-juju-04f1e3-1-lxd-6_</var/snap/lxd/common/lxd>//&:lxd-juju-04f1e3-1-lxd-6_<var-snap-lxd-common-lxd>:unconfined" name="snap.lxd.hook.remove" pid=35025 comm="apparmor_parser"
Feb  4 09:43:37 compute4 kernel: [  576.672625] kauditd_printk_skb: 28 callbacks suppressed
Feb  4 09:43:37 compute4 kernel: [  576.672627] audit: type=1400 audit(1643967817.139:271): apparmor="DENIED" operation="file_inherit" namespace="root//lxd-juju-04f1e3-1-lxd-2_<var-snap-lxd-common-lxd>" profile="/snap/snapd/14549/usr/lib/snapd/snap-confine" pid=36523 comm="snap-confine" family="netlink" sock_type="raw" protocol=15 requested_mask="send receive" denied_mask="send receive"
Feb  4 09:43:37 compute4 kernel: [  576.888130] audit: type=1400 audit(1643967817.343:272): apparmor="DENIED" operation="file_inherit" namespace="root//lxd-juju-04f1e3-1-lxd-2_<var-snap-lxd-common-lxd>" profile="snap-update-ns.lxd" name="/apparmor/.null" pid=36542 comm="6" requested_mask="wr" denied_mask="wr" fsuid=1000000 ouid=0
Feb  4 09:43:38 compute4 kernel: [  577.962979] audit: type=1400 audit(1643967818.427:273): apparmor="DENIED" operation="file_inherit" namespace="root//lxd-juju-04f1e3-1-lxd-6_<var-snap-lxd-common-lxd>" profile="/snap/snapd/14549/usr/lib/snapd/snap-confine" pid=36559 comm="snap-confine" family="netlink" sock_type="raw" protocol=15 requested_mask="send receive" denied_mask="send receive"
Feb  4 09:43:38 compute4 kernel: [  578.171617] audit: type=1400 audit(1643967818.639:274): apparmor="DENIED" operation="file_inherit" namespace="root//lxd-juju-04f1e3-1-lxd-6_<var-snap-lxd-common-lxd>" profile="snap-update-ns.lxd" name="/apparmor/.null" pid=36580 comm="6" requested_mask="wr" denied_mask="wr" fsuid=1000000 ouid=0
Feb  4 09:43:38 compute4 kernel: [  578.522292] audit: type=1400 audit(1643967818.987:275): apparmor="DENIED" operation="file_inherit" namespace="root//lxd-juju-04f1e3-1-lxd-3_<var-snap-lxd-common-lxd>" profile="/snap/snapd/14549/usr/lib/snapd/snap-confine" pid=36579 comm="snap-confine" family="netlink" sock_type="raw" protocol=15 requested_mask="send receive" denied_mask="send receive"
Feb  4 09:43:39 compute4 kernel: [  578.636699] audit: type=1400 audit(1643967819.103:276): apparmor="DENIED" operation="file_inherit" namespace="root//lxd-juju-04f1e3-1-lxd-2_<var-snap-lxd-common-lxd>" profile="snap.lxd.hook.install" name="/apparmor/.null" pid=36523 comm="snap-exec" requested_mask="wr" denied_mask="wr" fsuid=1000000 ouid=0
Feb  4 09:43:39 compute4 kernel: [  578.670908] audit: type=1400 audit(1643967819.135:277): apparmor="DENIED" operation="file_inherit" namespace="root//lxd-juju-04f1e3-1-lxd-3_<var-snap-lxd-common-lxd>" profile="snap-update-ns.lxd" name="/apparmor/.null" pid=36595 comm="6" requested_mask="wr" denied_mask="wr" fsuid=1000000 ouid=0
Feb  4 09:43:39 compute4 kernel: [  579.016708] audit: type=1400 audit(1643967819.483:278): apparmor="DENIED" operation="file_inherit" namespace="root//lxd-juju-04f1e3-1-lxd-4_<var-snap-lxd-common-lxd>" profile="/snap/snapd/14549/usr/lib/snapd/snap-confine" pid=36596 comm="snap-confine" family="netlink" sock_type="raw" protocol=15 requested_mask="send receive" denied_mask="send receive"
