MemTotal:        4026036 kB
MemFree:          129248 kB
MemAvailable:    2775844 kB
Buffers:          102024 kB
Cached:          2658200 kB
SwapCached:            0 kB
Active:          2035400 kB
Inactive:        1527736 kB
Active(anon):     800388 kB
Inactive(anon):      296 kB
Active(file):    1235012 kB
Inactive(file):  1527440 kB
Unevictable:       18512 kB
Mlocked:           18512 kB
SwapTotal:             0 kB
SwapFree:              0 kB
Dirty:             63256 kB
Writeback:             0 kB
AnonPages:        814448 kB
Mapped:           524776 kB
Shmem:              1256 kB
KReclaimable:     173756 kB
Slab:             259632 kB
SReclaimable:     173756 kB
SUnreclaim:        85876 kB
KernelStack:        5280 kB
PageTables:         7208 kB
NFS_Unstable:          0 kB
Bounce:                0 kB
WritebackTmp:          0 kB
CommitLimit:     2013016 kB
Committed_AS:    2540692 kB
VmallocTotal:   34359738367 kB
VmallocUsed:       29668 kB
VmallocChunk:          0 kB
Percpu:             2184 kB
HardwareCorrupted:     0 kB
AnonHugePages:     38912 kB
ShmemHugePages:        0 kB
ShmemPmdMapped:        0 kB
FileHugePages:         0 kB
FilePmdMapped:         0 kB
CmaTotal:              0 kB
CmaFree:               0 kB
HugePages_Total:       0
HugePages_Free:        0
HugePages_Rsvd:        0
HugePages_Surp:        0
Hugepagesize:       2048 kB
Hugetlb:               0 kB
DirectMap4k:      167792 kB
DirectMap2M:     4026368 kB
DirectMap1G:     2097152 kB
