[    0.000000] kernel: Linux version 5.4.0-99-generic (buildd@lgw01-amd64-007) (gcc version 9.3.0 (Ubuntu 9.3.0-17ubuntu1~20.04)) #112-Ubuntu SMP Thu Feb 3 13:50:55 UTC 2022 (Ubuntu 5.4.0-99.112-generic 5.4.162)
[    0.000000] kernel: Command line: BOOT_IMAGE=/boot/vmlinuz-5.4.0-99-generic root=LABEL=cloudimg-rootfs ro console=tty1 console=ttyS0
[    0.000000] kernel: KERNEL supported cpus:
[    0.000000] kernel:   Intel GenuineIntel
[    0.000000] kernel:   AMD AuthenticAMD
[    0.000000] kernel:   Hygon HygonGenuine
[    0.000000] kernel:   Centaur CentaurHauls
[    0.000000] kernel:   zhaoxin   Shanghai  
[    0.000000] kernel: x86/fpu: Supporting XSAVE feature 0x001: 'x87 floating point registers'
[    0.000000] kernel: x86/fpu: Supporting XSAVE feature 0x002: 'SSE registers'
[    0.000000] kernel: x86/fpu: Supporting XSAVE feature 0x004: 'AVX registers'
[    0.000000] kernel: x86/fpu: xstate_offset[2]:  576, xstate_sizes[2]:  256
[    0.000000] kernel: x86/fpu: Enabled xstate features 0x7, context size is 832 bytes, using 'standard' format.
[    0.000000] kernel: BIOS-provided physical RAM map:
[    0.000000] kernel: BIOS-e820: [mem 0x0000000000000000-0x000000000009fbff] usable
[    0.000000] kernel: BIOS-e820: [mem 0x000000000009fc00-0x000000000009ffff] reserved
[    0.000000] kernel: BIOS-e820: [mem 0x00000000000f0000-0x00000000000fffff] reserved
[    0.000000] kernel: BIOS-e820: [mem 0x0000000000100000-0x00000000bffdbfff] usable
[    0.000000] kernel: BIOS-e820: [mem 0x00000000bffdc000-0x00000000bfffffff] reserved
[    0.000000] kernel: BIOS-e820: [mem 0x00000000feffc000-0x00000000feffffff] reserved
[    0.000000] kernel: BIOS-e820: [mem 0x00000000fffc0000-0x00000000ffffffff] reserved
[    0.000000] kernel: BIOS-e820: [mem 0x0000000100000000-0x000000013fffffff] usable
[    0.000000] kernel: NX (Execute Disable) protection: active
[    0.000000] kernel: SMBIOS 2.8 present.
[    0.000000] kernel: DMI: OpenStack Foundation OpenStack Nova, BIOS 1.10.2-1ubuntu1 04/01/2014
[    0.000000] kernel: Hypervisor detected: KVM
[    0.000000] kernel: kvm-clock: Using msrs 4b564d01 and 4b564d00
[    0.000000] kernel: kvm-clock: cpu 0, msr 4d801001, primary cpu clock
[    0.000000] kernel: kvm-clock: using sched offset of 5075275508 cycles
[    0.000002] kernel: clocksource: kvm-clock: mask: 0xffffffffffffffff max_cycles: 0x1cd42e4dffb, max_idle_ns: 881590591483 ns
[    0.000005] kernel: tsc: Detected 2596.990 MHz processor
[    0.002359] kernel: e820: update [mem 0x00000000-0x00000fff] usable ==> reserved
[    0.002361] kernel: e820: remove [mem 0x000a0000-0x000fffff] usable
[    0.002365] kernel: last_pfn = 0x140000 max_arch_pfn = 0x400000000
[    0.002392] kernel: MTRR default type: write-back
[    0.002392] kernel: MTRR fixed ranges enabled:
[    0.002394] kernel:   00000-9FFFF write-back
[    0.002394] kernel:   A0000-BFFFF uncachable
[    0.002395] kernel:   C0000-FFFFF write-protect
[    0.002396] kernel: MTRR variable ranges enabled:
[    0.002397] kernel:   0 base 00C0000000 mask FFC0000000 uncachable
[    0.002398] kernel:   1 disabled
[    0.002398] kernel:   2 disabled
[    0.002398] kernel:   3 disabled
[    0.002399] kernel:   4 disabled
[    0.002399] kernel:   5 disabled
[    0.002400] kernel:   6 disabled
[    0.002400] kernel:   7 disabled
[    0.002408] kernel: x86/PAT: Configuration [0-7]: WB  WC  UC- UC  WB  WP  UC- WT  
[    0.002414] kernel: last_pfn = 0xbffdc max_arch_pfn = 0x400000000
[    0.007678] kernel: found SMP MP-table at [mem 0x000f6a60-0x000f6a6f]
[    0.007820] kernel: check: Scanning 1 areas for low memory corruption
[    0.007871] kernel: Using GB pages for direct mapping
[    0.008483] kernel: RAMDISK: [mem 0x34bb1000-0x365cffff]
[    0.008487] kernel: ACPI: Early table checksum verification disabled
[    0.008493] kernel: ACPI: RSDP 0x00000000000F67F0 000014 (v00 BOCHS )
[    0.008498] kernel: ACPI: RSDT 0x00000000BFFE155F 00002C (v01 BOCHS  BXPCRSDT 00000001 BXPC 00000001)
[    0.008506] kernel: ACPI: FACP 0x00000000BFFE146B 000074 (v01 BOCHS  BXPCFACP 00000001 BXPC 00000001)
[    0.008513] kernel: ACPI: DSDT 0x00000000BFFE0040 00142B (v01 BOCHS  BXPCDSDT 00000001 BXPC 00000001)
[    0.008518] kernel: ACPI: FACS 0x00000000BFFE0000 000040
[    0.008521] kernel: ACPI: APIC 0x00000000BFFE14DF 000080 (v01 BOCHS  BXPCAPIC 00000001 BXPC 00000001)
[    0.008525] kernel: ACPI: Reserving FACP table memory at [mem 0xbffe146b-0xbffe14de]
[    0.008527] kernel: ACPI: Reserving DSDT table memory at [mem 0xbffe0040-0xbffe146a]
[    0.008528] kernel: ACPI: Reserving FACS table memory at [mem 0xbffe0000-0xbffe003f]
[    0.008530] kernel: ACPI: Reserving APIC table memory at [mem 0xbffe14df-0xbffe155e]
[    0.008558] kernel: ACPI: Local APIC address 0xfee00000
[    0.008952] kernel: No NUMA configuration found
[    0.008954] kernel: Faking a node at [mem 0x0000000000000000-0x000000013fffffff]
[    0.008963] kernel: NODE_DATA(0) allocated [mem 0x13ffd3000-0x13fffdfff]
[    0.009617] kernel: Zone ranges:
[    0.009619] kernel:   DMA      [mem 0x0000000000001000-0x0000000000ffffff]
[    0.009621] kernel:   DMA32    [mem 0x0000000001000000-0x00000000ffffffff]
[    0.009623] kernel:   Normal   [mem 0x0000000100000000-0x000000013fffffff]
[    0.009624] kernel:   Device   empty
[    0.009625] kernel: Movable zone start for each node
[    0.009628] kernel: Early memory node ranges
[    0.009629] kernel:   node   0: [mem 0x0000000000001000-0x000000000009efff]
[    0.009630] kernel:   node   0: [mem 0x0000000000100000-0x00000000bffdbfff]
[    0.009631] kernel:   node   0: [mem 0x0000000100000000-0x000000013fffffff]
[    0.010495] kernel: Zeroed struct page in unavailable ranges: 134 pages
[    0.010496] kernel: Initmem setup node 0 [mem 0x0000000000001000-0x000000013fffffff]
[    0.010499] kernel: On node 0 totalpages: 1048442
[    0.010500] kernel:   DMA zone: 64 pages used for memmap
[    0.010500] kernel:   DMA zone: 21 pages reserved
[    0.010501] kernel:   DMA zone: 3998 pages, LIFO batch:0
[    0.010544] kernel:   DMA32 zone: 12224 pages used for memmap
[    0.010545] kernel:   DMA32 zone: 782300 pages, LIFO batch:63
[    0.028652] kernel:   Normal zone: 4096 pages used for memmap
[    0.028654] kernel:   Normal zone: 262144 pages, LIFO batch:63
[    0.034898] kernel: ACPI: PM-Timer IO Port: 0x608
[    0.034905] kernel: ACPI: Local APIC address 0xfee00000
[    0.034917] kernel: ACPI: LAPIC_NMI (acpi_id[0xff] dfl dfl lint[0x1])
[    0.034945] kernel: IOAPIC[0]: apic_id 0, version 17, address 0xfec00000, GSI 0-23
[    0.034947] kernel: ACPI: INT_SRC_OVR (bus 0 bus_irq 0 global_irq 2 dfl dfl)
[    0.034949] kernel: ACPI: INT_SRC_OVR (bus 0 bus_irq 5 global_irq 5 high level)
[    0.034950] kernel: ACPI: INT_SRC_OVR (bus 0 bus_irq 9 global_irq 9 high level)
[    0.034951] kernel: ACPI: INT_SRC_OVR (bus 0 bus_irq 10 global_irq 10 high level)
[    0.034952] kernel: ACPI: INT_SRC_OVR (bus 0 bus_irq 11 global_irq 11 high level)
[    0.034953] kernel: ACPI: IRQ0 used by override.
[    0.034954] kernel: ACPI: IRQ5 used by override.
[    0.034954] kernel: ACPI: IRQ9 used by override.
[    0.034955] kernel: ACPI: IRQ10 used by override.
[    0.034955] kernel: ACPI: IRQ11 used by override.
[    0.034957] kernel: Using ACPI (MADT) for SMP configuration information
[    0.034959] kernel: TSC deadline timer available
[    0.034961] kernel: smpboot: Allowing 2 CPUs, 0 hotplug CPUs
[    0.034980] kernel: PM: Registered nosave memory: [mem 0x00000000-0x00000fff]
[    0.034982] kernel: PM: Registered nosave memory: [mem 0x0009f000-0x0009ffff]
[    0.034982] kernel: PM: Registered nosave memory: [mem 0x000a0000-0x000effff]
[    0.034983] kernel: PM: Registered nosave memory: [mem 0x000f0000-0x000fffff]
[    0.034984] kernel: PM: Registered nosave memory: [mem 0xbffdc000-0xbfffffff]
[    0.034985] kernel: PM: Registered nosave memory: [mem 0xc0000000-0xfeffbfff]
[    0.034986] kernel: PM: Registered nosave memory: [mem 0xfeffc000-0xfeffffff]
[    0.034987] kernel: PM: Registered nosave memory: [mem 0xff000000-0xfffbffff]
[    0.034987] kernel: PM: Registered nosave memory: [mem 0xfffc0000-0xffffffff]
[    0.034990] kernel: [mem 0xc0000000-0xfeffbfff] available for PCI devices
[    0.034991] kernel: Booting paravirtualized kernel on KVM
[    0.034994] kernel: clocksource: refined-jiffies: mask: 0xffffffff max_cycles: 0xffffffff, max_idle_ns: 7645519600211568 ns
[    0.034998] kernel: setup_percpu: NR_CPUS:8192 nr_cpumask_bits:2 nr_cpu_ids:2 nr_node_ids:1
[    0.035598] kernel: percpu: Embedded 60 pages/cpu s208896 r8192 d28672 u1048576
[    0.035603] kernel: pcpu-alloc: s208896 r8192 d28672 u1048576 alloc=1*2097152
[    0.035604] kernel: pcpu-alloc: [0] 0 1 
[    0.035624] kernel: setup async PF for cpu 0
[    0.035627] kernel: kvm-stealtime: cpu 0, msr 13ba32040
[    0.035634] kernel: Built 1 zonelists, mobility grouping on.  Total pages: 1032037
[    0.035635] kernel: Policy zone: Normal
[    0.035636] kernel: Kernel command line: BOOT_IMAGE=/boot/vmlinuz-5.4.0-99-generic root=LABEL=cloudimg-rootfs ro console=tty1 console=ttyS0
[    0.036701] kernel: Dentry cache hash table entries: 524288 (order: 10, 4194304 bytes, linear)
[    0.037203] kernel: Inode-cache hash table entries: 262144 (order: 9, 2097152 bytes, linear)
[    0.037250] kernel: mem auto-init: stack:off, heap alloc:on, heap free:off
[    0.051194] kernel: Calgary: detecting Calgary via BIOS EBDA area
[    0.051197] kernel: Calgary: Unable to locate Rio Grande table in EBDA - bailing!
[    0.061761] kernel: Memory: 3991708K/4193768K available (14339K kernel code, 2400K rwdata, 9500K rodata, 2752K init, 4948K bss, 202060K reserved, 0K cma-reserved)
[    0.061770] kernel: random: get_random_u64 called from kmem_cache_open+0x2d/0x410 with crng_init=0
[    0.062306] kernel: SLUB: HWalign=64, Order=0-3, MinObjects=0, CPUs=2, Nodes=1
[    0.062318] kernel: Kernel/User page tables isolation: enabled
[    0.062330] kernel: ftrace: allocating 44643 entries in 175 pages
[    0.078835] kernel: rcu: Hierarchical RCU implementation.
[    0.078838] kernel: rcu:         RCU restricting CPUs from NR_CPUS=8192 to nr_cpu_ids=2.
[    0.078839] kernel:         Tasks RCU enabled.
[    0.078840] kernel: rcu: RCU calculated value of scheduler-enlistment delay is 25 jiffies.
[    0.078841] kernel: rcu: Adjusting geometry for rcu_fanout_leaf=16, nr_cpu_ids=2
[    0.081579] kernel: NR_IRQS: 524544, nr_irqs: 440, preallocated irqs: 16
[    0.081777] kernel: random: crng done (trusting CPU's manufacturer)
[    0.089396] kernel: Console: colour VGA+ 80x25
[    0.116936] kernel: printk: console [tty1] enabled
[    0.267273] kernel: printk: console [ttyS0] enabled
[    0.268085] kernel: ACPI: Core revision 20190816
[    0.268878] kernel: APIC: Switch to symmetric I/O mode setup
[    0.270243] kernel: x2apic enabled
[    0.271102] kernel: Switched APIC routing to physical x2apic.
[    0.272589] kernel: clocksource: tsc-early: mask: 0xffffffffffffffff max_cycles: 0x256f20fda37, max_idle_ns: 440795331973 ns
[    0.275031] kernel: Calibrating delay loop (skipped) preset value.. 5193.98 BogoMIPS (lpj=10387960)
[    0.277455] kernel: pid_max: default: 32768 minimum: 301
[    0.278926] kernel: LSM: Security Framework initializing
[    0.279027] kernel: Yama: becoming mindful.
[    0.279027] kernel: AppArmor: AppArmor initialized
[    0.279027] kernel: Mount-cache hash table entries: 8192 (order: 4, 65536 bytes, linear)
[    0.279027] kernel: Mountpoint-cache hash table entries: 8192 (order: 4, 65536 bytes, linear)
[    0.279027] kernel: *** VALIDATE tmpfs ***
[    0.279027] kernel: *** VALIDATE proc ***
[    0.279027] kernel: *** VALIDATE cgroup1 ***
[    0.279027] kernel: *** VALIDATE cgroup2 ***
[    0.279027] kernel: Last level iTLB entries: 4KB 0, 2MB 0, 4MB 0
[    0.279027] kernel: Last level dTLB entries: 4KB 0, 2MB 0, 4MB 0, 1GB 0
[    0.279027] kernel: Spectre V1 : Mitigation: usercopy/swapgs barriers and __user pointer sanitization
[    0.279027] kernel: Spectre V2 : Mitigation: Full generic retpoline
[    0.279027] kernel: Spectre V2 : Spectre v2 / SpectreRSB mitigation: Filling RSB on context switch
[    0.279027] kernel: Spectre V2 : Enabling Restricted Speculation for firmware calls
[    0.279027] kernel: Spectre V2 : mitigation: Enabling conditional Indirect Branch Prediction Barrier
[    0.279027] kernel: Speculative Store Bypass: Mitigation: Speculative Store Bypass disabled via prctl and seccomp
[    0.279027] kernel: SRBDS: Unknown: Dependent on hypervisor status
[    0.279027] kernel: MDS: Mitigation: Clear CPU buffers
[    0.279027] kernel: Freeing SMP alternatives memory: 40K
[    0.279027] kernel: smpboot: CPU0: Intel Core Processor (Haswell, no TSX, IBRS) (family: 0x6, model: 0x3c, stepping: 0x1)
[    0.279027] kernel: Performance Events: unsupported p6 CPU model 60 no PMU driver, software events only.
[    0.279158] kernel: rcu: Hierarchical SRCU implementation.
[    0.281599] kernel: NMI watchdog: Perf NMI watchdog permanently disabled
[    0.282936] kernel: smp: Bringing up secondary CPUs ...
[    0.283204] kernel: x86: Booting SMP configuration:
[    0.284676] kernel: .... node  #0, CPUs:      #1
[    0.197284] kernel: kvm-clock: cpu 1, msr 4d801041, secondary cpu clock
[    0.197284] kernel: smpboot: CPU 1 Converting physical 0 to logical die 1
[    0.291068] kernel: setup async PF for cpu 1
[    0.291872] kernel: kvm-stealtime: cpu 1, msr 13bb32040
[    0.293019] kernel: smp: Brought up 1 node, 2 CPUs
[    0.293019] kernel: smpboot: Max logical packages: 2
[    0.295036] kernel: smpboot: Total of 2 processors activated (10387.96 BogoMIPS)
[    0.296964] kernel: devtmpfs: initialized
[    0.296964] kernel: x86/mm: Memory block size: 128MB
[    0.299093] kernel: clocksource: jiffies: mask: 0xffffffff max_cycles: 0xffffffff, max_idle_ns: 7645041785100000 ns
[    0.300914] kernel: futex hash table entries: 512 (order: 3, 32768 bytes, linear)
[    0.302267] kernel: pinctrl core: initialized pinctrl subsystem
[    0.303184] kernel: PM: RTC time: 18:58:06, date: 2022-02-11
[    0.304330] kernel: NET: Registered protocol family 16
[    0.305321] kernel: audit: initializing netlink subsys (disabled)
[    0.306438] kernel: audit: type=2000 audit(1644605886.572:1): state=initialized audit_enabled=0 res=1
[    0.306438] kernel: EISA bus registered
[    0.307704] kernel: cpuidle: using governor ladder
[    0.308592] kernel: cpuidle: using governor menu
[    0.309448] kernel: ACPI: bus type PCI registered
[    0.310225] kernel: acpiphp: ACPI Hot Plug PCI Controller Driver version: 0.5
[    0.311170] kernel: PCI: Using configuration type 1 for base access
[    0.313981] kernel: HugeTLB registered 1.00 GiB page size, pre-allocated 0 pages
[    0.315036] kernel: HugeTLB registered 2.00 MiB page size, pre-allocated 0 pages
[    0.316327] kernel: ACPI: Added _OSI(Module Device)
[    0.319033] kernel: ACPI: Added _OSI(Processor Device)
[    0.320223] kernel: ACPI: Added _OSI(3.0 _SCP Extensions)
[    0.321542] kernel: ACPI: Added _OSI(Processor Aggregator Device)
[    0.322711] kernel: ACPI: Added _OSI(Linux-Dell-Video)
[    0.323036] kernel: ACPI: Added _OSI(Linux-Lenovo-NV-HDMI-Audio)
[    0.324241] kernel: ACPI: Added _OSI(Linux-HPI-Hybrid-Graphics)
[    0.326384] kernel: ACPI: 1 ACPI AML tables successfully acquired and loaded
[    0.328334] kernel: ACPI: Interpreter enabled
[    0.329248] kernel: ACPI: (supports S0 S3 S4 S5)
[    0.330347] kernel: ACPI: Using IOAPIC for interrupt routing
[    0.331066] kernel: PCI: Using host bridge windows from ACPI; if necessary, use "pci=nocrs" and report a bug
[    0.333055] kernel: ACPI: Enabled 2 GPEs in block 00 to 0F
[    0.337015] kernel: ACPI: PCI Root Bridge [PCI0] (domain 0000 [bus 00-ff])
[    0.339040] kernel: acpi PNP0A03:00: _OSC: OS supports [ASPM ClockPM Segments MSI HPX-Type3]
[    0.340471] kernel: acpi PNP0A03:00: fail to add MMCONFIG information, can't access extended PCI configuration space under this bridge.
[    0.342951] kernel: acpiphp: Slot [3] registered
[    0.343052] kernel: acpiphp: Slot [4] registered
[    0.343873] kernel: acpiphp: Slot [5] registered
[    0.344685] kernel: acpiphp: Slot [6] registered
[    0.345509] kernel: acpiphp: Slot [7] registered
[    0.346334] kernel: acpiphp: Slot [8] registered
[    0.347051] kernel: acpiphp: Slot [9] registered
[    0.347823] kernel: acpiphp: Slot [10] registered
[    0.349278] kernel: acpiphp: Slot [11] registered
[    0.350423] kernel: acpiphp: Slot [12] registered
[    0.351053] kernel: acpiphp: Slot [13] registered
[    0.352205] kernel: acpiphp: Slot [14] registered
[    0.353325] kernel: acpiphp: Slot [15] registered
[    0.354478] kernel: acpiphp: Slot [16] registered
[    0.355052] kernel: acpiphp: Slot [17] registered
[    0.356222] kernel: acpiphp: Slot [18] registered
[    0.357349] kernel: acpiphp: Slot [19] registered
[    0.358456] kernel: acpiphp: Slot [20] registered
[    0.359063] kernel: acpiphp: Slot [21] registered
[    0.359996] kernel: acpiphp: Slot [22] registered
[    0.360847] kernel: acpiphp: Slot [23] registered
[    0.361618] kernel: acpiphp: Slot [24] registered
[    0.362398] kernel: acpiphp: Slot [25] registered
[    0.363053] kernel: acpiphp: Slot [26] registered
[    0.363919] kernel: acpiphp: Slot [27] registered
[    0.366090] kernel: acpiphp: Slot [28] registered
[    0.366940] kernel: acpiphp: Slot [29] registered
[    0.367056] kernel: acpiphp: Slot [30] registered
[    0.367937] kernel: acpiphp: Slot [31] registered
[    0.368814] kernel: PCI host bridge to bus 0000:00
[    0.369838] kernel: pci_bus 0000:00: root bus resource [io  0x0000-0x0cf7 window]
[    0.371033] kernel: pci_bus 0000:00: root bus resource [io  0x0d00-0xffff window]
[    0.372420] kernel: pci_bus 0000:00: root bus resource [mem 0x000a0000-0x000bffff window]
[    0.374097] kernel: pci_bus 0000:00: root bus resource [mem 0xc0000000-0xfebfffff window]
[    0.375033] kernel: pci_bus 0000:00: root bus resource [mem 0x140000000-0x1bfffffff window]
[    0.376487] kernel: pci_bus 0000:00: root bus resource [bus 00-ff]
[    0.377526] kernel: pci 0000:00:00.0: [8086:1237] type 00 class 0x060000
[    0.379206] kernel: pci 0000:00:01.0: [8086:7000] type 00 class 0x060100
[    0.380833] kernel: pci 0000:00:01.1: [8086:7010] type 00 class 0x010180
[    0.384424] kernel: pci 0000:00:01.1: reg 0x20: [io  0xc120-0xc12f]
[    0.386765] kernel: pci 0000:00:01.1: legacy IDE quirk: reg 0x10: [io  0x01f0-0x01f7]
[    0.387033] kernel: pci 0000:00:01.1: legacy IDE quirk: reg 0x14: [io  0x03f6]
[    0.388219] kernel: pci 0000:00:01.1: legacy IDE quirk: reg 0x18: [io  0x0170-0x0177]
[    0.389598] kernel: pci 0000:00:01.1: legacy IDE quirk: reg 0x1c: [io  0x0376]
[    0.390980] kernel: pci 0000:00:01.2: [8086:7020] type 00 class 0x0c0300
[    0.394458] kernel: pci 0000:00:01.2: reg 0x20: [io  0xc0c0-0xc0df]
[    0.396385] kernel: pci 0000:00:01.3: [8086:7113] type 00 class 0x068000
[    0.397958] kernel: pci 0000:00:01.3: quirk: [io  0x0600-0x063f] claimed by PIIX4 ACPI
[    0.399041] kernel: pci 0000:00:01.3: quirk: [io  0x0700-0x070f] claimed by PIIX4 SMB
[    0.401389] kernel: pci 0000:00:02.0: [1b36:0100] type 00 class 0x030000
[    0.404449] kernel: pci 0000:00:02.0: reg 0x10: [mem 0xf4000000-0xf7ffffff]
[    0.407041] kernel: pci 0000:00:02.0: reg 0x14: [mem 0xf8000000-0xfbffffff]
[    0.410950] kernel: pci 0000:00:02.0: reg 0x18: [mem 0xfc090000-0xfc091fff]
[    0.413228] kernel: pci 0000:00:02.0: reg 0x1c: [io  0xc0e0-0xc0ff]
[    0.422292] kernel: pci 0000:00:02.0: reg 0x30: [mem 0xfc080000-0xfc08ffff pref]
[    0.423488] kernel: pci 0000:00:03.0: [1af4:1000] type 00 class 0x020000
[    0.425934] kernel: pci 0000:00:03.0: reg 0x10: [io  0xc000-0xc03f]
[    0.429343] kernel: pci 0000:00:03.0: reg 0x14: [mem 0xfc092000-0xfc092fff]
[    0.433730] kernel: pci 0000:00:03.0: reg 0x20: [mem 0xfebf0000-0xfebf3fff 64bit pref]
[    0.436237] kernel: pci 0000:00:03.0: reg 0x30: [mem 0xfc000000-0xfc07ffff pref]
[    0.439032] kernel: pci 0000:00:04.0: [1af4:1003] type 00 class 0x078000
[    0.441365] kernel: pci 0000:00:04.0: reg 0x10: [io  0xc040-0xc07f]
[    0.443566] kernel: pci 0000:00:04.0: reg 0x14: [mem 0xfc093000-0xfc093fff]
[    0.449798] kernel: pci 0000:00:04.0: reg 0x20: [mem 0xfebf4000-0xfebf7fff 64bit pref]
[    0.452781] kernel: pci 0000:00:05.0: [1af4:1001] type 00 class 0x010000
[    0.455040] kernel: pci 0000:00:05.0: reg 0x10: [io  0xc080-0xc0bf]
[    0.457173] kernel: pci 0000:00:05.0: reg 0x14: [mem 0xfc094000-0xfc094fff]
[    0.462559] kernel: pci 0000:00:05.0: reg 0x20: [mem 0xfebf8000-0xfebfbfff 64bit pref]
[    0.464876] kernel: pci 0000:00:06.0: [1af4:1002] type 00 class 0x00ff00
[    0.467039] kernel: pci 0000:00:06.0: reg 0x10: [io  0xc100-0xc11f]
[    0.471699] kernel: pci 0000:00:06.0: reg 0x20: [mem 0xfebfc000-0xfebfffff 64bit pref]
[    0.480249] kernel: ACPI: PCI Interrupt Link [LNKA] (IRQs 5 *10 11)
[    0.481491] kernel: ACPI: PCI Interrupt Link [LNKB] (IRQs 5 *10 11)
[    0.482718] kernel: ACPI: PCI Interrupt Link [LNKC] (IRQs 5 10 *11)
[    0.483141] kernel: ACPI: PCI Interrupt Link [LNKD] (IRQs 5 10 *11)
[    0.484494] kernel: ACPI: PCI Interrupt Link [LNKS] (IRQs *9)
[    0.485912] kernel: iommu: Default domain type: Translated 
[    0.487210] kernel: SCSI subsystem initialized
[    0.488285] kernel: libata version 3.00 loaded.
[    0.488285] kernel: pci 0000:00:02.0: vgaarb: setting as boot VGA device
[    0.488485] kernel: pci 0000:00:02.0: vgaarb: VGA device added: decodes=io+mem,owns=io+mem,locks=none
[    0.491034] kernel: pci 0000:00:02.0: vgaarb: bridge control possible
[    0.492609] kernel: vgaarb: loaded
[    0.493336] kernel: ACPI: bus type USB registered
[    0.494473] kernel: usbcore: registered new interface driver usbfs
[    0.495044] kernel: usbcore: registered new interface driver hub
[    0.496412] kernel: usbcore: registered new device driver usb
[    0.497829] kernel: pps_core: LinuxPPS API ver. 1 registered
[    0.498887] kernel: pps_core: Software ver. 5.3.6 - Copyright 2005-2007 Rodolfo Giometti <giometti@linux.it>
[    0.499036] kernel: PTP clock support registered
[    0.501708] kernel: EDAC MC: Ver: 3.0.0
[    0.501708] kernel: PCI: Using ACPI for IRQ routing
[    0.503033] kernel: PCI: pci_cache_line_size set to 64 bytes
[    0.503154] kernel: e820: reserve RAM buffer [mem 0x0009fc00-0x0009ffff]
[    0.503155] kernel: e820: reserve RAM buffer [mem 0xbffdc000-0xbfffffff]
[    0.503256] kernel: NetLabel: Initializing
[    0.504025] kernel: NetLabel:  domain hash size = 128
[    0.504851] kernel: NetLabel:  protocols = UNLABELED CIPSOv4 CALIPSO
[    0.505916] kernel: NetLabel:  unlabeled traffic allowed by default
[    0.507103] kernel: clocksource: Switched to clocksource kvm-clock
[    0.521514] kernel: *** VALIDATE bpf ***
[    0.522330] kernel: VFS: Disk quotas dquot_6.6.0
[    0.523276] kernel: VFS: Dquot-cache hash table entries: 512 (order 0, 4096 bytes)
[    0.525168] kernel: *** VALIDATE ramfs ***
[    0.525952] kernel: *** VALIDATE hugetlbfs ***
[    0.526795] kernel: AppArmor: AppArmor Filesystem Enabled
[    0.527838] kernel: pnp: PnP ACPI init
[    0.528777] kernel: pnp 00:00: Plug and Play ACPI device, IDs PNP0b00 (active)
[    0.528848] kernel: pnp 00:01: Plug and Play ACPI device, IDs PNP0303 (active)
[    0.528874] kernel: pnp 00:02: Plug and Play ACPI device, IDs PNP0f13 (active)
[    0.528895] kernel: pnp 00:03: [dma 2]
[    0.528931] kernel: pnp 00:03: Plug and Play ACPI device, IDs PNP0700 (active)
[    0.529018] kernel: pnp 00:04: Plug and Play ACPI device, IDs PNP0501 (active)
[    0.529270] kernel: pnp: PnP ACPI: found 5 devices
[    0.532613] kernel: thermal_sys: Registered thermal governor 'fair_share'
[    0.532614] kernel: thermal_sys: Registered thermal governor 'bang_bang'
[    0.533822] kernel: thermal_sys: Registered thermal governor 'step_wise'
[    0.535137] kernel: thermal_sys: Registered thermal governor 'user_space'
[    0.537893] kernel: thermal_sys: Registered thermal governor 'power_allocator'
[    0.543843] kernel: clocksource: acpi_pm: mask: 0xffffff max_cycles: 0xffffff, max_idle_ns: 2085701024 ns
[    0.548136] kernel: pci_bus 0000:00: resource 4 [io  0x0000-0x0cf7 window]
[    0.549775] kernel: pci_bus 0000:00: resource 5 [io  0x0d00-0xffff window]
[    0.550973] kernel: pci_bus 0000:00: resource 6 [mem 0x000a0000-0x000bffff window]
[    0.552253] kernel: pci_bus 0000:00: resource 7 [mem 0xc0000000-0xfebfffff window]
[    0.553515] kernel: pci_bus 0000:00: resource 8 [mem 0x140000000-0x1bfffffff window]
[    0.555079] kernel: NET: Registered protocol family 2
[    0.556076] kernel: IP idents hash table entries: 65536 (order: 7, 524288 bytes, linear)
[    0.558090] kernel: tcp_listen_portaddr_hash hash table entries: 2048 (order: 3, 32768 bytes, linear)
[    0.559770] kernel: TCP established hash table entries: 32768 (order: 6, 262144 bytes, linear)
[    0.561324] kernel: TCP bind hash table entries: 32768 (order: 7, 524288 bytes, linear)
[    0.564244] kernel: TCP: Hash tables configured (established 32768 bind 32768)
[    0.565551] kernel: UDP hash table entries: 2048 (order: 4, 65536 bytes, linear)
[    0.566853] kernel: UDP-Lite hash table entries: 2048 (order: 4, 65536 bytes, linear)
[    0.568304] kernel: NET: Registered protocol family 1
[    0.569161] kernel: NET: Registered protocol family 44
[    0.570062] kernel: pci 0000:00:01.0: PIIX3: Enabling Passive Release
[    0.571152] kernel: pci 0000:00:00.0: Limiting direct PCI/PCI transfers
[    0.572528] kernel: pci 0000:00:01.0: Activating ISA DMA hang workarounds
[    0.599475] kernel: PCI Interrupt Link [LNKD] enabled at IRQ 11
[    0.626423] kernel: pci 0000:00:01.2: quirk_usb_early_handoff+0x0/0x670 took 51339 usecs
[    0.628102] kernel: pci 0000:00:02.0: Video device with shadowed ROM at [mem 0x000c0000-0x000dffff]
[    0.629943] kernel: PCI: CLS 0 bytes, default 64
[    0.631252] kernel: Trying to unpack rootfs image as initramfs...
[    0.715341] kernel: Freeing initrd memory: 26748K
[    0.716648] kernel: PCI-DMA: Using software bounce buffering for IO (SWIOTLB)
[    0.718212] kernel: software IO TLB: mapped [mem 0xbbfdc000-0xbffdc000] (64MB)
[    0.719619] kernel: clocksource: tsc: mask: 0xffffffffffffffff max_cycles: 0x256f20fda37, max_idle_ns: 440795331973 ns
[    0.721912] kernel: check: Scanning for low memory corruption every 60 seconds
[    0.724083] kernel: Initialise system trusted keyrings
[    0.725372] kernel: Key type blacklist registered
[    0.733380] kernel: workingset: timestamp_bits=36 max_order=20 bucket_order=0
[    0.736013] kernel: zbud: loaded
[    0.736956] kernel: squashfs: version 4.0 (2009/01/31) Phillip Lougher
[    0.738362] kernel: fuse: init (API version 7.31)
[    0.739230] kernel: *** VALIDATE fuse ***
[    0.739952] kernel: *** VALIDATE fuse ***
[    0.740710] kernel: Platform Keyring initialized
[    0.745411] kernel: Key type asymmetric registered
[    0.746291] kernel: Asymmetric key parser 'x509' registered
[    0.749362] kernel: Block layer SCSI generic (bsg) driver version 0.4 loaded (major 244)
[    0.752015] kernel: io scheduler mq-deadline registered
[    0.753465] kernel: shpchp: Standard Hot Plug PCI Controller Driver version: 0.4
[    0.755454] kernel: intel_idle: Please enable MWAIT in BIOS SETUP
[    0.755537] kernel: input: Power Button as /devices/LNXSYSTM:00/LNXPWRBN:00/input/input0
[    0.757699] kernel: ACPI: Power Button [PWRF]
[    0.785899] kernel: PCI Interrupt Link [LNKC] enabled at IRQ 10
[    0.843568] kernel: PCI Interrupt Link [LNKA] enabled at IRQ 10
[    0.870999] kernel: PCI Interrupt Link [LNKB] enabled at IRQ 11
[    0.873464] kernel: Serial: 8250/16550 driver, 32 ports, IRQ sharing enabled
[    0.898468] kernel: 00:04: ttyS0 at I/O 0x3f8 (irq = 4, base_baud = 115200) is a 16550A
[    0.910967] kernel: Linux agpgart interface v0.103
[    1.043098] kernel: loop: module loaded
[    1.044611] kernel: ata_piix 0000:00:01.1: version 2.13
[    1.045756] kernel: scsi host0: ata_piix
[    1.047571] kernel: scsi host1: ata_piix
[    1.049113] kernel: ata1: PATA max MWDMA2 cmd 0x1f0 ctl 0x3f6 bmdma 0xc120 irq 14
[    1.051877] kernel: ata2: PATA max MWDMA2 cmd 0x170 ctl 0x376 bmdma 0xc128 irq 15
[    1.055904] kernel: libphy: Fixed MDIO Bus: probed
[    1.057347] kernel: tun: Universal TUN/TAP device driver, 1.6
[    1.059614] kernel: PPP generic driver version 2.4.2
[    1.060883] kernel: VFIO - User Level meta-driver version: 0.3
[    1.062474] kernel: ehci_hcd: USB 2.0 'Enhanced' Host Controller (EHCI) Driver
[    1.064378] kernel: ehci-pci: EHCI PCI platform driver
[    1.065614] kernel: ehci-platform: EHCI generic platform driver
[    1.067176] kernel: ohci_hcd: USB 1.1 'Open' Host Controller (OHCI) Driver
[    1.068937] kernel: ohci-pci: OHCI PCI platform driver
[    1.070415] kernel: ohci-platform: OHCI generic platform driver
[    1.071928] kernel: uhci_hcd: USB Universal Host Controller Interface driver
[    1.099438] kernel: uhci_hcd 0000:00:01.2: UHCI Host Controller
[    1.101015] kernel: uhci_hcd 0000:00:01.2: new USB bus registered, assigned bus number 1
[    1.103183] kernel: uhci_hcd 0000:00:01.2: detected 2 ports
[    1.104588] kernel: uhci_hcd 0000:00:01.2: irq 11, io base 0x0000c0c0
[    1.106341] kernel: usb usb1: New USB device found, idVendor=1d6b, idProduct=0001, bcdDevice= 5.04
[    1.109151] kernel: usb usb1: New USB device strings: Mfr=3, Product=2, SerialNumber=1
[    1.111729] kernel: usb usb1: Product: UHCI Host Controller
[    1.113020] kernel: usb usb1: Manufacturer: Linux 5.4.0-99-generic uhci_hcd
[    1.116058] kernel: usb usb1: SerialNumber: 0000:00:01.2
[    1.117481] kernel: hub 1-0:1.0: USB hub found
[    1.118552] kernel: hub 1-0:1.0: 2 ports detected
[    1.119884] kernel: i8042: PNP: PS/2 Controller [PNP0303:KBD,PNP0f13:MOU] at 0x60,0x64 irq 1,12
[    1.122656] kernel: serio: i8042 KBD port at 0x60,0x64 irq 1
[    1.123961] kernel: serio: i8042 AUX port at 0x60,0x64 irq 12
[    1.125419] kernel: mousedev: PS/2 mouse device common for all mice
[    1.127175] kernel: rtc_cmos 00:00: RTC can wake from S4
[    1.128810] kernel: input: AT Translated Set 2 keyboard as /devices/platform/i8042/serio0/input/input1
[    1.131185] kernel: rtc_cmos 00:00: registered as rtc0
[    1.132658] kernel: rtc_cmos 00:00: alarms up to one day, y3k, 114 bytes nvram
[    1.134505] kernel: i2c /dev entries driver
[    1.135568] kernel: device-mapper: uevent: version 1.0.3
[    1.136866] kernel: device-mapper: ioctl: 4.41.0-ioctl (2019-09-16) initialised: dm-devel@redhat.com
[    1.139791] kernel: platform eisa.0: Probing EISA bus 0
[    1.141506] kernel: platform eisa.0: EISA: Cannot allocate resource for mainboard
[    1.143866] kernel: platform eisa.0: Cannot allocate resource for EISA slot 1
[    1.147648] kernel: platform eisa.0: Cannot allocate resource for EISA slot 2
[    1.150003] kernel: platform eisa.0: Cannot allocate resource for EISA slot 3
[    1.152299] kernel: platform eisa.0: Cannot allocate resource for EISA slot 4
[    1.154539] kernel: platform eisa.0: Cannot allocate resource for EISA slot 5
[    1.157061] kernel: platform eisa.0: Cannot allocate resource for EISA slot 6
[    1.159200] kernel: platform eisa.0: Cannot allocate resource for EISA slot 7
[    1.161391] kernel: platform eisa.0: Cannot allocate resource for EISA slot 8
[    1.163689] kernel: platform eisa.0: EISA: Detected 0 cards
[    1.165263] kernel: intel_pstate: CPU model not supported
[    1.167250] kernel: ledtrig-cpu: registered to indicate activity on CPUs
[    1.169630] kernel: drop_monitor: Initializing network drop monitor service
[    1.172058] kernel: NET: Registered protocol family 10
[    1.181412] kernel: Segment Routing with IPv6
[    1.182400] kernel: NET: Registered protocol family 17
[    1.183575] kernel: Key type dns_resolver registered
[    1.184956] kernel: RAS: Correctable Errors collector initialized.
[    1.186604] kernel: IPI shorthand broadcast: enabled
[    1.188332] kernel: sched_clock: Marking stable (995019921, 193284681)->(1285826111, -97521509)
[    1.191586] kernel: registered taskstats version 1
[    1.193172] kernel: Loading compiled-in X.509 certificates
[    1.196265] kernel: Loaded X.509 cert 'Build time autogenerated kernel key: 3e9c0893400760cb433d1bad37690f1fbf53b04b'
[    1.201175] kernel: Loaded X.509 cert 'Canonical Ltd. Live Patch Signing: 14df34d1a87cf37625abec039ef2bf521249b969'
[    1.205813] kernel: Loaded X.509 cert 'Canonical Ltd. Kernel Module Signing: 88f752e560a1e0737e31163a466ad7b70a850c19'
[    1.210427] kernel: blacklist: Loading compiled-in revocation X.509 certificates
[    1.212193] kernel: Loaded X.509 cert 'Canonical Ltd. Secure Boot Signing: 61482aa2830d0ab2ad5af10b7250da9033ddcef0'
[    1.214701] kernel: zswap: loaded using pool lzo/zbud
[    1.216345] kernel: Key type ._fscrypt registered
[    1.217420] kernel: Key type .fscrypt registered
[    1.223922] kernel: Key type big_key registered
[    1.227263] kernel: Key type encrypted registered
[    1.228461] kernel: AppArmor: AppArmor sha1 policy hashing enabled
[    1.229992] kernel: ima: No TPM chip found, activating TPM-bypass!
[    1.231474] kernel: ima: Allocated hash algorithm: sha1
[    1.232836] kernel: ima: No architecture policies found
[    1.234082] kernel: evm: Initialising EVM extended attributes:
[    1.235434] kernel: evm: security.selinux
[    1.236407] kernel: evm: security.SMACK64
[    1.237276] kernel: evm: security.SMACK64EXEC
[    1.238284] kernel: evm: security.SMACK64TRANSMUTE
[    1.241215] kernel: evm: security.SMACK64MMAP
[    1.242514] kernel: evm: security.apparmor
[    1.243650] kernel: evm: security.ima
[    1.244615] kernel: evm: security.capability
[    1.245600] kernel: evm: HMAC attrs: 0x1
[    1.246904] kernel: PM:   Magic number: 10:154:999
[    1.248122] kernel: i8042 kbd 00:01: hash matches
[    1.249232] kernel:  pnp0: hash matches
[    1.250196] kernel: rtc_cmos 00:00: setting system clock to 2022-02-11T18:58:07 UTC (1644605887)
[    1.255032] kernel: Freeing unused decrypted memory: 2040K
[    1.257684] kernel: Freeing unused kernel image memory: 2752K
[    1.267084] kernel: Write protecting the kernel read-only data: 26624k
[    1.269449] kernel: Freeing unused kernel image memory: 2008K
[    1.273130] kernel: Freeing unused kernel image memory: 740K
[    1.283939] kernel: x86/mm: Checked W+X mappings: passed, no W+X pages found.
[    1.286441] kernel: x86/mm: Checking user space page tables
[    1.297527] kernel: x86/mm: Checked W+X mappings: passed, no W+X pages found.
[    1.299468] kernel: Run /init as init process
[    1.395777] kernel: input: VirtualPS/2 VMware VMMouse as /devices/platform/i8042/serio1/input/input4
[    1.398478] kernel: input: VirtualPS/2 VMware VMMouse as /devices/platform/i8042/serio1/input/input3
[    1.405152] kernel: virtio_blk virtio2: [vda] 83886080 512-byte logical blocks (42.9 GB/40.0 GiB)
[    1.427158] kernel: cryptd: max_cpu_qlen set to 1000
[    1.471166] kernel: AVX2 version of gcm_enc/dec engaged.
[    1.473032] kernel: FDC 0 is a S82078B
[    1.473248] kernel: AES CTR mode by8 optimization enabled
[    1.485517] kernel: virtio_net virtio0 ens3: renamed from eth0
[    1.489445] kernel: GPT:Primary header thinks Alt. header is not at the end of the disk.
[    1.492170] kernel: GPT:4612095 != 83886079
[    1.493216] kernel: GPT:Alternate GPT header not at the end of the disk.
[    1.495224] kernel: GPT:4612095 != 83886079
[    1.496362] kernel: GPT: Use GNU Parted to correct GPT errors.
[    1.497871] kernel:  vda: vda1 vda14 vda15
[    2.747041] kernel: raid6: avx2x4   gen() 23361 MB/s
[    2.795053] kernel: raid6: avx2x4   xor() 14624 MB/s
[    2.843063] kernel: raid6: avx2x2   gen() 19587 MB/s
[    2.891101] kernel: raid6: avx2x2   xor() 12216 MB/s
[    2.939070] kernel: raid6: avx2x1   gen() 18032 MB/s
[    2.987043] kernel: raid6: avx2x1   xor() 12013 MB/s
[    3.035055] kernel: raid6: sse2x4   gen() 12614 MB/s
[    3.083043] kernel: raid6: sse2x4   xor()  7647 MB/s
[    3.131063] kernel: raid6: sse2x2   gen() 10551 MB/s
[    3.179055] kernel: raid6: sse2x2   xor()  6595 MB/s
[    3.227055] kernel: raid6: sse2x1   gen()  8943 MB/s
[    3.275075] kernel: raid6: sse2x1   xor()  5625 MB/s
[    3.276505] kernel: raid6: using algorithm avx2x4 gen() 23361 MB/s
[    3.278174] kernel: raid6: .... xor() 14624 MB/s, rmw enabled
[    3.280393] kernel: raid6: using avx2x2 recovery algorithm
[    3.282818] kernel: xor: automatically using best checksumming function   avx       
[    3.287638] kernel: async_tx: api initialized (async)
[    3.345428] kernel: Btrfs loaded, crc32c=crc32c-intel
[    3.422957] kernel: EXT4-fs (vda1): mounted filesystem with ordered data mode. Opts: (null)
[    3.758823] systemd[1]: Inserted module 'autofs4'
[    3.778097] systemd[1]: systemd 245.4-4ubuntu3.15 running in system mode. (+PAM +AUDIT +SELINUX +IMA +APPARMOR +SMACK +SYSVINIT +UTMP +LIBCRYPTSETUP +GCRYPT +GNUTLS +ACL +XZ +LZ4 +SECCOMP +BLKID +ELFUTILS +KMOD +IDN2 -IDN +PCRE2 default-hierarchy=hybrid)
[    3.784352] systemd[1]: Detected virtualization kvm.
[    3.785730] systemd[1]: Detected architecture x86-64.
[    3.820134] systemd[1]: Set hostname to <ubuntu>.
[    3.826525] systemd[1]: Initializing machine ID from KVM UUID.
[    3.836547] systemd[1]: Installed transient /etc/machine-id file.
[    4.310926] systemd[1]: Created slice system-modprobe.slice.
[    4.315566] systemd[1]: Created slice system-serial\x2dgetty.slice.
[    4.319335] systemd[1]: Created slice system-systemd\x2dfsck.slice.
[    4.322853] systemd[1]: Created slice User and Session Slice.
[    4.325660] systemd[1]: Started Forward Password Requests to Wall Directory Watch.
[    4.329352] systemd[1]: Set up automount Arbitrary Executable File Formats File System Automount Point.
[    4.333231] systemd[1]: Reached target User and Group Name Lookups.
[    4.336026] systemd[1]: Reached target Slices.
[    4.338397] systemd[1]: Reached target Swap.
[    4.340668] systemd[1]: Listening on Device-mapper event daemon FIFOs.
[    4.343835] systemd[1]: Listening on LVM2 poll daemon socket.
[    4.348185] systemd[1]: Listening on multipathd control socket.
[    4.350958] systemd[1]: Listening on Syslog Socket.
[    4.353590] systemd[1]: Listening on fsck to fsckd communication Socket.
[    4.356711] systemd[1]: Listening on initctl Compatibility Named Pipe.
[    4.359947] systemd[1]: Listening on Journal Audit Socket.
[    4.362584] systemd[1]: Listening on Journal Socket (/dev/log).
[    4.365499] systemd[1]: Listening on Journal Socket.
[    4.367962] systemd[1]: Listening on Network Service Netlink Socket.
[    4.371283] systemd[1]: Listening on udev Control Socket.
[    4.373974] systemd[1]: Listening on udev Kernel Socket.
[    4.379198] systemd[1]: Mounting Huge Pages File System...
[    4.382546] systemd[1]: Mounting POSIX Message Queue File System...
[    4.386373] systemd[1]: Mounting Kernel Debug File System...
[    4.389752] systemd[1]: Mounting Kernel Trace File System...
[    4.393547] systemd[1]: Starting Journal Service...
[    4.396769] systemd[1]: Starting Set the console keyboard layout...
[    4.402216] systemd[1]: Starting Create list of static device nodes for the current kernel...
[    4.412005] systemd[1]: Starting Monitoring of LVM2 mirrors, snapshots etc. using dmeventd or progress polling...
[    4.425383] systemd[1]: Starting Load Kernel Module drm...
[    4.435190] systemd[1]: Condition check resulted in OpenVSwitch configuration for cleanup being skipped.
[    4.441349] systemd[1]: Condition check resulted in Set Up Additional Binary Formats being skipped.
[    4.451418] systemd[1]: Starting File System Check on Root Device...
[    4.459377] systemd[1]: Starting Load Kernel Modules...
[    4.461914] systemd[1]: Starting udev Coldplug all Devices...
[    4.464738] systemd[1]: Starting Uncomplicated firewall...
[    4.474521] systemd[1]: Mounted Huge Pages File System.
[    4.476917] systemd[1]: Mounted POSIX Message Queue File System.
[    4.478991] systemd[1]: Mounted Kernel Debug File System.
[    4.481728] systemd[1]: Mounted Kernel Trace File System.
[    4.483943] systemd[1]: Finished Create list of static device nodes for the current kernel.
[    4.486980] systemd[1]: Finished Monitoring of LVM2 mirrors, snapshots etc. using dmeventd or progress polling.
[    4.490457] systemd[1]: modprobe@drm.service: Succeeded.
[    4.492523] systemd[1]: Finished Load Kernel Module drm.
[    4.498344] systemd[1]: Finished Uncomplicated firewall.
[    4.503430] systemd[1]: Started File System Check Daemon to report status.
[    4.527618] systemd[1]: Started Journal Service.
[    4.631436] kernel: EXT4-fs (vda1): re-mounted. Opts: (null)
[    5.491031] kernel: alua: device handler registered
[    5.492791] kernel: emc: device handler registered
[    5.494811] kernel: rdac: device handler registered
[    5.973829] kernel: audit: type=1400 audit(1644605892.220:2): apparmor="STATUS" operation="profile_load" profile="unconfined" name="/usr/sbin/tcpdump" pid=496 comm="apparmor_parser"
[    6.037363] kernel: audit: type=1400 audit(1644605892.284:3): apparmor="STATUS" operation="profile_load" profile="unconfined" name="/usr/lib/NetworkManager/nm-dhcp-client.action" pid=497 comm="apparmor_parser"
[    6.037366] kernel: audit: type=1400 audit(1644605892.284:4): apparmor="STATUS" operation="profile_load" profile="unconfined" name="/usr/lib/NetworkManager/nm-dhcp-helper" pid=497 comm="apparmor_parser"
[    6.037556] kernel: audit: type=1400 audit(1644605892.284:5): apparmor="STATUS" operation="profile_load" profile="unconfined" name="/usr/lib/connman/scripts/dhclient-script" pid=497 comm="apparmor_parser"
[    6.038199] kernel: audit: type=1400 audit(1644605892.284:6): apparmor="STATUS" operation="profile_load" profile="unconfined" name="/{,usr/}sbin/dhclient" pid=497 comm="apparmor_parser"
[    6.082812] kernel: audit: type=1400 audit(1644605892.328:7): apparmor="STATUS" operation="profile_load" profile="unconfined" name="lsb_release" pid=501 comm="apparmor_parser"
[    6.154119] kernel: audit: type=1400 audit(1644605892.400:8): apparmor="STATUS" operation="profile_load" profile="unconfined" name="/usr/bin/man" pid=502 comm="apparmor_parser"
[    6.154644] kernel: audit: type=1400 audit(1644605892.400:9): apparmor="STATUS" operation="profile_load" profile="unconfined" name="man_filter" pid=502 comm="apparmor_parser"
[    6.155212] kernel: audit: type=1400 audit(1644605892.404:10): apparmor="STATUS" operation="profile_load" profile="unconfined" name="man_groff" pid=502 comm="apparmor_parser"
[    6.202434] kernel: audit: type=1400 audit(1644605892.448:11): apparmor="STATUS" operation="profile_load" profile="unconfined" name="nvidia_modprobe" pid=503 comm="apparmor_parser"
[   20.408722] kernel: EXT4-fs (vda1): resizing filesystem from 548091 to 10457339 blocks
[   21.062727] kernel: EXT4-fs (vda1): resized filesystem to 10457339
