00000000-00000000 : Reserved
00000000-00000000 : System RAM
00000000-00000000 : RAM buffer
00000000-00000000 : PCI Bus 0000:00
00000000-00000000 : Video ROM
00000000-00000000 : Adapter ROM
00000000-00000000 : Adapter ROM
00000000-00000000 : Adapter ROM
00000000-00000000 : Adapter ROM
00000000-00000000 : Adapter ROM
00000000-00000000 : Adapter ROM
00000000-00000000 : Reserved
  00000000-00000000 : System ROM
00000000-00000000 : System RAM
  00000000-00000000 : Kernel code
  00000000-00000000 : Kernel data
  00000000-00000000 : Kernel bss
00000000-00000000 : RAM buffer
00000000-00000000 : System RAM
00000000-00000000 : Reserved
00000000-00000000 : PCI Bus 0000:00
  00000000-00000000 : 0000:00:02.0
    00000000-00000000 : cirrus
  00000000-00000000 : 0000:00:03.0
    00000000-00000000 : virtio-pci-modern
  00000000-00000000 : 0000:00:04.0
    00000000-00000000 : virtio-pci-modern
  00000000-00000000 : 0000:00:05.0
    00000000-00000000 : virtio-pci-modern
  00000000-00000000 : 0000:00:06.0
    00000000-00000000 : virtio-pci-modern
  00000000-00000000 : 0000:00:07.0
    00000000-00000000 : virtio-pci-modern
  00000000-00000000 : 0000:00:08.0
    00000000-00000000 : virtio-pci-modern
  00000000-00000000 : 0000:00:09.0
    00000000-00000000 : virtio-pci-modern
  00000000-00000000 : 0000:00:0b.0
    00000000-00000000 : virtio-pci-modern
  00000000-00000000 : 0000:00:0c.0
    00000000-00000000 : virtio-pci-modern
  00000000-00000000 : 0000:00:0d.0
    00000000-00000000 : virtio-pci-modern
  00000000-00000000 : 0000:00:0e.0
    00000000-00000000 : virtio-pci-modern
  00000000-00000000 : 0000:00:0f.0
    00000000-00000000 : virtio-pci-modern
  00000000-00000000 : 0000:00:03.0
  00000000-00000000 : 0000:00:04.0
  00000000-00000000 : 0000:00:05.0
  00000000-00000000 : 0000:00:06.0
  00000000-00000000 : 0000:00:07.0
  00000000-00000000 : 0000:00:08.0
  00000000-00000000 : 0000:00:09.0
  00000000-00000000 : 0000:00:02.0
    00000000-00000000 : cirrus
  00000000-00000000 : 0000:00:03.0
  00000000-00000000 : 0000:00:04.0
  00000000-00000000 : 0000:00:05.0
  00000000-00000000 : 0000:00:06.0
  00000000-00000000 : 0000:00:07.0
  00000000-00000000 : 0000:00:08.0
  00000000-00000000 : 0000:00:09.0
  00000000-00000000 : 0000:00:0a.7
    00000000-00000000 : ehci_hcd
  00000000-00000000 : 0000:00:0b.0
  00000000-00000000 : 0000:00:0c.0
  00000000-00000000 : 0000:00:0d.0
  00000000-00000000 : 0000:00:0f.0
00000000-00000000 : IOAPIC 0
00000000-00000000 : Local APIC
00000000-00000000 : Reserved
00000000-00000000 : Reserved
00000000-00000000 : System RAM
00000000-00000000 : PCI Bus 0000:00
