MemTotal:        1048576 kB
MemFree:            2612 kB
MemAvailable:     619376 kB
Buffers:               0 kB
Cached:           616764 kB
SwapCached:            0 kB
Active:           440648 kB
Inactive:         524804 kB
Active(anon):     145356 kB
Inactive(anon):   164736 kB
Active(file):     295292 kB
Inactive(file):   360068 kB
Unevictable:         132 kB
Mlocked:           54576 kB
SwapTotal:             0 kB
SwapFree:              0 kB
Dirty:               924 kB
Writeback:           132 kB
AnonPages:        309796 kB
Mapped:           145200 kB
Shmem:               296 kB
KReclaimable:     470068 kB
Slab:                  0 kB
SReclaimable:          0 kB
SUnreclaim:            0 kB
KernelStack:       22252 kB
PageTables:        36128 kB
NFS_Unstable:          0 kB
Bounce:                0 kB
WritebackTmp:          0 kB
CommitLimit:    12390880 kB
Committed_AS:   16883436 kB
VmallocTotal:   34359738367 kB
VmallocUsed:       86488 kB
VmallocChunk:          0 kB
Percpu:            10288 kB
HardwareCorrupted:     0 kB
AnonHugePages:         0 kB
ShmemHugePages:        0 kB
ShmemPmdMapped:        0 kB
FileHugePages:         0 kB
FilePmdMapped:         0 kB
CmaTotal:              0 kB
CmaFree:               0 kB
HugePages_Total:       0
HugePages_Free:        0
HugePages_Rsvd:        0
HugePages_Surp:        0
Hugepagesize:       2048 kB
Hugetlb:               0 kB
DirectMap4k:      668824 kB
DirectMap2M:    16107520 kB
DirectMap1G:     2097152 kB
