Aug  2 20:53:33 compute4 kernel: [    0.000000] Linux version 5.4.0-80-generic (buildd@lcy01-amd64-030) (gcc version 9.3.0 (Ubuntu 9.3.0-17ubuntu1~20.04)) #90-Ubuntu SMP Fri Jul 9 22:49:44 UTC 2021 (Ubuntu 5.4.0-80.90-generic 5.4.124)
Aug  2 20:53:33 compute4 kernel: [    0.000000] Command line: BOOT_IMAGE=/boot/vmlinuz-5.4.0-80-generic root=UUID=a4d68caa-da3b-4ce0-8f9a-56f8efa43b42 ro
Aug  2 20:53:33 compute4 kernel: [    0.000000] KERNEL supported cpus:
Aug  2 20:53:33 compute4 kernel: [    0.000000]   Intel GenuineIntel
Aug  2 20:53:33 compute4 kernel: [    0.000000]   AMD AuthenticAMD
Aug  2 20:53:33 compute4 kernel: [    0.000000]   Hygon HygonGenuine
Aug  2 20:53:33 compute4 kernel: [    0.000000]   Centaur CentaurHauls
Aug  2 20:53:33 compute4 kernel: [    0.000000]   zhaoxin   Shanghai  
Aug  2 20:53:33 compute4 kernel: [    0.000000] x86/fpu: Supporting XSAVE feature 0x001: 'x87 floating point registers'
Aug  2 20:53:33 compute4 kernel: [    0.000000] x86/fpu: Supporting XSAVE feature 0x002: 'SSE registers'
Aug  2 20:53:33 compute4 kernel: [    0.000000] x86/fpu: Supporting XSAVE feature 0x004: 'AVX registers'
Aug  2 20:53:33 compute4 kernel: [    0.000000] x86/fpu: Supporting XSAVE feature 0x008: 'MPX bounds registers'
Aug  2 20:53:33 compute4 kernel: [    0.000000] x86/fpu: Supporting XSAVE feature 0x010: 'MPX CSR'
Aug  2 20:53:33 compute4 kernel: [    0.000000] x86/fpu: xstate_offset[2]:  576, xstate_sizes[2]:  256
Aug  2 20:53:33 compute4 kernel: [    0.000000] x86/fpu: xstate_offset[3]:  832, xstate_sizes[3]:   64
Aug  2 20:53:33 compute4 kernel: [    0.000000] x86/fpu: xstate_offset[4]:  896, xstate_sizes[4]:   64
Aug  2 20:53:33 compute4 kernel: [    0.000000] x86/fpu: Enabled xstate features 0x1f, context size is 960 bytes, using 'compacted' format.
Aug  2 20:53:33 compute4 kernel: [    0.000000] BIOS-provided physical RAM map:
Aug  2 20:53:33 compute4 kernel: [    0.000000] BIOS-e820: [mem 0x0000000000000000-0x000000000009c3ff] usable
Aug  2 20:53:33 compute4 kernel: [    0.000000] BIOS-e820: [mem 0x00000000000f0000-0x00000000000fffff] reserved
Aug  2 20:53:33 compute4 kernel: [    0.000000] BIOS-e820: [mem 0x0000000000100000-0x00000000bfecafff] usable
Aug  2 20:53:33 compute4 kernel: [    0.000000] BIOS-e820: [mem 0x00000000bff78000-0x00000000bffd0fff] usable
Aug  2 20:53:33 compute4 kernel: [    0.000000] BIOS-e820: [mem 0x00000000bffd1000-0x00000000bfffffff] reserved
Aug  2 20:53:33 compute4 kernel: [    0.000000] BIOS-e820: [mem 0x00000000feffc000-0x00000000feffffff] reserved
Aug  2 20:53:33 compute4 kernel: [    0.000000] BIOS-e820: [mem 0x00000000fffc0000-0x00000000ffffffff] reserved
Aug  2 20:53:33 compute4 kernel: [    0.000000] BIOS-e820: [mem 0x0000000100000000-0x000000043fffffff] usable
Aug  2 20:53:33 compute4 kernel: [    0.000000] NX (Execute Disable) protection: active
Aug  2 20:53:33 compute4 kernel: [    0.000000] SMBIOS 2.8 present.
Aug  2 20:53:33 compute4 kernel: [    0.000000] DMI: QEMU Standard PC (i440FX + PIIX, 1996), BIOS 1.10.2-1ubuntu1 04/01/2014
Aug  2 20:53:33 compute4 kernel: [    0.000000] Hypervisor detected: KVM
Aug  2 20:53:33 compute4 kernel: [    0.000000] kvm-clock: Using msrs 4b564d01 and 4b564d00
Aug  2 20:53:33 compute4 kernel: [    0.000000] kvm-clock: cpu 0, msr 364601001, primary cpu clock
Aug  2 20:53:33 compute4 kernel: [    0.000000] kvm-clock: using sched offset of 162439390861 cycles
Aug  2 20:53:33 compute4 kernel: [    0.000005] clocksource: kvm-clock: mask: 0xffffffffffffffff max_cycles: 0x1cd42e4dffb, max_idle_ns: 881590591483 ns
Aug  2 20:53:33 compute4 kernel: [    0.000009] tsc: Detected 4200.000 MHz processor
Aug  2 20:53:33 compute4 kernel: [    0.001072] e820: update [mem 0x00000000-0x00000fff] usable ==> reserved
Aug  2 20:53:33 compute4 kernel: [    0.001073] e820: remove [mem 0x000a0000-0x000fffff] usable
Aug  2 20:53:33 compute4 kernel: [    0.001076] last_pfn = 0x440000 max_arch_pfn = 0x400000000
Aug  2 20:53:33 compute4 kernel: [    0.001097] MTRR default type: write-back
Aug  2 20:53:33 compute4 kernel: [    0.001097] MTRR fixed ranges enabled:
Aug  2 20:53:33 compute4 kernel: [    0.001098]   00000-9FFFF write-back
Aug  2 20:53:33 compute4 kernel: [    0.001099]   A0000-BFFFF uncachable
Aug  2 20:53:33 compute4 kernel: [    0.001099]   C0000-FFFFF write-protect
Aug  2 20:53:33 compute4 kernel: [    0.001100] MTRR variable ranges enabled:
Aug  2 20:53:33 compute4 kernel: [    0.001100]   0 base 00C0000000 mask FFC0000000 uncachable
Aug  2 20:53:33 compute4 kernel: [    0.001101]   1 disabled
Aug  2 20:53:33 compute4 kernel: [    0.001101]   2 disabled
Aug  2 20:53:33 compute4 kernel: [    0.001101]   3 disabled
Aug  2 20:53:33 compute4 kernel: [    0.001102]   4 disabled
Aug  2 20:53:33 compute4 kernel: [    0.001102]   5 disabled
Aug  2 20:53:33 compute4 kernel: [    0.001102]   6 disabled
Aug  2 20:53:33 compute4 kernel: [    0.001102]   7 disabled
Aug  2 20:53:33 compute4 kernel: [    0.001111] x86/PAT: Configuration [0-7]: WB  WC  UC- UC  WB  WP  UC- WT  
Aug  2 20:53:33 compute4 kernel: [    0.001119] last_pfn = 0xbffd1 max_arch_pfn = 0x400000000
Aug  2 20:53:33 compute4 kernel: [    0.006975] found SMP MP-table at [mem 0x000f6a00-0x000f6a0f]
Aug  2 20:53:33 compute4 kernel: [    0.007095] check: Scanning 1 areas for low memory corruption
Aug  2 20:53:33 compute4 kernel: [    0.007121] Using GB pages for direct mapping
Aug  2 20:53:33 compute4 kernel: [    0.007289] RAMDISK: [mem 0x2def9000-0x32f73fff]
Aug  2 20:53:33 compute4 kernel: [    0.007303] ACPI: Early table checksum verification disabled
Aug  2 20:53:33 compute4 kernel: [    0.007320] ACPI: RSDP 0x00000000000F67C0 000014 (v00 BOCHS )
Aug  2 20:53:33 compute4 kernel: [    0.007327] ACPI: RSDT 0x00000000BFFE15A9 00002C (v01 BOCHS  BXPCRSDT 00000001 BXPC 00000001)
Aug  2 20:53:33 compute4 kernel: [    0.007336] ACPI: FACP 0x00000000BFFE1435 000074 (v01 BOCHS  BXPCFACP 00000001 BXPC 00000001)
Aug  2 20:53:33 compute4 kernel: [    0.007340] ACPI: DSDT 0x00000000BFFE0040 0013F5 (v01 BOCHS  BXPCDSDT 00000001 BXPC 00000001)
Aug  2 20:53:33 compute4 kernel: [    0.007342] ACPI: FACS 0x00000000BFFE0000 000040
Aug  2 20:53:33 compute4 kernel: [    0.007345] ACPI: APIC 0x00000000BFFE1529 000080 (v01 BOCHS  BXPCAPIC 00000001 BXPC 00000001)
Aug  2 20:53:33 compute4 kernel: [    0.007347] ACPI: Reserving FACP table memory at [mem 0xbffe1435-0xbffe14a8]
Aug  2 20:53:33 compute4 kernel: [    0.007347] ACPI: Reserving DSDT table memory at [mem 0xbffe0040-0xbffe1434]
Aug  2 20:53:33 compute4 kernel: [    0.007348] ACPI: Reserving FACS table memory at [mem 0xbffe0000-0xbffe003f]
Aug  2 20:53:33 compute4 kernel: [    0.007348] ACPI: Reserving APIC table memory at [mem 0xbffe1529-0xbffe15a8]
Aug  2 20:53:33 compute4 kernel: [    0.007368] ACPI: Local APIC address 0xfee00000
Aug  2 20:53:33 compute4 kernel: [    0.007669] No NUMA configuration found
Aug  2 20:53:33 compute4 kernel: [    0.007669] Faking a node at [mem 0x0000000000000000-0x000000043fffffff]
Aug  2 20:53:33 compute4 kernel: [    0.007678] NODE_DATA(0) allocated [mem 0x43ffd5000-0x43fffffff]
Aug  2 20:53:33 compute4 kernel: [    0.007845] Zone ranges:
Aug  2 20:53:33 compute4 kernel: [    0.007846]   DMA      [mem 0x0000000000001000-0x0000000000ffffff]
Aug  2 20:53:33 compute4 kernel: [    0.007847]   DMA32    [mem 0x0000000001000000-0x00000000ffffffff]
Aug  2 20:53:33 compute4 kernel: [    0.007848]   Normal   [mem 0x0000000100000000-0x000000043fffffff]
Aug  2 20:53:33 compute4 kernel: [    0.007848]   Device   empty
Aug  2 20:53:33 compute4 kernel: [    0.007849] Movable zone start for each node
Aug  2 20:53:33 compute4 kernel: [    0.007851] Early memory node ranges
Aug  2 20:53:33 compute4 kernel: [    0.007851]   node   0: [mem 0x0000000000001000-0x000000000009bfff]
Aug  2 20:53:33 compute4 kernel: [    0.007852]   node   0: [mem 0x0000000000100000-0x00000000bfecafff]
Aug  2 20:53:33 compute4 kernel: [    0.007853]   node   0: [mem 0x00000000bff78000-0x00000000bffd0fff]
Aug  2 20:53:33 compute4 kernel: [    0.007853]   node   0: [mem 0x0000000100000000-0x000000043fffffff]
Aug  2 20:53:33 compute4 kernel: [    0.007860] Zeroed struct page in unavailable ranges: 321 pages
Aug  2 20:53:33 compute4 kernel: [    0.007861] Initmem setup node 0 [mem 0x0000000000001000-0x000000043fffffff]
Aug  2 20:53:33 compute4 kernel: [    0.007862] On node 0 totalpages: 4193983
Aug  2 20:53:33 compute4 kernel: [    0.007865]   DMA zone: 64 pages used for memmap
Aug  2 20:53:33 compute4 kernel: [    0.007865]   DMA zone: 21 pages reserved
Aug  2 20:53:33 compute4 kernel: [    0.007865]   DMA zone: 3995 pages, LIFO batch:0
Aug  2 20:53:33 compute4 kernel: [    0.007896]   DMA32 zone: 12221 pages used for memmap
Aug  2 20:53:33 compute4 kernel: [    0.007897]   DMA32 zone: 782116 pages, LIFO batch:63
Aug  2 20:53:33 compute4 kernel: [    0.013849]   Normal zone: 53248 pages used for memmap
Aug  2 20:53:33 compute4 kernel: [    0.013850]   Normal zone: 3407872 pages, LIFO batch:63
Aug  2 20:53:33 compute4 kernel: [    0.038895] ACPI: PM-Timer IO Port: 0x608
Aug  2 20:53:33 compute4 kernel: [    0.038899] ACPI: Local APIC address 0xfee00000
Aug  2 20:53:33 compute4 kernel: [    0.038911] ACPI: LAPIC_NMI (acpi_id[0xff] dfl dfl lint[0x1])
Aug  2 20:53:33 compute4 kernel: [    0.038941] IOAPIC[0]: apic_id 0, version 17, address 0xfec00000, GSI 0-23
Aug  2 20:53:33 compute4 kernel: [    0.038943] ACPI: INT_SRC_OVR (bus 0 bus_irq 0 global_irq 2 dfl dfl)
Aug  2 20:53:33 compute4 kernel: [    0.038944] ACPI: INT_SRC_OVR (bus 0 bus_irq 5 global_irq 5 high level)
Aug  2 20:53:33 compute4 kernel: [    0.038944] ACPI: INT_SRC_OVR (bus 0 bus_irq 9 global_irq 9 high level)
Aug  2 20:53:33 compute4 kernel: [    0.038948] ACPI: INT_SRC_OVR (bus 0 bus_irq 10 global_irq 10 high level)
Aug  2 20:53:33 compute4 kernel: [    0.038948] ACPI: INT_SRC_OVR (bus 0 bus_irq 11 global_irq 11 high level)
Aug  2 20:53:33 compute4 kernel: [    0.038949] ACPI: IRQ0 used by override.
Aug  2 20:53:33 compute4 kernel: [    0.038950] ACPI: IRQ5 used by override.
Aug  2 20:53:33 compute4 kernel: [    0.038950] ACPI: IRQ9 used by override.
Aug  2 20:53:33 compute4 kernel: [    0.038950] ACPI: IRQ10 used by override.
Aug  2 20:53:33 compute4 kernel: [    0.038951] ACPI: IRQ11 used by override.
Aug  2 20:53:33 compute4 kernel: [    0.038952] Using ACPI (MADT) for SMP configuration information
Aug  2 20:53:33 compute4 kernel: [    0.038956] TSC deadline timer available
Aug  2 20:53:33 compute4 kernel: [    0.038959] smpboot: Allowing 2 CPUs, 0 hotplug CPUs
Aug  2 20:53:33 compute4 kernel: [    0.038979] PM: Registered nosave memory: [mem 0x00000000-0x00000fff]
Aug  2 20:53:33 compute4 kernel: [    0.038980] PM: Registered nosave memory: [mem 0x0009c000-0x000effff]
Aug  2 20:53:33 compute4 kernel: [    0.038980] PM: Registered nosave memory: [mem 0x000f0000-0x000fffff]
Aug  2 20:53:33 compute4 kernel: [    0.038981] PM: Registered nosave memory: [mem 0xbfecb000-0xbff77fff]
Aug  2 20:53:33 compute4 kernel: [    0.038982] PM: Registered nosave memory: [mem 0xbffd1000-0xbfffffff]
Aug  2 20:53:33 compute4 kernel: [    0.038982] PM: Registered nosave memory: [mem 0xc0000000-0xfeffbfff]
Aug  2 20:53:33 compute4 kernel: [    0.038983] PM: Registered nosave memory: [mem 0xfeffc000-0xfeffffff]
Aug  2 20:53:33 compute4 kernel: [    0.038983] PM: Registered nosave memory: [mem 0xff000000-0xfffbffff]
Aug  2 20:53:33 compute4 kernel: [    0.038984] PM: Registered nosave memory: [mem 0xfffc0000-0xffffffff]
Aug  2 20:53:33 compute4 kernel: [    0.038985] [mem 0xc0000000-0xfeffbfff] available for PCI devices
Aug  2 20:53:33 compute4 kernel: [    0.038986] Booting paravirtualized kernel on KVM
Aug  2 20:53:33 compute4 kernel: [    0.038990] clocksource: refined-jiffies: mask: 0xffffffff max_cycles: 0xffffffff, max_idle_ns: 7645519600211568 ns
Aug  2 20:53:33 compute4 kernel: [    0.038993] setup_percpu: NR_CPUS:8192 nr_cpumask_bits:2 nr_cpu_ids:2 nr_node_ids:1
Aug  2 20:53:33 compute4 kernel: [    0.039096] percpu: Embedded 55 pages/cpu s188416 r8192 d28672 u1048576
Aug  2 20:53:33 compute4 kernel: [    0.039099] pcpu-alloc: s188416 r8192 d28672 u1048576 alloc=1*2097152
Aug  2 20:53:33 compute4 kernel: [    0.039099] pcpu-alloc: [0] 0 1 
Aug  2 20:53:33 compute4 kernel: [    0.039117] setup async PF for cpu 0
Aug  2 20:53:33 compute4 kernel: [    0.039120] kvm-stealtime: cpu 0, msr 42fa2d040
Aug  2 20:53:33 compute4 kernel: [    0.039124] Built 1 zonelists, mobility grouping on.  Total pages: 4128429
Aug  2 20:53:33 compute4 kernel: [    0.039125] Policy zone: Normal
Aug  2 20:53:33 compute4 kernel: [    0.039125] Kernel command line: BOOT_IMAGE=/boot/vmlinuz-5.4.0-80-generic root=UUID=a4d68caa-da3b-4ce0-8f9a-56f8efa43b42 ro
Aug  2 20:53:33 compute4 kernel: [    0.039873] Dentry cache hash table entries: 2097152 (order: 12, 16777216 bytes, linear)
Aug  2 20:53:33 compute4 kernel: [    0.040232] Inode-cache hash table entries: 1048576 (order: 11, 8388608 bytes, linear)
Aug  2 20:53:33 compute4 kernel: [    0.040288] mem auto-init: stack:off, heap alloc:on, heap free:off
Aug  2 20:53:33 compute4 kernel: [    0.043791] Calgary: detecting Calgary via BIOS EBDA area
Aug  2 20:53:33 compute4 kernel: [    0.043796] Calgary: Unable to locate Rio Grande table in EBDA - bailing!
Aug  2 20:53:33 compute4 kernel: [    0.078807] Memory: 16307308K/16775932K available (14339K kernel code, 2400K rwdata, 5012K rodata, 2736K init, 4964K bss, 468624K reserved, 0K cma-reserved)
Aug  2 20:53:33 compute4 kernel: [    0.078824] random: get_random_u64 called from kmem_cache_open+0x2d/0x410 with crng_init=0
Aug  2 20:53:33 compute4 kernel: [    0.078958] SLUB: HWalign=64, Order=0-3, MinObjects=0, CPUs=2, Nodes=1
Aug  2 20:53:33 compute4 kernel: [    0.078979] Kernel/User page tables isolation: enabled
Aug  2 20:53:33 compute4 kernel: [    0.078997] ftrace: allocating 44595 entries in 175 pages
Aug  2 20:53:33 compute4 kernel: [    0.097072] rcu: Hierarchical RCU implementation.
Aug  2 20:53:33 compute4 kernel: [    0.097074] rcu: 	RCU restricting CPUs from NR_CPUS=8192 to nr_cpu_ids=2.
Aug  2 20:53:33 compute4 kernel: [    0.097075] 	Tasks RCU enabled.
Aug  2 20:53:33 compute4 kernel: [    0.097076] rcu: RCU calculated value of scheduler-enlistment delay is 25 jiffies.
Aug  2 20:53:33 compute4 kernel: [    0.097077] rcu: Adjusting geometry for rcu_fanout_leaf=16, nr_cpu_ids=2
Aug  2 20:53:33 compute4 kernel: [    0.099539] NR_IRQS: 524544, nr_irqs: 440, preallocated irqs: 16
Aug  2 20:53:33 compute4 kernel: [    0.099965] random: crng done (trusting CPU's manufacturer)
Aug  2 20:53:33 compute4 kernel: [    0.104429] Console: colour VGA+ 80x25
Aug  2 20:53:33 compute4 kernel: [    0.140046] printk: console [tty0] enabled
Aug  2 20:53:33 compute4 kernel: [    0.140337] ACPI: Core revision 20190816
Aug  2 20:53:33 compute4 kernel: [    0.140621] APIC: Switch to symmetric I/O mode setup
Aug  2 20:53:33 compute4 kernel: [    0.141121] x2apic enabled
Aug  2 20:53:33 compute4 kernel: [    0.141570] Switched APIC routing to physical x2apic.
Aug  2 20:53:33 compute4 kernel: [    0.142791] clocksource: tsc-early: mask: 0xffffffffffffffff max_cycles: 0x3c8a615336c, max_idle_ns: 440795257976 ns
Aug  2 20:53:33 compute4 kernel: [    0.143300] Calibrating delay loop (skipped) preset value.. 8400.00 BogoMIPS (lpj=16800000)
Aug  2 20:53:33 compute4 kernel: [    0.143736] pid_max: default: 32768 minimum: 301
Aug  2 20:53:33 compute4 kernel: [    0.144037] LSM: Security Framework initializing
Aug  2 20:53:33 compute4 kernel: [    0.144308] Yama: becoming mindful.
Aug  2 20:53:33 compute4 kernel: [    0.144555] AppArmor: AppArmor initialized
Aug  2 20:53:33 compute4 kernel: [    0.144853] Mount-cache hash table entries: 32768 (order: 6, 262144 bytes, linear)
Aug  2 20:53:33 compute4 kernel: [    0.145295] Mountpoint-cache hash table entries: 32768 (order: 6, 262144 bytes, linear)
Aug  2 20:53:33 compute4 kernel: [    0.145749] *** VALIDATE tmpfs ***
Aug  2 20:53:33 compute4 kernel: [    0.146107] *** VALIDATE proc ***
Aug  2 20:53:33 compute4 kernel: [    0.146384] *** VALIDATE cgroup1 ***
Aug  2 20:53:33 compute4 kernel: [    0.146623] *** VALIDATE cgroup2 ***
Aug  2 20:53:33 compute4 kernel: [    0.146987] Last level iTLB entries: 4KB 0, 2MB 0, 4MB 0
Aug  2 20:53:33 compute4 kernel: [    0.147278] Last level dTLB entries: 4KB 0, 2MB 0, 4MB 0, 1GB 0
Aug  2 20:53:33 compute4 kernel: [    0.147297] Spectre V1 : Mitigation: usercopy/swapgs barriers and __user pointer sanitization
Aug  2 20:53:33 compute4 kernel: [    0.147297] Spectre V2 : Mitigation: Full generic retpoline
Aug  2 20:53:33 compute4 kernel: [    0.147297] Spectre V2 : Spectre v2 / SpectreRSB mitigation: Filling RSB on context switch
Aug  2 20:53:33 compute4 kernel: [    0.147297] Spectre V2 : Enabling Restricted Speculation for firmware calls
Aug  2 20:53:33 compute4 kernel: [    0.147297] Spectre V2 : mitigation: Enabling conditional Indirect Branch Prediction Barrier
Aug  2 20:53:33 compute4 kernel: [    0.147297] Speculative Store Bypass: Mitigation: Speculative Store Bypass disabled via prctl and seccomp
Aug  2 20:53:33 compute4 kernel: [    0.147297] TAA: Mitigation: Clear CPU buffers
Aug  2 20:53:33 compute4 kernel: [    0.147297] SRBDS: Unknown: Dependent on hypervisor status
Aug  2 20:53:33 compute4 kernel: [    0.147297] MDS: Mitigation: Clear CPU buffers
Aug  2 20:53:33 compute4 kernel: [    0.147297] Freeing SMP alternatives memory: 40K
Aug  2 20:53:33 compute4 kernel: [    0.147297] smpboot: CPU0: Intel Core Processor (Skylake, IBRS) (family: 0x6, model: 0x5e, stepping: 0x3)
Aug  2 20:53:33 compute4 kernel: [    0.147297] Performance Events: unsupported p6 CPU model 94 no PMU driver, software events only.
Aug  2 20:53:33 compute4 kernel: [    0.147297] rcu: Hierarchical SRCU implementation.
Aug  2 20:53:33 compute4 kernel: [    0.147297] NMI watchdog: Perf NMI watchdog permanently disabled
Aug  2 20:53:33 compute4 kernel: [    0.147297] smp: Bringing up secondary CPUs ...
Aug  2 20:53:33 compute4 kernel: [    0.147297] x86: Booting SMP configuration:
Aug  2 20:53:33 compute4 kernel: [    0.147297] .... node  #0, CPUs:      #1
Aug  2 20:53:33 compute4 kernel: [    0.047485] kvm-clock: cpu 1, msr 364601041, secondary cpu clock
Aug  2 20:53:33 compute4 kernel: [    0.047485] smpboot: CPU 1 Converting physical 0 to logical die 1
Aug  2 20:53:33 compute4 kernel: [    0.147324] setup async PF for cpu 1
Aug  2 20:53:33 compute4 kernel: [    0.147497] kvm-stealtime: cpu 1, msr 42fb2d040
Aug  2 20:53:33 compute4 kernel: [    0.147698] smp: Brought up 1 node, 2 CPUs
Aug  2 20:53:33 compute4 kernel: [    0.147698] smpboot: Max logical packages: 2
Aug  2 20:53:33 compute4 kernel: [    0.147910] smpboot: Total of 2 processors activated (16800.00 BogoMIPS)
Aug  2 20:53:33 compute4 kernel: [    0.148814] devtmpfs: initialized
Aug  2 20:53:33 compute4 kernel: [    0.148814] x86/mm: Memory block size: 128MB
Aug  2 20:53:33 compute4 kernel: [    0.148951] clocksource: jiffies: mask: 0xffffffff max_cycles: 0xffffffff, max_idle_ns: 7645041785100000 ns
Aug  2 20:53:33 compute4 kernel: [    0.151308] futex hash table entries: 512 (order: 3, 32768 bytes, linear)
Aug  2 20:53:33 compute4 kernel: [    0.151789] pinctrl core: initialized pinctrl subsystem
Aug  2 20:53:33 compute4 kernel: [    0.152198] PM: RTC time: 20:53:24, date: 2021-08-02
Aug  2 20:53:33 compute4 kernel: [    0.152612] NET: Registered protocol family 16
Aug  2 20:53:33 compute4 kernel: [    0.152903] audit: initializing netlink subsys (disabled)
Aug  2 20:53:33 compute4 kernel: [    0.153213] audit: type=2000 audit(1627937603.156:1): state=initialized audit_enabled=0 res=1
Aug  2 20:53:33 compute4 kernel: [    0.153213] EISA bus registered
Aug  2 20:53:33 compute4 kernel: [    0.153213] cpuidle: using governor ladder
Aug  2 20:53:33 compute4 kernel: [    0.153213] cpuidle: using governor menu
Aug  2 20:53:33 compute4 kernel: [    0.153213] ACPI: bus type PCI registered
Aug  2 20:53:33 compute4 kernel: [    0.153213] acpiphp: ACPI Hot Plug PCI Controller Driver version: 0.5
Aug  2 20:53:33 compute4 kernel: [    0.153213] PCI: Using configuration type 1 for base access
Aug  2 20:53:33 compute4 kernel: [    0.156822] HugeTLB registered 1.00 GiB page size, pre-allocated 0 pages
Aug  2 20:53:33 compute4 kernel: [    0.156822] HugeTLB registered 2.00 MiB page size, pre-allocated 0 pages
Aug  2 20:53:33 compute4 kernel: [    0.156822] ACPI: Added _OSI(Module Device)
Aug  2 20:53:33 compute4 kernel: [    0.156822] ACPI: Added _OSI(Processor Device)
Aug  2 20:53:33 compute4 kernel: [    0.156822] ACPI: Added _OSI(3.0 _SCP Extensions)
Aug  2 20:53:33 compute4 kernel: [    0.159304] ACPI: Added _OSI(Processor Aggregator Device)
Aug  2 20:53:33 compute4 kernel: [    0.159566] ACPI: Added _OSI(Linux-Dell-Video)
Aug  2 20:53:33 compute4 kernel: [    0.159802] ACPI: Added _OSI(Linux-Lenovo-NV-HDMI-Audio)
Aug  2 20:53:33 compute4 kernel: [    0.160059] ACPI: Added _OSI(Linux-HPI-Hybrid-Graphics)
Aug  2 20:53:33 compute4 kernel: [    0.161084] ACPI: 1 ACPI AML tables successfully acquired and loaded
Aug  2 20:53:33 compute4 kernel: [    0.161804] ACPI: Interpreter enabled
Aug  2 20:53:33 compute4 kernel: [    0.162032] ACPI: (supports S0 S5)
Aug  2 20:53:33 compute4 kernel: [    0.162247] ACPI: Using IOAPIC for interrupt routing
Aug  2 20:53:33 compute4 kernel: [    0.162514] PCI: Using host bridge windows from ACPI; if necessary, use "pci=nocrs" and report a bug
Aug  2 20:53:33 compute4 kernel: [    0.163038] ACPI: Enabled 2 GPEs in block 00 to 0F
Aug  2 20:53:33 compute4 kernel: [    0.165172] ACPI: PCI Root Bridge [PCI0] (domain 0000 [bus 00-ff])
Aug  2 20:53:33 compute4 kernel: [    0.165422] acpi PNP0A03:00: _OSC: OS supports [ASPM ClockPM Segments MSI HPX-Type3]
Aug  2 20:53:33 compute4 kernel: [    0.165741] acpi PNP0A03:00: fail to add MMCONFIG information, can't access extended PCI configuration space under this bridge.
Aug  2 20:53:33 compute4 kernel: [    0.166302] acpiphp: Slot [3] registered
Aug  2 20:53:33 compute4 kernel: [    0.166496] acpiphp: Slot [4] registered
Aug  2 20:53:33 compute4 kernel: [    0.166695] acpiphp: Slot [5] registered
Aug  2 20:53:33 compute4 kernel: [    0.166895] acpiphp: Slot [6] registered
Aug  2 20:53:33 compute4 kernel: [    0.167090] acpiphp: Slot [7] registered
Aug  2 20:53:33 compute4 kernel: [    0.167286] acpiphp: Slot [8] registered
Aug  2 20:53:33 compute4 kernel: [    0.167323] acpiphp: Slot [9] registered
Aug  2 20:53:33 compute4 kernel: [    0.167524] acpiphp: Slot [11] registered
Aug  2 20:53:33 compute4 kernel: [    0.167718] acpiphp: Slot [12] registered
Aug  2 20:53:33 compute4 kernel: [    0.167909] acpiphp: Slot [13] registered
Aug  2 20:53:33 compute4 kernel: [    0.168109] acpiphp: Slot [14] registered
Aug  2 20:53:33 compute4 kernel: [    0.168307] acpiphp: Slot [15] registered
Aug  2 20:53:33 compute4 kernel: [    0.168502] acpiphp: Slot [16] registered
Aug  2 20:53:33 compute4 kernel: [    0.168693] acpiphp: Slot [17] registered
Aug  2 20:53:33 compute4 kernel: [    0.168903] acpiphp: Slot [18] registered
Aug  2 20:53:33 compute4 kernel: [    0.169098] acpiphp: Slot [19] registered
Aug  2 20:53:33 compute4 kernel: [    0.169291] acpiphp: Slot [20] registered
Aug  2 20:53:33 compute4 kernel: [    0.169482] acpiphp: Slot [21] registered
Aug  2 20:53:33 compute4 kernel: [    0.169673] acpiphp: Slot [22] registered
Aug  2 20:53:33 compute4 kernel: [    0.169867] acpiphp: Slot [23] registered
Aug  2 20:53:33 compute4 kernel: [    0.170058] acpiphp: Slot [24] registered
Aug  2 20:53:33 compute4 kernel: [    0.170248] acpiphp: Slot [25] registered
Aug  2 20:53:33 compute4 kernel: [    0.170454] acpiphp: Slot [26] registered
Aug  2 20:53:33 compute4 kernel: [    0.170649] acpiphp: Slot [27] registered
Aug  2 20:53:33 compute4 kernel: [    0.170840] acpiphp: Slot [28] registered
Aug  2 20:53:33 compute4 kernel: [    0.171030] acpiphp: Slot [29] registered
Aug  2 20:53:33 compute4 kernel: [    0.171255] acpiphp: Slot [30] registered
Aug  2 20:53:33 compute4 kernel: [    0.171320] acpiphp: Slot [31] registered
Aug  2 20:53:33 compute4 kernel: [    0.171509] PCI host bridge to bus 0000:00
Aug  2 20:53:33 compute4 kernel: [    0.171692] pci_bus 0000:00: root bus resource [io  0x0000-0x0cf7 window]
Aug  2 20:53:33 compute4 kernel: [    0.171933] pci_bus 0000:00: root bus resource [io  0x0d00-0xffff window]
Aug  2 20:53:33 compute4 kernel: [    0.172173] pci_bus 0000:00: root bus resource [mem 0x000a0000-0x000bffff window]
Aug  2 20:53:33 compute4 kernel: [    0.172479] pci_bus 0000:00: root bus resource [mem 0xc0000000-0xfebfffff window]
Aug  2 20:53:33 compute4 kernel: [    0.172782] pci_bus 0000:00: root bus resource [mem 0x440000000-0x4bfffffff window]
Aug  2 20:53:33 compute4 kernel: [    0.173090] pci_bus 0000:00: root bus resource [bus 00-ff]
Aug  2 20:53:33 compute4 kernel: [    0.173334] pci 0000:00:00.0: [8086:1237] type 00 class 0x060000
Aug  2 20:53:33 compute4 kernel: [    0.174006] pci 0000:00:01.0: [8086:7000] type 00 class 0x060100
Aug  2 20:53:33 compute4 kernel: [    0.174661] pci 0000:00:01.1: [8086:7010] type 00 class 0x010180
Aug  2 20:53:33 compute4 kernel: [    0.176838] pci 0000:00:01.1: reg 0x20: [io  0xc2a0-0xc2af]
Aug  2 20:53:33 compute4 kernel: [    0.177821] pci 0000:00:01.1: legacy IDE quirk: reg 0x10: [io  0x01f0-0x01f7]
Aug  2 20:53:33 compute4 kernel: [    0.178070] pci 0000:00:01.1: legacy IDE quirk: reg 0x14: [io  0x03f6]
Aug  2 20:53:33 compute4 kernel: [    0.178302] pci 0000:00:01.1: legacy IDE quirk: reg 0x18: [io  0x0170-0x0177]
Aug  2 20:53:33 compute4 kernel: [    0.178550] pci 0000:00:01.1: legacy IDE quirk: reg 0x1c: [io  0x0376]
Aug  2 20:53:33 compute4 kernel: [    0.178973] pci 0000:00:01.3: [8086:7113] type 00 class 0x068000
Aug  2 20:53:33 compute4 kernel: [    0.179506] pci 0000:00:01.3: quirk: [io  0x0600-0x063f] claimed by PIIX4 ACPI
Aug  2 20:53:33 compute4 kernel: [    0.179819] pci 0000:00:01.3: quirk: [io  0x0700-0x070f] claimed by PIIX4 SMB
Aug  2 20:53:33 compute4 kernel: [    0.180356] pci 0000:00:02.0: [1013:00b8] type 00 class 0x030000
Aug  2 20:53:33 compute4 kernel: [    0.181836] pci 0000:00:02.0: reg 0x10: [mem 0xfc000000-0xfdffffff pref]
Aug  2 20:53:33 compute4 kernel: [    0.183324] pci 0000:00:02.0: reg 0x14: [mem 0xfeb90000-0xfeb90fff]
Aug  2 20:53:33 compute4 kernel: [    0.189004] pci 0000:00:02.0: reg 0x30: [mem 0xfeb80000-0xfeb8ffff pref]
Aug  2 20:53:33 compute4 kernel: [    0.189706] pci 0000:00:03.0: [1af4:1000] type 00 class 0x020000
Aug  2 20:53:33 compute4 kernel: [    0.191159] pci 0000:00:03.0: reg 0x10: [io  0xc140-0xc15f]
Aug  2 20:53:33 compute4 kernel: [    0.192388] pci 0000:00:03.0: reg 0x14: [mem 0xfeb91000-0xfeb91fff]
Aug  2 20:53:33 compute4 kernel: [    0.198482] pci 0000:00:03.0: reg 0x20: [mem 0xfe000000-0xfe003fff 64bit pref]
Aug  2 20:53:33 compute4 kernel: [    0.200252] pci 0000:00:03.0: reg 0x30: [mem 0xfe800000-0xfe87ffff pref]
Aug  2 20:53:33 compute4 kernel: [    0.201352] pci 0000:00:04.0: [1af4:1000] type 00 class 0x020000
Aug  2 20:53:33 compute4 kernel: [    0.203303] pci 0000:00:04.0: reg 0x10: [io  0xc160-0xc17f]
Aug  2 20:53:33 compute4 kernel: [    0.205429] pci 0000:00:04.0: reg 0x14: [mem 0xfeb92000-0xfeb92fff]
Aug  2 20:53:33 compute4 kernel: [    0.211308] pci 0000:00:04.0: reg 0x20: [mem 0xfe004000-0xfe007fff 64bit pref]
Aug  2 20:53:33 compute4 kernel: [    0.213511] pci 0000:00:04.0: reg 0x30: [mem 0xfe880000-0xfe8fffff pref]
Aug  2 20:53:33 compute4 kernel: [    0.214631] pci 0000:00:05.0: [1af4:1000] type 00 class 0x020000
Aug  2 20:53:33 compute4 kernel: [    0.217114] pci 0000:00:05.0: reg 0x10: [io  0xc180-0xc19f]
Aug  2 20:53:33 compute4 kernel: [    0.219307] pci 0000:00:05.0: reg 0x14: [mem 0xfeb93000-0xfeb93fff]
Aug  2 20:53:33 compute4 kernel: [    0.224256] pci 0000:00:05.0: reg 0x20: [mem 0xfe008000-0xfe00bfff 64bit pref]
Aug  2 20:53:33 compute4 kernel: [    0.227305] pci 0000:00:05.0: reg 0x30: [mem 0xfe900000-0xfe97ffff pref]
Aug  2 20:53:33 compute4 kernel: [    0.228437] pci 0000:00:06.0: [1af4:1000] type 00 class 0x020000
Aug  2 20:53:33 compute4 kernel: [    0.230785] pci 0000:00:06.0: reg 0x10: [io  0xc1a0-0xc1bf]
Aug  2 20:53:33 compute4 kernel: [    0.232226] pci 0000:00:06.0: reg 0x14: [mem 0xfeb94000-0xfeb94fff]
Aug  2 20:53:33 compute4 kernel: [    0.237360] pci 0000:00:06.0: reg 0x20: [mem 0xfe00c000-0xfe00ffff 64bit pref]
Aug  2 20:53:33 compute4 kernel: [    0.238707] pci 0000:00:06.0: reg 0x30: [mem 0xfe980000-0xfe9fffff pref]
Aug  2 20:53:33 compute4 kernel: [    0.239538] pci 0000:00:07.0: [1af4:1000] type 00 class 0x020000
Aug  2 20:53:33 compute4 kernel: [    0.240994] pci 0000:00:07.0: reg 0x10: [io  0xc1c0-0xc1df]
Aug  2 20:53:33 compute4 kernel: [    0.242237] pci 0000:00:07.0: reg 0x14: [mem 0xfeb95000-0xfeb95fff]
Aug  2 20:53:33 compute4 kernel: [    0.246574] pci 0000:00:07.0: reg 0x20: [mem 0xfe010000-0xfe013fff 64bit pref]
Aug  2 20:53:33 compute4 kernel: [    0.248419] pci 0000:00:07.0: reg 0x30: [mem 0xfea00000-0xfea7ffff pref]
Aug  2 20:53:33 compute4 kernel: [    0.249248] pci 0000:00:08.0: [1af4:1000] type 00 class 0x020000
Aug  2 20:53:33 compute4 kernel: [    0.250598] pci 0000:00:08.0: reg 0x10: [io  0xc1e0-0xc1ff]
Aug  2 20:53:33 compute4 kernel: [    0.251837] pci 0000:00:08.0: reg 0x14: [mem 0xfeb96000-0xfeb96fff]
Aug  2 20:53:33 compute4 kernel: [    0.255281] pci 0000:00:08.0: reg 0x20: [mem 0xfe014000-0xfe017fff 64bit pref]
Aug  2 20:53:33 compute4 kernel: [    0.256374] pci 0000:00:08.0: reg 0x30: [mem 0xfea80000-0xfeafffff pref]
Aug  2 20:53:33 compute4 kernel: [    0.258690] pci 0000:00:09.0: [1af4:1000] type 00 class 0x020000
Aug  2 20:53:33 compute4 kernel: [    0.259835] pci 0000:00:09.0: reg 0x10: [io  0xc200-0xc21f]
Aug  2 20:53:33 compute4 kernel: [    0.261105] pci 0000:00:09.0: reg 0x14: [mem 0xfeb97000-0xfeb97fff]
Aug  2 20:53:33 compute4 kernel: [    0.264390] pci 0000:00:09.0: reg 0x20: [mem 0xfe018000-0xfe01bfff 64bit pref]
Aug  2 20:53:33 compute4 kernel: [    0.265762] pci 0000:00:09.0: reg 0x30: [mem 0xfeb00000-0xfeb7ffff pref]
Aug  2 20:53:33 compute4 kernel: [    0.266604] pci 0000:00:0a.0: [8086:2934] type 00 class 0x0c0300
Aug  2 20:53:33 compute4 kernel: [    0.268906] pci 0000:00:0a.0: reg 0x20: [io  0xc220-0xc23f]
Aug  2 20:53:33 compute4 kernel: [    0.271470] pci 0000:00:0a.1: [8086:2935] type 00 class 0x0c0300
Aug  2 20:53:33 compute4 kernel: [    0.273747] pci 0000:00:0a.1: reg 0x20: [io  0xc240-0xc25f]
Aug  2 20:53:33 compute4 kernel: [    0.274892] pci 0000:00:0a.2: [8086:2936] type 00 class 0x0c0300
Aug  2 20:53:33 compute4 kernel: [    0.277179] pci 0000:00:0a.2: reg 0x20: [io  0xc260-0xc27f]
Aug  2 20:53:33 compute4 kernel: [    0.278362] pci 0000:00:0a.7: [8086:293a] type 00 class 0x0c0320
Aug  2 20:53:33 compute4 kernel: [    0.279044] pci 0000:00:0a.7: reg 0x10: [mem 0xfeb98000-0xfeb98fff]
Aug  2 20:53:33 compute4 kernel: [    0.283109] pci 0000:00:0b.0: [1af4:1001] type 00 class 0x010000
Aug  2 20:53:33 compute4 kernel: [    0.284453] pci 0000:00:0b.0: reg 0x10: [io  0xc000-0xc03f]
Aug  2 20:53:33 compute4 kernel: [    0.285837] pci 0000:00:0b.0: reg 0x14: [mem 0xfeb99000-0xfeb99fff]
Aug  2 20:53:33 compute4 kernel: [    0.288979] pci 0000:00:0b.0: reg 0x20: [mem 0xfe01c000-0xfe01ffff 64bit pref]
Aug  2 20:53:33 compute4 kernel: [    0.291359] pci 0000:00:0c.0: [1af4:1001] type 00 class 0x010000
Aug  2 20:53:33 compute4 kernel: [    0.292898] pci 0000:00:0c.0: reg 0x10: [io  0xc040-0xc07f]
Aug  2 20:53:33 compute4 kernel: [    0.294300] pci 0000:00:0c.0: reg 0x14: [mem 0xfeb9a000-0xfeb9afff]
Aug  2 20:53:33 compute4 kernel: [    0.297488] pci 0000:00:0c.0: reg 0x20: [mem 0xfe020000-0xfe023fff 64bit pref]
Aug  2 20:53:33 compute4 kernel: [    0.299471] pci 0000:00:0d.0: [1af4:1001] type 00 class 0x010000
Aug  2 20:53:33 compute4 kernel: [    0.300837] pci 0000:00:0d.0: reg 0x10: [io  0xc080-0xc0bf]
Aug  2 20:53:33 compute4 kernel: [    0.303304] pci 0000:00:0d.0: reg 0x14: [mem 0xfeb9b000-0xfeb9bfff]
Aug  2 20:53:33 compute4 kernel: [    0.307285] pci 0000:00:0d.0: reg 0x20: [mem 0xfe024000-0xfe027fff 64bit pref]
Aug  2 20:53:33 compute4 kernel: [    0.308933] pci 0000:00:0e.0: [1af4:1002] type 00 class 0x00ff00
Aug  2 20:53:33 compute4 kernel: [    0.310005] pci 0000:00:0e.0: reg 0x10: [io  0xc280-0xc29f]
Aug  2 20:53:33 compute4 kernel: [    0.314833] pci 0000:00:0e.0: reg 0x20: [mem 0xfe028000-0xfe02bfff 64bit pref]
Aug  2 20:53:33 compute4 kernel: [    0.316605] pci 0000:00:0f.0: [1af4:1001] type 00 class 0x010000
Aug  2 20:53:33 compute4 kernel: [    0.317991] pci 0000:00:0f.0: reg 0x10: [io  0xc0c0-0xc0ff]
Aug  2 20:53:33 compute4 kernel: [    0.319304] pci 0000:00:0f.0: reg 0x14: [mem 0xfeb9c000-0xfeb9cfff]
Aug  2 20:53:33 compute4 kernel: [    0.323308] pci 0000:00:0f.0: reg 0x20: [mem 0xfe02c000-0xfe02ffff 64bit pref]
Aug  2 20:53:33 compute4 kernel: [    0.326686] pci 0000:00:10.0: [1af4:1001] type 00 class 0x010000
Aug  2 20:53:33 compute4 kernel: [    0.327846] pci 0000:00:10.0: reg 0x10: [io  0xc100-0xc13f]
Aug  2 20:53:33 compute4 kernel: [    0.329125] pci 0000:00:10.0: reg 0x14: [mem 0xfeb9d000-0xfeb9dfff]
Aug  2 20:53:33 compute4 kernel: [    0.332388] pci 0000:00:10.0: reg 0x20: [mem 0xfe030000-0xfe033fff 64bit pref]
Aug  2 20:53:33 compute4 kernel: [    0.337686] ACPI: PCI Interrupt Link [LNKA] (IRQs 5 *10 11)
Aug  2 20:53:33 compute4 kernel: [    0.338167] ACPI: PCI Interrupt Link [LNKB] (IRQs 5 *10 11)
Aug  2 20:53:33 compute4 kernel: [    0.339410] ACPI: PCI Interrupt Link [LNKC] (IRQs 5 10 *11)
Aug  2 20:53:33 compute4 kernel: [    0.339703] ACPI: PCI Interrupt Link [LNKD] (IRQs 5 10 *11)
Aug  2 20:53:33 compute4 kernel: [    0.339958] ACPI: PCI Interrupt Link [LNKS] (IRQs *9)
Aug  2 20:53:33 compute4 kernel: [    0.340462] iommu: Default domain type: Translated 
Aug  2 20:53:33 compute4 kernel: [    0.340462] SCSI subsystem initialized
Aug  2 20:53:33 compute4 kernel: [    0.340462] libata version 3.00 loaded.
Aug  2 20:53:33 compute4 kernel: [    0.340462] pci 0000:00:02.0: vgaarb: setting as boot VGA device
Aug  2 20:53:33 compute4 kernel: [    0.340462] pci 0000:00:02.0: vgaarb: VGA device added: decodes=io+mem,owns=io+mem,locks=none
Aug  2 20:53:33 compute4 kernel: [    0.340462] pci 0000:00:02.0: vgaarb: bridge control possible
Aug  2 20:53:33 compute4 kernel: [    0.340462] vgaarb: loaded
Aug  2 20:53:33 compute4 kernel: [    0.340462] ACPI: bus type USB registered
Aug  2 20:53:33 compute4 kernel: [    0.340500] usbcore: registered new interface driver usbfs
Aug  2 20:53:33 compute4 kernel: [    0.340715] usbcore: registered new interface driver hub
Aug  2 20:53:33 compute4 kernel: [    0.340925] usbcore: registered new device driver usb
Aug  2 20:53:33 compute4 kernel: [    0.341145] pps_core: LinuxPPS API ver. 1 registered
Aug  2 20:53:33 compute4 kernel: [    0.341349] pps_core: Software ver. 5.3.6 - Copyright 2005-2007 Rodolfo Giometti <giometti@linux.it>
Aug  2 20:53:33 compute4 kernel: [    0.343311] PTP clock support registered
Aug  2 20:53:33 compute4 kernel: [    0.343528] EDAC MC: Ver: 3.0.0
Aug  2 20:53:33 compute4 kernel: [    0.343749] PCI: Using ACPI for IRQ routing
Aug  2 20:53:33 compute4 kernel: [    0.343749] PCI: pci_cache_line_size set to 64 bytes
Aug  2 20:53:33 compute4 kernel: [    0.343749] e820: reserve RAM buffer [mem 0x0009c400-0x0009ffff]
Aug  2 20:53:33 compute4 kernel: [    0.343751] e820: reserve RAM buffer [mem 0xbfecb000-0xbfffffff]
Aug  2 20:53:33 compute4 kernel: [    0.343751] e820: reserve RAM buffer [mem 0xbffd1000-0xbfffffff]
Aug  2 20:53:33 compute4 kernel: [    0.343860] NetLabel: Initializing
Aug  2 20:53:33 compute4 kernel: [    0.344029] NetLabel:  domain hash size = 128
Aug  2 20:53:33 compute4 kernel: [    0.344215] NetLabel:  protocols = UNLABELED CIPSOv4 CALIPSO
Aug  2 20:53:33 compute4 kernel: [    0.344444] NetLabel:  unlabeled traffic allowed by default
Aug  2 20:53:33 compute4 kernel: [    0.344677] clocksource: Switched to clocksource kvm-clock
Aug  2 20:53:33 compute4 kernel: [    0.350596] *** VALIDATE bpf ***
Aug  2 20:53:33 compute4 kernel: [    0.350810] VFS: Disk quotas dquot_6.6.0
Aug  2 20:53:33 compute4 kernel: [    0.351009] VFS: Dquot-cache hash table entries: 512 (order 0, 4096 bytes)
Aug  2 20:53:33 compute4 kernel: [    0.351272] *** VALIDATE ramfs ***
Aug  2 20:53:33 compute4 kernel: [    0.351458] *** VALIDATE hugetlbfs ***
Aug  2 20:53:33 compute4 kernel: [    0.351689] AppArmor: AppArmor Filesystem Enabled
Aug  2 20:53:33 compute4 kernel: [    0.351901] pnp: PnP ACPI init
Aug  2 20:53:33 compute4 kernel: [    0.352110] pnp 00:00: Plug and Play ACPI device, IDs PNP0b00 (active)
Aug  2 20:53:33 compute4 kernel: [    0.352133] pnp 00:01: Plug and Play ACPI device, IDs PNP0303 (active)
Aug  2 20:53:33 compute4 kernel: [    0.352146] pnp 00:02: Plug and Play ACPI device, IDs PNP0f13 (active)
Aug  2 20:53:33 compute4 kernel: [    0.352151] pnp 00:03: [dma 2]
Aug  2 20:53:33 compute4 kernel: [    0.352158] pnp 00:03: Plug and Play ACPI device, IDs PNP0700 (active)
Aug  2 20:53:33 compute4 kernel: [    0.352207] pnp 00:04: Plug and Play ACPI device, IDs PNP0501 (active)
Aug  2 20:53:33 compute4 kernel: [    0.352347] pnp: PnP ACPI: found 5 devices
Aug  2 20:53:33 compute4 kernel: [    0.353769] thermal_sys: Registered thermal governor 'fair_share'
Aug  2 20:53:33 compute4 kernel: [    0.353770] thermal_sys: Registered thermal governor 'bang_bang'
Aug  2 20:53:33 compute4 kernel: [    0.354005] thermal_sys: Registered thermal governor 'step_wise'
Aug  2 20:53:33 compute4 kernel: [    0.354228] thermal_sys: Registered thermal governor 'user_space'
Aug  2 20:53:33 compute4 kernel: [    0.354453] thermal_sys: Registered thermal governor 'power_allocator'
Aug  2 20:53:33 compute4 kernel: [    0.359238] clocksource: acpi_pm: mask: 0xffffff max_cycles: 0xffffff, max_idle_ns: 2085701024 ns
Aug  2 20:53:33 compute4 kernel: [    0.359943] pci_bus 0000:00: resource 4 [io  0x0000-0x0cf7 window]
Aug  2 20:53:33 compute4 kernel: [    0.360241] pci_bus 0000:00: resource 5 [io  0x0d00-0xffff window]
Aug  2 20:53:33 compute4 kernel: [    0.360540] pci_bus 0000:00: resource 6 [mem 0x000a0000-0x000bffff window]
Aug  2 20:53:33 compute4 kernel: [    0.360832] pci_bus 0000:00: resource 7 [mem 0xc0000000-0xfebfffff window]
Aug  2 20:53:33 compute4 kernel: [    0.361076] pci_bus 0000:00: resource 8 [mem 0x440000000-0x4bfffffff window]
Aug  2 20:53:33 compute4 kernel: [    0.361381] NET: Registered protocol family 2
Aug  2 20:53:33 compute4 kernel: [    0.361671] IP idents hash table entries: 262144 (order: 9, 2097152 bytes, linear)
Aug  2 20:53:33 compute4 kernel: [    0.363226] tcp_listen_portaddr_hash hash table entries: 8192 (order: 5, 131072 bytes, linear)
Aug  2 20:53:33 compute4 kernel: [    0.363774] TCP established hash table entries: 131072 (order: 8, 1048576 bytes, linear)
Aug  2 20:53:33 compute4 kernel: [    0.364377] TCP bind hash table entries: 65536 (order: 8, 1048576 bytes, linear)
Aug  2 20:53:33 compute4 kernel: [    0.364970] TCP: Hash tables configured (established 131072 bind 65536)
Aug  2 20:53:33 compute4 kernel: [    0.365328] UDP hash table entries: 8192 (order: 6, 262144 bytes, linear)
Aug  2 20:53:33 compute4 kernel: [    0.365686] UDP-Lite hash table entries: 8192 (order: 6, 262144 bytes, linear)
Aug  2 20:53:33 compute4 kernel: [    0.366186] NET: Registered protocol family 1
Aug  2 20:53:33 compute4 kernel: [    0.366452] NET: Registered protocol family 44
Aug  2 20:53:33 compute4 kernel: [    0.366725] pci 0000:00:01.0: PIIX3: Enabling Passive Release
Aug  2 20:53:33 compute4 kernel: [    0.367044] pci 0000:00:00.0: Limiting direct PCI/PCI transfers
Aug  2 20:53:33 compute4 kernel: [    0.367365] pci 0000:00:01.0: Activating ISA DMA hang workarounds
Aug  2 20:53:33 compute4 kernel: [    0.367722] pci 0000:00:02.0: Video device with shadowed ROM at [mem 0x000c0000-0x000dffff]
Aug  2 20:53:33 compute4 kernel: [    0.388660] PCI Interrupt Link [LNKB] enabled at IRQ 10
Aug  2 20:53:33 compute4 kernel: [    0.411448] pci 0000:00:0a.0: quirk_usb_early_handoff+0x0/0x670 took 42208 usecs
Aug  2 20:53:33 compute4 kernel: [    0.432107] PCI Interrupt Link [LNKC] enabled at IRQ 11
Aug  2 20:53:33 compute4 kernel: [    0.449225] pci 0000:00:0a.1: quirk_usb_early_handoff+0x0/0x670 took 36454 usecs
Aug  2 20:53:33 compute4 kernel: [    0.465686] PCI Interrupt Link [LNKD] enabled at IRQ 11
Aug  2 20:53:33 compute4 kernel: [    0.481981] pci 0000:00:0a.2: quirk_usb_early_handoff+0x0/0x670 took 31661 usecs
Aug  2 20:53:33 compute4 kernel: [    0.498256] PCI Interrupt Link [LNKA] enabled at IRQ 10
Aug  2 20:53:33 compute4 kernel: [    0.514775] pci 0000:00:0a.7: quirk_usb_early_handoff+0x0/0x670 took 31698 usecs
Aug  2 20:53:33 compute4 kernel: [    0.515171] PCI: CLS 0 bytes, default 64
Aug  2 20:53:33 compute4 kernel: [    0.515416] Trying to unpack rootfs image as initramfs...
Aug  2 20:53:33 compute4 kernel: [    0.639071] Freeing initrd memory: 82412K
Aug  2 20:53:33 compute4 kernel: [    0.639359] PCI-DMA: Using software bounce buffering for IO (SWIOTLB)
Aug  2 20:53:33 compute4 kernel: [    0.639619] software IO TLB: mapped [mem 0xbbecb000-0xbfecb000] (64MB)
Aug  2 20:53:33 compute4 kernel: [    0.639898] clocksource: tsc: mask: 0xffffffffffffffff max_cycles: 0x3c8a615336c, max_idle_ns: 440795257976 ns
Aug  2 20:53:33 compute4 kernel: [    0.640301] check: Scanning for low memory corruption every 60 seconds
Aug  2 20:53:33 compute4 kernel: [    0.640802] Initialise system trusted keyrings
Aug  2 20:53:33 compute4 kernel: [    0.641015] Key type blacklist registered
Aug  2 20:53:33 compute4 kernel: [    0.641245] workingset: timestamp_bits=36 max_order=22 bucket_order=0
Aug  2 20:53:33 compute4 kernel: [    0.642166] zbud: loaded
Aug  2 20:53:33 compute4 kernel: [    0.642580] squashfs: version 4.0 (2009/01/31) Phillip Lougher
Aug  2 20:53:33 compute4 kernel: [    0.643040] fuse: init (API version 7.31)
Aug  2 20:53:33 compute4 kernel: [    0.643240] *** VALIDATE fuse ***
Aug  2 20:53:33 compute4 kernel: [    0.643425] *** VALIDATE fuse ***
Aug  2 20:53:33 compute4 kernel: [    0.643665] Platform Keyring initialized
Aug  2 20:53:33 compute4 kernel: [    0.645543] Key type asymmetric registered
Aug  2 20:53:33 compute4 kernel: [    0.645732] Asymmetric key parser 'x509' registered
Aug  2 20:53:33 compute4 kernel: [    0.645938] Block layer SCSI generic (bsg) driver version 0.4 loaded (major 244)
Aug  2 20:53:33 compute4 kernel: [    0.646290] io scheduler mq-deadline registered
Aug  2 20:53:33 compute4 kernel: [    0.646570] shpchp: Standard Hot Plug PCI Controller Driver version: 0.4
Aug  2 20:53:33 compute4 kernel: [    0.646916] intel_idle: Please enable MWAIT in BIOS SETUP
Aug  2 20:53:33 compute4 kernel: [    0.646974] input: Power Button as /devices/LNXSYSTM:00/LNXPWRBN:00/input/input0
Aug  2 20:53:33 compute4 kernel: [    0.647319] ACPI: Power Button [PWRF]
Aug  2 20:53:33 compute4 kernel: [    0.872119] Serial: 8250/16550 driver, 32 ports, IRQ sharing enabled
Aug  2 20:53:33 compute4 kernel: [    0.895152] 00:04: ttyS0 at I/O 0x3f8 (irq = 4, base_baud = 115200) is a 16550A
Aug  2 20:53:33 compute4 kernel: [    0.896257] Linux agpgart interface v0.103
Aug  2 20:53:33 compute4 kernel: [    0.897386] loop: module loaded
Aug  2 20:53:33 compute4 kernel: [    0.897626] ata_piix 0000:00:01.1: version 2.13
Aug  2 20:53:33 compute4 kernel: [    0.898123] scsi host0: ata_piix
Aug  2 20:53:33 compute4 kernel: [    0.898380] scsi host1: ata_piix
Aug  2 20:53:33 compute4 kernel: [    0.898562] ata1: PATA max MWDMA2 cmd 0x1f0 ctl 0x3f6 bmdma 0xc2a0 irq 14
Aug  2 20:53:33 compute4 kernel: [    0.898800] ata2: PATA max MWDMA2 cmd 0x170 ctl 0x376 bmdma 0xc2a8 irq 15
Aug  2 20:53:33 compute4 kernel: [    0.899141] libphy: Fixed MDIO Bus: probed
Aug  2 20:53:33 compute4 kernel: [    0.899343] tun: Universal TUN/TAP device driver, 1.6
Aug  2 20:53:33 compute4 kernel: [    0.899569] PPP generic driver version 2.4.2
Aug  2 20:53:33 compute4 kernel: [    0.899778] VFIO - User Level meta-driver version: 0.3
Aug  2 20:53:33 compute4 kernel: [    0.900033] ehci_hcd: USB 2.0 'Enhanced' Host Controller (EHCI) Driver
Aug  2 20:53:33 compute4 kernel: [    0.900268] ehci-pci: EHCI PCI platform driver
Aug  2 20:53:33 compute4 kernel: [    0.916558] ehci-pci 0000:00:0a.7: EHCI Host Controller
Aug  2 20:53:33 compute4 kernel: [    0.916774] ehci-pci 0000:00:0a.7: new USB bus registered, assigned bus number 1
Aug  2 20:53:33 compute4 kernel: [    0.917178] ehci-pci 0000:00:0a.7: irq 10, io mem 0xfeb98000
Aug  2 20:53:33 compute4 kernel: [    0.931378] ehci-pci 0000:00:0a.7: USB 2.0 started, EHCI 1.00
Aug  2 20:53:33 compute4 kernel: [    0.931648] usb usb1: New USB device found, idVendor=1d6b, idProduct=0002, bcdDevice= 5.04
Aug  2 20:53:33 compute4 kernel: [    0.931961] usb usb1: New USB device strings: Mfr=3, Product=2, SerialNumber=1
Aug  2 20:53:33 compute4 kernel: [    0.932255] usb usb1: Product: EHCI Host Controller
Aug  2 20:53:33 compute4 kernel: [    0.932450] usb usb1: Manufacturer: Linux 5.4.0-80-generic ehci_hcd
Aug  2 20:53:33 compute4 kernel: [    0.932674] usb usb1: SerialNumber: 0000:00:0a.7
Aug  2 20:53:33 compute4 kernel: [    0.932934] hub 1-0:1.0: USB hub found
Aug  2 20:53:33 compute4 kernel: [    0.933116] hub 1-0:1.0: 6 ports detected
Aug  2 20:53:33 compute4 kernel: [    0.933416] ehci-platform: EHCI generic platform driver
Aug  2 20:53:33 compute4 kernel: [    0.933628] ohci_hcd: USB 1.1 'Open' Host Controller (OHCI) Driver
Aug  2 20:53:33 compute4 kernel: [    0.933853] ohci-pci: OHCI PCI platform driver
Aug  2 20:53:33 compute4 kernel: [    0.934053] ohci-platform: OHCI generic platform driver
Aug  2 20:53:33 compute4 kernel: [    0.934263] uhci_hcd: USB Universal Host Controller Interface driver
Aug  2 20:53:33 compute4 kernel: [    0.950765] uhci_hcd 0000:00:0a.0: UHCI Host Controller
Aug  2 20:53:33 compute4 kernel: [    0.951024] uhci_hcd 0000:00:0a.0: new USB bus registered, assigned bus number 2
Aug  2 20:53:33 compute4 kernel: [    0.951361] uhci_hcd 0000:00:0a.0: detected 2 ports
Aug  2 20:53:33 compute4 kernel: [    0.951604] uhci_hcd 0000:00:0a.0: irq 10, io base 0x0000c220
Aug  2 20:53:33 compute4 kernel: [    0.951879] usb usb2: New USB device found, idVendor=1d6b, idProduct=0001, bcdDevice= 5.04
Aug  2 20:53:33 compute4 kernel: [    0.952193] usb usb2: New USB device strings: Mfr=3, Product=2, SerialNumber=1
Aug  2 20:53:33 compute4 kernel: [    0.952485] usb usb2: Product: UHCI Host Controller
Aug  2 20:53:33 compute4 kernel: [    0.952678] usb usb2: Manufacturer: Linux 5.4.0-80-generic uhci_hcd
Aug  2 20:53:33 compute4 kernel: [    0.952978] usb usb2: SerialNumber: 0000:00:0a.0
Aug  2 20:53:33 compute4 kernel: [    0.953235] hub 2-0:1.0: USB hub found
Aug  2 20:53:33 compute4 kernel: [    0.953417] hub 2-0:1.0: 2 ports detected
Aug  2 20:53:33 compute4 kernel: [    0.969487] uhci_hcd 0000:00:0a.1: UHCI Host Controller
Aug  2 20:53:33 compute4 kernel: [    0.969706] uhci_hcd 0000:00:0a.1: new USB bus registered, assigned bus number 3
Aug  2 20:53:33 compute4 kernel: [    0.970012] uhci_hcd 0000:00:0a.1: detected 2 ports
Aug  2 20:53:33 compute4 kernel: [    0.970278] uhci_hcd 0000:00:0a.1: irq 11, io base 0x0000c240
Aug  2 20:53:33 compute4 kernel: [    0.970553] usb usb3: New USB device found, idVendor=1d6b, idProduct=0001, bcdDevice= 5.04
Aug  2 20:53:33 compute4 kernel: [    0.970996] usb usb3: New USB device strings: Mfr=3, Product=2, SerialNumber=1
Aug  2 20:53:33 compute4 kernel: [    0.971287] usb usb3: Product: UHCI Host Controller
Aug  2 20:53:33 compute4 kernel: [    0.971493] usb usb3: Manufacturer: Linux 5.4.0-80-generic uhci_hcd
Aug  2 20:53:33 compute4 kernel: [    0.971716] usb usb3: SerialNumber: 0000:00:0a.1
Aug  2 20:53:33 compute4 kernel: [    0.971969] hub 3-0:1.0: USB hub found
Aug  2 20:53:33 compute4 kernel: [    0.972147] hub 3-0:1.0: 2 ports detected
Aug  2 20:53:33 compute4 kernel: [    0.988161] uhci_hcd 0000:00:0a.2: UHCI Host Controller
Aug  2 20:53:33 compute4 kernel: [    0.988379] uhci_hcd 0000:00:0a.2: new USB bus registered, assigned bus number 4
Aug  2 20:53:33 compute4 kernel: [    0.988683] uhci_hcd 0000:00:0a.2: detected 2 ports
Aug  2 20:53:33 compute4 kernel: [    0.988925] uhci_hcd 0000:00:0a.2: irq 11, io base 0x0000c260
Aug  2 20:53:33 compute4 kernel: [    0.989197] usb usb4: New USB device found, idVendor=1d6b, idProduct=0001, bcdDevice= 5.04
Aug  2 20:53:33 compute4 kernel: [    0.989562] usb usb4: New USB device strings: Mfr=3, Product=2, SerialNumber=1
Aug  2 20:53:33 compute4 kernel: [    0.989867] usb usb4: Product: UHCI Host Controller
Aug  2 20:53:33 compute4 kernel: [    0.990061] usb usb4: Manufacturer: Linux 5.4.0-80-generic uhci_hcd
Aug  2 20:53:33 compute4 kernel: [    0.990283] usb usb4: SerialNumber: 0000:00:0a.2
Aug  2 20:53:33 compute4 kernel: [    0.990535] hub 4-0:1.0: USB hub found
Aug  2 20:53:33 compute4 kernel: [    0.990719] hub 4-0:1.0: 2 ports detected
Aug  2 20:53:33 compute4 kernel: [    0.991099] i8042: PNP: PS/2 Controller [PNP0303:KBD,PNP0f13:MOU] at 0x60,0x64 irq 1,12
Aug  2 20:53:33 compute4 kernel: [    0.999519] serio: i8042 KBD port at 0x60,0x64 irq 1
Aug  2 20:53:33 compute4 kernel: [    0.999730] serio: i8042 AUX port at 0x60,0x64 irq 12
Aug  2 20:53:33 compute4 kernel: [    1.000008] mousedev: PS/2 mouse device common for all mice
Aug  2 20:53:33 compute4 kernel: [    1.000325] rtc_cmos 00:00: RTC can wake from S4
Aug  2 20:53:33 compute4 kernel: [    1.000866] input: AT Translated Set 2 keyboard as /devices/platform/i8042/serio0/input/input1
Aug  2 20:53:33 compute4 kernel: [    1.001338] rtc_cmos 00:00: registered as rtc0
Aug  2 20:53:33 compute4 kernel: [    1.001537] rtc_cmos 00:00: alarms up to one day, y3k, 114 bytes nvram
Aug  2 20:53:33 compute4 kernel: [    1.001773] i2c /dev entries driver
Aug  2 20:53:33 compute4 kernel: [    1.001972] device-mapper: uevent: version 1.0.3
Aug  2 20:53:33 compute4 kernel: [    1.002192] device-mapper: ioctl: 4.41.0-ioctl (2019-09-16) initialised: dm-devel@redhat.com
Aug  2 20:53:33 compute4 kernel: [    1.002521] platform eisa.0: Probing EISA bus 0
Aug  2 20:53:33 compute4 kernel: [    1.002713] platform eisa.0: EISA: Cannot allocate resource for mainboard
Aug  2 20:53:33 compute4 kernel: [    1.003022] platform eisa.0: Cannot allocate resource for EISA slot 1
Aug  2 20:53:33 compute4 kernel: [    1.003249] platform eisa.0: Cannot allocate resource for EISA slot 2
Aug  2 20:53:33 compute4 kernel: [    1.003484] platform eisa.0: Cannot allocate resource for EISA slot 3
Aug  2 20:53:33 compute4 kernel: [    1.003710] platform eisa.0: Cannot allocate resource for EISA slot 4
Aug  2 20:53:33 compute4 kernel: [    1.003939] platform eisa.0: Cannot allocate resource for EISA slot 5
Aug  2 20:53:33 compute4 kernel: [    1.004167] platform eisa.0: Cannot allocate resource for EISA slot 6
Aug  2 20:53:33 compute4 kernel: [    1.004395] platform eisa.0: Cannot allocate resource for EISA slot 7
Aug  2 20:53:33 compute4 kernel: [    1.004623] platform eisa.0: Cannot allocate resource for EISA slot 8
Aug  2 20:53:33 compute4 kernel: [    1.004847] platform eisa.0: EISA: Detected 0 cards
Aug  2 20:53:33 compute4 kernel: [    1.005041] intel_pstate: CPU model not supported
Aug  2 20:53:33 compute4 kernel: [    1.005288] ledtrig-cpu: registered to indicate activity on CPUs
Aug  2 20:53:33 compute4 kernel: [    1.005568] intel_pmc_core intel_pmc_core.0:  initialized
Aug  2 20:53:33 compute4 kernel: [    1.005795] drop_monitor: Initializing network drop monitor service
Aug  2 20:53:33 compute4 kernel: [    1.006114] NET: Registered protocol family 10
Aug  2 20:53:33 compute4 kernel: [    1.010779] Segment Routing with IPv6
Aug  2 20:53:33 compute4 kernel: [    1.011087] NET: Registered protocol family 17
Aug  2 20:53:33 compute4 kernel: [    1.011331] Key type dns_resolver registered
Aug  2 20:53:33 compute4 kernel: [    1.011651] RAS: Correctable Errors collector initialized.
Aug  2 20:53:33 compute4 kernel: [    1.011983] IPI shorthand broadcast: enabled
Aug  2 20:53:33 compute4 kernel: [    1.012225] sched_clock: Marking stable (968106803, 43485409)->(1075938187, -64345975)
Aug  2 20:53:33 compute4 kernel: [    1.012670] registered taskstats version 1
Aug  2 20:53:33 compute4 kernel: [    1.012858] Loading compiled-in X.509 certificates
Aug  2 20:53:33 compute4 kernel: [    1.013468] Loaded X.509 cert 'Build time autogenerated kernel key: 3687e53d884fa021876c2fe5cd831782c75e18af'
Aug  2 20:53:33 compute4 kernel: [    1.014165] Loaded X.509 cert 'Canonical Ltd. Live Patch Signing: 14df34d1a87cf37625abec039ef2bf521249b969'
Aug  2 20:53:33 compute4 kernel: [    1.014852] Loaded X.509 cert 'Canonical Ltd. Kernel Module Signing: 88f752e560a1e0737e31163a466ad7b70a850c19'
Aug  2 20:53:33 compute4 kernel: [    1.015285] zswap: loaded using pool lzo/zbud
Aug  2 20:53:33 compute4 kernel: [    1.015542] Key type ._fscrypt registered
Aug  2 20:53:33 compute4 kernel: [    1.015722] Key type .fscrypt registered
Aug  2 20:53:33 compute4 kernel: [    1.020281] Key type big_key registered
Aug  2 20:53:33 compute4 kernel: [    1.022659] Key type encrypted registered
Aug  2 20:53:33 compute4 kernel: [    1.022848] AppArmor: AppArmor sha1 policy hashing enabled
Aug  2 20:53:33 compute4 kernel: [    1.023108] ima: No TPM chip found, activating TPM-bypass!
Aug  2 20:53:33 compute4 kernel: [    1.023329] ima: Allocated hash algorithm: sha1
Aug  2 20:53:33 compute4 kernel: [    1.023523] ima: No architecture policies found
Aug  2 20:53:33 compute4 kernel: [    1.023721] evm: Initialising EVM extended attributes:
Aug  2 20:53:33 compute4 kernel: [    1.023993] evm: security.selinux
Aug  2 20:53:33 compute4 kernel: [    1.024199] evm: security.SMACK64
Aug  2 20:53:33 compute4 kernel: [    1.024362] evm: security.SMACK64EXEC
Aug  2 20:53:33 compute4 kernel: [    1.024533] evm: security.SMACK64TRANSMUTE
Aug  2 20:53:33 compute4 kernel: [    1.024710] evm: security.SMACK64MMAP
Aug  2 20:53:33 compute4 kernel: [    1.024878] evm: security.apparmor
Aug  2 20:53:33 compute4 kernel: [    1.025044] evm: security.ima
Aug  2 20:53:33 compute4 kernel: [    1.025200] evm: security.capability
Aug  2 20:53:33 compute4 kernel: [    1.025367] evm: HMAC attrs: 0x1
Aug  2 20:53:33 compute4 kernel: [    1.025759] PM:   Magic number: 1:623:901
Aug  2 20:53:33 compute4 kernel: [    1.025985] usb usb2-port2: hash matches
Aug  2 20:53:33 compute4 kernel: [    1.026168] clocksource clocksource0: hash matches
Aug  2 20:53:33 compute4 kernel: [    1.026372] acpi PNP0501:01: hash matches
Aug  2 20:53:33 compute4 kernel: [    1.026639] rtc_cmos 00:00: setting system clock to 2021-08-02T20:53:25 UTC (1627937605)
Aug  2 20:53:33 compute4 kernel: [    1.060154] Freeing unused decrypted memory: 2040K
Aug  2 20:53:33 compute4 kernel: [    1.060853] Freeing unused kernel image memory: 2736K
Aug  2 20:53:33 compute4 kernel: [    1.061088] Write protecting the kernel read-only data: 22528k
Aug  2 20:53:33 compute4 kernel: [    1.062000] Freeing unused kernel image memory: 2008K
Aug  2 20:53:33 compute4 kernel: [    1.062402] Freeing unused kernel image memory: 1132K
Aug  2 20:53:33 compute4 kernel: [    1.068969] x86/mm: Checked W+X mappings: passed, no W+X pages found.
Aug  2 20:53:33 compute4 kernel: [    1.069309] x86/mm: Checking user space page tables
Aug  2 20:53:33 compute4 kernel: [    1.077015] x86/mm: Checked W+X mappings: passed, no W+X pages found.
Aug  2 20:53:33 compute4 kernel: [    1.077274] Run /init as init process
Aug  2 20:53:33 compute4 kernel: [    1.173986] piix4_smbus 0000:00:01.3: SMBus Host Controller at 0x700, revision 0
Aug  2 20:53:33 compute4 kernel: [    1.186770] virtio_blk virtio7: [vda] 629145600 512-byte logical blocks (322 GB/300 GiB)
Aug  2 20:53:33 compute4 kernel: [    1.195343] FDC 0 is a S82078B
Aug  2 20:53:33 compute4 kernel: [    1.198767] input: VirtualPS/2 VMware VMMouse as /devices/platform/i8042/serio1/input/input4
Aug  2 20:53:33 compute4 kernel: [    1.199337] input: VirtualPS/2 VMware VMMouse as /devices/platform/i8042/serio1/input/input3
Aug  2 20:53:33 compute4 kernel: [    1.208405] cryptd: max_cpu_qlen set to 1000
Aug  2 20:53:33 compute4 kernel: [    1.211714] AVX2 version of gcm_enc/dec engaged.
Aug  2 20:53:33 compute4 kernel: [    1.211935] AES CTR mode by8 optimization enabled
Aug  2 20:53:33 compute4 kernel: [    1.233410]  vda: vda1 vda2
Aug  2 20:53:33 compute4 kernel: [    1.234661] virtio_blk virtio8: [vdb] 209715200 512-byte logical blocks (107 GB/100 GiB)
Aug  2 20:53:33 compute4 kernel: [    1.248572] virtio_net virtio0 ens3: renamed from eth0
Aug  2 20:53:33 compute4 kernel: [    1.256436]  vdb: vdb1 vdb2
Aug  2 20:53:33 compute4 kernel: [    1.257403] virtio_blk virtio9: [vdc] 209715200 512-byte logical blocks (107 GB/100 GiB)
Aug  2 20:53:33 compute4 kernel: [    1.260088] virtio_net virtio5 ens8: renamed from eth5
Aug  2 20:53:33 compute4 kernel: [    1.275349] virtio_blk virtio11: [vdd] 209715200 512-byte logical blocks (107 GB/100 GiB)
Aug  2 20:53:33 compute4 kernel: [    1.285080] virtio_net virtio6 ens9: renamed from eth6
Aug  2 20:53:33 compute4 kernel: [    1.292704] virtio_blk virtio12: [vde] 209715200 512-byte logical blocks (107 GB/100 GiB)
Aug  2 20:53:33 compute4 kernel: [    1.296163] virtio_net virtio4 ens7: renamed from eth4
Aug  2 20:53:33 compute4 kernel: [    1.297081] cirrus 0000:00:02.0: remove_conflicting_pci_framebuffers: bar 0: 0xfc000000 -> 0xfdffffff
Aug  2 20:53:33 compute4 kernel: [    1.297442] cirrus 0000:00:02.0: remove_conflicting_pci_framebuffers: bar 1: 0xfeb90000 -> 0xfeb90fff
Aug  2 20:53:33 compute4 kernel: [    1.297787] cirrus 0000:00:02.0: vgaarb: deactivate vga console
Aug  2 20:53:33 compute4 kernel: [    1.319505] virtio_net virtio1 ens4: renamed from eth1
Aug  2 20:53:33 compute4 kernel: [    1.334741] Console: switching to colour dummy device 80x25
Aug  2 20:53:33 compute4 kernel: [    1.335025] [drm] Initialized cirrus 2.0.0 2019 for 0000:00:02.0 on minor 0
Aug  2 20:53:33 compute4 kernel: [    1.336318] fbcon: cirrusdrmfb (fb0) is primary device
Aug  2 20:53:33 compute4 kernel: [    1.340725] virtio_net virtio2 ens5: renamed from eth2
Aug  2 20:53:33 compute4 kernel: [    1.341119] Console: switching to colour frame buffer device 128x48
Aug  2 20:53:33 compute4 kernel: [    1.341957] cirrus 0000:00:02.0: fb0: cirrusdrmfb frame buffer device
Aug  2 20:53:33 compute4 kernel: [    1.359525] bcache: register_bdev() registered backing device vdd
Aug  2 20:53:33 compute4 kernel: [    1.363395] bcache: register_bdev() registered backing device vdc
Aug  2 20:53:33 compute4 kernel: [    1.366076] virtio_net virtio3 ens6: renamed from eth3
Aug  2 20:53:33 compute4 kernel: [    1.442700] bcache: bch_journal_replay() journal replay done, 0 keys in 2 entries, seq 8
Aug  2 20:53:33 compute4 kernel: [    1.448302] bcache: bch_cached_dev_attach() Caching vdc as bcache1 on set f0654696-f915-4c8e-8c3e-a75829fd919c
Aug  2 20:53:33 compute4 kernel: [    1.449511] bcache: bch_cached_dev_attach() Caching vdd as bcache0 on set f0654696-f915-4c8e-8c3e-a75829fd919c
Aug  2 20:53:33 compute4 kernel: [    1.449579] bcache: register_cache() registered cache device vdb2
Aug  2 20:53:33 compute4 kernel: [    1.571308] raid6: avx2x4   gen() 27702 MB/s
Aug  2 20:53:33 compute4 kernel: [    1.619306] raid6: avx2x4   xor() 21051 MB/s
Aug  2 20:53:33 compute4 kernel: [    1.667309] raid6: avx2x2   gen() 35372 MB/s
Aug  2 20:53:33 compute4 kernel: [    1.715312] raid6: avx2x2   xor() 22880 MB/s
Aug  2 20:53:33 compute4 kernel: [    1.763316] raid6: avx2x1   gen() 30378 MB/s
Aug  2 20:53:33 compute4 kernel: [    1.811314] raid6: avx2x1   xor() 20926 MB/s
Aug  2 20:53:33 compute4 kernel: [    1.859313] raid6: sse2x4   gen() 17667 MB/s
Aug  2 20:53:33 compute4 kernel: [    1.907311] raid6: sse2x4   xor() 10991 MB/s
Aug  2 20:53:33 compute4 kernel: [    1.955311] raid6: sse2x2   gen() 14071 MB/s
Aug  2 20:53:33 compute4 kernel: [    2.003313] raid6: sse2x2   xor()  8931 MB/s
Aug  2 20:53:33 compute4 kernel: [    2.051309] raid6: sse2x1   gen() 12551 MB/s
Aug  2 20:53:33 compute4 kernel: [    2.099311] raid6: sse2x1   xor()  7906 MB/s
Aug  2 20:53:33 compute4 kernel: [    2.099326] raid6: using algorithm avx2x2 gen() 35372 MB/s
Aug  2 20:53:33 compute4 kernel: [    2.099543] raid6: .... xor() 22880 MB/s, rmw enabled
Aug  2 20:53:33 compute4 kernel: [    2.099748] raid6: using avx2x2 recovery algorithm
Aug  2 20:53:33 compute4 kernel: [    2.100820] xor: automatically using best checksumming function   avx       
Aug  2 20:53:33 compute4 kernel: [    2.101925] async_tx: api initialized (async)
Aug  2 20:53:33 compute4 kernel: [    2.136522] Btrfs loaded, crc32c=crc32c-intel
Aug  2 20:53:33 compute4 kernel: [    2.217436] EXT4-fs (vda2): mounted filesystem with ordered data mode. Opts: (null)
Aug  2 20:53:33 compute4 kernel: [    2.555777] EXT4-fs (vda2): re-mounted. Opts: (null)
Aug  2 20:53:33 compute4 kernel: [    2.711337] Adding 4194300k swap on /swap.img.  Priority:-2 extents:5 across:4481020k FS
Aug  2 20:53:33 compute4 kernel: [    3.116673] bcache: register_bcache() error : device already registered (emitting change event)
Aug  2 20:53:33 compute4 kernel: [    3.136132] bcache: register_bcache() error : device already registered (emitting change event)
Aug  2 20:53:33 compute4 kernel: [    3.223472] bcache: register_bcache() error : device already registered
Aug  2 20:53:33 compute4 kernel: [    3.271782] alua: device handler registered
Aug  2 20:53:33 compute4 kernel: [    3.272471] emc: device handler registered
Aug  2 20:53:33 compute4 kernel: [    3.273178] rdac: device handler registered
Aug  2 20:53:33 compute4 kernel: [    3.507914] audit: type=1400 audit(1627937607.980:2): apparmor="STATUS" operation="profile_load" profile="unconfined" name="lsb_release" pid=640 comm="apparmor_parser"
Aug  2 20:53:33 compute4 kernel: [    3.593790] audit: type=1400 audit(1627937608.064:3): apparmor="STATUS" operation="profile_load" profile="unconfined" name="/usr/sbin/tcpdump" pid=639 comm="apparmor_parser"
Aug  2 20:53:33 compute4 kernel: [    3.610180] audit: type=1400 audit(1627937608.080:4): apparmor="STATUS" operation="profile_load" profile="unconfined" name="/usr/bin/man" pid=646 comm="apparmor_parser"
Aug  2 20:53:33 compute4 kernel: [    3.613296] audit: type=1400 audit(1627937608.084:5): apparmor="STATUS" operation="profile_load" profile="unconfined" name="man_filter" pid=646 comm="apparmor_parser"
Aug  2 20:53:33 compute4 kernel: [    3.613542] audit: type=1400 audit(1627937608.084:6): apparmor="STATUS" operation="profile_load" profile="unconfined" name="man_groff" pid=646 comm="apparmor_parser"
Aug  2 20:53:33 compute4 kernel: [    3.851366] audit: type=1400 audit(1627937608.324:7): apparmor="STATUS" operation="profile_load" profile="unconfined" name="/usr/lib/NetworkManager/nm-dhcp-client.action" pid=648 comm="apparmor_parser"
Aug  2 20:53:33 compute4 kernel: [    3.851729] audit: type=1400 audit(1627937608.324:8): apparmor="STATUS" operation="profile_load" profile="unconfined" name="/usr/lib/NetworkManager/nm-dhcp-helper" pid=648 comm="apparmor_parser"
Aug  2 20:53:33 compute4 kernel: [    3.851966] audit: type=1400 audit(1627937608.324:9): apparmor="STATUS" operation="profile_load" profile="unconfined" name="/usr/lib/connman/scripts/dhclient-script" pid=648 comm="apparmor_parser"
Aug  2 20:53:33 compute4 kernel: [    3.852332] audit: type=1400 audit(1627937608.324:10): apparmor="STATUS" operation="profile_load" profile="unconfined" name="/{,usr/}sbin/dhclient" pid=648 comm="apparmor_parser"
Aug  2 20:53:33 compute4 kernel: [    8.173128] EXT4-fs (vda2): resizing filesystem from 78641152 to 78642683 blocks
Aug  2 20:53:33 compute4 kernel: [    8.173454] EXT4-fs (vda2): resized filesystem to 78642683
Aug  2 20:53:45 compute4 kernel: [   22.867892] bcache: register_bcache() error : device already registered (emitting change event)
Aug  2 20:53:46 compute4 kernel: [   22.929173] bcache: register_bcache() error : device already registered (emitting change event)
Aug  2 20:53:46 compute4 kernel: [   22.956610] bcache: register_bcache() error : device already registered
Aug  2 20:53:50 compute4 kernel: [   27.282862] bcache: register_bcache() error : device already registered (emitting change event)
Aug  2 20:53:50 compute4 kernel: [   27.293369] bcache: register_bcache() error : device already registered (emitting change event)
Aug  2 20:53:50 compute4 kernel: [   27.312146] bcache: register_bcache() error : device already registered
Aug  2 20:54:27 compute4 kernel: [   64.832548] new mount options do not match the existing superblock, will be ignored
Aug  2 20:54:29 compute4 kernel: [   66.508221] NET: Registered protocol family 40
Aug  2 20:54:30 compute4 kernel: [   67.473918] bpfilter: Loaded bpfilter_umh pid 16582
Aug  2 20:54:30 compute4 kernel: [   67.636617] spl: loading out-of-tree module taints kernel.
Aug  2 20:54:30 compute4 kernel: [   67.639985] znvpair: module license 'CDDL' taints kernel.
Aug  2 20:54:30 compute4 kernel: [   67.639990] Disabling lock debugging due to kernel taint
Aug  2 20:54:32 compute4 kernel: [   69.596308] ZFS: Loaded module v0.8.3-1ubuntu12.10, ZFS pool version 5000, ZFS filesystem version 5
Aug  2 20:55:05 compute4 kernel: [  102.003422] kauditd_printk_skb: 19 callbacks suppressed
Aug  2 20:55:05 compute4 kernel: [  102.003424] audit: type=1400 audit(1627937705.106:30): apparmor="STATUS" operation="profile_replace" profile="unconfined" name="/snap/snapd/12398/usr/lib/snapd/snap-confine" pid=17060 comm="apparmor_parser"
Aug  2 20:55:05 compute4 kernel: [  102.019882] audit: type=1400 audit(1627937705.126:31): apparmor="STATUS" operation="profile_replace" profile="unconfined" name="/snap/snapd/12398/usr/lib/snapd/snap-confine//mount-namespace-capture-helper" pid=17060 comm="apparmor_parser"
Aug  2 20:55:05 compute4 kernel: [  102.107732] audit: type=1400 audit(1627937705.210:32): apparmor="STATUS" operation="profile_replace" profile="unconfined" name="snap.lxd.benchmark" pid=17063 comm="apparmor_parser"
Aug  2 20:55:05 compute4 kernel: [  102.119358] audit: type=1400 audit(1627937705.222:33): apparmor="STATUS" operation="profile_replace" profile="unconfined" name="snap.lxd.activate" pid=17062 comm="apparmor_parser"
Aug  2 20:55:05 compute4 kernel: [  102.192652] audit: type=1400 audit(1627937705.298:34): apparmor="STATUS" operation="profile_replace" profile="unconfined" name="snap.lxd.buginfo" pid=17064 comm="apparmor_parser"
Aug  2 20:55:05 compute4 kernel: [  102.215681] audit: type=1400 audit(1627937705.318:35): apparmor="STATUS" operation="profile_replace" profile="unconfined" name="snap.lxd.check-kernel" pid=17065 comm="apparmor_parser"
Aug  2 20:55:05 compute4 kernel: [  102.306423] audit: type=1400 audit(1627937705.410:36): apparmor="STATUS" operation="profile_replace" profile="unconfined" name="snap.lxd.daemon" pid=17066 comm="apparmor_parser"
Aug  2 20:55:05 compute4 kernel: [  102.340264] audit: type=1400 audit(1627937705.446:37): apparmor="STATUS" operation="profile_replace" profile="unconfined" name="snap.lxd.hook.configure" pid=17067 comm="apparmor_parser"
Aug  2 20:55:05 compute4 kernel: [  102.392493] audit: type=1400 audit(1627937705.498:38): apparmor="STATUS" operation="profile_replace" profile="unconfined" name="snap.lxd.hook.install" pid=17068 comm="apparmor_parser"
Aug  2 20:55:05 compute4 kernel: [  102.442138] audit: type=1400 audit(1627937705.546:39): apparmor="STATUS" operation="profile_replace" profile="unconfined" name="snap.lxd.hook.remove" pid=17069 comm="apparmor_parser"
Aug  2 20:55:11 compute4 kernel: [  108.607052] bridge: filtering via arp/ip/ip6tables is no longer available by default. Update your scripts to load br_netfilter if you need this.
Aug  2 20:55:11 compute4 kernel: [  108.869405] kauditd_printk_skb: 5 callbacks suppressed
Aug  2 20:55:11 compute4 kernel: [  108.869406] audit: type=1400 audit(1627937711.978:45): apparmor="STATUS" operation="profile_load" profile="unconfined" name="lxd_dnsmasq-lxdbr0_</var/snap/lxd/common/lxd>" pid=17957 comm="apparmor_parser"
Aug  2 20:57:05 compute4 kernel: [  222.616476] audit: type=1400 audit(1627937825.721:46): apparmor="STATUS" operation="profile_load" profile="unconfined" name="virt-aa-helper" pid=32344 comm="apparmor_parser"
Aug  2 20:57:05 compute4 kernel: [  222.664395] audit: type=1400 audit(1627937825.769:47): apparmor="STATUS" operation="profile_load" profile="unconfined" name="libvirtd" pid=32350 comm="apparmor_parser"
Aug  2 20:57:05 compute4 kernel: [  222.664621] audit: type=1400 audit(1627937825.769:48): apparmor="STATUS" operation="profile_load" profile="unconfined" name="libvirtd//qemu_bridge_helper" pid=32350 comm="apparmor_parser"
Aug  2 20:57:07 compute4 kernel: [  224.529281] virbr0: port 1(virbr0-nic) entered blocking state
Aug  2 20:57:07 compute4 kernel: [  224.529282] virbr0: port 1(virbr0-nic) entered disabled state
Aug  2 20:57:07 compute4 kernel: [  224.529369] device virbr0-nic entered promiscuous mode
Aug  2 20:57:07 compute4 kernel: [  224.746859] virbr0: port 1(virbr0-nic) entered blocking state
Aug  2 20:57:07 compute4 kernel: [  224.746861] virbr0: port 1(virbr0-nic) entered listening state
Aug  2 20:57:07 compute4 kernel: [  224.780833] virbr0: port 1(virbr0-nic) entered disabled state
Aug  2 20:57:30 compute4 kernel: [  247.028623] br-ens3: port 1(ens3) entered blocking state
Aug  2 20:57:30 compute4 kernel: [  247.028624] br-ens3: port 1(ens3) entered disabled state
Aug  2 20:57:30 compute4 kernel: [  247.028712] device ens3 entered promiscuous mode
Aug  2 20:57:30 compute4 kernel: [  247.029057] br-ens3: port 1(ens3) entered blocking state
Aug  2 20:57:30 compute4 kernel: [  247.029058] br-ens3: port 1(ens3) entered forwarding state
Aug  2 20:57:31 compute4 kernel: [  248.049762] IPv6: ADDRCONF(NETDEV_CHANGE): br-ens3: link becomes ready
Aug  2 20:57:54 compute4 kernel: [  271.366796] openvswitch: Open vSwitch switching datapath
Aug  2 20:58:04 compute4 kernel: [  281.483247] Bridge firewalling registered
Aug  2 20:58:06 compute4 kernel: [  283.710130] device ovs-system entered promiscuous mode
Aug  2 20:58:06 compute4 kernel: [  283.753768] device br-int entered promiscuous mode
Aug  2 20:58:16 compute4 kernel: [  293.852734] audit: type=1400 audit(1627937896.956:49): apparmor="STATUS" operation="profile_remove" info="profile does not exist" error=-2 profile="unconfined" name="/usr/bin/ceph-osd" pid=37633 comm="apparmor_parser"
Aug  2 20:58:17 compute4 kernel: [  293.902138] audit: type=1400 audit(1627937897.004:50): apparmor="STATUS" operation="profile_replace" info="same as current profile, skipping" profile="unconfined" name="lsb_release" pid=37671 comm="apparmor_parser"
Aug  2 20:58:17 compute4 kernel: [  293.902260] audit: type=1400 audit(1627937897.004:51): apparmor="STATUS" operation="profile_replace" info="same as current profile, skipping" profile="unconfined" name="/usr/sbin/tcpdump" pid=37670 comm="apparmor_parser"
Aug  2 20:58:17 compute4 kernel: [  293.904021] audit: type=1400 audit(1627937897.008:52): apparmor="STATUS" operation="profile_replace" profile="unconfined" name="/usr/bin/man" pid=37672 comm="apparmor_parser"
Aug  2 20:58:17 compute4 kernel: [  293.904024] audit: type=1400 audit(1627937897.008:53): apparmor="STATUS" operation="profile_replace" profile="unconfined" name="man_filter" pid=37672 comm="apparmor_parser"
Aug  2 20:58:17 compute4 kernel: [  293.904025] audit: type=1400 audit(1627937897.008:54): apparmor="STATUS" operation="profile_replace" profile="unconfined" name="man_groff" pid=37672 comm="apparmor_parser"
Aug  2 20:58:17 compute4 kernel: [  293.905500] audit: type=1400 audit(1627937897.008:55): apparmor="STATUS" operation="profile_replace" profile="unconfined" name="/usr/lib/snapd/snap-confine" pid=37673 comm="apparmor_parser"
Aug  2 20:58:17 compute4 kernel: [  293.913547] audit: type=1400 audit(1627937897.016:56): apparmor="STATUS" operation="profile_replace" profile="unconfined" name="/usr/lib/snapd/snap-confine//mount-namespace-capture-helper" pid=37673 comm="apparmor_parser"
Aug  2 20:58:17 compute4 kernel: [  293.914336] audit: type=1400 audit(1627937897.016:57): apparmor="STATUS" operation="profile_replace" profile="unconfined" name="libvirtd" pid=37674 comm="apparmor_parser"
Aug  2 20:58:17 compute4 kernel: [  293.934664] audit: type=1400 audit(1627937897.040:58): apparmor="STATUS" operation="profile_replace" profile="unconfined" name="libvirtd//qemu_bridge_helper" pid=37674 comm="apparmor_parser"
Aug  2 20:58:34 compute4 kernel: [  310.980747] No such timeout policy "ovs_test_tp"
Aug  2 20:58:34 compute4 kernel: [  310.980749] Failed to associated timeout policy `ovs_test_tp'
Aug  2 20:58:34 compute4 kernel: [  311.331016] device br-ex entered promiscuous mode
Aug  2 20:58:35 compute4 kernel: [  311.939128] device br-data entered promiscuous mode
Aug  2 20:58:35 compute4 kernel: [  311.966954] device ens7 entered promiscuous mode
Aug  2 20:58:44 compute4 kernel: [  321.566426] capability: warning: `privsep-helper' uses deprecated v2 capabilities in a way that may be insecure
Aug  2 20:58:45 compute4 kernel: [  322.305839] device br-tun entered promiscuous mode
Aug  2 20:59:25 compute4 kernel: [  362.723667] device virbr0-nic left promiscuous mode
Aug  2 20:59:25 compute4 kernel: [  362.723670] virbr0: port 1(virbr0-nic) entered disabled state
Aug  2 20:59:27 compute4 kernel: [  364.070896] kauditd_printk_skb: 7 callbacks suppressed
Aug  2 20:59:27 compute4 kernel: [  364.070898] audit: type=1400 audit(1627937967.171:66): apparmor="STATUS" operation="profile_remove" info="profile does not exist" error=-2 profile="unconfined" name="/usr/bin/nova-compute" pid=42805 comm="apparmor_parser"
Aug  2 20:59:27 compute4 kernel: [  364.589579] Loading iSCSI transport class v2.0-870.
Aug  2 21:01:04 compute4 kernel: [  461.665082] br-ens3: port 2(1lxd1-0) entered blocking state
Aug  2 21:01:04 compute4 kernel: [  461.665083] br-ens3: port 2(1lxd1-0) entered disabled state
Aug  2 21:01:04 compute4 kernel: [  461.665832] device 1lxd1-0 entered promiscuous mode
Aug  2 21:01:04 compute4 kernel: [  461.689377] br-ens3: port 3(1lxd0-0) entered blocking state
Aug  2 21:01:04 compute4 kernel: [  461.689379] br-ens3: port 3(1lxd0-0) entered disabled state
Aug  2 21:01:04 compute4 kernel: [  461.689640] device 1lxd0-0 entered promiscuous mode
Aug  2 21:01:04 compute4 kernel: [  461.689722] br-ens3: port 3(1lxd0-0) entered blocking state
Aug  2 21:01:04 compute4 kernel: [  461.689722] br-ens3: port 3(1lxd0-0) entered forwarding state
Aug  2 21:01:05 compute4 kernel: [  462.211176] audit: type=1400 audit(1627938065.314:67): apparmor="STATUS" operation="profile_load" profile="unconfined" name="lxd-juju-4eb7e9-1-lxd-1_</var/snap/lxd/common/lxd>" pid=47787 comm="apparmor_parser"
Aug  2 21:01:05 compute4 kernel: [  462.221780] br-ens3: port 4(1lxd2-0) entered blocking state
Aug  2 21:01:05 compute4 kernel: [  462.221781] br-ens3: port 4(1lxd2-0) entered disabled state
Aug  2 21:01:05 compute4 kernel: [  462.225892] device 1lxd2-0 entered promiscuous mode
Aug  2 21:01:05 compute4 kernel: [  462.226014] br-ens3: port 4(1lxd2-0) entered blocking state
Aug  2 21:01:05 compute4 kernel: [  462.226014] br-ens3: port 4(1lxd2-0) entered forwarding state
Aug  2 21:01:05 compute4 kernel: [  462.232682] cgroup: cgroup: disabling cgroup2 socket matching due to net_prio or net_cls activation
Aug  2 21:01:05 compute4 kernel: [  462.275733] phys8z5Hop: renamed from vethde22cb00
Aug  2 21:01:05 compute4 kernel: [  462.284691] eth0: renamed from phys8z5Hop
Aug  2 21:01:05 compute4 kernel: [  462.296974] br-ens3: port 3(1lxd0-0) entered disabled state
Aug  2 21:01:05 compute4 kernel: [  462.297038] br-ens3: port 4(1lxd2-0) entered disabled state
Aug  2 21:01:05 compute4 kernel: [  462.297060] IPv6: ADDRCONF(NETDEV_CHANGE): eth0: link becomes ready
Aug  2 21:01:05 compute4 kernel: [  462.297088] br-ens3: port 2(1lxd1-0) entered blocking state
Aug  2 21:01:05 compute4 kernel: [  462.297089] br-ens3: port 2(1lxd1-0) entered forwarding state
Aug  2 21:01:05 compute4 kernel: [  462.328375] new mount options do not match the existing superblock, will be ignored
Aug  2 21:01:05 compute4 kernel: [  462.449488] br-ens3: port 5(1lxd3-0) entered blocking state
Aug  2 21:01:05 compute4 kernel: [  462.449490] br-ens3: port 5(1lxd3-0) entered disabled state
Aug  2 21:01:05 compute4 kernel: [  462.450044] device 1lxd3-0 entered promiscuous mode
Aug  2 21:01:05 compute4 kernel: [  462.450072] br-ens3: port 5(1lxd3-0) entered blocking state
Aug  2 21:01:05 compute4 kernel: [  462.450073] br-ens3: port 5(1lxd3-0) entered forwarding state
Aug  2 21:01:05 compute4 kernel: [  462.536140] br-ens3: port 5(1lxd3-0) entered disabled state
Aug  2 21:01:05 compute4 kernel: [  462.575377] audit: type=1400 audit(1627938065.678:68): apparmor="STATUS" operation="profile_load" profile="unconfined" name="lxd-juju-4eb7e9-1-lxd-0_</var/snap/lxd/common/lxd>" pid=47789 comm="apparmor_parser"
Aug  2 21:01:05 compute4 kernel: [  462.768430] physufCs8i: renamed from vethe588254d
Aug  2 21:01:05 compute4 kernel: [  462.790661] eth0: renamed from physufCs8i
Aug  2 21:01:05 compute4 kernel: [  462.808812] IPv6: ADDRCONF(NETDEV_CHANGE): eth0: link becomes ready
Aug  2 21:01:05 compute4 kernel: [  462.808850] br-ens3: port 3(1lxd0-0) entered blocking state
Aug  2 21:01:05 compute4 kernel: [  462.808852] br-ens3: port 3(1lxd0-0) entered forwarding state
Aug  2 21:01:06 compute4 kernel: [  462.995376] audit: type=1400 audit(1627938066.098:69): apparmor="STATUS" operation="profile_load" profile="unconfined" name="lxd-juju-4eb7e9-1-lxd-2_</var/snap/lxd/common/lxd>" pid=47873 comm="apparmor_parser"
Aug  2 21:01:06 compute4 kernel: [  463.080318] physKfd7D4: renamed from veth0ad44f5e
Aug  2 21:01:06 compute4 kernel: [  463.097035] eth0: renamed from physKfd7D4
Aug  2 21:01:06 compute4 kernel: [  463.113411] IPv6: ADDRCONF(NETDEV_CHANGE): eth0: link becomes ready
Aug  2 21:01:06 compute4 kernel: [  463.113469] br-ens3: port 4(1lxd2-0) entered blocking state
Aug  2 21:01:06 compute4 kernel: [  463.113470] br-ens3: port 4(1lxd2-0) entered forwarding state
Aug  2 21:01:06 compute4 kernel: [  463.371342] audit: type=1400 audit(1627938066.474:70): apparmor="STATUS" operation="profile_load" profile="unconfined" name="lxd-juju-4eb7e9-1-lxd-3_</var/snap/lxd/common/lxd>" pid=47941 comm="apparmor_parser"
Aug  2 21:01:06 compute4 kernel: [  463.440249] phys0QqXXz: renamed from vethc60ac338
Aug  2 21:01:06 compute4 kernel: [  463.529401] audit: type=1400 audit(1627938066.634:71): apparmor="STATUS" operation="profile_load" label="lxd-juju-4eb7e9-1-lxd-1_</var/snap/lxd/common/lxd>//&:lxd-juju-4eb7e9-1-lxd-1_<var-snap-lxd-common-lxd>:unconfined" name="lsb_release" pid=48130 comm="apparmor_parser"
Aug  2 21:01:06 compute4 kernel: [  463.618131] eth0: renamed from phys0QqXXz
Aug  2 21:01:06 compute4 kernel: [  463.636469] IPv6: ADDRCONF(NETDEV_CHANGE): eth0: link becomes ready
Aug  2 21:01:06 compute4 kernel: [  463.636513] br-ens3: port 5(1lxd3-0) entered blocking state
Aug  2 21:01:06 compute4 kernel: [  463.636515] br-ens3: port 5(1lxd3-0) entered forwarding state
Aug  2 21:01:07 compute4 kernel: [  463.900121] audit: type=1400 audit(1627938067.006:72): apparmor="STATUS" operation="profile_load" label="lxd-juju-4eb7e9-1-lxd-1_</var/snap/lxd/common/lxd>//&:lxd-juju-4eb7e9-1-lxd-1_<var-snap-lxd-common-lxd>:unconfined" name="/usr/bin/man" pid=48174 comm="apparmor_parser"
Aug  2 21:01:07 compute4 kernel: [  463.902770] audit: type=1400 audit(1627938067.006:73): apparmor="STATUS" operation="profile_load" label="lxd-juju-4eb7e9-1-lxd-1_</var/snap/lxd/common/lxd>//&:lxd-juju-4eb7e9-1-lxd-1_<var-snap-lxd-common-lxd>:unconfined" name="man_filter" pid=48174 comm="apparmor_parser"
Aug  2 21:01:07 compute4 kernel: [  463.903176] audit: type=1400 audit(1627938067.006:74): apparmor="STATUS" operation="profile_load" label="lxd-juju-4eb7e9-1-lxd-1_</var/snap/lxd/common/lxd>//&:lxd-juju-4eb7e9-1-lxd-1_<var-snap-lxd-common-lxd>:unconfined" name="man_groff" pid=48174 comm="apparmor_parser"
Aug  2 21:01:07 compute4 kernel: [  463.941844] audit: type=1400 audit(1627938067.046:75): apparmor="STATUS" operation="profile_load" label="lxd-juju-4eb7e9-1-lxd-1_</var/snap/lxd/common/lxd>//&:lxd-juju-4eb7e9-1-lxd-1_<var-snap-lxd-common-lxd>:unconfined" name="/usr/sbin/tcpdump" pid=48129 comm="apparmor_parser"
Aug  2 21:01:07 compute4 kernel: [  464.179656] audit: type=1400 audit(1627938067.282:76): apparmor="STATUS" operation="profile_load" label="lxd-juju-4eb7e9-1-lxd-0_</var/snap/lxd/common/lxd>//&:lxd-juju-4eb7e9-1-lxd-0_<var-snap-lxd-common-lxd>:unconfined" name="lsb_release" pid=48282 comm="apparmor_parser"
Aug  2 21:01:10 compute4 kernel: [  467.280273] kauditd_printk_skb: 42 callbacks suppressed
Aug  2 21:01:10 compute4 kernel: [  467.280274] audit: type=1400 audit(1627938070.386:119): apparmor="STATUS" operation="profile_load" label="lxd-juju-4eb7e9-1-lxd-1_</var/snap/lxd/common/lxd>//&:lxd-juju-4eb7e9-1-lxd-1_<var-snap-lxd-common-lxd>:unconfined" name="snap.lxd.benchmark" pid=48455 comm="apparmor_parser"
Aug  2 21:01:10 compute4 kernel: [  467.313725] audit: type=1400 audit(1627938070.418:120): apparmor="STATUS" operation="profile_load" label="lxd-juju-4eb7e9-1-lxd-0_</var/snap/lxd/common/lxd>//&:lxd-juju-4eb7e9-1-lxd-0_<var-snap-lxd-common-lxd>:unconfined" name="snap.lxd.activate" pid=48452 comm="apparmor_parser"
Aug  2 21:01:10 compute4 kernel: [  467.373432] audit: type=1400 audit(1627938070.478:121): apparmor="STATUS" operation="profile_load" label="lxd-juju-4eb7e9-1-lxd-2_</var/snap/lxd/common/lxd>//&:lxd-juju-4eb7e9-1-lxd-2_<var-snap-lxd-common-lxd>:unconfined" name="snap.lxd.activate" pid=48471 comm="apparmor_parser"
Aug  2 21:01:11 compute4 kernel: [  468.005612] audit: type=1400 audit(1627938071.110:122): apparmor="STATUS" operation="profile_load" label="lxd-juju-4eb7e9-1-lxd-2_</var/snap/lxd/common/lxd>//&:lxd-juju-4eb7e9-1-lxd-2_<var-snap-lxd-common-lxd>:unconfined" name="snap.lxd.benchmark" pid=48476 comm="apparmor_parser"
Aug  2 21:01:11 compute4 kernel: [  468.121742] audit: type=1400 audit(1627938071.226:123): apparmor="STATUS" operation="profile_load" label="lxd-juju-4eb7e9-1-lxd-3_</var/snap/lxd/common/lxd>//&:lxd-juju-4eb7e9-1-lxd-3_<var-snap-lxd-common-lxd>:unconfined" name="/usr/lib/NetworkManager/nm-dhcp-client.action" pid=48473 comm="apparmor_parser"
Aug  2 21:01:11 compute4 kernel: [  468.124939] audit: type=1400 audit(1627938071.230:124): apparmor="STATUS" operation="profile_load" label="lxd-juju-4eb7e9-1-lxd-3_</var/snap/lxd/common/lxd>//&:lxd-juju-4eb7e9-1-lxd-3_<var-snap-lxd-common-lxd>:unconfined" name="/usr/lib/NetworkManager/nm-dhcp-helper" pid=48473 comm="apparmor_parser"
Aug  2 21:01:11 compute4 kernel: [  468.127062] audit: type=1400 audit(1627938071.230:125): apparmor="STATUS" operation="profile_load" label="lxd-juju-4eb7e9-1-lxd-3_</var/snap/lxd/common/lxd>//&:lxd-juju-4eb7e9-1-lxd-3_<var-snap-lxd-common-lxd>:unconfined" name="/usr/lib/connman/scripts/dhclient-script" pid=48473 comm="apparmor_parser"
Aug  2 21:01:11 compute4 kernel: [  468.132735] audit: type=1400 audit(1627938071.238:126): apparmor="STATUS" operation="profile_load" label="lxd-juju-4eb7e9-1-lxd-3_</var/snap/lxd/common/lxd>//&:lxd-juju-4eb7e9-1-lxd-3_<var-snap-lxd-common-lxd>:unconfined" name="/{,usr/}sbin/dhclient" pid=48473 comm="apparmor_parser"
Aug  2 21:01:11 compute4 kernel: [  468.151302] audit: type=1400 audit(1627938071.254:127): apparmor="STATUS" operation="profile_load" label="lxd-juju-4eb7e9-1-lxd-1_</var/snap/lxd/common/lxd>//&:lxd-juju-4eb7e9-1-lxd-1_<var-snap-lxd-common-lxd>:unconfined" name="snap.lxd.buginfo" pid=48474 comm="apparmor_parser"
Aug  2 21:01:11 compute4 kernel: [  468.208998] audit: type=1400 audit(1627938071.314:128): apparmor="STATUS" operation="profile_load" label="lxd-juju-4eb7e9-1-lxd-0_</var/snap/lxd/common/lxd>//&:lxd-juju-4eb7e9-1-lxd-0_<var-snap-lxd-common-lxd>:unconfined" name="snap.lxd.benchmark" pid=48475 comm="apparmor_parser"
Aug  2 21:01:15 compute4 kernel: [  472.450271] kauditd_printk_skb: 46 callbacks suppressed
Aug  2 21:01:15 compute4 kernel: [  472.450273] audit: type=1400 audit(1627938075.554:175): apparmor="STATUS" operation="profile_load" label="lxd-juju-4eb7e9-1-lxd-2_</var/snap/lxd/common/lxd>//&:lxd-juju-4eb7e9-1-lxd-2_<var-snap-lxd-common-lxd>:unconfined" name="snap.lxd.migrate" pid=48580 comm="apparmor_parser"
Aug  2 21:01:15 compute4 kernel: [  472.754446] audit: type=1400 audit(1627938075.858:176): apparmor="STATUS" operation="profile_load" label="lxd-juju-4eb7e9-1-lxd-3_</var/snap/lxd/common/lxd>//&:lxd-juju-4eb7e9-1-lxd-3_<var-snap-lxd-common-lxd>:unconfined" name="snap.lxd.hook.configure" pid=48578 comm="apparmor_parser"
Aug  2 21:01:16 compute4 kernel: [  472.905867] audit: type=1400 audit(1627938076.010:177): apparmor="STATUS" operation="profile_load" label="lxd-juju-4eb7e9-1-lxd-3_</var/snap/lxd/common/lxd>//&:lxd-juju-4eb7e9-1-lxd-3_<var-snap-lxd-common-lxd>:unconfined" name="snap.lxd.hook.install" pid=48584 comm="apparmor_parser"
Aug  2 21:01:16 compute4 kernel: [  473.358305] audit: type=1400 audit(1627938076.462:178): apparmor="STATUS" operation="profile_load" label="lxd-juju-4eb7e9-1-lxd-3_</var/snap/lxd/common/lxd>//&:lxd-juju-4eb7e9-1-lxd-3_<var-snap-lxd-common-lxd>:unconfined" name="snap.lxd.hook.remove" pid=48601 comm="apparmor_parser"
Aug  2 21:01:16 compute4 kernel: [  473.456426] audit: type=1400 audit(1627938076.562:179): apparmor="STATUS" operation="profile_load" label="lxd-juju-4eb7e9-1-lxd-3_</var/snap/lxd/common/lxd>//&:lxd-juju-4eb7e9-1-lxd-3_<var-snap-lxd-common-lxd>:unconfined" name="snap.lxd.lxc" pid=48604 comm="apparmor_parser"
Aug  2 21:01:16 compute4 kernel: [  473.811452] audit: type=1400 audit(1627938076.914:180): apparmor="STATUS" operation="profile_load" label="lxd-juju-4eb7e9-1-lxd-3_</var/snap/lxd/common/lxd>//&:lxd-juju-4eb7e9-1-lxd-3_<var-snap-lxd-common-lxd>:unconfined" name="snap.lxd.lxc-to-lxd" pid=48626 comm="apparmor_parser"
Aug  2 21:01:16 compute4 kernel: [  473.848072] audit: type=1400 audit(1627938076.950:181): apparmor="STATUS" operation="profile_load" label="lxd-juju-4eb7e9-1-lxd-3_</var/snap/lxd/common/lxd>//&:lxd-juju-4eb7e9-1-lxd-3_<var-snap-lxd-common-lxd>:unconfined" name="snap.lxd.lxd" pid=48634 comm="apparmor_parser"
Aug  2 21:01:17 compute4 kernel: [  474.270587] audit: type=1400 audit(1627938077.374:182): apparmor="STATUS" operation="profile_load" label="lxd-juju-4eb7e9-1-lxd-3_</var/snap/lxd/common/lxd>//&:lxd-juju-4eb7e9-1-lxd-3_<var-snap-lxd-common-lxd>:unconfined" name="snap.lxd.migrate" pid=48716 comm="apparmor_parser"
Aug  2 21:01:25 compute4 kernel: [  482.253569] audit: type=1400 audit(1627938085.358:183): apparmor="DENIED" operation="file_inherit" namespace="root//lxd-juju-4eb7e9-1-lxd-0_<var-snap-lxd-common-lxd>" profile="/snap/snapd/12398/usr/lib/snapd/snap-confine" pid=49337 comm="snap-confine" family="netlink" sock_type="raw" protocol=15 requested_mask="send receive" denied_mask="send receive"
Aug  2 21:01:25 compute4 kernel: [  482.299400] audit: type=1400 audit(1627938085.402:184): apparmor="DENIED" operation="file_inherit" namespace="root//lxd-juju-4eb7e9-1-lxd-0_<var-snap-lxd-common-lxd>" profile="snap-update-ns.lxd" name="/apparmor/.null" pid=49363 comm="6" requested_mask="wr" denied_mask="wr" fsuid=1000000 ouid=0
Aug  2 21:01:25 compute4 kernel: [  482.389406] audit: type=1400 audit(1627938085.494:185): apparmor="DENIED" operation="file_inherit" namespace="root//lxd-juju-4eb7e9-1-lxd-1_<var-snap-lxd-common-lxd>" profile="/snap/snapd/12398/usr/lib/snapd/snap-confine" pid=49336 comm="snap-confine" family="netlink" sock_type="raw" protocol=15 requested_mask="send receive" denied_mask="send receive"
Aug  2 21:01:25 compute4 kernel: [  482.436324] audit: type=1400 audit(1627938085.538:186): apparmor="DENIED" operation="file_inherit" namespace="root//lxd-juju-4eb7e9-1-lxd-1_<var-snap-lxd-common-lxd>" profile="snap-update-ns.lxd" name="/apparmor/.null" pid=49367 comm="6" requested_mask="wr" denied_mask="wr" fsuid=1000000 ouid=0
Aug  2 21:01:26 compute4 kernel: [  482.922326] audit: type=1400 audit(1627938086.026:187): apparmor="DENIED" operation="file_inherit" namespace="root//lxd-juju-4eb7e9-1-lxd-0_<var-snap-lxd-common-lxd>" profile="snap.lxd.hook.install" name="/apparmor/.null" pid=49337 comm="snap-exec" requested_mask="wr" denied_mask="wr" fsuid=1000000 ouid=0
Aug  2 21:01:26 compute4 kernel: [  483.344147] audit: type=1400 audit(1627938086.446:188): apparmor="DENIED" operation="file_inherit" namespace="root//lxd-juju-4eb7e9-1-lxd-1_<var-snap-lxd-common-lxd>" profile="snap.lxd.hook.install" name="/apparmor/.null" pid=49336 comm="snap-exec" requested_mask="wr" denied_mask="wr" fsuid=1000000 ouid=0
Aug  2 21:01:26 compute4 kernel: [  483.567814] audit: type=1400 audit(1627938086.670:189): apparmor="DENIED" operation="file_inherit" namespace="root//lxd-juju-4eb7e9-1-lxd-2_<var-snap-lxd-common-lxd>" profile="/snap/snapd/12398/usr/lib/snapd/snap-confine" pid=49386 comm="snap-confine" family="netlink" sock_type="raw" protocol=15 requested_mask="send receive" denied_mask="send receive"
Aug  2 21:01:26 compute4 kernel: [  483.642187] audit: type=1400 audit(1627938086.746:190): apparmor="DENIED" operation="file_inherit" namespace="root//lxd-juju-4eb7e9-1-lxd-2_<var-snap-lxd-common-lxd>" profile="snap-update-ns.lxd" name="/apparmor/.null" pid=49401 comm="6" requested_mask="wr" denied_mask="wr" fsuid=1000000 ouid=0
Aug  2 21:01:27 compute4 kernel: [  484.003620] audit: type=1400 audit(1627938087.106:191): apparmor="DENIED" operation="file_inherit" namespace="root//lxd-juju-4eb7e9-1-lxd-3_<var-snap-lxd-common-lxd>" profile="/snap/snapd/12398/usr/lib/snapd/snap-confine" pid=49405 comm="snap-confine" family="netlink" sock_type="raw" protocol=15 requested_mask="send receive" denied_mask="send receive"
Aug  2 21:01:27 compute4 kernel: [  484.065370] audit: type=1400 audit(1627938087.170:192): apparmor="DENIED" operation="file_inherit" namespace="root//lxd-juju-4eb7e9-1-lxd-3_<var-snap-lxd-common-lxd>" profile="snap-update-ns.lxd" name="/apparmor/.null" pid=49433 comm="6" requested_mask="wr" denied_mask="wr" fsuid=1000000 ouid=0
Aug  2 21:01:30 compute4 kernel: [  487.820673] kauditd_printk_skb: 4 callbacks suppressed
Aug  2 21:01:30 compute4 kernel: [  487.820674] audit: type=1400 audit(1627938090.922:197): apparmor="DENIED" operation="file_inherit" namespace="root//lxd-juju-4eb7e9-1-lxd-1_<var-snap-lxd-common-lxd>" profile="/snap/snapd/12398/usr/lib/snapd/snap-confine" pid=50273 comm="snap-confine" family="netlink" sock_type="raw" protocol=15 requested_mask="send receive" denied_mask="send receive"
Aug  2 21:01:30 compute4 kernel: [  487.829454] audit: type=1400 audit(1627938090.934:198): apparmor="DENIED" operation="file_inherit" namespace="root//lxd-juju-4eb7e9-1-lxd-1_<var-snap-lxd-common-lxd>" profile="snap.lxd.hook.configure" name="/apparmor/.null" pid=50273 comm="snap-exec" requested_mask="wr" denied_mask="wr" fsuid=1000000 ouid=0
Aug  2 21:01:31 compute4 kernel: [  488.444012] audit: type=1400 audit(1627938091.546:199): apparmor="DENIED" operation="file_inherit" namespace="root//lxd-juju-4eb7e9-1-lxd-3_<var-snap-lxd-common-lxd>" profile="/snap/snapd/12398/usr/lib/snapd/snap-confine" pid=50553 comm="snap-confine" family="netlink" sock_type="raw" protocol=15 requested_mask="send receive" denied_mask="send receive"
Aug  2 21:01:31 compute4 kernel: [  488.463725] audit: type=1400 audit(1627938091.566:200): apparmor="DENIED" operation="file_inherit" namespace="root//lxd-juju-4eb7e9-1-lxd-3_<var-snap-lxd-common-lxd>" profile="snap.lxd.hook.configure" name="/apparmor/.null" pid=50553 comm="snap-exec" requested_mask="wr" denied_mask="wr" fsuid=1000000 ouid=0
Aug  2 21:01:31 compute4 kernel: [  488.742558] audit: type=1400 audit(1627938091.846:201): apparmor="DENIED" operation="file_inherit" namespace="root//lxd-juju-4eb7e9-1-lxd-2_<var-snap-lxd-common-lxd>" profile="/snap/snapd/12398/usr/lib/snapd/snap-confine" pid=50653 comm="snap-confine" family="netlink" sock_type="raw" protocol=15 requested_mask="send receive" denied_mask="send receive"
Aug  2 21:01:31 compute4 kernel: [  488.758530] audit: type=1400 audit(1627938091.862:202): apparmor="DENIED" operation="file_inherit" namespace="root//lxd-juju-4eb7e9-1-lxd-2_<var-snap-lxd-common-lxd>" profile="snap.lxd.hook.configure" name="/apparmor/.null" pid=50653 comm="snap-exec" requested_mask="wr" denied_mask="wr" fsuid=1000000 ouid=0
Aug  2 21:03:08 compute4 kernel: [  585.446528] audit: type=1400 audit(1627938188.548:203): apparmor="DENIED" operation="mount" info="failed flags match" error=-13 profile="lxd-juju-4eb7e9-1-lxd-0_</var/snap/lxd/common/lxd>" name="/run/lxcfs/controllers/sys/fs/cgroup/unified/" pid=72010 comm="lxcfs" fstype="cgroup2" srcname="cgroup" flags="rw, nosuid, nodev, noexec, relatime"
Aug  2 21:03:09 compute4 kernel: [  586.249922] audit: type=1400 audit(1627938189.348:204): apparmor="DENIED" operation="mount" info="failed flags match" error=-13 profile="lxd-juju-4eb7e9-1-lxd-3_</var/snap/lxd/common/lxd>" name="/run/lxcfs/controllers/sys/fs/cgroup/unified/" pid=72095 comm="lxcfs" fstype="cgroup2" srcname="cgroup" flags="rw, nosuid, nodev, noexec, relatime"
Aug  2 21:03:16 compute4 kernel: [  592.953128] audit: type=1400 audit(1627938196.052:205): apparmor="DENIED" operation="mount" info="failed flags match" error=-13 profile="lxd-juju-4eb7e9-1-lxd-1_</var/snap/lxd/common/lxd>" name="/run/lxcfs/controllers/sys/fs/cgroup/unified/" pid=72668 comm="lxcfs" fstype="cgroup2" srcname="cgroup" flags="rw, nosuid, nodev, noexec, relatime"
Aug  2 21:03:16 compute4 kernel: [  593.299525] audit: type=1400 audit(1627938196.400:206): apparmor="DENIED" operation="mount" info="failed flags match" error=-13 profile="lxd-juju-4eb7e9-1-lxd-2_</var/snap/lxd/common/lxd>" name="/run/lxcfs/controllers/sys/fs/cgroup/unified/" pid=72692 comm="lxcfs" fstype="cgroup2" srcname="cgroup" flags="rw, nosuid, nodev, noexec, relatime"
Aug  2 21:05:04 compute4 kernel: [  701.657341] audit: type=1400 audit(1627938304.755:207): apparmor="STATUS" operation="profile_load" label="lxd-juju-4eb7e9-1-lxd-1_</var/snap/lxd/common/lxd>//&:lxd-juju-4eb7e9-1-lxd-1_<var-snap-lxd-common-lxd>:unconfined" name="snap-update-ns.mysql-shell" pid=99830 comm="apparmor_parser"
Aug  2 21:05:04 compute4 kernel: [  701.807236] audit: type=1400 audit(1627938304.903:208): apparmor="STATUS" operation="profile_load" label="lxd-juju-4eb7e9-1-lxd-1_</var/snap/lxd/common/lxd>//&:lxd-juju-4eb7e9-1-lxd-1_<var-snap-lxd-common-lxd>:unconfined" name="snap.mysql-shell.mysqlsh" pid=99831 comm="apparmor_parser"
Aug  2 21:05:06 compute4 kernel: [  703.420238] audit: type=1400 audit(1627938306.518:209): apparmor="STATUS" operation="profile_replace" label="lxd-juju-4eb7e9-1-lxd-1_</var/snap/lxd/common/lxd>//&:lxd-juju-4eb7e9-1-lxd-1_<var-snap-lxd-common-lxd>:unconfined" name="/snap/snapd/12398/usr/lib/snapd/snap-confine" pid=99888 comm="apparmor_parser"
Aug  2 21:05:06 compute4 kernel: [  703.436006] audit: type=1400 audit(1627938306.534:210): apparmor="STATUS" operation="profile_replace" label="lxd-juju-4eb7e9-1-lxd-1_</var/snap/lxd/common/lxd>//&:lxd-juju-4eb7e9-1-lxd-1_<var-snap-lxd-common-lxd>:unconfined" name="/snap/snapd/12398/usr/lib/snapd/snap-confine//mount-namespace-capture-helper" pid=99888 comm="apparmor_parser"
Aug  2 21:05:06 compute4 kernel: [  703.627619] audit: type=1400 audit(1627938306.722:211): apparmor="STATUS" operation="profile_replace" label="lxd-juju-4eb7e9-1-lxd-1_</var/snap/lxd/common/lxd>//&:lxd-juju-4eb7e9-1-lxd-1_<var-snap-lxd-common-lxd>:unconfined" name="snap.mysql-shell.mysqlsh" pid=99890 comm="apparmor_parser"
Aug  2 21:05:06 compute4 kernel: [  703.642182] audit: type=1400 audit(1627938306.738:212): apparmor="STATUS" operation="profile_replace" info="same as current profile, skipping" label="lxd-juju-4eb7e9-1-lxd-1_</var/snap/lxd/common/lxd>//&:lxd-juju-4eb7e9-1-lxd-1_<var-snap-lxd-common-lxd>:unconfined" name="snap-update-ns.mysql-shell" pid=99904 comm="apparmor_parser"
Aug  2 21:05:31 compute4 kernel: [  728.359272] audit: type=1400 audit(1627938331.458:213): apparmor="STATUS" operation="profile_load" label="lxd-juju-4eb7e9-1-lxd-3_</var/snap/lxd/common/lxd>//&:lxd-juju-4eb7e9-1-lxd-3_<var-snap-lxd-common-lxd>:unconfined" name="/snap/core/11420/usr/lib/snapd/snap-confine" pid=102352 comm="apparmor_parser"
Aug  2 21:05:31 compute4 kernel: [  728.365822] audit: type=1400 audit(1627938331.466:214): apparmor="STATUS" operation="profile_load" label="lxd-juju-4eb7e9-1-lxd-3_</var/snap/lxd/common/lxd>//&:lxd-juju-4eb7e9-1-lxd-3_<var-snap-lxd-common-lxd>:unconfined" name="/snap/core/11420/usr/lib/snapd/snap-confine//mount-namespace-capture-helper" pid=102352 comm="apparmor_parser"
Aug  2 21:05:31 compute4 kernel: [  728.489670] audit: type=1400 audit(1627938331.590:215): apparmor="STATUS" operation="profile_load" label="lxd-juju-4eb7e9-1-lxd-3_</var/snap/lxd/common/lxd>//&:lxd-juju-4eb7e9-1-lxd-3_<var-snap-lxd-common-lxd>:unconfined" name="snap-update-ns.core" pid=102456 comm="apparmor_parser"
Aug  2 21:05:31 compute4 kernel: [  728.646927] audit: type=1400 audit(1627938331.746:216): apparmor="STATUS" operation="profile_load" label="lxd-juju-4eb7e9-1-lxd-3_</var/snap/lxd/common/lxd>//&:lxd-juju-4eb7e9-1-lxd-3_<var-snap-lxd-common-lxd>:unconfined" name="snap.core.hook.configure" pid=102457 comm="apparmor_parser"
Aug  2 21:05:51 compute4 kernel: [  748.570171] audit: type=1400 audit(1627938351.670:217): apparmor="STATUS" operation="profile_load" label="lxd-juju-4eb7e9-1-lxd-1_</var/snap/lxd/common/lxd>//&:lxd-juju-4eb7e9-1-lxd-1_<var-snap-lxd-common-lxd>:unconfined" name="/usr/sbin/mysqld" pid=104156 comm="apparmor_parser"
Aug  2 21:06:10 compute4 kernel: [  766.916595] audit: type=1400 audit(1627938370.018:218): apparmor="STATUS" operation="profile_load" label="lxd-juju-4eb7e9-1-lxd-3_</var/snap/lxd/common/lxd>//&:lxd-juju-4eb7e9-1-lxd-3_<var-snap-lxd-common-lxd>:unconfined" name="snap-update-ns.vault" pid=106196 comm="apparmor_parser"
Aug  2 21:06:10 compute4 kernel: [  767.073056] audit: type=1400 audit(1627938370.174:219): apparmor="STATUS" operation="profile_load" label="lxd-juju-4eb7e9-1-lxd-3_</var/snap/lxd/common/lxd>//&:lxd-juju-4eb7e9-1-lxd-3_<var-snap-lxd-common-lxd>:unconfined" name="snap.vault.vault" pid=106197 comm="apparmor_parser"
Aug  2 21:06:10 compute4 kernel: [  767.454167] audit: type=1400 audit(1627938370.554:220): apparmor="STATUS" operation="profile_replace" label="lxd-juju-4eb7e9-1-lxd-3_</var/snap/lxd/common/lxd>//&:lxd-juju-4eb7e9-1-lxd-3_<var-snap-lxd-common-lxd>:unconfined" name="/snap/snapd/12398/usr/lib/snapd/snap-confine" pid=106231 comm="apparmor_parser"
Aug  2 21:06:10 compute4 kernel: [  767.472542] audit: type=1400 audit(1627938370.574:221): apparmor="STATUS" operation="profile_replace" label="lxd-juju-4eb7e9-1-lxd-3_</var/snap/lxd/common/lxd>//&:lxd-juju-4eb7e9-1-lxd-3_<var-snap-lxd-common-lxd>:unconfined" name="/snap/snapd/12398/usr/lib/snapd/snap-confine//mount-namespace-capture-helper" pid=106231 comm="apparmor_parser"
Aug  2 21:06:10 compute4 kernel: [  767.781439] audit: type=1400 audit(1627938370.882:222): apparmor="STATUS" operation="profile_replace" label="lxd-juju-4eb7e9-1-lxd-3_</var/snap/lxd/common/lxd>//&:lxd-juju-4eb7e9-1-lxd-3_<var-snap-lxd-common-lxd>:unconfined" name="snap.vault.vault" pid=106233 comm="apparmor_parser"
