Node 0 MemTotal:       16393164 kB
Node 0 MemFree:          176584 kB
Node 0 MemUsed:        16216580 kB
Node 0 Active:          8197284 kB
Node 0 Inactive:        6682784 kB
Node 0 Active(anon):    4422356 kB
Node 0 Inactive(anon):  2324960 kB
Node 0 Active(file):    3774928 kB
Node 0 Inactive(file):  4357824 kB
Node 0 Unevictable:       55172 kB
Node 0 Mlocked:           55172 kB
Node 0 Dirty:            299504 kB
Node 0 Writeback:             0 kB
Node 0 FilePages:       8085868 kB
Node 0 Mapped:          1464552 kB
Node 0 AnonPages:       6852272 kB
Node 0 Shmem:             44924 kB
Node 0 KernelStack:       23436 kB
Node 0 PageTables:        44324 kB
Node 0 NFS_Unstable:          0 kB
Node 0 Bounce:                0 kB
Node 0 WritebackTmp:          0 kB
Node 0 KReclaimable:     660496 kB
Node 0 Slab:            1071232 kB
Node 0 SReclaimable:     660496 kB
Node 0 SUnreclaim:       410736 kB
Node 0 AnonHugePages:    141312 kB
Node 0 ShmemHugePages:        0 kB
Node 0 ShmemPmdMapped:        0 kB
Node 0 FileHugePages:        0 kB
Node 0 FilePmdMapped:        0 kB
Node 0 HugePages_Total:     0
Node 0 HugePages_Free:      0
Node 0 HugePages_Surp:      0
