dumpe2fs 1.45.5 (07-Jan-2020)
Filesystem volume name:   root
Last mounted on:          /
Filesystem UUID:          51babbe8-f78f-46a4-8830-d351c3830325
Filesystem magic number:  0xEF53
Filesystem revision #:    1 (dynamic)
Filesystem features:      has_journal ext_attr resize_inode dir_index filetype needs_recovery extent 64bit flex_bg sparse_super large_file huge_file dir_nlink extra_isize metadata_csum
Filesystem flags:         signed_directory_hash 
Default mount options:    user_xattr acl
Filesystem state:         clean
Errors behavior:          Continue
Filesystem OS type:       Linux
Inode count:              19660800
Block count:              78642683
Reserved block count:     3932057
Free blocks:              71155957
Free inodes:              19119362
First block:              0
Block size:               4096
Fragment size:            4096
Group descriptor size:    64
Reserved GDT blocks:      1024
Blocks per group:         32768
Fragments per group:      32768
Inodes per group:         8192
Inode blocks per group:   512
Flex block group size:    16
Filesystem created:       Fri Feb  4 09:32:08 2022
Last mount time:          Wed Feb  9 22:38:11 2022
Last write time:          Wed Feb  9 22:38:10 2022
Mount count:              3
Maximum mount count:      -1
Last checked:             Fri Feb  4 09:32:08 2022
Check interval:           0 (<none>)
Lifetime writes:          38 GB
Reserved blocks uid:      0 (user root)
Reserved blocks gid:      0 (group root)
First inode:              11
Inode size:	          256
Required extra isize:     32
Desired extra isize:      32
Journal inode:            8
First orphan inode:       16517403
Default directory hash:   half_md4
Directory Hash Seed:      a4c790ba-9cc3-4f15-8ea9-7576dc605f28
Journal backup:           inode blocks
Checksum type:            crc32c
Checksum:                 0xaa50aae3
Journal features:         journal_incompat_revoke journal_64bit journal_checksum_v3
Journal size:             1024M
Journal length:           262144
Journal sequence:         0x00154c9b
Journal start:            262128
Journal checksum type:    crc32c
Journal checksum:         0x7176d1dc


Group 0: (Blocks 0-32767) csum 0x376c [ITABLE_ZEROED]
  Primary superblock at 0, Group descriptors at 1-38
  Reserved GDT blocks at 39-1062
  Block bitmap at 1063 (+1063), csum 0x9774a8e7
  Inode bitmap at 1079 (+1079), csum 0xcd465889
  Inode table at 1095-1606 (+1095)
  21428 free blocks, 8174 free inodes, 2 directories, 8173 unused inodes
  Free blocks: 11340-32767
  Free inodes: 19-8192
Group 1: (Blocks 32768-65535) csum 0xb9e5 [INODE_UNINIT, ITABLE_ZEROED]
  Backup superblock at 32768, Group descriptors at 32769-32806
  Reserved GDT blocks at 32807-33830
  Block bitmap at 1064 (bg #0 + 1064), csum 0x3e97db6e
  Inode bitmap at 1080 (bg #0 + 1080), csum 0x00000000
  Inode table at 1607-2118 (bg #0 + 1607)
  5907 free blocks, 8192 free inodes, 0 directories, 8192 unused inodes
  Free blocks: 33832-33887, 33907, 33909-35133, 35135-35263, 35296-35835, 36083-36135, 36593-36863, 39613-39670, 40690, 44217-44218, 44220, 44233-44643, 45426, 45433-45436, 45439, 45444-45567, 45571, 45573-45583, 45585-45586, 45588-45591, 46253, 46310-47103, 47457-47458, 47473-47702, 49086-49151, 51402-51403, 51405, 51416-51721, 52959-53247, 54568, 54574-54692, 57152-57153, 57155-57156, 57164-57332, 58341, 58368-59391, 60790, 60792
  Free inodes: 8193-16384
Group 2: (Blocks 65536-98303) csum 0xf381 [INODE_UNINIT, ITABLE_ZEROED]
  Block bitmap at 1065 (bg #0 + 1065), csum 0xedc0a629
  Inode bitmap at 1081 (bg #0 + 1081), csum 0x00000000
  Inode table at 2119-2630 (bg #0 + 2119)
  17217 free blocks, 8192 free inodes, 0 directories, 8192 unused inodes
  Free blocks: 68418-68479, 68558-68607, 68982, 68985-68988, 68991-68992, 69387-69439, 69485-69499, 69502-69503, 69556-69584, 69587-69616, 69620-69631, 69782, 69804-69887, 70065, 70070-70143, 70200-70228, 70231-70260, 70264-70322, 72570, 73347-73727, 81920-83967, 84055-98303
  Free inodes: 16385-24576
Group 3: (Blocks 98304-131071) csum 0xe581 [INODE_UNINIT, ITABLE_ZEROED]
  Backup superblock at 98304, Group descriptors at 98305-98342
  Reserved GDT blocks at 98343-99366
  Block bitmap at 1066 (bg #0 + 1066), csum 0x8cb2abb2
  Inode bitmap at 1082 (bg #0 + 1082), csum 0x00000000
  Inode table at 2631-3142 (bg #0 + 2631)
  14498 free blocks, 8192 free inodes, 0 directories, 8192 unused inodes
  Free blocks: 101436-101439, 101484-101503, 101551-101567, 101622-101631, 101689-101695, 101727, 101749-101759, 101795-101823, 101870-101887, 102046-102047, 102079, 102115-102143, 102286-102303, 102323-102335, 102378-102399, 102427-102431, 102461-102463, 102484-102495, 102518-102527, 102605-102623, 102647-102655, 102808-102815, 102834-102847, 102881-102911, 103058-103071, 103090-103103, 103122-103135, 103165-103167, 103320-103327, 103345-103359, 103421-103423, 103478-103487, 103531-103551, 103586-103615, 103649-103679, 103725-103743, 103777-103807, 103873-103903, 103922-103935, 104239-104255, 104273-104287, 104308-104319, 104396-104415, 104439-104447, 105882-105887, 105914-105919, 105964-105983, 106074-106079, 106098-106111, 106199-106207, 106227-106239, 106405-106431, 106450-106463, 106487-106495, 107206-107231, 107250-107263, 107398-107423, 107444-107455, 107511-107519, 107850-107871, 107893-107903, 108025-108031, 108127, 108146-108159, 108245-108255, 108286-108287, 108364-108383, 108410-108415, 108492-108511, 108538-108543, 108685-108703, 108730-108735, 108780-108799, 108965-108991, 109035-109055, 109380-109407, 109439, 109487-109503, 109550-109567, 109607-109631, 109675-109695, 109743-109759, 109804-109823, 109870-109887, 109939-109951, 109997-110015, 110061-110079, 110120-110143, 110188-110207, 110243-110271, 110307-110335, 110377-110399, 110442-110463, 110505-110527, 110563-110591, 110738-110751, 110772-110783, 110836-110847, 111000-111007, 111027-111039, 111062-111071, 111103, 111250-111263, 111287-111295, 111326-111327, 111351-111359, 111462-111487, 111510-111519, 111547-111551, 111808-112639, 112775-112799, 112915-118783, 124928-131071
  Free inodes: 24577-32768
Group 4: (Blocks 131072-163839) csum 0xa1e2 [INODE_UNINIT, ITABLE_ZEROED]
  Block bitmap at 1067 (bg #0 + 1067), csum 0x9f94e789
  Inode bitmap at 1083 (bg #0 + 1083), csum 0x00000000
  Inode table at 3143-3654 (bg #0 + 3143)
  12824 free blocks, 8192 free inodes, 0 directories, 8192 unused inodes
  Free blocks: 131072-133567, 133602-133983, 134006-134015, 134082-134111, 134141-134143, 134370-134399, 134461-134463, 134522-134527, 134596-134623, 134642-134655, 134744-134751, 134771-134783, 134911, 135013-135039, 135100-135103, 135158-137855, 137898-137919, 137983, 138180-138207, 138236-138239, 138479-138495, 138616-138623, 138692-138719, 138935-138943, 138986-139007, 139209-139231, 139450-139455, 139495-139519, 139745-139775, 140003-140031, 140260-140287, 140873-140895, 140993-141023, 141049-141055, 141122-141151, 141178-141183, 141250-141279, 141596-141599, 141628-141631, 141674-141695, 141761-141791, 141809-141823, 141889-141919, 141941-141951, 142012-142015, 142066-142079, 142130-142143, 142201-142207, 142273-142303, 142469-142495, 142571-142591, 142657-142687, 142713-142719, 142787-142815, 142841-142847, 142913-142943, 142969-142975, 143041-143071, 143097-143103, 143170-143199, 143298-143327, 143425-143455, 143487, 143521-143551, 143612-143615, 143666-143679, 143732-143743, 143809-143839, 144002-144031, 144104-144127, 144193-144223, 144322-144351, 144429-144447, 144505-144511, 144578-144607, 144706-144735, 144880-144895, 144953-144959, 145017-145023, 145081-145087, 145130-145151, 145217-145247, 145345-145375, 145474-145503, 145510-145512, 145529-145535, 145602-145631, 145639-145641, 145655-145663, 145729-145759, 145766-145767, 145785-145791, 145858-145887, 145908-145912, 145915-145919, 146033-146047, 146113-146143, 146241-146271, 146369-146399, 146431, 146497-146527, 146553-146559, 146626-146655, 146681-146687, 146754-146783, 146810-146815, 146882-146911, 147010-147039, 147137-147167, 147265-147295, 147316-147327, 147393-147423, 147444-147455, 147498-147519, 147574-147583, 147697-147711, 147778-147807, 147839, 147906-147935, 147967, 148055-148063, 148095, 148150-148159, 148201-148223, 148289-148319, 148341-148351, 148417-148447, 148545-148575, 148600-148607, 148673-148703, 148724-148735, 148828-148831, 148853-148863, 148929-148991, 149057-149119, 149185-149247, 149313-149375, 149468-149503, 150179-150183, 150192-150207, 150249-150271, 150401-150413, 150416-150463, 150505-150527, 151483, 151645, 151647-151648, 151651-151679, 151777, 151779-151780, 151783-151807, 151894, 151896-151897, 151900-151935, 152001-152063, 152743-152746, 152763-152831, 152897-152959, 153025-153087, 153153-153215, 153308-153343, 153410-153471, 153538-153599, 153687-153727, 153794-153855, 153922-153983, 154071-154111, 154178-154239, 154306-154367, 154481-154495, 154561-154623, 154689-154751, 154818-154879, 154946-155007, 155073-155135, 155197-155199, 155253-155263, 155338-155391, 155522-155583, 155625-155647, 155713-155775, 155844-155903, 155958-155967, 156008-156031, 156097-156159, 156225-156287, 156368-156415, 156481-156543, 156609-156671, 156737-156799, 156866-156927, 156994-157055, 157121-157183, 157224-157247, 157291-157311, 157405-157439, 157506-157567, 157634-157695, 157761-157823, 157864-157887, 157931-157951, 158045-158079, 158146-158207, 158274-158335, 158401-158463, 158506-158527, 158571-158591, 158686-158719, 158785-158847, 158913-158975, 159068-159103, 159145-159167, 159222-159231, 159273-159295, 159351-159359, 159425-159487, 159553-159615, 159682-159743, 159810-159871, 159937-159999, 160044-160063, 160111-160127, 160294-160319, 160366-160383, 160481-160511, 160720-160767, 160923-160959, 161019-161023, 161183-161279, 161370-161407, 161532-161535, 161685-161791, 161935-162047, 162113-162175, 162298-162303, 162447-162559, 162740-162815, 162988-163071, 163147-163327, 163520-163583, 163768-163839
  Free inodes: 32769-40960
Group 5: (Blocks 163840-196607) csum 0x6245 [INODE_UNINIT, ITABLE_ZEROED]
  Backup superblock at 163840, Group descriptors at 163841-163878
  Reserved GDT blocks at 163879-164902
  Block bitmap at 1068 (bg #0 + 1068), csum 0xfebf8437
  Inode bitmap at 1084 (bg #0 + 1084), csum 0x00000000
  Inode table at 3655-4166 (bg #0 + 3655)
  6591 free blocks, 8192 free inodes, 0 directories, 8192 unused inodes
  Free blocks: 165210-165215, 165241-165247, 165309-165311, 165354-165375, 165545-165567, 165628-165631, 165798-165823, 165885-165887, 166006-166015, 166082-166111, 166129-166143, 166321-166335, 166363-166367, 166399, 167310-167327, 167350-167359, 167395-167423, 168306-168319, 168386-168415, 168442-168447, 168471-168479, 168504-168511, 168536-168543, 168568-168575, 168602-168607, 168634-168639, 168666-168671, 168698-168703, 168746-168767, 168810-168831, 168874-168895, 168938-168959, 170177-170207, 170226-170239, 170274-170303, 170327-170335, 170359-170367, 170392-170399, 170423-170431, 170455-170463, 170487-170495, 170536-170559, 170604-170623, 170668-170687, 170732-170751, 170796-170815, 170858-170879, 170959-170975, 171000-171007, 171087-171103, 171215-171231, 171252-171263, 171343-171359, 171386-171391, 171465-171487, 171519, 171586-171615, 171634-171647, 171743, 171762-171775, 171873-171903, 171989-171999, 172027-172031, 172144-172159, 172259-172287, 172388-172415, 172533-172543, 172606-172607, 172663-172671, 172783-172799, 172898-172927, 173023, 173195-173215, 173298-173311, 173450-173503, 173548-173567, 173662-173695, 173816-173823, 173977-174015, 174068-174079, 174233-174271, 174308-174335, 174484-174527, 174573-174591, 174751-174783, 174828-174847, 174977-175039, 175085-175103, 175240-175295, 175344-175359, 175495-175551, 175587-175615, 175771-175807, 175844-175871, 176018-176063, 176101-176127, 176284-176319, 176358-176383, 176537-176575, 176612-176639, 176910-176959, 177005-177023, 177136-177151, 177426-177471, 177521-177535, 177653-177663, 177765-177791, 177894-177919, 178022-178047, 178145-178175, 178319-178367, 178424-178431, 178575-178623, 178668-178687, 178831-178879, 178925-178943, 179105-179135, 179185-179199, 179332-179391, 179448-179455, 179588-179647, 179703-179711, 179844-179903, 179948-179967, 180100-180159, 180205-180223, 180357-180415, 180465-180479, 180619-180671, 180707-180735, 180881-180927, 180965-180991, 181138-181183, 181240-181247, 181413-181439, 181494-181503, 181682-181695, 181739-181759, 181981-182015, 182264-182271, 182520-182527, 182761-182783, 183044-183103, 183149-183167, 183248-183295, 183556-183615, 183664-183679, 183802-183807, 184036-184063, 184318-184319, 184575, 184805-184831, 185089-185151, 185189-185215, 185309-185343, 185602-185663, 185698-185727, 185823-185855, 186162-186175, 186211-186239, 186320-186367, 186694-186751, 186874-186879, 187255-187263, 187384-187391, 187494-187519, 187599-187647, 187778-187839, 188156-188159, 188302-188351, 188411-188415, 188540-188543, 188668-188671, 188815-188863, 188923-188927, 189071-189119, 189180-189183, 189308-189311, 189436-189439, 189564-189567, 189628-189631, 189693-189695, 189756-189759, 189819-189823, 189885-189887, 189942-189951, 190124-190207, 190273-190463, 190636-190719, 190892-190975, 191155-191231, 191411-191487, 191667-191743, 191923-191999, 192154-192255, 192435-192511, 192691-192767, 192947-193023, 193203-193279, 193424-193535, 193680-193791, 193945-194047, 194201-194303, 194467-194559, 194723-194815, 194969-195071, 195225-195327, 195491-195583, 195747-195839, 196025-196095, 196281-196351, 196537-196607
  Free inodes: 40961-49152
Group 6: (Blocks 196608-229375) csum 0x9fab [INODE_UNINIT, ITABLE_ZEROED]
  Block bitmap at 1069 (bg #0 + 1069), csum 0x1b888776
  Inode bitmap at 1085 (bg #0 + 1085), csum 0x00000000
  Inode table at 4167-4678 (bg #0 + 4167)
  10309 free blocks, 8192 free inodes, 0 directories, 8192 unused inodes
  Free blocks: 196793-196799, 196818-196831, 196859-196863, 197049-197055, 197085-197087, 197109-197119, 197305-197311, 197349-197375, 197561-197567, 197612-197631, 197817-197823, 197858-197887, 198073-198079, 198133-198143, 198329-198335, 198388-198399, 198585-198591, 198642-198655, 198841-198847, 198896-198911, 199054-199071, 199091-199103, 199156-199167, 199282-199295, 199408-199423, 199517-199519, 199542-199551, 199640-199647, 199670-199679, 199977-199999, 200047-200063, 200136-200159, 200182-200191, 200285-200287, 200310-200319, 200413-200415, 200440-200447, 200536-200543, 200568-200575, 200664-200703, 200809-200831, 200956-200959, 201006-201023, 201070-201087, 201171-201215, 201299-201343, 201428-201471, 201641-201663, 201701-201727, 201900-201919, 201966-201983, 202154-202239, 202413-202495, 202645-202751, 202919-203007, 203177-203263, 203489-203519, 203745-203775, 203940-204031, 204195-204287, 204452-204543, 204795-204799, 205139-205183, 205267-205311, 205565-205567, 205822-205823, 205935-205951, 206061-206079, 206246-206335, 206502-206591, 206707-206847, 207013-207103, 207295-207359, 207553-207615, 207783-207871, 208129-208383, 208641-208895, 209062-209151, 209319-209407, 209588-209663, 209879-209919, 210137-210175, 210345-210431, 210721-210943, 211233-211455, 211627-211711, 211957-211967, 212215-212223, 212476-212479, 212819-212991, 213330-213503, 213843-214015, 214269-214271, 214526-214527, 214955-215039, 215615-216063, 216649-217087, 217606-218111, 218656-219135, 219700-220159, 220758-221183, 221771-222207, 222792-223231, 223675-223743, 224290-224767, 225332-225791, 226388-226815, 227406-227839, 228483-228863
  Free inodes: 49153-57344
Group 7: (Blocks 229376-262143) csum 0x7e9e [INODE_UNINIT, ITABLE_ZEROED]
  Backup superblock at 229376, Group descriptors at 229377-229414
  Reserved GDT blocks at 229415-230438
  Block bitmap at 1070 (bg #0 + 1070), csum 0xd08123a9
  Inode bitmap at 1086 (bg #0 + 1086), csum 0x00000000
  Inode table at 4679-5190 (bg #0 + 4679)
  11892 free blocks, 8192 free inodes, 0 directories, 8192 unused inodes
  Free blocks: 230439-230463, 230528-230655, 230911, 231054-231071, 231102-231103, 231147-231423, 232040-232447, 233088-233471, 234093-234495, 234866-235007, 235652-235679, 235704-236031, 236686-236703, 236728-237055, 237672-238079, 238720-239103, 239729-240127, 240491-240639, 240911-240927, 240959-241151, 241451-241663, 241982-242175, 242502-242527, 242552-242687, 242946-242975, 243006-243199, 243485-243487, 243519-243711, 244012-244223, 244530-244735, 245007-245023, 245049-245247, 245547-245759, 246078-246271, 246598-246623, 246655-246783, 247042-247295, 247581-247807, 248108-248319, 248626-248831, 249102-249343, 249614-249855, 250155-250367, 250686-250879, 251206-251391, 251649-251903, 252189-252415, 252716-252927, 253234-253439, 253708-253951, 254250-254463, 254772-254975, 255294-255487, 255859-255999, 256349-256511, 256846-257023, 257370-257535, 257893-258047, 258361-258559, 258848-259071, 259387-260095
  Free inodes: 57345-65536
Group 8: (Blocks 262144-294911) csum 0x1a2a [INODE_UNINIT, ITABLE_ZEROED]
  Block bitmap at 1071 (bg #0 + 1071), csum 0xc04cd16a
  Inode bitmap at 1087 (bg #0 + 1087), csum 0x00000000
  Inode table at 5191-5702 (bg #0 + 5191)
  2591 free blocks, 8192 free inodes, 0 directories, 8192 unused inodes
  Free blocks: 265085-265087, 265215, 265529-265535, 265559-265567, 265588-265599, 265712-265727, 265897-265919, 265940-265951, 265982-265983, 266058-266079, 266101-266111, 266132-266143, 266167-266175, 266228-266239, 266334-266335, 266364-266367, 266450-266463, 266473, 266489-266495, 266604-266623, 266693-266719, 266729, 266744-266751, 266794-266815, 266852-266879, 266992-267007, 267219-267263, 267572-267583, 267617-267647, 267762-267775, 268503-268543, 268770-268799, 269067-269119, 269184-269311, 269523-269567, 269796-269823, 270105-270143, 270207-270335, 270579-270591, 270840-270847, 271103, 271359, 271588-271615, 271847-271871, 272049-272127, 272283-272383, 272539-272639, 272771-272895, 273047-273151, 273324-274431
  Free inodes: 65537-73728
Group 9: (Blocks 294912-327679) csum 0xf8b0 [INODE_UNINIT, ITABLE_ZEROED]
  Backup superblock at 294912, Group descriptors at 294913-294950
  Reserved GDT blocks at 294951-295974
  Block bitmap at 1072 (bg #0 + 1072), csum 0xe60b9c35
  Inode bitmap at 1088 (bg #0 + 1088), csum 0x00000000
  Inode table at 5703-6214 (bg #0 + 5703)
  3102 free blocks, 8192 free inodes, 0 directories, 8192 unused inodes
  Free blocks: 295975-295999, 296062-296063, 296181-296191, 296336-296351, 296372-296383, 296413-296447, 296600-296607, 296632-296703, 296840-296863, 296889-296959, 318614-318623, 318650-318719, 318904-318975, 319125-319135, 319154-319231, 319322-319327, 319358-319359, 319480-319487, 321629-321663, 321757-321791, 321888-321919, 322015-322047, 322179-322303, 322435-322559, 322694-322815, 322950-323071, 323619-324095, 324643-325119, 325651-326143, 326675-327167
  Free inodes: 73729-81920
Group 10: (Blocks 327680-360447) csum 0x3532 [INODE_UNINIT, ITABLE_ZEROED]
  Block bitmap at 1073 (bg #0 + 1073), csum 0xf218bfab
  Inode bitmap at 1089 (bg #0 + 1089), csum 0x00000000
  Inode table at 6215-6726 (bg #0 + 6215)
  10727 free blocks, 8192 free inodes, 0 directories, 8192 unused inodes
  Free blocks: 327745-328191, 328739-329215, 329763-330239, 330832-331263, 331901-332287, 332835-333311, 333859-334335, 334883-335359, 337504-337919, 338973-339455, 339731-339967, 341021-341503, 343070-343551, 343827-344063, 344841-345087, 345865-346111, 346918-347135, 347923-348159, 348947-349183, 349999-350207, 351051-351231, 352019-352255, 353043-353279, 354067-354303, 355515-356351, 357563-358399, 359671-360447
  Free inodes: 81921-90112
Group 11: (Blocks 360448-393215) csum 0x554f [INODE_UNINIT, ITABLE_ZEROED]
  Block bitmap at 1074 (bg #0 + 1074), csum 0x5feb46c8
  Inode bitmap at 1090 (bg #0 + 1090), csum 0x00000000
  Inode table at 6727-7238 (bg #0 + 6727)
  3054 free blocks, 8192 free inodes, 0 directories, 8192 unused inodes
  Free blocks: 361719-361727, 361837-361855, 361921-361951, 361981-361983, 362435-362463, 362492-362495, 363725-363743, 363771-363775, 363874-363903, 363933-363935, 363960-363967, 364012-364031, 365755-365759, 365783-365791, 365823, 365872-365887, 365905-365919, 365937-365951, 365969-365983, 366001-366015, 366065-366079, 366229-366239, 366259-366271, 366332-366335, 366575-366591, 367803-367807, 367841-367871, 367898-367903, 367925-367935, 367970-367999, 368102-368127, 368479, 368511, 368628-368639, 369879-369887, 369913-369919, 370136-370143, 370533-370559, 370625-370655, 370676-370687, 371954-371967, 372173-372191, 372221-372223, 372600-372607, 372676-372703, 373947-373951, 373983, 374015, 374232-374239, 374259-374271, 374625-374655, 374713-374719, 374777-374783, 375995-375999, 376023-376031, 376056-376063, 376277-376287, 376311-376319, 376688-376703, 376761-376767, 376825-376831, 378043-378047, 378084-378111, 378365-378367, 378750-378751, 378777-378783, 378809-378815, 378873-378879, 381425-381439, 381821-381823, 381849-381855, 381882-381887, 381938-381951, 383333-383359, 383444-383455, 383479-383487, 383878-383903, 383927-383935, 383993-383999, 384191, 384243-384255, 384444-384447, 384502-384511, 384705-384735, 384962-384991, 385229-385247, 385273-385279, 385489-385503, 385748-385759, 386005-386015, 386041-386047, 386266-386271, 386297-386303, 386386-386399, 386419-386431, 386510-386527, 386548-386559, 386590-386591, 386658-386687, 386725-386751, 386799-386815, 386850-386879, 386928-386943, 387028-387039, 387065-387071, 387426-387455, 387531-387551, 387573-387583, 387678-387711, 387801-387839, 387927-387967, 388164-388223, 388312-388351, 388437-388479, 388569-388607, 388673-388735, 388802-388863, 388934-388991, 389081-389119, 389207-389247, 389340-389375, 389533-389567, 389603-389631, 389797-389823, 389863-389887, 390071-390079, 390256-390271, 390355-390399, 390507-390527, 390638-390655, 390761-390783, 390877-390911, 390950-391167, 391403-391423, 391603-391679, 391859-391935, 392114-392191, 392370-392447, 392626-392703, 392881-392959, 393138-393215
  Free inodes: 90113-98304
Group 12: (Blocks 393216-425983) csum 0x9169 [INODE_UNINIT, ITABLE_ZEROED]
  Block bitmap at 1075 (bg #0 + 1075), csum 0x04494d58
  Inode bitmap at 1091 (bg #0 + 1091), csum 0x00000000
  Inode table at 7239-7750 (bg #0 + 7239)
  3249 free blocks, 8192 free inodes, 0 directories, 8192 unused inodes
  Free blocks: 393394-393407, 393426-393439, 393461-393471, 393651-393663, 393723-393727, 393907-393919, 393955-393983, 394102-394111, 394200-394207, 394232-394239, 394338-394367, 394488-394495, 394537-394559, 394578-394591, 394612-394623, 394673-394687, 394711-394719, 394748-394751, 395017-395039, 395066-395071, 395097-395103, 395125-395135, 395171-395199, 395221-395231, 395256-395263, 396426-396447, 396473-396479, 396499-396511, 396543, 396700-396703, 396732-396735, 396773-396799, 396973-396991, 397032-397055, 397135-397151, 397175-397183, 397235-397247, 397294-397311, 397441-397471, 397492-397503, 397530-397535, 397559-397567, 397591-397599, 397626-397631, 397655-397663, 397685-397695, 397761-397791, 397809-397823, 397925-397951, 397983, 398001-398015, 398045-398047, 398067-398079, 398103-398111, 398138-398143, 398182-398207, 398276-398303, 398333-398335, 398409-398431, 398451-398463, 398508-398527, 398578-398591, 398700-398719, 398814-398815, 398834-398847, 399129-399135, 399155-399167, 399228-399231, 399298-399327, 399359, 399518-399519, 399551, 399597-399615, 399758-399775, 399806-399807, 399858-399871, 399998-399999, 400062-400063, 400105-400127, 400269-400287, 400306-400319, 400353-400383, 400755-400767, 400793-400799, 400827-400831, 400879-400895, 401175-401183, 401214-401215, 401239-401247, 401270-401279, 401298-401311, 401331-401343, 401379-401407, 401429-401439, 401457-401471, 401500-401503, 401531-401535, 401587-401599, 401655-401663, 401689-401695, 401713-401727, 401764-401791, 401855, 401881-401887, 401905-401919, 402276-402303, 402427-402431, 402721-402751, 402800-402815, 402846-402847, 402867-402879, 402897-402911, 402929-402943, 403080-403103, 403125-403135, 403154-403167, 403188-403199, 403352-403359, 403384-403391, 403431-403455, 403473-403487, 403506-403519, 403569-403583, 403602-403615, 403636-403647, 403687-403711, 403799-403807, 403825-403839, 403899-403903, 403925-403935, 403955-403967, 404082-404095, 404172-404191, 404211-404223, 404407-404415, 404468-404479, 404999-405023, 405053-405055, 405091-405119, 405164-405183, 405234-405247, 405384-405407, 405438-405439, 405487-405503, 405958-405983, 406011-406015, 406284-406303, 406321-406335, 406380-406399, 406472-406495, 406520-406527, 406703-406719, 406755-406783, 406922-406943, 406969-406975, 407009-407039, 407540-407551, 407969-407999, 408029-408031, 408050-408063, 408100-408127, 408163-408191, 408245-408255, 408273-408287, 408305-408319, 408337-408351, 408369-408383, 408401-408415, 408442-408447, 408509-408511, 408569-408575, 408593-408607, 408632-408639, 408691-408703, 408756-408767, 408790-408799, 408824-408831, 408945-408959, 409063-409087, 409229-409247, 409271-409279, 409321-409343, 409514-409535, 409564-409567, 409599, 409642-409663, 409698-409727, 409844-409855, 409926-409951, 409983, 410077-410079, 410102-410111, 410160-410175, 410209-410239, 410321-410335, 410361-410367, 410422-410431, 410457-410463, 410490-410495, 410562-410591, 410609-410623, 411578-411583, 411640-411647, 414984-415007, 415029-415039, 415062-415071, 415089-415103, 415134-415135, 415156-415231, 415402-415423, 415441-415455, 415478-415743
  Free inodes: 98305-106496
Group 13: (Blocks 425984-458751) csum 0x2706 [INODE_UNINIT, ITABLE_ZEROED]
  Block bitmap at 1076 (bg #0 + 1076), csum 0xb311d713
  Inode bitmap at 1092 (bg #0 + 1092), csum 0x00000000
  Inode table at 7751-8262 (bg #0 + 7751)
  6064 free blocks, 8192 free inodes, 0 directories, 8192 unused inodes
  Free blocks: 428135-428159, 428183-428191, 428210-428223, 428286-428287, 428311-428319, 428340-428351, 428374-428383, 428412-428415, 428440-428447, 428476-428479, 428532-428543, 428569-428575, 428605-428607, 428625-428639, 428669-428671, 428751-428767, 428794-428799, 428823-428831, 428862-428863, 428917-428927, 428971-428991, 429054-429055, 430802-430815, 430835-430847, 430952-430975, 431037-431039, 431092-431103, 431919-431935, 431991-431999, 432121-432127, 432911-432927, 432946-432959, 432985-432991, 433010-433023, 433044-433055, 433075-433087, 433106-433119, 433144-433151, 433718-433727, 433772-433791, 433812-433823, 433849-433855, 433874-433887, 433907-433919, 433996-434015, 434039-434047, 434170-434175, 434525-434527, 434556-434559, 434633-434655, 434681-434687, 434731-434751, 434785-434815, 434863-434879, 434934-434943, 435079-435103, 435126-435135, 435178-435199, 435248-435263, 435282-435295, 435313-435327, 435363-435391, 435411-435423, 435441-435455, 435495-435519, 435540-435551, 435571-435583, 435629-435647, 435676-435679, 435758-435775, 435802-435807, 435825-435839, 435861-435871, 435903, 435959-435967, 436003-436031, 436054-436063, 436090-436095, 436143-436159, 436177-436191, 436217-436223, 436248-436255, 436279-436287, 436311-436319, 436342-436351, 436403-436415, 436434-436447, 436469-436479, 436542-436543, 436572-436575, 436593-436607, 436664-436671, 436705-436735, 436815-436831, 436849-436863, 436899-436927, 436948-436959, 436980-436991, 437059-437087, 437106-437119, 437140-437151, 437180-437183, 437246-437247, 437318-437343, 437361-437375, 437427-437439, 437502-437503, 437525-437535, 437555-437567, 437585-437599, 437622-437631, 437651-437663, 437681-437695, 437729-437759, 437834-437855, 437881-437887, 437925-437951, 438009-438015, 438033-438047, 438079, 438097-438111, 438130-438143, 438164-438175, 438197-438207, 438244-438271, 438289-438303, 438321-438335, 438355-438367, 438389-438399, 438472-438495, 438525-438527, 438558-438559, 438590-438591, 438633-438655, 438746-438751, 438779-438783, 438813-438815, 438845-438847, 438867-438879, 438897-438911, 439012-439039, 439087-439103, 439162-439167, 439185-439199, 439229-439231, 439262-439263, 439283-439295, 439319-439327, 439353-439359, 439388-439391, 439412-439423, 439464-439487, 439508-439519, 439537-439551, 439640-439647, 439665-439679, 439738-439743, 439772-439775, 439803-439807, 439831-439839, 439859-439871, 439914-439935, 440019-440031, 440051-440063, 440082-440095, 440113-440127, 440145-440159, 440279-440287, 440310-440319, 440342-440351, 440375-440383, 440442-440447, 440540-440543, 440570-440575, 440651-440671, 440689-440703, 440738-440767, 440829-440831, 440995-441023, 441057-441087, 441124-441151, 441191-441215, 441234-441247, 441274-441279, 441323-441343, 441441-441471, 441511-441535, 441556-441567, 441593-441599, 441618-441631, 441654-441663, 441684-441695, 441720-441727, 441764-441791, 441834-441855, 441884-441887, 441906-441919, 441961-441983, 442027-442047, 442105-442111, 442349-442367, 442490-442495, 442530-442559, 442586-442591, 442614-442623, 442701-442719, 442741-442751, 442948-442975, 443000-443007, 443042-443071, 443089-443103, 443121-443135, 443186-443199, 443217-443231, 443255-443263, 443284-443295, 443321-443327, 443350-443359, 443386-443391, 443412-443423, 443444-443455, 443474-443487, 443508-443519, 443570-443583, 443604-443615, 443647, 443839, 443895-443903, 443967, 444004-444031, 444102-444127, 444148-444159, 444310-444319, 444349-444351, 444388-444415, 444592-444607, 444664-444671, 444821-444831, 444858-444863, 444900-444927, 445077-445087, 445114-445119, 445157-445183, 445377-445407, 445435-445439, 445505-445535, 445559-445567, 445601-445631, 445682-445695, 445736-445759, 445809-445823, 445915-445919, 445942-445951, 446108-446111, 446133-446143, 446181-446207, 446359-446367, 446388-446399, 446433-446463, 446566-446591, 446620-446623, 446646-446655, 446700-446719, 446755-446783, 446823-446847, 446866-446879, 446903-446911, 446939-446943, 446967-446975, 446995-447007, 447027-447039, 447094-447103, 447165-447167, 447204-447231, 447257-447263, 447293-447295, 447339-447359, 447401-447423, 447453-447455, 447487, 447523-447551, 447589-447615, 447737-447743, 447941-447967, 447993-447999, 448029-448031, 448061-448063, 448124-448127, 448170-448191, 448225-448255, 448306-448319, 448337-448351, 448375-448383, 448491-448511, 448529-448543, 448565-448575, 448605-448607, 448627-448639, 448698-448703, 448721-448735, 448758-448767, 448785-448799, 448823-448831, 448892-448895, 448964-448991, 449012-449023, 449061-449087, 449136-449151, 449175-449183, 449206-449215, 449274-449279, 449465-449471, 449518-449535, 449563-449567, 449585-449599, 449636-449663, 449695, 449720-449727, 449781-449791, 449834-449855, 449877-449887, 449906-449919, 449981-449983, 450039-450047, 450071-450079, 450101-450111, 450132-450143, 450161-450175, 450250-450271, 450298-450303, 450355-450367, 450406-450431, 450551-450559, 450598-450623, 450661-450687, 450729-450751, 450775-450783, 450804-450815, 450849-450879, 450913-450943, 451010-451039, 451059-451071, 451091-451103, 451130-451135, 451176-451199, 451274-451295, 451316-451327, 451354-451359, 451378-451391, 451413-451423, 451452-451455, 451523-451551, 451569-451583, 451602-451615, 451647, 451687-451711, 451768-451775, 451823-451839, 452020-452031, 452093-452095, 452213-452223, 452289-452319, 452346-452351, 452570-452575, 452597-452607, 452702-452703, 452724-452735, 452771-452799, 452833-452863, 452915-452927, 452957-452959, 452979-452991, 453060-453087, 453115-453119, 453143-453151, 453177-453183, 453209-453215, 453238-453247, 453287-453311, 453330-453343, 453364-453375, 453437-453439, 453457-453471, 453496-453503, 453531-453535, 453561-453567, 453618-453631, 453654-453663, 453685-453695, 453746-453759, 453799-453823, 453854-453855, 453881-453887, 453905-453919, 453941-453951, 453972-453983, 454007-454015, 454060-454079, 454098-454111, 454131-454143, 454167-454175, 454193-454207, 454226-454239, 454258-454271, 454305-454335, 454378-454399, 454536-454559, 454628-454655, 454878-454879, 454905-454911, 455080-455103, 455165-455167, 455244-455263, 455287-455295, 455388-455391, 455421-455423, 455459-455487, 455529-455551, 455596-455615, 455660-455679, 455762-455775, 455800-455807, 455906-455935, 456106-456127, 456165-456191, 456596-456607, 456631-456639, 456696-456703, 457579-457599, 457686-457695, 457717-457727, 457964-457983, 458001-458015, 458045-458047, 458085-458111, 458151-458239, 458579-458591, 458621-458623, 458658-458687, 458741-458751
  Free inodes: 106497-114688
Group 14: (Blocks 458752-491519) csum 0xdb52 [INODE_UNINIT, ITABLE_ZEROED]
  Block bitmap at 1077 (bg #0 + 1077), csum 0x1eb4ebc8
  Inode bitmap at 1093 (bg #0 + 1093), csum 0x00000000
  Inode table at 8263-8774 (bg #0 + 8263)
  4187 free blocks, 8192 free inodes, 0 directories, 8192 unused inodes
  Free blocks: 458853-458879, 458914-458943, 459000-459007, 459044-459071, 459118-459135, 459159-459167, 459185-459199, 459220-459231, 459252-459263, 459554-459583, 459605-459615, 459634-459647, 459700-459711, 459733-459743, 459764-459775, 459799-459807, 459829-459839, 459861-459871, 459900-459903, 459969-459999, 460026-460031, 460075-460095, 460119-460127, 460150-460159, 460209-460223, 460280-460287, 460319, 460339-460351, 460375-460383, 460402-460415, 460481-460511, 460532-460543, 460563-460575, 460605-460607, 460633-460639, 460690-460703, 460722-460735, 460754-460767, 460786-460799, 460820-460831, 460853-460863, 460885-460895, 460920-460927, 460947-460959, 460980-460991, 461015-461023, 461052-461055, 461082-461087, 461109-461119, 461158-461183, 461201-461215, 461236-461247, 461266-461279, 461302-461311, 461331-461343, 461363-461375, 461402-461407, 461430-461439, 461488-461503, 461563-461567, 461603-461631, 461660-461663, 461690-461695, 461748-461759, 461780-461791, 461822-461823, 461939-461951, 461974-461983, 462001-462015, 462079, 462105-462111, 462142-462143, 462168-462175, 462194-462207, 462245-462271, 462289-462303, 462322-462335, 462376-462399, 462426-462431, 462506-462527, 462572-462591, 462694-462719, 462741-462751, 462771-462783, 462829-462847, 462953-462975, 463002-463007, 463025-463039, 463057-463071, 463093-463103, 463130-463135, 463162-463167, 463190-463199, 463219-463231, 463302-463327, 463347-463359, 463430-463455, 463483-463487, 463579-463583, 463607-463615, 463641-463647, 463674-463679, 463731-463743, 463770-463775, 463802-463807, 463834-463839, 463865-463871, 463898-463903, 463930-463935, 463962-463967, 463991-463999, 464023-464031, 464055-464063, 464087-464095, 464119-464127, 464153-464159, 464177-464191, 464216-464223, 464245-464255, 464280-464287, 464306-464319, 464344-464351, 464373-464383, 464413-464415, 464441-464447, 464504-464511, 464536-464543, 464562-464575, 464593-464607, 464625-464639, 464657-464671, 464690-464703, 464721-464735, 464766-464767, 464795-464799, 464817-464831, 464856-464863, 464883-464895, 465016-465023, 465064-465087, 465126-465151, 465170-465183, 465208-465215, 465276-465279, 465352-465375, 465398-465407, 465446-465471, 465503, 465524-465535, 465578-465599, 465633-465663, 465731-465759, 465777-465791, 465855, 465875-465887, 465906-465919, 465955-465983, 466002-466015, 466039-466047, 466065-466079, 466098-466111, 466146-466175, 466195-466207, 466231-466239, 466258-466271, 466290-466303, 466373-466399, 466428-466431, 466482-466495, 466514-466527, 466545-466559, 466578-466591, 466617-466623, 466645-466655, 466673-466687, 466747-466751, 466811-466815, 466888-466911, 466931-466943, 467340-467359, 467440-467455, 467494-467519, 467551, 467571-467583, 467607-467615, 467633-467647, 467670-467679, 467702-467711, 467741-467743, 467773-467775, 467811-467839, 467960-467967, 468009-468031, 468084-468095, 468124-468127, 468150-468159, 468411-468415, 468455-468479, 468667-468671, 468730-468735, 468907-468927, 468976-468991, 469212-469215, 469244-469247, 469416-471039
  Free inodes: 114689-122880
Group 15: (Blocks 491520-524287) csum 0xb79b [INODE_UNINIT, ITABLE_ZEROED]
  Block bitmap at 1078 (bg #0 + 1078), csum 0x5384266b
  Inode bitmap at 1094 (bg #0 + 1094), csum 0x00000000
  Inode table at 8775-9286 (bg #0 + 8775)
  0 free blocks, 8192 free inodes, 0 directories, 8192 unused inodes
  Free blocks: 
  Free inodes: 122881-131072
Group 16: (Blocks 524288-557055) csum 0x2f07 [INODE_UNINIT, ITABLE_ZEROED]
  Block bitmap at 524288 (+0), csum 0xa7bbfb7e
  Inode bitmap at 524304 (+16), csum 0x00000000
  Inode table at 524320-524831 (+32)
  19992 free blocks, 8192 free inodes, 0 directories, 8192 unused inodes
  Free blocks: 537064-557055
  Free inodes: 131073-139264
Group 17: (Blocks 557056-589823) csum 0xc5cb [INODE_UNINIT, ITABLE_ZEROED]
  Block bitmap at 524289 (bg #16 + 1), csum 0x5384266b
  Inode bitmap at 524305 (bg #16 + 17), csum 0x00000000
  Inode table at 524832-525343 (bg #16 + 544)
  0 free blocks, 8192 free inodes, 0 directories, 8192 unused inodes
  Free blocks: 
  Free inodes: 139265-147456
Group 18: (Blocks 589824-622591) csum 0x9147 [INODE_UNINIT, ITABLE_ZEROED]
  Block bitmap at 524290 (bg #16 + 2), csum 0x5384266b
  Inode bitmap at 524306 (bg #16 + 18), csum 0x00000000
  Inode table at 525344-525855 (bg #16 + 1056)
  0 free blocks, 8192 free inodes, 0 directories, 8192 unused inodes
  Free blocks: 
  Free inodes: 147457-155648
Group 19: (Blocks 622592-655359) csum 0x8f6c [INODE_UNINIT, ITABLE_ZEROED]
  Block bitmap at 524291 (bg #16 + 3), csum 0x5384266b
  Inode bitmap at 524307 (bg #16 + 19), csum 0x00000000
  Inode table at 525856-526367 (bg #16 + 1568)
  0 free blocks, 8192 free inodes, 0 directories, 8192 unused inodes
  Free blocks: 
  Free inodes: 155649-163840
Group 20: (Blocks 655360-688127) csum 0x4eae [INODE_UNINIT, ITABLE_ZEROED]
  Block bitmap at 524292 (bg #16 + 4), csum 0x5384266b
  Inode bitmap at 524308 (bg #16 + 20), csum 0x00000000
  Inode table at 526368-526879 (bg #16 + 2080)
  0 free blocks, 8192 free inodes, 0 directories, 8192 unused inodes
  Free blocks: 
  Free inodes: 163841-172032
Group 21: (Blocks 688128-720895) csum 0x5085 [INODE_UNINIT, ITABLE_ZEROED]
  Block bitmap at 524293 (bg #16 + 5), csum 0x5384266b
  Inode bitmap at 524309 (bg #16 + 21), csum 0x00000000
  Inode table at 526880-527391 (bg #16 + 2592)
  0 free blocks, 8192 free inodes, 0 directories, 8192 unused inodes
  Free blocks: 
  Free inodes: 172033-180224
Group 22: (Blocks 720896-753663) csum 0x0409 [INODE_UNINIT, ITABLE_ZEROED]
  Block bitmap at 524294 (bg #16 + 6), csum 0x5384266b
  Inode bitmap at 524310 (bg #16 + 22), csum 0x00000000
  Inode table at 527392-527903 (bg #16 + 3104)
  0 free blocks, 8192 free inodes, 0 directories, 8192 unused inodes
  Free blocks: 
  Free inodes: 180225-188416
Group 23: (Blocks 753664-786431) csum 0x1a22 [INODE_UNINIT, ITABLE_ZEROED]
  Block bitmap at 524295 (bg #16 + 7), csum 0x5384266b
  Inode bitmap at 524311 (bg #16 + 23), csum 0x00000000
  Inode table at 527904-528415 (bg #16 + 3616)
  0 free blocks, 8192 free inodes, 0 directories, 8192 unused inodes
  Free blocks: 
  Free inodes: 188417-196608
Group 24: (Blocks 786432-819199) csum 0x878d [INODE_UNINIT, ITABLE_ZEROED]
  Block bitmap at 524296 (bg #16 + 8), csum 0x5384266b
  Inode bitmap at 524312 (bg #16 + 24), csum 0x00000000
  Inode table at 528416-528927 (bg #16 + 4128)
  0 free blocks, 8192 free inodes, 0 directories, 8192 unused inodes
  Free blocks: 
  Free inodes: 196609-204800
Group 25: (Blocks 819200-851967) csum 0xe93d [INODE_UNINIT, ITABLE_ZEROED]
  Backup superblock at 819200, Group descriptors at 819201-819238
  Reserved GDT blocks at 819239-820262
  Block bitmap at 524297 (bg #16 + 9), csum 0x5091b82d
  Inode bitmap at 524313 (bg #16 + 25), csum 0x00000000
  Inode table at 528928-529439 (bg #16 + 4640)
  985 free blocks, 8192 free inodes, 0 directories, 8192 unused inodes
  Free blocks: 820263-821247
  Free inodes: 204801-212992
Group 26: (Blocks 851968-884735) csum 0xcd2a [INODE_UNINIT, ITABLE_ZEROED]
  Block bitmap at 524298 (bg #16 + 10), csum 0x5384266b
  Inode bitmap at 524314 (bg #16 + 26), csum 0x00000000
  Inode table at 529440-529951 (bg #16 + 5152)
  0 free blocks, 8192 free inodes, 0 directories, 8192 unused inodes
  Free blocks: 
  Free inodes: 212993-221184
Group 27: (Blocks 884736-917503) csum 0xa39a [INODE_UNINIT, ITABLE_ZEROED]
  Backup superblock at 884736, Group descriptors at 884737-884774
  Reserved GDT blocks at 884775-885798
  Block bitmap at 524299 (bg #16 + 11), csum 0x5091b82d
  Inode bitmap at 524315 (bg #16 + 27), csum 0x00000000
  Inode table at 529952-530463 (bg #16 + 5664)
  985 free blocks, 8192 free inodes, 0 directories, 8192 unused inodes
  Free blocks: 885799-886783
  Free inodes: 221185-229376
Group 28: (Blocks 917504-950271) csum 0x12c3 [INODE_UNINIT, ITABLE_ZEROED]
  Block bitmap at 524300 (bg #16 + 12), csum 0x5384266b
  Inode bitmap at 524316 (bg #16 + 28), csum 0x00000000
  Inode table at 530464-530975 (bg #16 + 6176)
  0 free blocks, 8192 free inodes, 0 directories, 8192 unused inodes
  Free blocks: 
  Free inodes: 229377-237568
Group 29: (Blocks 950272-983039) csum 0x0ce8 [INODE_UNINIT, ITABLE_ZEROED]
  Block bitmap at 524301 (bg #16 + 13), csum 0x5384266b
  Inode bitmap at 524317 (bg #16 + 29), csum 0x00000000
  Inode table at 530976-531487 (bg #16 + 6688)
  0 free blocks, 8192 free inodes, 0 directories, 8192 unused inodes
  Free blocks: 
  Free inodes: 237569-245760
Group 30: (Blocks 983040-1015807) csum 0x5864 [INODE_UNINIT, ITABLE_ZEROED]
  Block bitmap at 524302 (bg #16 + 14), csum 0x5384266b
  Inode bitmap at 524318 (bg #16 + 30), csum 0x00000000
  Inode table at 531488-531999 (bg #16 + 7200)
  0 free blocks, 8192 free inodes, 0 directories, 8192 unused inodes
  Free blocks: 
  Free inodes: 245761-253952
Group 31: (Blocks 1015808-1048575) csum 0x464f [INODE_UNINIT, ITABLE_ZEROED]
  Block bitmap at 524303 (bg #16 + 15), csum 0x5384266b
  Inode bitmap at 524319 (bg #16 + 31), csum 0x00000000
  Inode table at 532000-532511 (bg #16 + 7712)
  0 free blocks, 8192 free inodes, 0 directories, 8192 unused inodes
  Free blocks: 
  Free inodes: 253953-262144
Group 32: (Blocks 1048576-1081343) csum 0x03be [ITABLE_ZEROED]
  Block bitmap at 1048576 (+0), csum 0x0f3e6db0
  Inode bitmap at 1048592 (+16), csum 0xba11cf03
  Inode table at 1048608-1049119 (+32)
  23549 free blocks, 8191 free inodes, 1 directories, 8191 unused inodes
  Free blocks: 1056897-1065908, 1066807-1081343
  Free inodes: 262146-270336
Group 33: (Blocks 1081344-1114111) csum 0x4d3f [INODE_UNINIT, ITABLE_ZEROED]
  Block bitmap at 1048577 (bg #32 + 1), csum 0x5384266b
  Inode bitmap at 1048593 (bg #32 + 17), csum 0x00000000
  Inode table at 1049120-1049631 (bg #32 + 544)
  0 free blocks, 8192 free inodes, 0 directories, 8192 unused inodes
  Free blocks: 
  Free inodes: 270337-278528
Group 34: (Blocks 1114112-1146879) csum 0x19b3 [INODE_UNINIT, ITABLE_ZEROED]
  Block bitmap at 1048578 (bg #32 + 2), csum 0x5384266b
  Inode bitmap at 1048594 (bg #32 + 18), csum 0x00000000
  Inode table at 1049632-1050143 (bg #32 + 1056)
  0 free blocks, 8192 free inodes, 0 directories, 8192 unused inodes
  Free blocks: 
  Free inodes: 278529-286720
Group 35: (Blocks 1146880-1179647) csum 0x0798 [INODE_UNINIT, ITABLE_ZEROED]
  Block bitmap at 1048579 (bg #32 + 3), csum 0x5384266b
  Inode bitmap at 1048595 (bg #32 + 19), csum 0x00000000
  Inode table at 1050144-1050655 (bg #32 + 1568)
  0 free blocks, 8192 free inodes, 0 directories, 8192 unused inodes
  Free blocks: 
  Free inodes: 286721-294912
Group 36: (Blocks 1179648-1212415) csum 0xc65a [INODE_UNINIT, ITABLE_ZEROED]
  Block bitmap at 1048580 (bg #32 + 4), csum 0x5384266b
  Inode bitmap at 1048596 (bg #32 + 20), csum 0x00000000
  Inode table at 1050656-1051167 (bg #32 + 2080)
  0 free blocks, 8192 free inodes, 0 directories, 8192 unused inodes
  Free blocks: 
  Free inodes: 294913-303104
Group 37: (Blocks 1212416-1245183) csum 0xd871 [INODE_UNINIT, ITABLE_ZEROED]
  Block bitmap at 1048581 (bg #32 + 5), csum 0x5384266b
  Inode bitmap at 1048597 (bg #32 + 21), csum 0x00000000
  Inode table at 1051168-1051679 (bg #32 + 2592)
  0 free blocks, 8192 free inodes, 0 directories, 8192 unused inodes
  Free blocks: 
  Free inodes: 303105-311296
Group 38: (Blocks 1245184-1277951) csum 0x8cfd [INODE_UNINIT, ITABLE_ZEROED]
  Block bitmap at 1048582 (bg #32 + 6), csum 0x5384266b
  Inode bitmap at 1048598 (bg #32 + 22), csum 0x00000000
  Inode table at 1051680-1052191 (bg #32 + 3104)
  0 free blocks, 8192 free inodes, 0 directories, 8192 unused inodes
  Free blocks: 
  Free inodes: 311297-319488
Group 39: (Blocks 1277952-1310719) csum 0x92d6 [INODE_UNINIT, ITABLE_ZEROED]
  Block bitmap at 1048583 (bg #32 + 7), csum 0x5384266b
  Inode bitmap at 1048599 (bg #32 + 23), csum 0x00000000
  Inode table at 1052192-1052703 (bg #32 + 3616)
  0 free blocks, 8192 free inodes, 0 directories, 8192 unused inodes
  Free blocks: 
  Free inodes: 319489-327680
Group 40: (Blocks 1310720-1343487) csum 0x0f79 [INODE_UNINIT, ITABLE_ZEROED]
  Block bitmap at 1048584 (bg #32 + 8), csum 0x5384266b
  Inode bitmap at 1048600 (bg #32 + 24), csum 0x00000000
  Inode table at 1052704-1053215 (bg #32 + 4128)
  0 free blocks, 8192 free inodes, 0 directories, 8192 unused inodes
  Free blocks: 
  Free inodes: 327681-335872
Group 41: (Blocks 1343488-1376255) csum 0x1152 [INODE_UNINIT, ITABLE_ZEROED]
  Block bitmap at 1048585 (bg #32 + 9), csum 0x5384266b
  Inode bitmap at 1048601 (bg #32 + 25), csum 0x00000000
  Inode table at 1053216-1053727 (bg #32 + 4640)
  0 free blocks, 8192 free inodes, 0 directories, 8192 unused inodes
  Free blocks: 
  Free inodes: 335873-344064
Group 42: (Blocks 1376256-1409023) csum 0x45de [INODE_UNINIT, ITABLE_ZEROED]
  Block bitmap at 1048586 (bg #32 + 10), csum 0x5384266b
  Inode bitmap at 1048602 (bg #32 + 26), csum 0x00000000
  Inode table at 1053728-1054239 (bg #32 + 5152)
  0 free blocks, 8192 free inodes, 0 directories, 8192 unused inodes
  Free blocks: 
  Free inodes: 344065-352256
Group 43: (Blocks 1409024-1441791) csum 0x5bf5 [INODE_UNINIT, ITABLE_ZEROED]
  Block bitmap at 1048587 (bg #32 + 11), csum 0x5384266b
  Inode bitmap at 1048603 (bg #32 + 27), csum 0x00000000
  Inode table at 1054240-1054751 (bg #32 + 5664)
  0 free blocks, 8192 free inodes, 0 directories, 8192 unused inodes
  Free blocks: 
  Free inodes: 352257-360448
Group 44: (Blocks 1441792-1474559) csum 0x9a37 [INODE_UNINIT, ITABLE_ZEROED]
  Block bitmap at 1048588 (bg #32 + 12), csum 0x5384266b
  Inode bitmap at 1048604 (bg #32 + 28), csum 0x00000000
  Inode table at 1054752-1055263 (bg #32 + 6176)
  0 free blocks, 8192 free inodes, 0 directories, 8192 unused inodes
  Free blocks: 
  Free inodes: 360449-368640
Group 45: (Blocks 1474560-1507327) csum 0x841c [INODE_UNINIT, ITABLE_ZEROED]
  Block bitmap at 1048589 (bg #32 + 13), csum 0x5384266b
  Inode bitmap at 1048605 (bg #32 + 29), csum 0x00000000
  Inode table at 1055264-1055775 (bg #32 + 6688)
  0 free blocks, 8192 free inodes, 0 directories, 8192 unused inodes
  Free blocks: 
  Free inodes: 368641-376832
Group 46: (Blocks 1507328-1540095) csum 0xd090 [INODE_UNINIT, ITABLE_ZEROED]
  Block bitmap at 1048590 (bg #32 + 14), csum 0x5384266b
  Inode bitmap at 1048606 (bg #32 + 30), csum 0x00000000
  Inode table at 1055776-1056287 (bg #32 + 7200)
  0 free blocks, 8192 free inodes, 0 directories, 8192 unused inodes
  Free blocks: 
  Free inodes: 376833-385024
Group 47: (Blocks 1540096-1572863) csum 0xcebb [INODE_UNINIT, ITABLE_ZEROED]
  Block bitmap at 1048591 (bg #32 + 15), csum 0x5384266b
  Inode bitmap at 1048607 (bg #32 + 31), csum 0x00000000
  Inode table at 1056288-1056799 (bg #32 + 7712)
  0 free blocks, 8192 free inodes, 0 directories, 8192 unused inodes
  Free blocks: 
  Free inodes: 385025-393216
Group 48: (Blocks 1572864-1605631) csum 0x25fe [INODE_UNINIT, ITABLE_ZEROED]
  Block bitmap at 1572864 (+0), csum 0x39c4c39e
  Inode bitmap at 1572880 (+16), csum 0x00000000
  Inode table at 1572896-1573407 (+32)
  24544 free blocks, 8192 free inodes, 0 directories, 8192 unused inodes
  Free blocks: 1581088-1605631
  Free inodes: 393217-401408
Group 49: (Blocks 1605632-1638399) csum 0xc71b [INODE_UNINIT, ITABLE_ZEROED]
  Backup superblock at 1605632, Group descriptors at 1605633-1605670
  Reserved GDT blocks at 1605671-1606694
  Block bitmap at 1572865 (bg #48 + 1), csum 0x1f921351
  Inode bitmap at 1572881 (bg #48 + 17), csum 0x00000000
  Inode table at 1573408-1573919 (bg #48 + 544)
  292 free blocks, 8192 free inodes, 0 directories, 8192 unused inodes
  Free blocks: 1606695-1606703, 1607180-1607199, 1607417-1607679
  Free inodes: 401409-409600
Group 50: (Blocks 1638400-1671167) csum 0x0634 [INODE_UNINIT, ITABLE_ZEROED]
  Block bitmap at 1572866 (bg #48 + 2), csum 0xf1821653
  Inode bitmap at 1572882 (bg #48 + 18), csum 0x00000000
  Inode table at 1573920-1574431 (bg #48 + 1056)
  14018 free blocks, 8192 free inodes, 0 directories, 8192 unused inodes
  Free blocks: 1644673-1644703, 1644733-1646079, 1646665-1648127, 1648713-1649663, 1650702-1660927
  Free inodes: 409601-417792
Group 51: (Blocks 1671168-1703935) csum 0x8034 [INODE_UNINIT, ITABLE_ZEROED]
  Block bitmap at 1572867 (bg #48 + 3), csum 0x5384266b
  Inode bitmap at 1572883 (bg #48 + 19), csum 0x00000000
  Inode table at 1574432-1574943 (bg #48 + 1568)
  0 free blocks, 8192 free inodes, 0 directories, 8192 unused inodes
  Free blocks: 
  Free inodes: 417793-425984
Group 52: (Blocks 1703936-1736703) csum 0xf80a [INODE_UNINIT, ITABLE_ZEROED]
  Block bitmap at 1572868 (bg #48 + 4), csum 0xa4644eea
  Inode bitmap at 1572884 (bg #48 + 20), csum 0x00000000
  Inode table at 1574944-1575455 (bg #48 + 2080)
  7251 free blocks, 8192 free inodes, 0 directories, 8192 unused inodes
  Free blocks: 1707066-1707455, 1707507-1707519, 1707914-1707935, 1707954-1707967, 1708004-1708031, 1722048-1722111, 1722228-1722239, 1722337-1722367, 1723213-1728511, 1728788-1728799, 1728826-1729023, 1729640-1729791, 1729937-1729951, 1729977-1730047, 1730252-1730303, 1730496-1730559, 1732390-1732607, 1733099-1733119, 1733697-1734143, 1734563-1734655, 1736669-1736703
  Free inodes: 425985-434176
Group 53: (Blocks 1736704-1769471) csum 0x4eec [INODE_UNINIT, ITABLE_ZEROED]
  Block bitmap at 1572869 (bg #48 + 5), csum 0x8a63ea09
  Inode bitmap at 1572885 (bg #48 + 21), csum 0x00000000
  Inode table at 1575456-1575967 (bg #48 + 2592)
  3284 free blocks, 8192 free inodes, 0 directories, 8192 unused inodes
  Free blocks: 1738757-1738783, 1738813-1738815, 1738856-1738879, 1738937-1738943, 1738982-1739007, 1739174-1739199, 1739257-1739263, 1740229-1740255, 1740285-1740287, 1740842-1740863, 1740889-1740895, 1740913-1740927, 1741053-1741055, 1741227-1741247, 1741294-1741311, 1741753-1741759, 1741806-1741823, 1742147-1742175, 1742205-1742207, 1742307-1742335, 1742685-1742687, 1742705-1742719, 1742789-1742815, 1742839-1742847, 1743348-1743359, 1743785-1743807, 1743833-1743839, 1743858-1743871, 1744437-1744447, 1744482-1744511, 1744579-1744607, 1744629-1744639, 1744801-1744831, 1744851-1744863, 1744883-1744895, 1744940-1744959, 1745012-1745023, 1745112-1745119, 1745144-1745151, 1745384-1745407, 1747323-1747327, 1747370-1747391, 1747428-1747455, 1747740-1747743, 1747769-1747775, 1747810-1747839, 1747905-1747935, 1747954-1747967, 1749577-1749599, 1749625-1749631, 1749705-1749727, 1749749-1749759, 1749921-1750015, 1750449-1750463, 1750500-1750527, 1750811-1750815, 1750836-1750847, 1750881-1750911, 1751037-1751039, 1757304-1757311, 1757416-1757439, 1757655-1757663, 1757687-1757695, 1758092-1758143, 1758200-1758207, 1759009-1759103, 1759207-1759231, 1761453-1761535, 1761701-1761791, 1762541-1762559, 1762692-1762815, 1763610-1763839, 1764584-1764607, 1764745-1764863, 1765408-1765631, 1765785-1765887, 1766170-1766399, 1766653-1767423
  Free inodes: 434177-442368
Group 54: (Blocks 1769472-1802239) csum 0x7aa2 [INODE_UNINIT, ITABLE_ZEROED]
  Block bitmap at 1572870 (bg #48 + 6), csum 0xa4633571
  Inode bitmap at 1572886 (bg #48 + 22), csum 0x00000000
  Inode table at 1575968-1576479 (bg #48 + 3104)
  3985 free blocks, 8192 free inodes, 0 directories, 8192 unused inodes
  Free blocks: 1773437-1773439, 1773473-1773487, 1773544-1773567, 1773596-1773599, 1773621-1773631, 1773693-1773695, 1773778-1773791, 1773811-1773823, 1773841-1773855, 1773879-1773887, 1773905-1773919, 1773946-1773951, 1773996-1774015, 1774041-1774047, 1774068-1774079, 1774133-1774143, 1774161-1774175, 1774195-1774207, 1774227-1774239, 1774259-1774271, 1774300-1774303, 1774326-1774335, 1774363-1774367, 1774386-1774399, 1774420-1774431, 1774450-1774463, 1774481-1774495, 1774514-1774527, 1774571-1774591, 1774610-1774623, 1774647-1774655, 1774679-1774687, 1774712-1774719, 1774815, 1774838-1774847, 1775024-1775039, 1775097-1775103, 1775205-1775231, 1775314-1775327, 1775352-1775359, 1775440-1775455, 1775475-1775487, 1775553-1775583, 1777049-1777055, 1777086-1777087, 1777129-1777151, 1777435-1777439, 1777457-1777471, 1777507-1777535, 1777616-1777631, 1777655-1777663, 1784286-1784287, 1784307-1784319, 1784441-1784447, 1784542-1784543, 1784568-1784575, 1784671, 1784689-1784703, 1784723-1784735, 1784758-1784767, 1784826-1784831, 1785220-1785247, 1785270-1785279, 1785335-1785343, 1788025-1788031, 1788049-1788063, 1788120-1788127, 1788148-1788159, 1788277-1788287, 1788324-1788351, 1788413-1788415, 1788531-1788543, 1788602-1788607, 1788642-1788671, 1788764-1788767, 1788791-1788799, 1788826-1788831, 1788854-1788863, 1788899-1788927, 1789015-1789055, 1789165-1789311, 1789345-1789375, 1789437-1789439, 1792419-1792447, 1792486-1792703, 1792741-1792959, 1793001-1793023, 1793060-1793087, 1793144-1793151, 1793266-1793471, 1793511-1793535, 1794503-1794559, 1795345-1795391, 1795443-1795455, 1795547-1795583, 1795981-1796031, 1796080-1796095, 1796180-1796223, 1796258-1796351, 1796445-1798143
  Free inodes: 442369-450560
Group 55: (Blocks 1802240-1835007) csum 0x7ded [INODE_UNINIT, ITABLE_ZEROED]
  Block bitmap at 1572871 (bg #48 + 7), csum 0xc819bfaa
  Inode bitmap at 1572887 (bg #48 + 23), csum 0x00000000
  Inode table at 1576480-1576991 (bg #48 + 3616)
  2871 free blocks, 8192 free inodes, 0 directories, 8192 unused inodes
  Free blocks: 1802627-1802655, 1802677-1802687, 1802746-1802751, 1803762-1803775, 1803905-1803935, 1803957-1803967, 1804008-1804031, 1804144-1804159, 1804181-1804191, 1804217-1804223, 1804269-1804287, 1808088-1808095, 1808116-1808127, 1808209-1808223, 1808248-1808255, 1808324-1808351, 1808373-1808383, 1808713-1808735, 1808758-1808767, 1808806-1808831, 1808875-1808895, 1809680-1809695, 1809726-1809727, 1809785-1809791, 1809909-1809919, 1810405-1810431, 1811186-1811199, 1811342-1811359, 1811377-1811391, 1811432-1811455, 1811794-1811807, 1811837-1811839, 1811948-1811967, 1812466-1812479, 1814773-1814783, 1814822-1814847, 1814895-1814911, 1814957-1815039, 1815541-1815551, 1816009-1816031, 1816056-1816063, 1816387-1816447, 1816542-1816575, 1819234-1819263, 1819347-1819647, 1821039-1821055, 1821130-1821183, 1821530-1821567, 1821648-1821695, 1821999-1822015, 1822069-1822079, 1822167-1822207, 1822533-1822591, 1822684-1822719, 1823200-1823231, 1823712-1823743, 1824031-1824063, 1824110-1824255, 1824709-1824767, 1832138-1832959, 1834713-1835007
  Free inodes: 450561-458752
Group 56: (Blocks 1835008-1867775) csum 0xbb7a [INODE_UNINIT, ITABLE_ZEROED]
  Block bitmap at 1572872 (bg #48 + 8), csum 0xb8f70f1c
  Inode bitmap at 1572888 (bg #48 + 24), csum 0x00000000
  Inode table at 1576992-1577503 (bg #48 + 4128)
  4516 free blocks, 8192 free inodes, 0 directories, 8192 unused inodes
  Free blocks: 1836773-1836799, 1836944-1836959, 1836982-1836991, 1837049-1837055, 1838777-1838783, 1838835-1838847, 1838974-1838975, 1839026-1839039, 1839082-1839103, 1841879-1841887, 1841912-1841919, 1842075-1842079, 1842097-1842111, 1842173-1842175, 1842899-1842911, 1842935-1842943, 1843164-1843167, 1843188-1843199, 1845318-1845343, 1845366-1845375, 1845460-1845471, 1845503, 1845586-1845599, 1845621-1845631, 1845714-1845727, 1845746-1845759, 1845842-1845855, 1845879-1845887, 1845970-1845983, 1846002-1846015, 1846105-1846143, 1846233-1846271, 1846765-1846783, 1846873-1846911, 1847001-1847039, 1847164-1847167, 1847235-1847295, 1847620-1847679, 1847731-1847743, 1847802-1847807, 1848126-1848127, 1848180-1848319, 1848739-1848767, 1848803-1848831, 1849045-1849087, 1849262-1849279, 1849332-1849535, 1849569-1849791, 1849826-1849855, 1850336-1850367, 1851392-1851775, 1851811-1851860, 1851862-1852415, 1852571-1852607, 1852672-1853439, 1855589-1856511, 1861526-1861631, 1867500-1867775
  Free inodes: 458753-466944
Group 57: (Blocks 1867776-1900543) csum 0xb8d5 [INODE_UNINIT, ITABLE_ZEROED]
  Block bitmap at 1572873 (bg #48 + 9), csum 0xf7f2a46f
  Inode bitmap at 1572889 (bg #48 + 25), csum 0x00000000
  Inode table at 1577504-1578015 (bg #48 + 4640)
  3097 free blocks, 8192 free inodes, 0 directories, 8192 unused inodes
  Free blocks: 1867861-1867871, 1867891-1867903, 1867979-1867999, 1868021-1868031, 1868139-1868159, 1868209-1868223, 1868267-1868287, 1872086-1872095, 1872126-1872319, 1872339-1872351, 1872381-1872383, 1872504-1872511, 1872584-1872607, 1872626-1872831, 1872878-1872895, 1873090-1873119, 1873148-1873343, 1873384-1873407, 1875510-1875519, 1875555-1875583, 1875681-1875711, 1875967, 1878683-1878687, 1878710-1878719, 1878774-1878783, 1878927-1878943, 1878962-1878975, 1879018-1879039, 1879346-1879359, 1879396-1879423, 1879505-1879519, 1879545-1879551, 1882660-1882687, 1882730-1882751, 1882873-1882879, 1883067-1883071, 1883134-1883135, 1883465-1883487, 1883517-1883519, 1883560-1883583, 1883602-1883615, 1883642-1883647, 1883878-1883903, 1883973-1883999, 1884019-1884031, 1884089-1884095, 1884143-1884159, 1886754-1886783, 1886812-1886815, 1886836-1886847, 1886881-1886911, 1886952-1886975, 1887156-1887167, 1887215-1887231, 1887433-1887455, 1887475-1887487, 1887716-1887743, 1888169-1888191, 1888227-1888255, 1891635-1891647, 1891704-1891711, 1891778-1891807, 1891839, 1891878-1891903, 1891950-1891967, 1892001-1892031, 1892067-1892095, 1892248-1892255, 1892275-1892287, 1892338-1892351, 1892487-1892511, 1892537-1892543, 1892577-1892607, 1892788-1892799, 1892858-1892863, 1893608-1893631, 1893780-1893791, 1893809-1893823, 1893872-1893887, 1894414-1894431, 1894461-1894463, 1894506-1894527, 1894612-1894623, 1894645-1894655, 1894755-1894783, 1894862-1894879, 1894898-1894911, 1895266-1895295, 1895380-1895391, 1895413-1895423, 1895474-1895487, 1895527-1895551, 1895642-1895647, 1895666-1895679, 1895718-1895743, 1895775, 1895796-1895807, 1895863-1895871, 1895906-1895935, 1895954-1895967, 1895999, 1896044-1896063, 1896100-1896127, 1896188-1896191, 1896401-1896415, 1896440-1896447, 1897578-1897599, 1897618-1897631, 1897649-1897663, 1897697-1897727, 1897870-1897887, 1897912-1897919, 1897964-1897983, 1898114-1898143, 1898174-1898175, 1898219-1898239, 1898267-1898271, 1898300-1898303, 1898337-1898367, 1898408-1898431, 1898493-1898495, 1899162-1899167, 1899187-1899199, 1899239-1899263, 1899353-1899391, 1899435-1899455, 1899490-1899519, 1899650-1899711, 1899763-1899775, 1899914-1900031, 1900290-1900543
  Free inodes: 466945-475136
Group 58: (Blocks 1900544-1933311) csum 0x1e7c [INODE_UNINIT, ITABLE_ZEROED]
  Block bitmap at 1572874 (bg #48 + 10), csum 0x5815eb61
  Inode bitmap at 1572890 (bg #48 + 26), csum 0x00000000
  Inode table at 1578016-1578527 (bg #48 + 5152)
  4851 free blocks, 8192 free inodes, 0 directories, 8192 unused inodes
  Free blocks: 1902188-1902207, 1902246-1902271, 1902305-1902335, 1902573-1902591, 1902620-1902623, 1902643-1902655, 1902702-1902719, 1902807-1902815, 1902841-1902847, 1903024-1903039, 1903086-1903103, 1903847-1903871, 1904004-1904031, 1904062-1904063, 1904103-1904127, 1904760-1904767, 1904835-1904863, 1904881-1904895, 1905106-1905119, 1905138-1905759, 1905781-1905791, 1905895-1905919, 1906093-1906111, 1906156-1906175, 1906361-1906367, 1906422-1906431, 1906516-1906527, 1906545-1906559, 1906647-1906655, 1906673-1906687, 1906781-1906783, 1906806-1906815, 1906886-1906911, 1907110-1907135, 1907191-1907199, 1907489-1907519, 1907566-1907583, 1907662-1907679, 1907702-1907711, 1907973-1907999, 1908025-1908031, 1908050-1908063, 1908085-1908095, 1908212-1908223, 1908366-1908383, 1908403-1908415, 1908433-1908447, 1908472-1908479, 1908523-1908543, 1908630-1908639, 1908671, 1908711-1908735, 1911081-1911103, 1911153-1911167, 1911234-1911263, 1911294-1911295, 1911338-1911359, 1911393-1911423, 1911449-1911455, 1911476-1911487, 1911509-1911519, 1911547-1911551, 1911572-1911583, 1911601-1911615, 1911649-1911679, 1911710-1911711, 1911736-1911743, 1911783-1911807, 1911825-1911839, 1911865-1911871, 1911926-1911935, 1911972-1911999, 1912045-1912063, 1912225-1912255, 1912302-1912319, 1912406-1912415, 1912433-1912447, 1912494-1912511, 1912574-1912575, 1912707-1912735, 1912753-1912767, 1912805-1912831, 1912967-1912991, 1913016-1913023, 1913062-1913087, 1913212-1913215, 1913278-1913279, 1913340-1913343, 1913520-1913535, 1913694-1913695, 1913727, 1913807-1913823, 1913843-1913855, 1914026-1914047, 1914068-1914079, 1914097-1914111, 1914173-1914175, 1914226-1914239, 1914301-1914303, 1914344-1914367, 1914516-1914527, 1914552-1914559, 1914586-1914591, 1914826-1914847, 1914879, 1915244-1915263, 1915339-1915359, 1915390-1915391, 1915548-1915551, 1915581-1915583, 1915617-1915647, 1915722-1915743, 1915772-1915775, 1915855-1915871, 1915896-1915903, 1916136-1916159, 1916200-1916223, 1916267-1916287, 1916324-1916351, 1916398-1916415, 1916980-1916991, 1917030-1917055, 1917123-1917151, 1917169-1917407, 1917427-1917439, 1917461-1917471, 1917497-1917503, 1917538-1917567, 1917652-1917663, 1917684-1917695, 1917831-1917855, 1917877-1917887, 1917933-1917951, 1918102-1918111, 1918134-1918143, 1918194-1918207, 1918309-1918335, 1918417-1918431, 1918456-1918463, 1918485-1918495, 1918514-1918527, 1918552-1918559, 1918580-1918591, 1918668-1918687, 1918711-1918719, 1918796-1918815, 1918839-1918847, 1918923-1918943, 1918967-1918975, 1919050-1919071, 1919094-1919103, 1919179-1919199, 1919223-1919231, 1919307-1919327, 1919351-1919359, 1919435-1919455, 1919479-1919487, 1919562-1919583, 1919607-1919615, 1919638-1919647, 1919666-1919679, 1919743, 1919806-1919807, 1919870-1919871, 1919935, 1919998-1919999, 1920041-1920063, 1920118-1920127, 1920236-1920255, 1920277-1920287, 1920309-1920319, 1920372-1920383, 1920474-1920479, 1920503-1920511, 1920592-1920607, 1920625-1920639, 1920705-1920735, 1920766-1920767, 1920922-1920927, 1920959, 1920993-1921023, 1921331-1921343, 1921397-1921407, 1921462-1921471, 1921510-1921535, 1922247-1922271, 1922296-1922303, 1922383-1922399, 1922418-1922431, 1922556-1922559, 1922820-1922847, 1922868-1922879, 1922924-1922943, 1923012-1923039, 1923061-1923071, 1925035-1925055, 1925101-1925119, 1926819-1926847, 1926887-1926911, 1926996-1927007, 1927029-1927039, 1927151-1927167, 1927297-1927327, 1927351-1927359, 1927396-1927423, 1927604-1927615, 1927651-1927679, 1927972-1927999, 1928043-1928063, 1928146-1928159, 1928189-1928191, 1929301-1929311, 1929333-1929343, 1929467-1929471, 1929554-1929567, 1929588-1929599, 1929724-1929727, 1930175, 1930197-1930207, 1930238-1930239, 1930262-1930271, 1930293-1930303, 1930321-1930335, 1930367, 1930429-1930431, 1930472-1930495, 1930544-1930559, 1930614-1930623, 1930703-1930719, 1930742-1930751, 1930804-1930815, 1930862-1930879, 1930941-1930943, 1930999-1931007, 1931070-1931071, 1931134-1931135, 1931192-1931199, 1931247-1931263, 1931314-1931327, 1931362-1931391, 1931460-1931487, 1931515-1931519, 1931566-1931583, 1931632-1931647, 1931718-1931743, 1931771-1931775, 1931852-1931903, 1931955-1931967, 1932012-1932031, 1932067-1932095, 1932153-1932159, 1932204-1932223, 1932271-1932287, 1932336-1932351, 1932393-1932415, 1932466-1932479, 1932533-1932543, 1932586-1932607, 1932647-1932671, 1932723-1932735, 1932777-1932799, 1932875-1932927, 1932998-1933055, 1933114-1933119, 1933183, 1933242-1933247, 1933306-1933311
  Free inodes: 475137-483328
Group 59: (Blocks 1933312-1966079) csum 0x99b9 [INODE_UNINIT, ITABLE_ZEROED]
  Block bitmap at 1572875 (bg #48 + 11), csum 0x04653078
  Inode bitmap at 1572891 (bg #48 + 27), csum 0x00000000
  Inode table at 1578528-1579039 (bg #48 + 5664)
  3341 free blocks, 8192 free inodes, 0 directories, 8192 unused inodes
  Free blocks: 1933356-1933375, 1933422-1933439, 1933490-1933503, 1933544-1933567, 1933612-1933631, 1933677-1933695, 1933743-1933759, 1933822-1933823, 1933857-1933887, 1933906-1933919, 1933946-1933951, 1934000-1934015, 1934064-1934079, 1934141-1934143, 1934186-1934207, 1934230-1934239, 1934262-1934271, 1934319-1934335, 1934377-1934399, 1934452-1934463, 1934531-1934559, 1934579-1934591, 1934643-1934655, 1934711-1934719, 1934788-1934815, 1934833-1934847, 1934894-1934911, 1934970-1934975, 1935011-1935039, 1935089-1935103, 1935154-1935167, 1935226-1935231, 1935283-1935295, 1935340-1935359, 1935416-1935423, 1935481-1935487, 1935547-1935551, 1935591-1935615, 1935665-1935679, 1935733-1935743, 1935815-1935839, 1935858-1935871, 1935916-1935935, 1935993-1935999, 1936060-1936063, 1936121-1936127, 1936169-1936191, 1936247-1936255, 1936322-1936351, 1936370-1936383, 1936435-1936447, 1936490-1936511, 1936574-1936575, 1936637-1936639, 1936696-1936703, 1936743-1936767, 1936807-1936831, 1936881-1936895, 1936952-1936959, 1937006-1937023, 1937096-1937119, 1937137-1937151, 1937192-1937215, 1937256-1937279, 1937323-1937343, 1937387-1937407, 1937451-1937471, 1937516-1937535, 1937576-1937599, 1937633-1937887, 1937908-1937919, 1937966-1937983, 1938040-1938047, 1938081-1938111, 1938132-1938143, 1938163-1938175, 1938216-1938239, 1938269-1938271, 1938289-1938303, 1938353-1938367, 1938402-1938431, 1938474-1938495, 1938514-1938527, 1938551-1938559, 1938584-1938591, 1938612-1938687, 1938707-1938719, 1938738-1938751, 1938780-1938783, 1938808-1938815, 1938849-1938879, 1938918-1938943, 1938961-1938975, 1938993-1939007, 1939044-1939071, 1939090-1939103, 1939125-1939135, 1939154-1939167, 1939186-1939199, 1939217-1939231, 1939254-1939263, 1939283-1939295, 1939322-1939327, 1939414-1939423, 1939441-1939455, 1960019-1960031, 1960055-1960063, 1960082-1960095, 1960117-1960127, 1960174-1960191, 1960210-1960223, 1960251-1960255, 1960293-1960319, 1960338-1960351, 1960380-1960383, 1960407-1960415, 1960436-1960447, 1960502-1960511, 1960533-1960543, 1960573-1960575, 1960625-1960639, 1960690-1960703, 1960781-1960799, 1960828-1960831, 1960852-1960863, 1960892-1960895, 1960917-1960927, 1960953-1960959, 1961768-1961791, 1961810-1961823, 1961853-1961855, 1961874-1961887, 1961914-1961919, 1961949-1961951, 1961974-1961983, 1962034-1962047, 1962087-1962111, 1962134-1962143, 1962174-1962175, 1962201-1962207, 1962230-1962239, 1962280-1962303, 1962322-1962335, 1962367, 1962480-1962495, 1962546-1962559, 1962581-1962591, 1962609-1962623, 1962727-1962751, 1962819-1962847, 1962867-1962879, 1962906-1962911, 1962930-1962943, 1962965-1962975, 1963000-1963007, 1963203-1963231, 1963256-1963263, 1963436-1963455, 1963476-1963487, 1963508-1963519, 1963545-1963551, 1963571-1963583, 1963603-1963615, 1963637-1963647, 1963665-1963679, 1963698-1963711, 1963741-1963743, 1963763-1964031, 1964051-1964063, 1964092-1964095, 1964148-1964159, 1964212-1964223, 1964242-1964255, 1964273-1964287, 1964307-1964319, 1964343-1964351, 1964403-1964415, 1964473-1964479, 1964507-1964543, 1964871-1964895, 1964913-1964927, 1965030-1965055, 1965395-1965407, 1965425-1965439, 1965508-1965535, 1965553-1965567, 1965738-1965759, 1965778-1965791, 1965809-1965823, 1965993-1966015, 1966042-1966047, 1966074-1966079
  Free inodes: 483329-491520
Group 60: (Blocks 1966080-1998847) csum 0x3c98 [INODE_UNINIT, ITABLE_ZEROED]
  Block bitmap at 1572876 (bg #48 + 12), csum 0x211f9a6a
  Inode bitmap at 1572892 (bg #48 + 28), csum 0x00000000
  Inode table at 1579040-1579551 (bg #48 + 6176)
  3209 free blocks, 8192 free inodes, 0 directories, 8192 unused inodes
  Free blocks: 1966136-1966143, 1966165, 1966168-1966175, 1966204-1966207, 1966296-1966303, 1966354-1966367, 1966386-1966399, 1966419-1966431, 1966451-1966463, 1966481-1966495, 1966523-1966527, 1966554-1966559, 1966586-1966591, 1966618-1966623, 1966649-1966655, 1966683-1966687, 1966709-1966719, 1966738-1966751, 1966770-1966783, 1966801-1966815, 1966834-1966847, 1966865-1966879, 1966897-1966911, 1966948-1966975, 1967014-1967039, 1967074-1967103, 1967174-1967199, 1967231, 1967325-1967327, 1967354-1967359, 1967537-1967551, 1967569-1967583, 1967761-1967775, 1967807, 1968059-1968063, 1968111-1968127, 1968205-1968223, 1968252-1968255, 1968336-1968351, 1968379-1968383, 1968419-1968447, 1968466-1968479, 1968506-1968511, 1968537-1968543, 1968564-1968575, 1968594-1968607, 1968626-1968639, 1969048-1969055, 1969074-1969087, 1969114-1969119, 1969144-1969151, 1969640-1969663, 1970138-1970143, 1970175, 1974141-1974143, 1974178-1974207, 1974227-1974239, 1974257-1974271, 1978246-1978271, 1978303-1978367, 1978844-1978847, 1978879, 1978900-1978911, 1978929-1978943, 1978992-1979007, 1979030-1979039, 1979062-1979071, 1979108-1979135, 1979155-1979167, 1979188-1979199, 1979234-1979263, 1979307-1979327, 1979388-1979391, 1979444-1979455, 1979491-1979519, 1979540-1979551, 1979609-1979615, 1979634-1979647, 1979721-1979743, 1979765-1979775, 1979851-1979871, 1979890-1979903, 1980074-1980095, 1980114-1980127, 1980153-1980159, 1980189-1980191, 1980220-1980223, 1980252-1980255, 1980284-1980287, 1980350-1980351, 1980380-1980383, 1980406-1980415, 1980450-1980479, 1980506-1980511, 1980537-1980543, 1980586-1980607, 1980625-1980639, 1980669-1980671, 1980699-1980703, 1980726-1980735, 1980756-1980767, 1980785-1980799, 1980890-1980895, 1980913-1980927, 1981016-1981023, 1981044-1981055, 1981092-1981119, 1981164-1981183, 1981337-1981343, 1981363-1981375, 1981426-1981439, 1981532-1981535, 1981557-1981567, 1981654-1981663, 1981686-1981695, 1981847-1981855, 1981880-1981887, 1981906-1981919, 1981940-1981951, 1982047, 1982065-1982079, 1982123-1982143, 1982163-1982175, 1982195-1982207, 1982229-1982239, 1982262-1982271, 1982317-1982335, 1982353-1982367, 1982390-1982399, 1982434-1982463, 1982769-1982783, 1982803-1982815, 1982835-1982847, 1982894-1982911, 1982939-1982943, 1982967-1982975, 1983012-1983039, 1983066-1983071, 1983100-1983103, 1983146-1983167, 1983188-1983199, 1983224-1983231, 1983257-1983263, 1983293-1983295, 1983322-1983327, 1983353-1983359, 1983486-1983487, 1983519, 1983649-1983999, 1985536-1986559
  Free inodes: 491521-499712
Group 61: (Blocks 1998848-2031615) csum 0x5acb [INODE_UNINIT, ITABLE_ZEROED]
  Block bitmap at 1572877 (bg #48 + 13), csum 0x942f839b
  Inode bitmap at 1572893 (bg #48 + 29), csum 0x00000000
  Inode table at 1579552-1580063 (bg #48 + 6688)
  8334 free blocks, 8192 free inodes, 0 directories, 8192 unused inodes
  Free blocks: 1998849-1998879, 1998911, 1998946-1998975, 1999056-1999071, 1999095-1999103, 1999121-1999135, 1999155-1999167, 1999229-1999231, 1999288-1999295, 1999339-1999359, 1999418-1999423, 1999469-1999487, 1999554-1999583, 1999609-1999615, 1999805-1999807, 1999854-2000063, 2000116-2000127, 2000148-2000159, 2000189-2000191, 2000252-2000255, 2000327-2000351, 2000377-2000383, 2001340-2001343, 2001402-2001407, 2001690-2001695, 2001716-2001727, 2001786-2001791, 2001864-2001887, 2001906-2001919, 2002295-2002303, 2002378-2002399, 2002431, 2002995-2003007, 2003067-2003071, 2003098-2003103, 2003133-2003135, 2003177-2003199, 2003369-2003391, 2003436-2003455, 2003621-2003647, 2003695-2003711, 2003862-2003871, 2003890-2003903, 2003946-2003967, 2004118-2004127, 2004147-2004159, 2004220-2004223, 2004374-2004383, 2004404-2004415, 2004450-2004479, 2004630-2004639, 2004664-2004671, 2004723-2004735, 2004760-2004767, 2004792-2004799, 2004824-2004831, 2004859-2004863, 2004888-2004895, 2004920-2004927, 2004958-2004959, 2004981-2004991, 2005014-2005023, 2005050-2005055, 2005089-2005119, 2005151, 2005179-2005183, 2005203-2005215, 2005242-2005247, 2005275-2005279, 2005298-2005311, 2005359-2005375, 2005413-2005439, 2005467-2005471, 2005490-2005503, 2005541-2005567, 2005589-2005599, 2005618-2005631, 2005718-2005727, 2005745-2005759, 2005818-2005823, 2005849-2005855, 2005878-2005887, 2005922-2005951, 2005970-2005983, 2006001-2006015, 2006068-2006079, 2006121-2006143, 2006185-2006207, 2006232-2006239, 2006261-2006271, 2006316-2006335, 2006379-2006399, 2006480-2006495, 2006518-2006527, 2007077-2007103, 2007156-2007295, 2007452-2007455, 2007475-2007487, 2007546-2007551, 2007699-2007711, 2007732-2007743, 2007806-2007807, 2007963-2007967, 2007996-2007999, 2008021-2008031, 2008049-2008063, 2008585-2008607, 2008612-2008639, 2008673-2008831, 2009006-2009023, 2009083-2009087, 2009637-2009663, 2009728-2010111, 2010849-2011135, 2011204-2011231, 2011254-2011263, 2011350-2011359, 2011382-2011391, 2011449-2011455, 2011508-2011519, 2011539-2011551, 2011632-2011647, 2012228-2012255, 2012273-2012287, 2012307-2012319, 2012344-2012351, 2012414-2012415, 2012647-2012671, 2013043-2013055, 2013101-2013119, 2013137-2013151, 2013178-2013183, 2019328-2023903, 2023930-2024255, 2024307-2024447, 2025011-2025471
  Free inodes: 499713-507904
Group 62: (Blocks 2031616-2064383) csum 0xa567 [INODE_UNINIT, ITABLE_ZEROED]
  Block bitmap at 1572878 (bg #48 + 14), csum 0x462b3f5b
  Inode bitmap at 1572894 (bg #48 + 30), csum 0x00000000
  Inode table at 1580064-1580575 (bg #48 + 7200)
  2026 free blocks, 8192 free inodes, 0 directories, 8192 unused inodes
  Free blocks: 2035712-2036511, 2036534-2037759
  Free inodes: 507905-516096
Group 63: (Blocks 2064384-2097151) csum 0x30ea [INODE_UNINIT, ITABLE_ZEROED]
  Block bitmap at 1572879 (bg #48 + 15), csum 0xaf01c2e6
  Inode bitmap at 1572895 (bg #48 + 31), csum 0x00000000
  Inode table at 1580576-1581087 (bg #48 + 7712)
  341 free blocks, 8192 free inodes, 0 directories, 8192 unused inodes
  Free blocks: 2090667-2091007
  Free inodes: 516097-524288
Group 64: (Blocks 2097152-2129919) csum 0xdcd8 [INODE_UNINIT, ITABLE_ZEROED]
  Block bitmap at 2097152 (+0), csum 0x06d44593
  Inode bitmap at 2097168 (+16), csum 0x00000000
  Inode table at 2097184-2097695 (+32)
  23155 free blocks, 8192 free inodes, 0 directories, 8192 unused inodes
  Free blocks: 2106760-2120957, 2120963-2129919
  Free inodes: 524289-532480
Group 65: (Blocks 2129920-2162687) csum 0x5ce2 [INODE_UNINIT, ITABLE_ZEROED]
  Block bitmap at 2097153 (bg #64 + 1), csum 0xdfb2d2b7
  Inode bitmap at 2097169 (bg #64 + 17), csum 0x00000000
  Inode table at 2097696-2098207 (bg #64 + 544)
  1863 free blocks, 8192 free inodes, 0 directories, 8192 unused inodes
  Free blocks: 2133481-2134015, 2138112-2138184, 2139569-2140159, 2159976-2160639
  Free inodes: 532481-540672
Group 66: (Blocks 2162688-2195455) csum 0x120d [INODE_UNINIT, ITABLE_ZEROED]
  Block bitmap at 2097154 (bg #64 + 2), csum 0xefd66a35
  Inode bitmap at 2097170 (bg #64 + 18), csum 0x00000000
  Inode table at 2098208-2098719 (bg #64 + 1056)
  2722 free blocks, 8192 free inodes, 0 directories, 8192 unused inodes
  Free blocks: 2166120-2166783, 2172264-2172927, 2178408-2179071, 2184552-2185215, 2189246-2189311
  Free inodes: 540673-548864
Group 67: (Blocks 2195456-2228223) csum 0x9cb6 [INODE_UNINIT, ITABLE_ZEROED]
  Block bitmap at 2097155 (bg #64 + 3), csum 0xe58fd217
  Inode bitmap at 2097171 (bg #64 + 19), csum 0x00000000
  Inode table at 2098720-2099231 (bg #64 + 1568)
  522 free blocks, 8192 free inodes, 0 directories, 8192 unused inodes
  Free blocks: 2201565-2201599, 2205630-2205695, 2209726-2209791, 2213822-2213887, 2217695-2217983
  Free inodes: 548865-557056
Group 68: (Blocks 2228224-2260991) csum 0xf3bf [INODE_UNINIT, ITABLE_ZEROED]
  Block bitmap at 2097156 (bg #64 + 4), csum 0xd2dfbcea
  Inode bitmap at 2097172 (bg #64 + 20), csum 0x00000000
  Inode table at 2099232-2099743 (bg #64 + 2080)
  2077 free blocks, 8192 free inodes, 0 directories, 8192 unused inodes
  Free blocks: 2236313-2236415, 2240386-2240511, 2244482-2244607, 2253126-2254847
  Free inodes: 557057-565248
Group 69: (Blocks 2260992-2293759) csum 0x88a4 [INODE_UNINIT, ITABLE_ZEROED]
  Block bitmap at 2097157 (bg #64 + 5), csum 0x865eeb78
  Inode bitmap at 2097173 (bg #64 + 21), csum 0x00000000
  Inode table at 2099744-2100255 (bg #64 + 2592)
  5560 free blocks, 8192 free inodes, 0 directories, 8192 unused inodes
  Free blocks: 2262371-2263039, 2268273-2269183, 2272285-2273279, 2276381-2277375, 2280477-2281471, 2284573-2285567
  Free inodes: 565249-573440
Group 70: (Blocks 2293760-2326527) csum 0xa8ec [INODE_UNINIT, ITABLE_ZEROED]
  Block bitmap at 2097158 (bg #64 + 6), csum 0x2b65208e
  Inode bitmap at 2097174 (bg #64 + 22), csum 0x00000000
  Inode table at 2100256-2100767 (bg #64 + 3104)
  703 free blocks, 8192 free inodes, 0 directories, 8192 unused inodes
  Free blocks: 2295227-2295807, 2312070-2312191
  Free inodes: 573441-581632
Group 71: (Blocks 2326528-2359295) csum 0x74e9 [INODE_UNINIT, ITABLE_ZEROED]
  Block bitmap at 2097159 (bg #64 + 7), csum 0x6797facc
  Inode bitmap at 2097175 (bg #64 + 23), csum 0x00000000
  Inode table at 2100768-2101279 (bg #64 + 3616)
  1526 free blocks, 8192 free inodes, 0 directories, 8192 unused inodes
  Free blocks: 2330502-2330623, 2344838-2344959, 2353918-2355199
  Free inodes: 581633-589824
Group 72: (Blocks 2359296-2392063) csum 0xa67b [INODE_UNINIT, ITABLE_ZEROED]
  Block bitmap at 2097160 (bg #64 + 8), csum 0xba352dc0
  Inode bitmap at 2097176 (bg #64 + 24), csum 0x00000000
  Inode table at 2101280-2101791 (bg #64 + 4128)
  2117 free blocks, 8192 free inodes, 0 directories, 8192 unused inodes
  Free blocks: 2361211-2361343, 2377088-2377727, 2390720-2392063
  Free inodes: 589825-598016
Group 73: (Blocks 2392064-2424831) csum 0x3096 [INODE_UNINIT, ITABLE_ZEROED]
  Block bitmap at 2097161 (bg #64 + 9), csum 0x33f72678
  Inode bitmap at 2097177 (bg #64 + 25), csum 0x00000000
  Inode table at 2101792-2102303 (bg #64 + 4640)
  5376 free blocks, 8192 free inodes, 0 directories, 8192 unused inodes
  Free blocks: 2399616-2400255, 2413952-2414591, 2420736-2424831
  Free inodes: 598017-606208
Group 74: (Blocks 2424832-2457599) csum 0x2682 [INODE_UNINIT, ITABLE_ZEROED]
  Block bitmap at 2097162 (bg #64 + 10), csum 0xe9e37199
  Inode bitmap at 2097178 (bg #64 + 26), csum 0x00000000
  Inode table at 2102304-2102815 (bg #64 + 5152)
  4544 free blocks, 8192 free inodes, 0 directories, 8192 unused inodes
  Free blocks: 2424832-2426879, 2426902-2426911, 2426943, 2426983-2427007, 2427050-2427071, 2427105-2427135, 2427161-2427167, 2427188-2427199, 2427234-2427263, 2427331-2427359, 2427381-2427391, 2427427-2427455, 2427491-2427519, 2427547-2427551, 2427572-2427583, 2427617-2427647, 2427665-2427679, 2427710-2427711, 2427736-2427743, 2427761-2427775, 2427815-2427839, 2427895-2427903, 2427998-2428031, 2428127-2428159, 2428250-2428287, 2428331-2428351, 2428415, 2430998-2431007, 2431033-2431086, 2432600-2432639, 2432659-2432671, 2432702-2432703, 2432722-2432735, 2432757-2432767, 2432785-2432799, 2432824-2432831, 2432881-2432895, 2432939-2432959, 2433479-2434047, 2435673-2436095, 2437943-2438143, 2439945-2440191, 2441303-2441343, 2441453-2441471, 2441604-2441727, 2442276-2442303, 2442365-2442367, 2442471-2442495, 2442624-2442751
  Free inodes: 606209-614400
Group 75: (Blocks 2457600-2490367) csum 0x6eca [INODE_UNINIT, ITABLE_ZEROED]
  Block bitmap at 2097163 (bg #64 + 11), csum 0x95e29a50
  Inode bitmap at 2097179 (bg #64 + 27), csum 0x00000000
  Inode table at 2102816-2103327 (bg #64 + 5664)
  974 free blocks, 8192 free inodes, 0 directories, 8192 unused inodes
  Free blocks: 2469353-2469887, 2487102-2487295, 2488075-2488319
  Free inodes: 614401-622592
Group 76: (Blocks 2490368-2523135) csum 0x54fb [INODE_UNINIT, ITABLE_ZEROED]
  Block bitmap at 2097164 (bg #64 + 12), csum 0xe41d6843
  Inode bitmap at 2097180 (bg #64 + 28), csum 0x00000000
  Inode table at 2103328-2103839 (bg #64 + 6176)
  1070 free blocks, 8192 free inodes, 0 directories, 8192 unused inodes
  Free blocks: 2504169-2504703, 2520553-2521087
  Free inodes: 622593-630784
Group 77: (Blocks 2523136-2555903) csum 0x4ad0 [INODE_UNINIT, ITABLE_ZEROED]
  Block bitmap at 2097165 (bg #64 + 13), csum 0xe41d6843
  Inode bitmap at 2097181 (bg #64 + 29), csum 0x00000000
  Inode table at 2103840-2104351 (bg #64 + 6688)
  1070 free blocks, 8192 free inodes, 0 directories, 8192 unused inodes
  Free blocks: 2536937-2537471, 2553321-2553855
  Free inodes: 630785-638976
Group 78: (Blocks 2555904-2588671) csum 0x5dd5 [INODE_UNINIT, ITABLE_ZEROED]
  Block bitmap at 2097166 (bg #64 + 14), csum 0x5f1ff6ab
  Inode bitmap at 2097182 (bg #64 + 30), csum 0x00000000
  Inode table at 2104352-2104863 (bg #64 + 7200)
  194 free blocks, 8192 free inodes, 0 directories, 8192 unused inodes
  Free blocks: 2571070-2571263
  Free inodes: 638977-647168
Group 79: (Blocks 2588672-2621439) csum 0x5384 [INODE_UNINIT, ITABLE_ZEROED]
  Block bitmap at 2097167 (bg #64 + 15), csum 0x2d445517
  Inode bitmap at 2097183 (bg #64 + 31), csum 0x00000000
  Inode table at 2104864-2105375 (bg #64 + 7712)
  388 free blocks, 8192 free inodes, 0 directories, 8192 unused inodes
  Free blocks: 2590332-2590719
  Free inodes: 647169-655360
Group 80: (Blocks 2621440-2654207) csum 0x42e7 [INODE_UNINIT, ITABLE_ZEROED]
  Block bitmap at 2621440 (+0), csum 0x39c4c39e
  Inode bitmap at 2621456 (+16), csum 0x00000000
  Inode table at 2621472-2621983 (+32)
  24544 free blocks, 8192 free inodes, 0 directories, 8192 unused inodes
  Free blocks: 2629664-2654207
  Free inodes: 655361-663552
Group 81: (Blocks 2654208-2686975) csum 0x82a6 [INODE_UNINIT, ITABLE_ZEROED]
  Backup superblock at 2654208, Group descriptors at 2654209-2654246
  Reserved GDT blocks at 2654247-2655270
  Block bitmap at 2621441 (bg #80 + 1), csum 0x09357c5c
  Inode bitmap at 2621457 (bg #80 + 17), csum 0x00000000
  Inode table at 2621984-2622495 (bg #80 + 544)
  577 free blocks, 8192 free inodes, 0 directories, 8192 unused inodes
  Free blocks: 2656101-2656255, 2675518-2675711, 2676508-2676735
  Free inodes: 663553-671744
Group 82: (Blocks 2686976-2719743) csum 0x9304 [INODE_UNINIT, ITABLE_ZEROED]
  Block bitmap at 2621442 (bg #80 + 2), csum 0x055ad706
  Inode bitmap at 2621458 (bg #80 + 18), csum 0x00000000
  Inode table at 2622496-2623007 (bg #80 + 1056)
  484 free blocks, 8192 free inodes, 0 directories, 8192 unused inodes
  Free blocks: 2694829-2695167, 2716527-2716671
  Free inodes: 671745-679936
Group 83: (Blocks 2719744-2752511) csum 0x56fb [INODE_UNINIT, ITABLE_ZEROED]
  Block bitmap at 2621443 (bg #80 + 3), csum 0x84964646
  Inode bitmap at 2621459 (bg #80 + 19), csum 0x00000000
  Inode table at 2623008-2623519 (bg #80 + 1568)
  1568 free blocks, 8192 free inodes, 0 directories, 8192 unused inodes
  Free blocks: 2729694-2729983, 2750459-2750463, 2751239-2752511
  Free inodes: 679937-688128
Group 84: (Blocks 2752512-2785279) csum 0xef2b [INODE_UNINIT, ITABLE_ZEROED]
  Block bitmap at 2621444 (bg #80 + 4), csum 0x17e93cb5
  Inode bitmap at 2621460 (bg #80 + 20), csum 0x00000000
  Inode table at 2623520-2624031 (bg #80 + 2080)
  292 free blocks, 8192 free inodes, 0 directories, 8192 unused inodes
  Free blocks: 2756606-2756607, 2768606-2768895
  Free inodes: 688129-696320
Group 85: (Blocks 2785280-2818047) csum 0xb016 [INODE_UNINIT, ITABLE_ZEROED]
  Block bitmap at 2621445 (bg #80 + 5), csum 0x1873b85e
  Inode bitmap at 2621461 (bg #80 + 21), csum 0x00000000
  Inode table at 2624032-2624543 (bg #80 + 2592)
  3724 free blocks, 8192 free inodes, 0 directories, 8192 unused inodes
  Free blocks: 2790255-2790271, 2790344-2790367, 2790386-2790399, 2790454-2790470, 2790472-2790495, 2790524-2790527, 2790577-2790598, 2790600-2790623, 2790648-2790655, 2790689-2790726, 2790728-2790751, 2790772-2790783, 2790830-2790854, 2790856-2790911, 2790945-2790982, 2790984-2791039, 2791074-2791110, 2791112-2791167, 2791229-2791238, 2791240-2791263, 2791284-2791295, 2791393-2791423, 2802443-2802463, 2802536-2802559, 2802667-2802687, 2802808-2802815, 2802930-2803135, 2803184-2803199, 2803261-2803263, 2803319-2803327, 2803390-2803391, 2803454-2803455, 2803512-2803519, 2803567-2803583, 2803634-2803647, 2803682-2803711, 2803780-2803807, 2803830-2803839, 2803886-2803903, 2803952-2803967, 2804038-2804063, 2804091-2804095, 2804172-2804191, 2804219-2804223, 2804275-2804287, 2804332-2804351, 2804387-2804415, 2804473-2804479, 2804524-2804543, 2804591-2804607, 2804656-2804671, 2804713-2804735, 2804786-2804799, 2804853-2804863, 2804906-2804927, 2804967-2804991, 2805043-2805055, 2805097-2805119, 2805195-2805215, 2805234-2805247, 2805318-2805343, 2805370-2805375, 2805434-2805439, 2805503, 2805562-2805567, 2805626-2805631, 2805676-2805695, 2805742-2805759, 2805810-2805823, 2805864-2805887, 2805932-2805951, 2805997-2806015, 2806063-2806079, 2806142-2806143, 2806177-2806207, 2806256-2806271, 2806320-2806335, 2806397-2806399, 2806442-2806463, 2806511-2806527, 2806569-2806591, 2806644-2806655, 2806723-2806751, 2806774-2806783, 2806835-2806847, 2806903-2806911, 2806980-2807007, 2807027-2807039, 2807086-2807103, 2807162-2807167, 2807203-2807231, 2807281-2807295, 2807346-2807359, 2807418-2807423, 2807475-2807487, 2807532-2807551, 2807608-2807615, 2807673-2807679, 2807739-2807743, 2807783-2807807, 2807857-2807871, 2807925-2807935, 2808007-2808031, 2808050-2808063, 2808108-2808127, 2808185-2808191, 2808252-2808255, 2808313-2808319, 2808361-2808383, 2808439-2808447, 2808514-2808543, 2808562-2808575, 2808627-2808639, 2808682-2808703, 2808738-2808767, 2808830-2808831, 2808893-2808895, 2808952-2808959, 2808999-2809023, 2809063-2809087, 2809137-2809151, 2809208-2809215, 2809288-2809311, 2809329-2809343, 2809390-2809407, 2809448-2809471, 2809512-2809535, 2809579-2809599, 2809643-2809663, 2809707-2809727, 2809772-2809791, 2809832-2809855, 2810631-2810655, 2810680-2810687, 2810742-2810751, 2810831-2810847, 2810879, 2812870-2812895, 2812913-2813407, 2813427-2813919, 2813937-2813951, 2814406-2814431, 2814454-2814463, 2814918-2814943, 2814961-2814975, 2816874-2816895, 2816948-2816959, 2817006-2817023
  Free inodes: 696321-704512
Group 86: (Blocks 2818048-2850815) csum 0x5475 [INODE_UNINIT, ITABLE_ZEROED]
  Block bitmap at 2621446 (bg #80 + 6), csum 0x9e9273a5
  Inode bitmap at 2621462 (bg #80 + 22), csum 0x00000000
  Inode table at 2624544-2625055 (bg #80 + 3104)
  8441 free blocks, 8192 free inodes, 0 directories, 8192 unused inodes
  Free blocks: 2818100-2818153, 2818158-2818175, 2818244-2818271, 2818294-2818475, 2818491-2818495, 2818515-2818527, 2818546-2818559, 2819014-2819039, 2819062-2819071, 2819536-2820095, 2823198-2823199, 2823226-2823327, 2823356-2823359, 2823377-2823391, 2823409-2823423, 2823442-2823455, 2823487, 2823521-2823551, 2823601-2823615, 2823635-2823679, 2823936-2824159, 2824179-2824191, 2824250-2824255, 2824313-2825215, 2825318-2825343, 2825377-2825407, 2825446-2825471, 2825493-2825503, 2825527-2825535, 2825560-2825567, 2825593-2825599, 2825652-2825695, 2825725-2825727, 2825764-2825791, 2825809-2825823, 2825842-2825983, 2826036-2826047, 2826070-2826079, 2826101-2826111, 2826140-2826143, 2826163-2826175, 2826197-2826239, 2831749-2831775, 2831796-2831807, 2831827-2831839, 2831858-2836479, 2839552-2840575
  Free inodes: 704513-712704
Group 87: (Blocks 2850816-2883583) csum 0xf8df [INODE_UNINIT, ITABLE_ZEROED]
  Block bitmap at 2621447 (bg #80 + 7), csum 0x65793ff1
  Inode bitmap at 2621463 (bg #80 + 23), csum 0x00000000
  Inode table at 2625056-2625567 (bg #80 + 3616)
  1936 free blocks, 8192 free inodes, 0 directories, 8192 unused inodes
  Free blocks: 2850834, 2850848-2850851, 2850872, 2850934-2852863
  Free inodes: 712705-720896
Group 88: (Blocks 2883584-2916351) csum 0xbae6 [INODE_UNINIT, ITABLE_ZEROED]
  Block bitmap at 2621448 (bg #80 + 8), csum 0x14f0e4c7
  Inode bitmap at 2621464 (bg #80 + 24), csum 0x00000000
  Inode table at 2625568-2626079 (bg #80 + 4128)
  20963 free blocks, 8192 free inodes, 0 directories, 8192 unused inodes
  Free blocks: 2883584-2883622, 2883639-2883647, 2883667, 2883672-2883699, 2883704-2883711, 2883794-2883795, 2883800-2883807, 2883830-2883839, 2884094-2884095, 2884407-2884415, 2884438-2884447, 2884467-2884470, 2884487-2884490, 2884507-2884510, 2884527-2884530, 2884547, 2884600-2884607, 2890033-2890035, 2890040-2890047, 2890094-2890097, 2890114-2890117, 2890134-2890239, 2890701-2890751, 2891368-2902015, 2903040-2912255, 2913532-2914303
  Free inodes: 720897-729088
Group 89: (Blocks 2916352-2949119) csum 0x2d53 [INODE_UNINIT, ITABLE_ZEROED]
  Block bitmap at 2621449 (bg #80 + 9), csum 0x9d861a9f
  Inode bitmap at 2621465 (bg #80 + 25), csum 0x00000000
  Inode table at 2626080-2626591 (bg #80 + 4640)
  4089 free blocks, 8192 free inodes, 0 directories, 8192 unused inodes
  Free blocks: 2924811-2925375, 2925419-2925439, 2925514-2926079, 2926530-2926591, 2928217-2928639, 2930487-2930495, 2930551-2930687, 2932489-2932543, 2932591-2932735, 2934539-2934591, 2934638-2934783, 2936604-2936831, 2938631-2938879, 2940778-2940927, 2942727-2942975, 2944779-2945023, 2946704-2947071, 2948702-2949119
  Free inodes: 729089-737280
Group 90: (Blocks 2949120-2981887) csum 0x7194 [INODE_UNINIT, ITABLE_ZEROED]
  Block bitmap at 2621450 (bg #80 + 10), csum 0xe53b1075
  Inode bitmap at 2621466 (bg #80 + 26), csum 0x00000000
  Inode table at 2626592-2627103 (bg #80 + 5152)
  1580 free blocks, 8192 free inodes, 0 directories, 8192 unused inodes
  Free blocks: 2950759-2950783, 2950871-2950879, 2950911, 2951051-2951071, 2951097-2951103, 2951139-2951167, 2952985-2952991, 2953021-2953023, 2953079-2953087, 2953175-2953183, 2953201-2953215, 2955013-2955039, 2955064-2955071, 2955114-2955135, 2955223-2955263, 2957082-2957087, 2957117-2957119, 2957156-2957183, 2957271-2957311, 2959190-2959199, 2959227-2959231, 2959319-2959359, 2959713-2959743, 2959831-2959871, 2960300-2960319, 2960356-2960383, 2961042-2961055, 2961082-2961087, 2961121-2961151, 2961241-2961279, 2961368-2961407, 2977613-2977663, 2977751-2977791, 2977879-2977919, 2978007-2978047, 2978136-2978175, 2978263-2978303, 2978391-2978431, 2978519-2978559, 2978647-2978687, 2978775-2978815, 2978903-2978943, 2979034-2979071, 2979159-2979199, 2979287-2979327, 2979415-2979455, 2979543-2979583, 2979673-2979711, 2979777-2979839, 2980300-2980351, 2980653-2980671, 2980736-2980863
  Free inodes: 737281-745472
Group 91: (Blocks 2981888-3014655) csum 0x3880 [INODE_UNINIT, ITABLE_ZEROED]
  Block bitmap at 2621451 (bg #80 + 11), csum 0x2a652893
  Inode bitmap at 2621467 (bg #80 + 27), csum 0x00000000
  Inode table at 2627104-2627615 (bg #80 + 5664)
  14911 free blocks, 8192 free inodes, 0 directories, 8192 unused inodes
  Free blocks: 2982581-2982591, 2982614-2982623, 2982645-2982655, 2982876-2982879, 2982902-2982911, 2982978-2983007, 2983157-2983167, 2983377-2983391, 2983418-2983423, 2983821-2983839, 2983857-2983871, 2983927-2983935, 2984244-2984255, 2984282-2984287, 2984316-2984319, 2984365-2984383, 2984422-2984447, 2984487-2984511, 2984547-2984575, 2984642-2984671, 2984693-2984703, 2984739-2984767, 2984786-2984799, 2984825-2984831, 2984860-2984863, 2984881-2984895, 2984918-2984927, 2984947-2984959, 2985000-2985023, 2985058-2985087, 2985108-2985119, 2985139-2985151, 2985176-2985183, 2985207-2985215, 2985381-2985407, 2985426-2985439, 2985459-2985471, 2985489-2985503, 2985524-2985535, 2985588-2985727, 2985929-2985951, 2985981-2985983, 2986828-2986847, 2986866-2987007, 2987654-2987679, 2987698-2987711, 2987772-2987775, 2988021-2988031, 2989001-2989055, 2989637-2990079, 2990503-2990591, 2992556-2992639, 2992662-2994175, 2996813-2998271, 3003890-3003903, 3004368-3014655
  Free inodes: 745473-753664
Group 92: (Blocks 3014656-3047423) csum 0x9358 [INODE_UNINIT, ITABLE_ZEROED]
  Block bitmap at 2621452 (bg #80 + 12), csum 0x517fc31c
  Inode bitmap at 2621468 (bg #80 + 28), csum 0x00000000
  Inode table at 2627616-2628127 (bg #80 + 6176)
  12647 free blocks, 8192 free inodes, 0 directories, 8192 unused inodes
  Free blocks: 3014656-3014703, 3014738-3014751, 3014772-3014783, 3014865-3014879, 3014907-3014911, 3015051-3015071, 3015091-3015103, 3015140-3015167, 3015477-3015487, 3015542-3015551, 3015617-3015647, 3015676-3015679, 3018807-3018815, 3018836-3018847, 3018866-3019199, 3019260-3019263, 3019440-3019519, 3019678-3019775, 3020625-3020799, 3022690-3023359, 3023676-3023871, 3024259-3024383, 3024775-3024895, 3030830-3031039, 3032393-3032575, 3032825-3033087, 3035421-3037183, 3039232-3047423
  Free inodes: 753665-761856
Group 93: (Blocks 3047424-3080191) csum 0x0605 [INODE_UNINIT, ITABLE_ZEROED]
  Block bitmap at 2621453 (bg #80 + 13), csum 0xe94713f9
  Inode bitmap at 2621469 (bg #80 + 29), csum 0x00000000
  Inode table at 2628128-2628639 (bg #80 + 6688)
  13296 free blocks, 8192 free inodes, 0 directories, 8192 unused inodes
  Free blocks: 3051528-3051566, 3052599-3055615, 3069952-3080191
  Free inodes: 761857-770048
Group 94: (Blocks 3080192-3112959) csum 0x5234 [INODE_UNINIT, ITABLE_ZEROED]
  Block bitmap at 2621454 (bg #80 + 14), csum 0x01eddb14
  Inode bitmap at 2621470 (bg #80 + 30), csum 0x00000000
  Inode table at 2628640-2629151 (bg #80 + 7200)
  20755 free blocks, 8192 free inodes, 0 directories, 8192 unused inodes
  Free blocks: 3080192-3080230, 3082004-3082239, 3092480-3112959
  Free inodes: 770049-778240
Group 95: (Blocks 3112960-3145727) csum 0x43bf [INODE_UNINIT, ITABLE_ZEROED]
  Block bitmap at 2621455 (bg #80 + 15), csum 0x6ed5374c
  Inode bitmap at 2621471 (bg #80 + 31), csum 0x00000000
  Inode table at 2629152-2629663 (bg #80 + 7712)
  26622 free blocks, 8192 free inodes, 0 directories, 8192 unused inodes
  Free blocks: 3112960-3137535, 3137538-3139583
  Free inodes: 778241-786432
Group 96: (Blocks 3145728-3178495) csum 0x5168 [ITABLE_ZEROED]
  Block bitmap at 3145728 (+0), csum 0x2466c534
  Inode bitmap at 3145744 (+16), csum 0x11cb71c5
  Inode table at 3145760-3146271 (+32)
  23595 free blocks, 4461 free inodes, 947 directories
  Free blocks: 3154901-3178495
  Free inodes: 790164-794624
Group 97: (Blocks 3178496-3211263) csum 0x8598 [ITABLE_ZEROED]
  Block bitmap at 3145729 (bg #96 + 1), csum 0x39f1cb72
  Inode bitmap at 3145745 (bg #96 + 17), csum 0x44208d5b
  Inode table at 3146272-3146783 (bg #96 + 544)
  10364 free blocks, 8192 free inodes, 0 directories, 5555 unused inodes
  Free blocks: 3186688-3194879, 3200900-3203071
  Free inodes: 794625-802816
Group 98: (Blocks 3211264-3244031) csum 0x3ff1 [INODE_UNINIT, ITABLE_ZEROED]
  Block bitmap at 3145730 (bg #96 + 2), csum 0x9d360016
  Inode bitmap at 3145746 (bg #96 + 18), csum 0x00000000
  Inode table at 3146784-3147295 (bg #96 + 1056)
  16366 free blocks, 8192 free inodes, 0 directories, 8192 unused inodes
  Free blocks: 3211264-3215359, 3217552-3229695, 3243906-3244031
  Free inodes: 802817-811008
Group 99: (Blocks 3244032-3276799) csum 0x0407 [INODE_UNINIT, ITABLE_ZEROED]
  Block bitmap at 3145731 (bg #96 + 3), csum 0x3f8a95dc
  Inode bitmap at 3145747 (bg #96 + 19), csum 0x00000000
  Inode table at 3147296-3147807 (bg #96 + 1568)
  13718 free blocks, 8192 free inodes, 0 directories, 8192 unused inodes
  Free blocks: 3250176-3252223, 3254272-3255551, 3255710-3256319, 3258368-3258879, 3259340-3260415, 3268608-3276799
  Free inodes: 811009-819200
Group 100: (Blocks 3276800-3309567) csum 0xc8f9 [INODE_UNINIT, ITABLE_ZEROED]
  Block bitmap at 3145732 (bg #96 + 4), csum 0x5f759061
  Inode bitmap at 3145748 (bg #96 + 20), csum 0x00000000
  Inode table at 3147808-3148319 (bg #96 + 2080)
  8096 free blocks, 8192 free inodes, 0 directories, 8192 unused inodes
  Free blocks: 3276800-3279095, 3279192-3280895, 3297280-3301375
  Free inodes: 819201-827392
Group 101: (Blocks 3309568-3342335) csum 0xd64f [INODE_UNINIT, ITABLE_ZEROED]
  Block bitmap at 3145733 (bg #96 + 5), csum 0x12abad30
  Inode bitmap at 3145749 (bg #96 + 21), csum 0x00000000
  Inode table at 3148320-3148831 (bg #96 + 2592)
  2048 free blocks, 8192 free inodes, 0 directories, 8192 unused inodes
  Free blocks: 3328000-3330047
  Free inodes: 827393-835584
Group 102: (Blocks 3342336-3375103) csum 0xde98 [INODE_UNINIT, ITABLE_ZEROED]
  Block bitmap at 3145734 (bg #96 + 6), csum 0xb358f4b3
  Inode bitmap at 3145750 (bg #96 + 22), csum 0x00000000
  Inode table at 3148832-3149343 (bg #96 + 3104)
  32202 free blocks, 8192 free inodes, 0 directories, 8192 unused inodes
  Free blocks: 3342862-3342911, 3342952-3375103
  Free inodes: 835585-843776
Group 103: (Blocks 3375104-3407871) csum 0xc9ed [INODE_UNINIT, ITABLE_ZEROED]
  Block bitmap at 3145735 (bg #96 + 7), csum 0x17d6a30e
  Inode bitmap at 3145751 (bg #96 + 23), csum 0x00000000
  Inode table at 3149344-3149855 (bg #96 + 3616)
  32746 free blocks, 8192 free inodes, 0 directories, 8192 unused inodes
  Free blocks: 3375104-3390751, 3390774-3407871
  Free inodes: 843777-851968
Group 104: (Blocks 3407872-3440639) csum 0x000b [INODE_UNINIT, BLOCK_UNINIT, ITABLE_ZEROED]
  Block bitmap at 3145736 (bg #96 + 8), csum 0x00000000
  Inode bitmap at 3145752 (bg #96 + 24), csum 0x00000000
  Inode table at 3149856-3150367 (bg #96 + 4128)
  32768 free blocks, 8192 free inodes, 0 directories, 8192 unused inodes
  Free blocks: 3407872-3440639
  Free inodes: 851969-860160
Group 105: (Blocks 3440640-3473407) csum 0x1e20 [INODE_UNINIT, BLOCK_UNINIT, ITABLE_ZEROED]
  Block bitmap at 3145737 (bg #96 + 9), csum 0x00000000
  Inode bitmap at 3145753 (bg #96 + 25), csum 0x00000000
  Inode table at 3150368-3150879 (bg #96 + 4640)
  32768 free blocks, 8192 free inodes, 0 directories, 8192 unused inodes
  Free blocks: 3440640-3473407
  Free inodes: 860161-868352
Group 106: (Blocks 3473408-3506175) csum 0x4aac [INODE_UNINIT, BLOCK_UNINIT, ITABLE_ZEROED]
  Block bitmap at 3145738 (bg #96 + 10), csum 0x00000000
  Inode bitmap at 3145754 (bg #96 + 26), csum 0x00000000
  Inode table at 3150880-3151391 (bg #96 + 5152)
  32768 free blocks, 8192 free inodes, 0 directories, 8192 unused inodes
  Free blocks: 3473408-3506175
  Free inodes: 868353-876544
Group 107: (Blocks 3506176-3538943) csum 0x5487 [INODE_UNINIT, BLOCK_UNINIT, ITABLE_ZEROED]
  Block bitmap at 3145739 (bg #96 + 11), csum 0x00000000
  Inode bitmap at 3145755 (bg #96 + 27), csum 0x00000000
  Inode table at 3151392-3151903 (bg #96 + 5664)
  32768 free blocks, 8192 free inodes, 0 directories, 8192 unused inodes
  Free blocks: 3506176-3538943
  Free inodes: 876545-884736
Group 108: (Blocks 3538944-3571711) csum 0x9545 [INODE_UNINIT, BLOCK_UNINIT, ITABLE_ZEROED]
  Block bitmap at 3145740 (bg #96 + 12), csum 0x00000000
  Inode bitmap at 3145756 (bg #96 + 28), csum 0x00000000
  Inode table at 3151904-3152415 (bg #96 + 6176)
  32768 free blocks, 8192 free inodes, 0 directories, 8192 unused inodes
  Free blocks: 3538944-3571711
  Free inodes: 884737-892928
Group 109: (Blocks 3571712-3604479) csum 0x8b6e [INODE_UNINIT, BLOCK_UNINIT, ITABLE_ZEROED]
  Block bitmap at 3145741 (bg #96 + 13), csum 0x00000000
  Inode bitmap at 3145757 (bg #96 + 29), csum 0x00000000
  Inode table at 3152416-3152927 (bg #96 + 6688)
  32768 free blocks, 8192 free inodes, 0 directories, 8192 unused inodes
  Free blocks: 3571712-3604479
  Free inodes: 892929-901120
Group 110: (Blocks 3604480-3637247) csum 0xdfe2 [INODE_UNINIT, BLOCK_UNINIT, ITABLE_ZEROED]
  Block bitmap at 3145742 (bg #96 + 14), csum 0x00000000
  Inode bitmap at 3145758 (bg #96 + 30), csum 0x00000000
  Inode table at 3152928-3153439 (bg #96 + 7200)
  32768 free blocks, 8192 free inodes, 0 directories, 8192 unused inodes
  Free blocks: 3604480-3637247
  Free inodes: 901121-909312
Group 111: (Blocks 3637248-3670015) csum 0xc1c9 [INODE_UNINIT, BLOCK_UNINIT, ITABLE_ZEROED]
  Block bitmap at 3145743 (bg #96 + 15), csum 0x00000000
  Inode bitmap at 3145759 (bg #96 + 31), csum 0x00000000
  Inode table at 3153440-3153951 (bg #96 + 7712)
  32768 free blocks, 8192 free inodes, 0 directories, 8192 unused inodes
  Free blocks: 3637248-3670015
  Free inodes: 909313-917504
Group 112: (Blocks 3670016-3702783) csum 0xe17a [ITABLE_ZEROED]
  Block bitmap at 3670016 (+0), csum 0x2466c534
  Inode bitmap at 3670032 (+16), csum 0x12f4ff82
  Inode table at 3670048-3670559 (+32)
  23595 free blocks, 1767 free inodes, 947 directories
  Free blocks: 3679189-3702783
  Free inodes: 923930-925696
Group 113: (Blocks 3702784-3735551) csum 0x6586 [ITABLE_ZEROED]
  Block bitmap at 3670017 (bg #112 + 1), csum 0x91d8a4e6
  Inode bitmap at 3670033 (bg #112 + 17), csum 0x44208d5b
