MemTotal:        2097152 kB
MemFree:           10976 kB
MemAvailable:     818588 kB
Buffers:               0 kB
Cached:           807612 kB
SwapCached:            0 kB
Active:          1029164 kB
Inactive:         963124 kB
Active(anon):     680356 kB
Inactive(anon):   498036 kB
Active(file):     348808 kB
Inactive(file):   465088 kB
Unevictable:           0 kB
Mlocked:           54580 kB
SwapTotal:             0 kB
SwapFree:              0 kB
Dirty:             34188 kB
Writeback:           132 kB
AnonPages:       1178176 kB
Mapped:           215424 kB
Shmem:               216 kB
KReclaimable:     464264 kB
Slab:                  0 kB
SReclaimable:          0 kB
SUnreclaim:            0 kB
KernelStack:       22504 kB
PageTables:        36184 kB
NFS_Unstable:          0 kB
Bounce:                0 kB
WritebackTmp:          0 kB
CommitLimit:    12390880 kB
Committed_AS:   17059632 kB
VmallocTotal:   34359738367 kB
VmallocUsed:       86848 kB
VmallocChunk:          0 kB
Percpu:            10288 kB
HardwareCorrupted:     0 kB
AnonHugePages:         0 kB
ShmemHugePages:        0 kB
ShmemPmdMapped:        0 kB
FileHugePages:         0 kB
FilePmdMapped:         0 kB
CmaTotal:              0 kB
CmaFree:               0 kB
HugePages_Total:       0
HugePages_Free:        0
HugePages_Rsvd:        0
HugePages_Surp:        0
Hugepagesize:       2048 kB
Hugetlb:               0 kB
DirectMap4k:      668824 kB
DirectMap2M:    16107520 kB
DirectMap1G:     2097152 kB
