-- Logs begin at Fri 2022-03-18 19:57:13 UTC, end at Fri 2022-03-18 21:13:23 UTC. --
Mar 18 19:57:13 ubuntu kernel: Linux version 5.4.0-104-generic (buildd@ubuntu) (gcc version 9.3.0 (Ubuntu 9.3.0-17ubuntu1~20.04)) #118-Ubuntu SMP Wed Mar 2 19:02:41 UTC 2022 (Ubuntu 5.4.0-104.118-generic 5.4.166)
Mar 18 19:57:13 ubuntu kernel: Command line: BOOT_IMAGE=/boot/vmlinuz-5.4.0-104-generic root=LABEL=cloudimg-rootfs ro console=tty1 console=ttyS0
Mar 18 19:57:13 ubuntu kernel: KERNEL supported cpus:
Mar 18 19:57:13 ubuntu kernel:   Intel GenuineIntel
Mar 18 19:57:13 ubuntu kernel:   AMD AuthenticAMD
Mar 18 19:57:13 ubuntu kernel:   Hygon HygonGenuine
Mar 18 19:57:13 ubuntu kernel:   Centaur CentaurHauls
Mar 18 19:57:13 ubuntu kernel:   zhaoxin   Shanghai  
Mar 18 19:57:13 ubuntu kernel: x86/fpu: Supporting XSAVE feature 0x001: 'x87 floating point registers'
Mar 18 19:57:13 ubuntu kernel: x86/fpu: Supporting XSAVE feature 0x002: 'SSE registers'
Mar 18 19:57:13 ubuntu kernel: x86/fpu: Supporting XSAVE feature 0x004: 'AVX registers'
Mar 18 19:57:13 ubuntu kernel: x86/fpu: xstate_offset[2]:  576, xstate_sizes[2]:  256
Mar 18 19:57:13 ubuntu kernel: x86/fpu: Enabled xstate features 0x7, context size is 832 bytes, using 'standard' format.
Mar 18 19:57:13 ubuntu kernel: BIOS-provided physical RAM map:
Mar 18 19:57:13 ubuntu kernel: BIOS-e820: [mem 0x0000000000000000-0x000000000009fbff] usable
Mar 18 19:57:13 ubuntu kernel: BIOS-e820: [mem 0x000000000009fc00-0x000000000009ffff] reserved
Mar 18 19:57:13 ubuntu kernel: BIOS-e820: [mem 0x00000000000f0000-0x00000000000fffff] reserved
Mar 18 19:57:13 ubuntu kernel: BIOS-e820: [mem 0x0000000000100000-0x000000007ffdbfff] usable
Mar 18 19:57:13 ubuntu kernel: BIOS-e820: [mem 0x000000007ffdc000-0x000000007fffffff] reserved
Mar 18 19:57:13 ubuntu kernel: BIOS-e820: [mem 0x00000000feffc000-0x00000000feffffff] reserved
Mar 18 19:57:13 ubuntu kernel: BIOS-e820: [mem 0x00000000fffc0000-0x00000000ffffffff] reserved
Mar 18 19:57:13 ubuntu kernel: NX (Execute Disable) protection: active
Mar 18 19:57:13 ubuntu kernel: SMBIOS 2.8 present.
Mar 18 19:57:13 ubuntu kernel: DMI: OpenStack Foundation OpenStack Nova, BIOS 1.10.2-1ubuntu1 04/01/2014
Mar 18 19:57:13 ubuntu kernel: Hypervisor detected: KVM
Mar 18 19:57:13 ubuntu kernel: kvm-clock: Using msrs 4b564d01 and 4b564d00
Mar 18 19:57:13 ubuntu kernel: kvm-clock: cpu 0, msr 15601001, primary cpu clock
Mar 18 19:57:13 ubuntu kernel: kvm-clock: using sched offset of 5630929490 cycles
Mar 18 19:57:13 ubuntu kernel: clocksource: kvm-clock: mask: 0xffffffffffffffff max_cycles: 0x1cd42e4dffb, max_idle_ns: 881590591483 ns
Mar 18 19:57:13 ubuntu kernel: tsc: Detected 2596.990 MHz processor
Mar 18 19:57:13 ubuntu kernel: e820: update [mem 0x00000000-0x00000fff] usable ==> reserved
Mar 18 19:57:13 ubuntu kernel: e820: remove [mem 0x000a0000-0x000fffff] usable
Mar 18 19:57:13 ubuntu kernel: last_pfn = 0x7ffdc max_arch_pfn = 0x400000000
Mar 18 19:57:13 ubuntu kernel: MTRR default type: write-back
Mar 18 19:57:13 ubuntu kernel: MTRR fixed ranges enabled:
Mar 18 19:57:13 ubuntu kernel:   00000-9FFFF write-back
Mar 18 19:57:13 ubuntu kernel:   A0000-BFFFF uncachable
Mar 18 19:57:13 ubuntu kernel:   C0000-FFFFF write-protect
Mar 18 19:57:13 ubuntu kernel: MTRR variable ranges enabled:
Mar 18 19:57:13 ubuntu kernel:   0 base 0080000000 mask FF80000000 uncachable
Mar 18 19:57:13 ubuntu kernel:   1 disabled
Mar 18 19:57:13 ubuntu kernel:   2 disabled
Mar 18 19:57:13 ubuntu kernel:   3 disabled
Mar 18 19:57:13 ubuntu kernel:   4 disabled
Mar 18 19:57:13 ubuntu kernel:   5 disabled
Mar 18 19:57:13 ubuntu kernel:   6 disabled
Mar 18 19:57:13 ubuntu kernel:   7 disabled
Mar 18 19:57:13 ubuntu kernel: x86/PAT: Configuration [0-7]: WB  WC  UC- UC  WB  WP  UC- WT  
Mar 18 19:57:13 ubuntu kernel: found SMP MP-table at [mem 0x000f6a70-0x000f6a7f]
Mar 18 19:57:13 ubuntu kernel: check: Scanning 1 areas for low memory corruption
Mar 18 19:57:13 ubuntu kernel: Using GB pages for direct mapping
Mar 18 19:57:13 ubuntu kernel: RAMDISK: [mem 0x34bb9000-0x365d3fff]
Mar 18 19:57:13 ubuntu kernel: ACPI: Early table checksum verification disabled
Mar 18 19:57:13 ubuntu kernel: ACPI: RSDP 0x00000000000F6870 000014 (v00 BOCHS )
Mar 18 19:57:13 ubuntu kernel: ACPI: RSDT 0x000000007FFE1505 00002C (v01 BOCHS  BXPCRSDT 00000001 BXPC 00000001)
Mar 18 19:57:13 ubuntu kernel: ACPI: FACP 0x000000007FFE1419 000074 (v01 BOCHS  BXPCFACP 00000001 BXPC 00000001)
Mar 18 19:57:13 ubuntu kernel: ACPI: DSDT 0x000000007FFE0040 0013D9 (v01 BOCHS  BXPCDSDT 00000001 BXPC 00000001)
Mar 18 19:57:13 ubuntu kernel: ACPI: FACS 0x000000007FFE0000 000040
Mar 18 19:57:13 ubuntu kernel: ACPI: APIC 0x000000007FFE148D 000078 (v01 BOCHS  BXPCAPIC 00000001 BXPC 00000001)
Mar 18 19:57:13 ubuntu kernel: ACPI: Reserving FACP table memory at [mem 0x7ffe1419-0x7ffe148c]
Mar 18 19:57:13 ubuntu kernel: ACPI: Reserving DSDT table memory at [mem 0x7ffe0040-0x7ffe1418]
Mar 18 19:57:13 ubuntu kernel: ACPI: Reserving FACS table memory at [mem 0x7ffe0000-0x7ffe003f]
Mar 18 19:57:13 ubuntu kernel: ACPI: Reserving APIC table memory at [mem 0x7ffe148d-0x7ffe1504]
Mar 18 19:57:13 ubuntu kernel: ACPI: Local APIC address 0xfee00000
Mar 18 19:57:13 ubuntu kernel: No NUMA configuration found
Mar 18 19:57:13 ubuntu kernel: Faking a node at [mem 0x0000000000000000-0x000000007ffdbfff]
Mar 18 19:57:13 ubuntu kernel: NODE_DATA(0) allocated [mem 0x7ffb1000-0x7ffdbfff]
Mar 18 19:57:13 ubuntu kernel: Zone ranges:
Mar 18 19:57:13 ubuntu kernel:   DMA      [mem 0x0000000000001000-0x0000000000ffffff]
Mar 18 19:57:13 ubuntu kernel:   DMA32    [mem 0x0000000001000000-0x000000007ffdbfff]
Mar 18 19:57:13 ubuntu kernel:   Normal   empty
Mar 18 19:57:13 ubuntu kernel:   Device   empty
Mar 18 19:57:13 ubuntu kernel: Movable zone start for each node
Mar 18 19:57:13 ubuntu kernel: Early memory node ranges
Mar 18 19:57:13 ubuntu kernel:   node   0: [mem 0x0000000000001000-0x000000000009efff]
Mar 18 19:57:13 ubuntu kernel:   node   0: [mem 0x0000000000100000-0x000000007ffdbfff]
Mar 18 19:57:13 ubuntu kernel: Zeroed struct page in unavailable ranges: 134 pages
Mar 18 19:57:13 ubuntu kernel: Initmem setup node 0 [mem 0x0000000000001000-0x000000007ffdbfff]
Mar 18 19:57:13 ubuntu kernel: On node 0 totalpages: 524154
Mar 18 19:57:13 ubuntu kernel:   DMA zone: 64 pages used for memmap
Mar 18 19:57:13 ubuntu kernel:   DMA zone: 21 pages reserved
Mar 18 19:57:13 ubuntu kernel:   DMA zone: 3998 pages, LIFO batch:0
Mar 18 19:57:13 ubuntu kernel:   DMA32 zone: 8128 pages used for memmap
Mar 18 19:57:13 ubuntu kernel:   DMA32 zone: 520156 pages, LIFO batch:63
Mar 18 19:57:13 ubuntu kernel: ACPI: PM-Timer IO Port: 0x608
Mar 18 19:57:13 ubuntu kernel: ACPI: Local APIC address 0xfee00000
Mar 18 19:57:13 ubuntu kernel: ACPI: LAPIC_NMI (acpi_id[0xff] dfl dfl lint[0x1])
Mar 18 19:57:13 ubuntu kernel: IOAPIC[0]: apic_id 0, version 17, address 0xfec00000, GSI 0-23
Mar 18 19:57:13 ubuntu kernel: ACPI: INT_SRC_OVR (bus 0 bus_irq 0 global_irq 2 dfl dfl)
Mar 18 19:57:13 ubuntu kernel: ACPI: INT_SRC_OVR (bus 0 bus_irq 5 global_irq 5 high level)
Mar 18 19:57:13 ubuntu kernel: ACPI: INT_SRC_OVR (bus 0 bus_irq 9 global_irq 9 high level)
Mar 18 19:57:13 ubuntu kernel: ACPI: INT_SRC_OVR (bus 0 bus_irq 10 global_irq 10 high level)
Mar 18 19:57:13 ubuntu kernel: ACPI: INT_SRC_OVR (bus 0 bus_irq 11 global_irq 11 high level)
Mar 18 19:57:13 ubuntu kernel: ACPI: IRQ0 used by override.
Mar 18 19:57:13 ubuntu kernel: ACPI: IRQ5 used by override.
Mar 18 19:57:13 ubuntu kernel: ACPI: IRQ9 used by override.
Mar 18 19:57:13 ubuntu kernel: ACPI: IRQ10 used by override.
Mar 18 19:57:13 ubuntu kernel: ACPI: IRQ11 used by override.
Mar 18 19:57:13 ubuntu kernel: Using ACPI (MADT) for SMP configuration information
Mar 18 19:57:13 ubuntu kernel: TSC deadline timer available
Mar 18 19:57:13 ubuntu kernel: smpboot: Allowing 1 CPUs, 0 hotplug CPUs
Mar 18 19:57:13 ubuntu kernel: PM: Registered nosave memory: [mem 0x00000000-0x00000fff]
Mar 18 19:57:13 ubuntu kernel: PM: Registered nosave memory: [mem 0x0009f000-0x0009ffff]
Mar 18 19:57:13 ubuntu kernel: PM: Registered nosave memory: [mem 0x000a0000-0x000effff]
Mar 18 19:57:13 ubuntu kernel: PM: Registered nosave memory: [mem 0x000f0000-0x000fffff]
Mar 18 19:57:13 ubuntu kernel: [mem 0x80000000-0xfeffbfff] available for PCI devices
Mar 18 19:57:13 ubuntu kernel: Booting paravirtualized kernel on KVM
Mar 18 19:57:13 ubuntu kernel: clocksource: refined-jiffies: mask: 0xffffffff max_cycles: 0xffffffff, max_idle_ns: 7645519600211568 ns
Mar 18 19:57:13 ubuntu kernel: setup_percpu: NR_CPUS:8192 nr_cpumask_bits:1 nr_cpu_ids:1 nr_node_ids:1
Mar 18 19:57:13 ubuntu kernel: percpu: Embedded 60 pages/cpu s208896 r8192 d28672 u2097152
Mar 18 19:57:13 ubuntu kernel: pcpu-alloc: s208896 r8192 d28672 u2097152 alloc=1*2097152
Mar 18 19:57:13 ubuntu kernel: pcpu-alloc: [0] 0 
Mar 18 19:57:13 ubuntu kernel: setup async PF for cpu 0
Mar 18 19:57:13 ubuntu kernel: kvm-stealtime: cpu 0, msr 7da32040
Mar 18 19:57:13 ubuntu kernel: Built 1 zonelists, mobility grouping on.  Total pages: 515941
Mar 18 19:57:13 ubuntu kernel: Policy zone: DMA32
Mar 18 19:57:13 ubuntu kernel: Kernel command line: BOOT_IMAGE=/boot/vmlinuz-5.4.0-104-generic root=LABEL=cloudimg-rootfs ro console=tty1 console=ttyS0
Mar 18 19:57:13 ubuntu kernel: Dentry cache hash table entries: 262144 (order: 9, 2097152 bytes, linear)
Mar 18 19:57:13 ubuntu kernel: Inode-cache hash table entries: 131072 (order: 8, 1048576 bytes, linear)
Mar 18 19:57:13 ubuntu kernel: mem auto-init: stack:off, heap alloc:on, heap free:off
Mar 18 19:57:13 ubuntu kernel: Calgary: detecting Calgary via BIOS EBDA area
Mar 18 19:57:13 ubuntu kernel: Calgary: Unable to locate Rio Grande table in EBDA - bailing!
Mar 18 19:57:13 ubuntu kernel: Memory: 1996580K/2096616K available (14339K kernel code, 2400K rwdata, 9500K rodata, 2752K init, 4948K bss, 100036K reserved, 0K cma-reserved)
Mar 18 19:57:13 ubuntu kernel: random: get_random_u64 called from kmem_cache_open+0x2d/0x410 with crng_init=0
Mar 18 19:57:13 ubuntu kernel: SLUB: HWalign=64, Order=0-3, MinObjects=0, CPUs=1, Nodes=1
Mar 18 19:57:13 ubuntu kernel: Kernel/User page tables isolation: enabled
Mar 18 19:57:13 ubuntu kernel: ftrace: allocating 44651 entries in 175 pages
Mar 18 19:57:13 ubuntu kernel: rcu: Hierarchical RCU implementation.
Mar 18 19:57:13 ubuntu kernel: rcu:         RCU restricting CPUs from NR_CPUS=8192 to nr_cpu_ids=1.
Mar 18 19:57:13 ubuntu kernel:         Tasks RCU enabled.
Mar 18 19:57:13 ubuntu kernel: rcu: RCU calculated value of scheduler-enlistment delay is 25 jiffies.
Mar 18 19:57:13 ubuntu kernel: rcu: Adjusting geometry for rcu_fanout_leaf=16, nr_cpu_ids=1
Mar 18 19:57:13 ubuntu kernel: NR_IRQS: 524544, nr_irqs: 256, preallocated irqs: 16
Mar 18 19:57:13 ubuntu kernel: random: crng done (trusting CPU's manufacturer)
Mar 18 19:57:13 ubuntu kernel: Console: colour VGA+ 80x25
Mar 18 19:57:13 ubuntu kernel: printk: console [tty1] enabled
Mar 18 19:57:13 ubuntu kernel: printk: console [ttyS0] enabled
Mar 18 19:57:13 ubuntu kernel: ACPI: Core revision 20190816
Mar 18 19:57:13 ubuntu kernel: APIC: Switch to symmetric I/O mode setup
Mar 18 19:57:13 ubuntu kernel: x2apic enabled
Mar 18 19:57:13 ubuntu kernel: Switched APIC routing to physical x2apic.
Mar 18 19:57:13 ubuntu kernel: clocksource: tsc-early: mask: 0xffffffffffffffff max_cycles: 0x256f20fda37, max_idle_ns: 440795331973 ns
Mar 18 19:57:13 ubuntu kernel: Calibrating delay loop (skipped) preset value.. 5193.98 BogoMIPS (lpj=10387960)
Mar 18 19:57:13 ubuntu kernel: pid_max: default: 32768 minimum: 301
Mar 18 19:57:13 ubuntu kernel: LSM: Security Framework initializing
Mar 18 19:57:13 ubuntu kernel: Yama: becoming mindful.
Mar 18 19:57:13 ubuntu kernel: AppArmor: AppArmor initialized
Mar 18 19:57:13 ubuntu kernel: Mount-cache hash table entries: 4096 (order: 3, 32768 bytes, linear)
Mar 18 19:57:13 ubuntu kernel: Mountpoint-cache hash table entries: 4096 (order: 3, 32768 bytes, linear)
Mar 18 19:57:13 ubuntu kernel: *** VALIDATE tmpfs ***
Mar 18 19:57:13 ubuntu kernel: *** VALIDATE proc ***
Mar 18 19:57:13 ubuntu kernel: *** VALIDATE cgroup1 ***
Mar 18 19:57:13 ubuntu kernel: *** VALIDATE cgroup2 ***
Mar 18 19:57:13 ubuntu kernel: Last level iTLB entries: 4KB 0, 2MB 0, 4MB 0
Mar 18 19:57:13 ubuntu kernel: Last level dTLB entries: 4KB 0, 2MB 0, 4MB 0, 1GB 0
Mar 18 19:57:13 ubuntu kernel: Spectre V1 : Mitigation: usercopy/swapgs barriers and __user pointer sanitization
Mar 18 19:57:13 ubuntu kernel: Spectre V2 : Mitigation: Retpolines
Mar 18 19:57:13 ubuntu kernel: Spectre V2 : Spectre v2 / SpectreRSB mitigation: Filling RSB on context switch
Mar 18 19:57:13 ubuntu kernel: Spectre V2 : Enabling Restricted Speculation for firmware calls
Mar 18 19:57:13 ubuntu kernel: Spectre V2 : mitigation: Enabling conditional Indirect Branch Prediction Barrier
Mar 18 19:57:13 ubuntu kernel: Speculative Store Bypass: Mitigation: Speculative Store Bypass disabled via prctl and seccomp
Mar 18 19:57:13 ubuntu kernel: SRBDS: Unknown: Dependent on hypervisor status
Mar 18 19:57:13 ubuntu kernel: MDS: Mitigation: Clear CPU buffers
Mar 18 19:57:13 ubuntu kernel: Freeing SMP alternatives memory: 40K
Mar 18 19:57:13 ubuntu kernel: smpboot: CPU0: Intel Core Processor (Haswell, no TSX, IBRS) (family: 0x6, model: 0x3c, stepping: 0x1)
Mar 18 19:57:13 ubuntu kernel: Performance Events: unsupported p6 CPU model 60 no PMU driver, software events only.
Mar 18 19:57:13 ubuntu kernel: rcu: Hierarchical SRCU implementation.
Mar 18 19:57:13 ubuntu kernel: NMI watchdog: Perf NMI watchdog permanently disabled
Mar 18 19:57:13 ubuntu kernel: smp: Bringing up secondary CPUs ...
Mar 18 19:57:13 ubuntu kernel: smp: Brought up 1 node, 1 CPU
Mar 18 19:57:13 ubuntu kernel: smpboot: Max logical packages: 1
Mar 18 19:57:13 ubuntu kernel: smpboot: Total of 1 processors activated (5193.98 BogoMIPS)
Mar 18 19:57:13 ubuntu kernel: devtmpfs: initialized
Mar 18 19:57:13 ubuntu kernel: x86/mm: Memory block size: 128MB
Mar 18 19:57:13 ubuntu kernel: clocksource: jiffies: mask: 0xffffffff max_cycles: 0xffffffff, max_idle_ns: 7645041785100000 ns
Mar 18 19:57:13 ubuntu kernel: futex hash table entries: 256 (order: 2, 16384 bytes, linear)
Mar 18 19:57:13 ubuntu kernel: pinctrl core: initialized pinctrl subsystem
Mar 18 19:57:13 ubuntu kernel: PM: RTC time: 19:57:09, date: 2022-03-18
Mar 18 19:57:13 ubuntu kernel: NET: Registered protocol family 16
Mar 18 19:57:13 ubuntu kernel: audit: initializing netlink subsys (disabled)
Mar 18 19:57:13 ubuntu kernel: EISA bus registered
Mar 18 19:57:13 ubuntu kernel: cpuidle: using governor ladder
Mar 18 19:57:13 ubuntu kernel: cpuidle: using governor menu
Mar 18 19:57:13 ubuntu kernel: ACPI: bus type PCI registered
Mar 18 19:57:13 ubuntu kernel: acpiphp: ACPI Hot Plug PCI Controller Driver version: 0.5
Mar 18 19:57:13 ubuntu kernel: PCI: Using configuration type 1 for base access
Mar 18 19:57:13 ubuntu kernel: audit: type=2000 audit(1647633430.551:1): state=initialized audit_enabled=0 res=1
Mar 18 19:57:13 ubuntu kernel: HugeTLB registered 1.00 GiB page size, pre-allocated 0 pages
Mar 18 19:57:13 ubuntu kernel: HugeTLB registered 2.00 MiB page size, pre-allocated 0 pages
Mar 18 19:57:13 ubuntu kernel: ACPI: Added _OSI(Module Device)
Mar 18 19:57:13 ubuntu kernel: ACPI: Added _OSI(Processor Device)
Mar 18 19:57:13 ubuntu kernel: ACPI: Added _OSI(3.0 _SCP Extensions)
Mar 18 19:57:13 ubuntu kernel: ACPI: Added _OSI(Processor Aggregator Device)
Mar 18 19:57:13 ubuntu kernel: ACPI: Added _OSI(Linux-Dell-Video)
Mar 18 19:57:13 ubuntu kernel: ACPI: Added _OSI(Linux-Lenovo-NV-HDMI-Audio)
Mar 18 19:57:13 ubuntu kernel: ACPI: Added _OSI(Linux-HPI-Hybrid-Graphics)
Mar 18 19:57:13 ubuntu kernel: ACPI: 1 ACPI AML tables successfully acquired and loaded
Mar 18 19:57:13 ubuntu kernel: ACPI: Interpreter enabled
Mar 18 19:57:13 ubuntu kernel: ACPI: (supports S0 S3 S4 S5)
Mar 18 19:57:13 ubuntu kernel: ACPI: Using IOAPIC for interrupt routing
Mar 18 19:57:13 ubuntu kernel: PCI: Using host bridge windows from ACPI; if necessary, use "pci=nocrs" and report a bug
Mar 18 19:57:13 ubuntu kernel: ACPI: Enabled 2 GPEs in block 00 to 0F
Mar 18 19:57:13 ubuntu kernel: ACPI: PCI Root Bridge [PCI0] (domain 0000 [bus 00-ff])
Mar 18 19:57:13 ubuntu kernel: acpi PNP0A03:00: _OSC: OS supports [ASPM ClockPM Segments MSI HPX-Type3]
Mar 18 19:57:13 ubuntu kernel: acpi PNP0A03:00: fail to add MMCONFIG information, can't access extended PCI configuration space under this bridge.
Mar 18 19:57:13 ubuntu kernel: acpiphp: Slot [3] registered
Mar 18 19:57:13 ubuntu kernel: acpiphp: Slot [4] registered
Mar 18 19:57:13 ubuntu kernel: acpiphp: Slot [5] registered
Mar 18 19:57:13 ubuntu kernel: acpiphp: Slot [6] registered
Mar 18 19:57:13 ubuntu kernel: acpiphp: Slot [7] registered
Mar 18 19:57:13 ubuntu kernel: acpiphp: Slot [8] registered
Mar 18 19:57:13 ubuntu kernel: acpiphp: Slot [9] registered
Mar 18 19:57:13 ubuntu kernel: acpiphp: Slot [10] registered
Mar 18 19:57:13 ubuntu kernel: acpiphp: Slot [11] registered
Mar 18 19:57:13 ubuntu kernel: acpiphp: Slot [12] registered
Mar 18 19:57:13 ubuntu kernel: acpiphp: Slot [13] registered
Mar 18 19:57:13 ubuntu kernel: acpiphp: Slot [14] registered
Mar 18 19:57:13 ubuntu kernel: acpiphp: Slot [15] registered
Mar 18 19:57:13 ubuntu kernel: acpiphp: Slot [16] registered
Mar 18 19:57:13 ubuntu kernel: acpiphp: Slot [17] registered
Mar 18 19:57:13 ubuntu kernel: acpiphp: Slot [18] registered
Mar 18 19:57:13 ubuntu kernel: acpiphp: Slot [19] registered
Mar 18 19:57:13 ubuntu kernel: acpiphp: Slot [20] registered
Mar 18 19:57:13 ubuntu kernel: acpiphp: Slot [21] registered
Mar 18 19:57:13 ubuntu kernel: acpiphp: Slot [22] registered
Mar 18 19:57:13 ubuntu kernel: acpiphp: Slot [23] registered
Mar 18 19:57:13 ubuntu kernel: acpiphp: Slot [24] registered
Mar 18 19:57:13 ubuntu kernel: acpiphp: Slot [25] registered
Mar 18 19:57:13 ubuntu kernel: acpiphp: Slot [26] registered
Mar 18 19:57:13 ubuntu kernel: acpiphp: Slot [27] registered
Mar 18 19:57:13 ubuntu kernel: acpiphp: Slot [28] registered
Mar 18 19:57:13 ubuntu kernel: acpiphp: Slot [29] registered
Mar 18 19:57:13 ubuntu kernel: acpiphp: Slot [30] registered
Mar 18 19:57:13 ubuntu kernel: acpiphp: Slot [31] registered
Mar 18 19:57:13 ubuntu kernel: PCI host bridge to bus 0000:00
Mar 18 19:57:13 ubuntu kernel: pci_bus 0000:00: root bus resource [io  0x0000-0x0cf7 window]
Mar 18 19:57:13 ubuntu kernel: pci_bus 0000:00: root bus resource [io  0x0d00-0xffff window]
Mar 18 19:57:13 ubuntu kernel: pci_bus 0000:00: root bus resource [mem 0x000a0000-0x000bffff window]
Mar 18 19:57:13 ubuntu kernel: pci_bus 0000:00: root bus resource [mem 0x80000000-0xfebfffff window]
Mar 18 19:57:13 ubuntu kernel: pci_bus 0000:00: root bus resource [mem 0x100000000-0x17fffffff window]
Mar 18 19:57:13 ubuntu kernel: pci_bus 0000:00: root bus resource [bus 00-ff]
Mar 18 19:57:13 ubuntu kernel: pci 0000:00:00.0: [8086:1237] type 00 class 0x060000
Mar 18 19:57:13 ubuntu kernel: pci 0000:00:01.0: [8086:7000] type 00 class 0x060100
Mar 18 19:57:13 ubuntu kernel: pci 0000:00:01.1: [8086:7010] type 00 class 0x010180
Mar 18 19:57:13 ubuntu kernel: pci 0000:00:01.1: reg 0x20: [io  0xc120-0xc12f]
Mar 18 19:57:13 ubuntu kernel: pci 0000:00:01.1: legacy IDE quirk: reg 0x10: [io  0x01f0-0x01f7]
Mar 18 19:57:13 ubuntu kernel: pci 0000:00:01.1: legacy IDE quirk: reg 0x14: [io  0x03f6]
Mar 18 19:57:13 ubuntu kernel: pci 0000:00:01.1: legacy IDE quirk: reg 0x18: [io  0x0170-0x0177]
Mar 18 19:57:13 ubuntu kernel: pci 0000:00:01.1: legacy IDE quirk: reg 0x1c: [io  0x0376]
Mar 18 19:57:13 ubuntu kernel: pci 0000:00:01.2: [8086:7020] type 00 class 0x0c0300
Mar 18 19:57:13 ubuntu kernel: pci 0000:00:01.2: reg 0x20: [io  0xc0c0-0xc0df]
Mar 18 19:57:13 ubuntu kernel: pci 0000:00:01.3: [8086:7113] type 00 class 0x068000
Mar 18 19:57:13 ubuntu kernel: pci 0000:00:01.3: quirk: [io  0x0600-0x063f] claimed by PIIX4 ACPI
Mar 18 19:57:13 ubuntu kernel: pci 0000:00:01.3: quirk: [io  0x0700-0x070f] claimed by PIIX4 SMB
Mar 18 19:57:13 ubuntu kernel: pci 0000:00:02.0: [1b36:0100] type 00 class 0x030000
Mar 18 19:57:13 ubuntu kernel: pci 0000:00:02.0: reg 0x10: [mem 0xf4000000-0xf7ffffff]
Mar 18 19:57:13 ubuntu kernel: pci 0000:00:02.0: reg 0x14: [mem 0xf8000000-0xfbffffff]
Mar 18 19:57:13 ubuntu kernel: pci 0000:00:02.0: reg 0x18: [mem 0xfc090000-0xfc091fff]
Mar 18 19:57:13 ubuntu kernel: pci 0000:00:02.0: reg 0x1c: [io  0xc0e0-0xc0ff]
Mar 18 19:57:13 ubuntu kernel: pci 0000:00:02.0: reg 0x30: [mem 0xfc080000-0xfc08ffff pref]
Mar 18 19:57:13 ubuntu kernel: pci 0000:00:03.0: [1af4:1000] type 00 class 0x020000
Mar 18 19:57:13 ubuntu kernel: pci 0000:00:03.0: reg 0x10: [io  0xc000-0xc03f]
Mar 18 19:57:13 ubuntu kernel: pci 0000:00:03.0: reg 0x14: [mem 0xfc092000-0xfc092fff]
Mar 18 19:57:13 ubuntu kernel: pci 0000:00:03.0: reg 0x20: [mem 0xfebf0000-0xfebf3fff 64bit pref]
Mar 18 19:57:13 ubuntu kernel: pci 0000:00:03.0: reg 0x30: [mem 0xfc000000-0xfc07ffff pref]
Mar 18 19:57:13 ubuntu kernel: pci 0000:00:04.0: [1af4:1003] type 00 class 0x078000
Mar 18 19:57:13 ubuntu kernel: pci 0000:00:04.0: reg 0x10: [io  0xc040-0xc07f]
Mar 18 19:57:13 ubuntu kernel: pci 0000:00:04.0: reg 0x14: [mem 0xfc093000-0xfc093fff]
Mar 18 19:57:13 ubuntu kernel: pci 0000:00:04.0: reg 0x20: [mem 0xfebf4000-0xfebf7fff 64bit pref]
Mar 18 19:57:13 ubuntu kernel: pci 0000:00:05.0: [1af4:1001] type 00 class 0x010000
Mar 18 19:57:13 ubuntu kernel: pci 0000:00:05.0: reg 0x10: [io  0xc080-0xc0bf]
Mar 18 19:57:13 ubuntu kernel: pci 0000:00:05.0: reg 0x14: [mem 0xfc094000-0xfc094fff]
Mar 18 19:57:13 ubuntu kernel: pci 0000:00:05.0: reg 0x20: [mem 0xfebf8000-0xfebfbfff 64bit pref]
Mar 18 19:57:13 ubuntu kernel: pci 0000:00:06.0: [1af4:1002] type 00 class 0x00ff00
Mar 18 19:57:13 ubuntu kernel: pci 0000:00:06.0: reg 0x10: [io  0xc100-0xc11f]
Mar 18 19:57:13 ubuntu kernel: pci 0000:00:06.0: reg 0x20: [mem 0xfebfc000-0xfebfffff 64bit pref]
Mar 18 19:57:13 ubuntu kernel: ACPI: PCI Interrupt Link [LNKA] (IRQs 5 *10 11)
Mar 18 19:57:13 ubuntu kernel: ACPI: PCI Interrupt Link [LNKB] (IRQs 5 *10 11)
Mar 18 19:57:13 ubuntu kernel: ACPI: PCI Interrupt Link [LNKC] (IRQs 5 10 *11)
Mar 18 19:57:13 ubuntu kernel: ACPI: PCI Interrupt Link [LNKD] (IRQs 5 10 *11)
Mar 18 19:57:13 ubuntu kernel: ACPI: PCI Interrupt Link [LNKS] (IRQs *9)
Mar 18 19:57:13 ubuntu kernel: iommu: Default domain type: Translated 
Mar 18 19:57:13 ubuntu kernel: SCSI subsystem initialized
Mar 18 19:57:13 ubuntu kernel: libata version 3.00 loaded.
Mar 18 19:57:13 ubuntu kernel: pci 0000:00:02.0: vgaarb: setting as boot VGA device
Mar 18 19:57:13 ubuntu kernel: pci 0000:00:02.0: vgaarb: VGA device added: decodes=io+mem,owns=io+mem,locks=none
Mar 18 19:57:13 ubuntu kernel: pci 0000:00:02.0: vgaarb: bridge control possible
Mar 18 19:57:13 ubuntu kernel: vgaarb: loaded
Mar 18 19:57:13 ubuntu kernel: ACPI: bus type USB registered
Mar 18 19:57:13 ubuntu kernel: usbcore: registered new interface driver usbfs
Mar 18 19:57:13 ubuntu kernel: usbcore: registered new interface driver hub
Mar 18 19:57:13 ubuntu kernel: usbcore: registered new device driver usb
Mar 18 19:57:13 ubuntu kernel: pps_core: LinuxPPS API ver. 1 registered
Mar 18 19:57:13 ubuntu kernel: pps_core: Software ver. 5.3.6 - Copyright 2005-2007 Rodolfo Giometti <giometti@linux.it>
Mar 18 19:57:13 ubuntu kernel: PTP clock support registered
Mar 18 19:57:13 ubuntu kernel: EDAC MC: Ver: 3.0.0
Mar 18 19:57:13 ubuntu kernel: PCI: Using ACPI for IRQ routing
Mar 18 19:57:13 ubuntu kernel: PCI: pci_cache_line_size set to 64 bytes
Mar 18 19:57:13 ubuntu kernel: e820: reserve RAM buffer [mem 0x0009fc00-0x0009ffff]
Mar 18 19:57:13 ubuntu kernel: e820: reserve RAM buffer [mem 0x7ffdc000-0x7fffffff]
Mar 18 19:57:13 ubuntu kernel: NetLabel: Initializing
Mar 18 19:57:13 ubuntu kernel: NetLabel:  domain hash size = 128
Mar 18 19:57:13 ubuntu kernel: NetLabel:  protocols = UNLABELED CIPSOv4 CALIPSO
Mar 18 19:57:13 ubuntu kernel: NetLabel:  unlabeled traffic allowed by default
Mar 18 19:57:13 ubuntu kernel: clocksource: Switched to clocksource kvm-clock
Mar 18 19:57:13 ubuntu kernel: *** VALIDATE bpf ***
Mar 18 19:57:13 ubuntu kernel: VFS: Disk quotas dquot_6.6.0
Mar 18 19:57:13 ubuntu kernel: VFS: Dquot-cache hash table entries: 512 (order 0, 4096 bytes)
Mar 18 19:57:13 ubuntu kernel: *** VALIDATE ramfs ***
Mar 18 19:57:13 ubuntu kernel: *** VALIDATE hugetlbfs ***
Mar 18 19:57:13 ubuntu kernel: AppArmor: AppArmor Filesystem Enabled
Mar 18 19:57:13 ubuntu kernel: pnp: PnP ACPI init
Mar 18 19:57:13 ubuntu kernel: pnp 00:00: Plug and Play ACPI device, IDs PNP0b00 (active)
Mar 18 19:57:13 ubuntu kernel: pnp 00:01: Plug and Play ACPI device, IDs PNP0303 (active)
Mar 18 19:57:13 ubuntu kernel: pnp 00:02: Plug and Play ACPI device, IDs PNP0f13 (active)
Mar 18 19:57:13 ubuntu kernel: pnp 00:03: [dma 2]
Mar 18 19:57:13 ubuntu kernel: pnp 00:03: Plug and Play ACPI device, IDs PNP0700 (active)
Mar 18 19:57:13 ubuntu kernel: pnp 00:04: Plug and Play ACPI device, IDs PNP0501 (active)
Mar 18 19:57:13 ubuntu kernel: pnp: PnP ACPI: found 5 devices
Mar 18 19:57:13 ubuntu kernel: thermal_sys: Registered thermal governor 'fair_share'
Mar 18 19:57:13 ubuntu kernel: thermal_sys: Registered thermal governor 'bang_bang'
Mar 18 19:57:13 ubuntu kernel: thermal_sys: Registered thermal governor 'step_wise'
Mar 18 19:57:13 ubuntu kernel: thermal_sys: Registered thermal governor 'user_space'
Mar 18 19:57:13 ubuntu kernel: thermal_sys: Registered thermal governor 'power_allocator'
Mar 18 19:57:13 ubuntu kernel: clocksource: acpi_pm: mask: 0xffffff max_cycles: 0xffffff, max_idle_ns: 2085701024 ns
Mar 18 19:57:13 ubuntu kernel: pci_bus 0000:00: resource 4 [io  0x0000-0x0cf7 window]
Mar 18 19:57:13 ubuntu kernel: pci_bus 0000:00: resource 5 [io  0x0d00-0xffff window]
Mar 18 19:57:13 ubuntu kernel: pci_bus 0000:00: resource 6 [mem 0x000a0000-0x000bffff window]
Mar 18 19:57:13 ubuntu kernel: pci_bus 0000:00: resource 7 [mem 0x80000000-0xfebfffff window]
Mar 18 19:57:13 ubuntu kernel: pci_bus 0000:00: resource 8 [mem 0x100000000-0x17fffffff window]
Mar 18 19:57:13 ubuntu kernel: NET: Registered protocol family 2
Mar 18 19:57:13 ubuntu kernel: IP idents hash table entries: 32768 (order: 6, 262144 bytes, linear)
Mar 18 19:57:13 ubuntu kernel: tcp_listen_portaddr_hash hash table entries: 1024 (order: 2, 16384 bytes, linear)
Mar 18 19:57:13 ubuntu kernel: TCP established hash table entries: 16384 (order: 5, 131072 bytes, linear)
Mar 18 19:57:13 ubuntu kernel: TCP bind hash table entries: 16384 (order: 6, 262144 bytes, linear)
Mar 18 19:57:13 ubuntu kernel: TCP: Hash tables configured (established 16384 bind 16384)
Mar 18 19:57:13 ubuntu kernel: UDP hash table entries: 1024 (order: 3, 32768 bytes, linear)
Mar 18 19:57:13 ubuntu kernel: UDP-Lite hash table entries: 1024 (order: 3, 32768 bytes, linear)
Mar 18 19:57:13 ubuntu kernel: NET: Registered protocol family 1
Mar 18 19:57:13 ubuntu kernel: NET: Registered protocol family 44
Mar 18 19:57:13 ubuntu kernel: pci 0000:00:01.0: PIIX3: Enabling Passive Release
Mar 18 19:57:13 ubuntu kernel: pci 0000:00:00.0: Limiting direct PCI/PCI transfers
Mar 18 19:57:13 ubuntu kernel: pci 0000:00:01.0: Activating ISA DMA hang workarounds
Mar 18 19:57:13 ubuntu kernel: PCI Interrupt Link [LNKD] enabled at IRQ 11
Mar 18 19:57:13 ubuntu kernel: pci 0000:00:01.2: quirk_usb_early_handoff+0x0/0x670 took 46976 usecs
Mar 18 19:57:13 ubuntu kernel: pci 0000:00:02.0: Video device with shadowed ROM at [mem 0x000c0000-0x000dffff]
Mar 18 19:57:13 ubuntu kernel: PCI: CLS 0 bytes, default 64
Mar 18 19:57:13 ubuntu kernel: Trying to unpack rootfs image as initramfs...
Mar 18 19:57:13 ubuntu kernel: Freeing initrd memory: 26732K
Mar 18 19:57:13 ubuntu kernel: clocksource: tsc: mask: 0xffffffffffffffff max_cycles: 0x256f20fda37, max_idle_ns: 440795331973 ns
Mar 18 19:57:13 ubuntu kernel: check: Scanning for low memory corruption every 60 seconds
Mar 18 19:57:13 ubuntu kernel: Initialise system trusted keyrings
Mar 18 19:57:13 ubuntu kernel: Key type blacklist registered
Mar 18 19:57:13 ubuntu kernel: workingset: timestamp_bits=36 max_order=19 bucket_order=0
Mar 18 19:57:13 ubuntu kernel: zbud: loaded
Mar 18 19:57:13 ubuntu kernel: squashfs: version 4.0 (2009/01/31) Phillip Lougher
Mar 18 19:57:13 ubuntu kernel: fuse: init (API version 7.31)
Mar 18 19:57:13 ubuntu kernel: *** VALIDATE fuse ***
Mar 18 19:57:13 ubuntu kernel: *** VALIDATE fuse ***
Mar 18 19:57:13 ubuntu kernel: Platform Keyring initialized
Mar 18 19:57:13 ubuntu kernel: Key type asymmetric registered
Mar 18 19:57:13 ubuntu kernel: Asymmetric key parser 'x509' registered
Mar 18 19:57:13 ubuntu kernel: Block layer SCSI generic (bsg) driver version 0.4 loaded (major 244)
Mar 18 19:57:13 ubuntu kernel: io scheduler mq-deadline registered
Mar 18 19:57:13 ubuntu kernel: shpchp: Standard Hot Plug PCI Controller Driver version: 0.4
Mar 18 19:57:13 ubuntu kernel: intel_idle: Please enable MWAIT in BIOS SETUP
Mar 18 19:57:13 ubuntu kernel: input: Power Button as /devices/LNXSYSTM:00/LNXPWRBN:00/input/input0
Mar 18 19:57:13 ubuntu kernel: ACPI: Power Button [PWRF]
Mar 18 19:57:13 ubuntu kernel: PCI Interrupt Link [LNKC] enabled at IRQ 10
Mar 18 19:57:13 ubuntu kernel: PCI Interrupt Link [LNKA] enabled at IRQ 10
Mar 18 19:57:13 ubuntu kernel: PCI Interrupt Link [LNKB] enabled at IRQ 11
Mar 18 19:57:13 ubuntu kernel: Serial: 8250/16550 driver, 32 ports, IRQ sharing enabled
Mar 18 19:57:13 ubuntu kernel: 00:04: ttyS0 at I/O 0x3f8 (irq = 4, base_baud = 115200) is a 16550A
Mar 18 19:57:13 ubuntu kernel: Linux agpgart interface v0.103
Mar 18 19:57:13 ubuntu kernel: loop: module loaded
Mar 18 19:57:13 ubuntu kernel: ata_piix 0000:00:01.1: version 2.13
Mar 18 19:57:13 ubuntu kernel: scsi host0: ata_piix
Mar 18 19:57:13 ubuntu kernel: scsi host1: ata_piix
Mar 18 19:57:13 ubuntu kernel: ata1: PATA max MWDMA2 cmd 0x1f0 ctl 0x3f6 bmdma 0xc120 irq 14
Mar 18 19:57:13 ubuntu kernel: ata2: PATA max MWDMA2 cmd 0x170 ctl 0x376 bmdma 0xc128 irq 15
Mar 18 19:57:13 ubuntu kernel: libphy: Fixed MDIO Bus: probed
Mar 18 19:57:13 ubuntu kernel: tun: Universal TUN/TAP device driver, 1.6
Mar 18 19:57:13 ubuntu kernel: PPP generic driver version 2.4.2
Mar 18 19:57:13 ubuntu kernel: VFIO - User Level meta-driver version: 0.3
Mar 18 19:57:13 ubuntu kernel: ehci_hcd: USB 2.0 'Enhanced' Host Controller (EHCI) Driver
Mar 18 19:57:13 ubuntu kernel: ehci-pci: EHCI PCI platform driver
Mar 18 19:57:13 ubuntu kernel: ehci-platform: EHCI generic platform driver
Mar 18 19:57:13 ubuntu kernel: ohci_hcd: USB 1.1 'Open' Host Controller (OHCI) Driver
Mar 18 19:57:13 ubuntu kernel: ohci-pci: OHCI PCI platform driver
Mar 18 19:57:13 ubuntu kernel: ohci-platform: OHCI generic platform driver
Mar 18 19:57:13 ubuntu kernel: uhci_hcd: USB Universal Host Controller Interface driver
Mar 18 19:57:13 ubuntu kernel: uhci_hcd 0000:00:01.2: UHCI Host Controller
Mar 18 19:57:13 ubuntu kernel: uhci_hcd 0000:00:01.2: new USB bus registered, assigned bus number 1
Mar 18 19:57:13 ubuntu kernel: uhci_hcd 0000:00:01.2: detected 2 ports
Mar 18 19:57:13 ubuntu kernel: uhci_hcd 0000:00:01.2: irq 11, io base 0x0000c0c0
Mar 18 19:57:13 ubuntu kernel: usb usb1: New USB device found, idVendor=1d6b, idProduct=0001, bcdDevice= 5.04
Mar 18 19:57:13 ubuntu kernel: usb usb1: New USB device strings: Mfr=3, Product=2, SerialNumber=1
Mar 18 19:57:13 ubuntu kernel: usb usb1: Product: UHCI Host Controller
Mar 18 19:57:13 ubuntu kernel: usb usb1: Manufacturer: Linux 5.4.0-104-generic uhci_hcd
Mar 18 19:57:13 ubuntu kernel: usb usb1: SerialNumber: 0000:00:01.2
Mar 18 19:57:13 ubuntu kernel: hub 1-0:1.0: USB hub found
Mar 18 19:57:13 ubuntu kernel: hub 1-0:1.0: 2 ports detected
Mar 18 19:57:13 ubuntu kernel: i8042: PNP: PS/2 Controller [PNP0303:KBD,PNP0f13:MOU] at 0x60,0x64 irq 1,12
Mar 18 19:57:13 ubuntu kernel: serio: i8042 KBD port at 0x60,0x64 irq 1
Mar 18 19:57:13 ubuntu kernel: serio: i8042 AUX port at 0x60,0x64 irq 12
Mar 18 19:57:13 ubuntu kernel: mousedev: PS/2 mouse device common for all mice
Mar 18 19:57:13 ubuntu kernel: input: AT Translated Set 2 keyboard as /devices/platform/i8042/serio0/input/input1
Mar 18 19:57:13 ubuntu kernel: rtc_cmos 00:00: RTC can wake from S4
Mar 18 19:57:13 ubuntu kernel: rtc_cmos 00:00: registered as rtc0
Mar 18 19:57:13 ubuntu kernel: rtc_cmos 00:00: alarms up to one day, y3k, 114 bytes nvram
Mar 18 19:57:13 ubuntu kernel: i2c /dev entries driver
Mar 18 19:57:13 ubuntu kernel: device-mapper: uevent: version 1.0.3
Mar 18 19:57:13 ubuntu kernel: device-mapper: ioctl: 4.41.0-ioctl (2019-09-16) initialised: dm-devel@redhat.com
Mar 18 19:57:13 ubuntu kernel: platform eisa.0: Probing EISA bus 0
Mar 18 19:57:13 ubuntu kernel: platform eisa.0: EISA: Cannot allocate resource for mainboard
Mar 18 19:57:13 ubuntu kernel: platform eisa.0: Cannot allocate resource for EISA slot 1
Mar 18 19:57:13 ubuntu kernel: platform eisa.0: Cannot allocate resource for EISA slot 2
Mar 18 19:57:13 ubuntu kernel: platform eisa.0: Cannot allocate resource for EISA slot 3
Mar 18 19:57:13 ubuntu kernel: platform eisa.0: Cannot allocate resource for EISA slot 4
Mar 18 19:57:13 ubuntu kernel: platform eisa.0: Cannot allocate resource for EISA slot 5
Mar 18 19:57:13 ubuntu kernel: platform eisa.0: Cannot allocate resource for EISA slot 6
Mar 18 19:57:13 ubuntu kernel: platform eisa.0: Cannot allocate resource for EISA slot 7
Mar 18 19:57:13 ubuntu kernel: platform eisa.0: Cannot allocate resource for EISA slot 8
Mar 18 19:57:13 ubuntu kernel: platform eisa.0: EISA: Detected 0 cards
Mar 18 19:57:13 ubuntu kernel: intel_pstate: CPU model not supported
Mar 18 19:57:13 ubuntu kernel: ledtrig-cpu: registered to indicate activity on CPUs
Mar 18 19:57:13 ubuntu kernel: drop_monitor: Initializing network drop monitor service
Mar 18 19:57:13 ubuntu kernel: NET: Registered protocol family 10
Mar 18 19:57:13 ubuntu kernel: Segment Routing with IPv6
Mar 18 19:57:13 ubuntu kernel: NET: Registered protocol family 17
Mar 18 19:57:13 ubuntu kernel: Key type dns_resolver registered
Mar 18 19:57:13 ubuntu kernel: RAS: Correctable Errors collector initialized.
Mar 18 19:57:13 ubuntu kernel: IPI shorthand broadcast: enabled
Mar 18 19:57:13 ubuntu kernel: sched_clock: Marking stable (898498325, 160489088)->(1149843746, -90856333)
Mar 18 19:57:13 ubuntu kernel: registered taskstats version 1
Mar 18 19:57:13 ubuntu kernel: Loading compiled-in X.509 certificates
Mar 18 19:57:13 ubuntu kernel: Loaded X.509 cert 'Build time autogenerated kernel key: 1d99d5be51ba05615434698fc21d649fd8de2468'
Mar 18 19:57:13 ubuntu kernel: Loaded X.509 cert 'Canonical Ltd. Live Patch Signing: 14df34d1a87cf37625abec039ef2bf521249b969'
Mar 18 19:57:13 ubuntu kernel: Loaded X.509 cert 'Canonical Ltd. Kernel Module Signing: 88f752e560a1e0737e31163a466ad7b70a850c19'
Mar 18 19:57:13 ubuntu kernel: blacklist: Loading compiled-in revocation X.509 certificates
Mar 18 19:57:13 ubuntu kernel: Loaded X.509 cert 'Canonical Ltd. Secure Boot Signing: 61482aa2830d0ab2ad5af10b7250da9033ddcef0'
Mar 18 19:57:13 ubuntu kernel: zswap: loaded using pool lzo/zbud
Mar 18 19:57:13 ubuntu kernel: Key type ._fscrypt registered
Mar 18 19:57:13 ubuntu kernel: Key type .fscrypt registered
Mar 18 19:57:13 ubuntu kernel: Key type big_key registered
Mar 18 19:57:13 ubuntu kernel: Key type encrypted registered
Mar 18 19:57:13 ubuntu kernel: AppArmor: AppArmor sha1 policy hashing enabled
Mar 18 19:57:13 ubuntu kernel: ima: No TPM chip found, activating TPM-bypass!
Mar 18 19:57:13 ubuntu kernel: ima: Allocated hash algorithm: sha1
Mar 18 19:57:13 ubuntu kernel: ima: No architecture policies found
Mar 18 19:57:13 ubuntu kernel: evm: Initialising EVM extended attributes:
Mar 18 19:57:13 ubuntu kernel: evm: security.selinux
Mar 18 19:57:13 ubuntu kernel: evm: security.SMACK64
Mar 18 19:57:13 ubuntu kernel: evm: security.SMACK64EXEC
Mar 18 19:57:13 ubuntu kernel: evm: security.SMACK64TRANSMUTE
Mar 18 19:57:13 ubuntu kernel: evm: security.SMACK64MMAP
Mar 18 19:57:13 ubuntu kernel: evm: security.apparmor
Mar 18 19:57:13 ubuntu kernel: evm: security.ima
Mar 18 19:57:13 ubuntu kernel: evm: security.capability
Mar 18 19:57:13 ubuntu kernel: evm: HMAC attrs: 0x1
Mar 18 19:57:13 ubuntu kernel: PM:   Magic number: 14:791:1001
Mar 18 19:57:13 ubuntu kernel: pnp 00:03: hash matches
Mar 18 19:57:13 ubuntu kernel: rtc_cmos 00:00: setting system clock to 2022-03-18T19:57:10 UTC (1647633430)
Mar 18 19:57:13 ubuntu kernel: Freeing unused decrypted memory: 2040K
Mar 18 19:57:13 ubuntu kernel: Freeing unused kernel image memory: 2752K
Mar 18 19:57:13 ubuntu kernel: Write protecting the kernel read-only data: 26624k
Mar 18 19:57:13 ubuntu kernel: Freeing unused kernel image memory: 2008K
Mar 18 19:57:13 ubuntu kernel: Freeing unused kernel image memory: 740K
Mar 18 19:57:13 ubuntu kernel: x86/mm: Checked W+X mappings: passed, no W+X pages found.
Mar 18 19:57:13 ubuntu kernel: x86/mm: Checking user space page tables
Mar 18 19:57:13 ubuntu kernel: x86/mm: Checked W+X mappings: passed, no W+X pages found.
Mar 18 19:57:13 ubuntu kernel: Run /init as init process
Mar 18 19:57:13 ubuntu kernel: virtio_blk virtio2: [vda] 41943040 512-byte logical blocks (21.5 GB/20.0 GiB)
Mar 18 19:57:13 ubuntu kernel: FDC 0 is a S82078B
Mar 18 19:57:13 ubuntu kernel: input: VirtualPS/2 VMware VMMouse as /devices/platform/i8042/serio1/input/input4
Mar 18 19:57:13 ubuntu kernel: input: VirtualPS/2 VMware VMMouse as /devices/platform/i8042/serio1/input/input3
Mar 18 19:57:13 ubuntu kernel: cryptd: max_cpu_qlen set to 1000
Mar 18 19:57:13 ubuntu kernel: GPT:Primary header thinks Alt. header is not at the end of the disk.
Mar 18 19:57:13 ubuntu kernel: GPT:4612095 != 41943039
Mar 18 19:57:13 ubuntu kernel: GPT:Alternate GPT header not at the end of the disk.
Mar 18 19:57:13 ubuntu kernel: GPT:4612095 != 41943039
Mar 18 19:57:13 ubuntu kernel: GPT: Use GNU Parted to correct GPT errors.
Mar 18 19:57:13 ubuntu kernel:  vda: vda1 vda14 vda15
Mar 18 19:57:13 ubuntu kernel: AVX2 version of gcm_enc/dec engaged.
Mar 18 19:57:13 ubuntu kernel: AES CTR mode by8 optimization enabled
Mar 18 19:57:13 ubuntu kernel: virtio_net virtio0 ens3: renamed from eth0
Mar 18 19:57:13 ubuntu kernel: raid6: avx2x4   gen() 22347 MB/s
Mar 18 19:57:13 ubuntu kernel: raid6: avx2x4   xor() 14560 MB/s
Mar 18 19:57:13 ubuntu kernel: raid6: avx2x2   gen() 20014 MB/s
Mar 18 19:57:13 ubuntu kernel: raid6: avx2x2   xor() 12235 MB/s
Mar 18 19:57:13 ubuntu kernel: raid6: avx2x1   gen() 15365 MB/s
Mar 18 19:57:13 ubuntu kernel: raid6: avx2x1   xor() 11796 MB/s
Mar 18 19:57:13 ubuntu kernel: raid6: sse2x4   gen() 12901 MB/s
Mar 18 19:57:13 ubuntu kernel: raid6: sse2x4   xor()  8089 MB/s
Mar 18 19:57:13 ubuntu kernel: raid6: sse2x2   gen() 10785 MB/s
Mar 18 19:57:13 ubuntu kernel: raid6: sse2x2   xor()  7081 MB/s
Mar 18 19:57:13 ubuntu kernel: raid6: sse2x1   gen()  8796 MB/s
Mar 18 19:57:13 ubuntu kernel: raid6: sse2x1   xor()  6377 MB/s
Mar 18 19:57:13 ubuntu kernel: raid6: using algorithm avx2x4 gen() 22347 MB/s
Mar 18 19:57:13 ubuntu kernel: raid6: .... xor() 14560 MB/s, rmw enabled
Mar 18 19:57:13 ubuntu kernel: raid6: using avx2x2 recovery algorithm
Mar 18 19:57:13 ubuntu kernel: xor: automatically using best checksumming function   avx       
Mar 18 19:57:13 ubuntu kernel: async_tx: api initialized (async)
Mar 18 19:57:13 ubuntu kernel: Btrfs loaded, crc32c=crc32c-intel
Mar 18 19:57:13 ubuntu kernel: EXT4-fs (vda1): mounted filesystem with ordered data mode. Opts: (null)
Mar 18 19:57:13 ubuntu systemd[1]: Inserted module 'autofs4'
Mar 18 19:57:13 ubuntu systemd[1]: systemd 245.4-4ubuntu3.15 running in system mode. (+PAM +AUDIT +SELINUX +IMA +APPARMOR +SMACK +SYSVINIT +UTMP +LIBCRYPTSETUP +GCRYPT +GNUTLS +ACL +XZ +LZ4 +SECCOMP +BLKID +ELFUTILS +KMOD +IDN2 -IDN +PCRE2 default-hierarchy=hybrid)
Mar 18 19:57:13 ubuntu systemd[1]: Detected virtualization kvm.
Mar 18 19:57:13 ubuntu systemd[1]: Detected architecture x86-64.
Mar 18 19:57:13 ubuntu systemd[1]: Set hostname to <ubuntu>.
Mar 18 19:57:13 ubuntu systemd[1]: Initializing machine ID from KVM UUID.
Mar 18 19:57:13 ubuntu systemd[1]: Installed transient /etc/machine-id file.
Mar 18 19:57:13 ubuntu systemd[1]: Created slice system-modprobe.slice.
Mar 18 19:57:13 ubuntu systemd[1]: Created slice system-serial\x2dgetty.slice.
Mar 18 19:57:13 ubuntu systemd[1]: Created slice system-systemd\x2dfsck.slice.
Mar 18 19:57:13 ubuntu systemd[1]: Created slice User and Session Slice.
Mar 18 19:57:13 ubuntu systemd[1]: Started Forward Password Requests to Wall Directory Watch.
Mar 18 19:57:13 ubuntu systemd[1]: Set up automount Arbitrary Executable File Formats File System Automount Point.
Mar 18 19:57:13 ubuntu systemd[1]: Reached target User and Group Name Lookups.
Mar 18 19:57:13 ubuntu systemd[1]: Reached target Slices.
Mar 18 19:57:13 ubuntu systemd[1]: Reached target Swap.
Mar 18 19:57:13 ubuntu systemd[1]: Listening on Device-mapper event daemon FIFOs.
Mar 18 19:57:13 ubuntu systemd[1]: Listening on LVM2 poll daemon socket.
Mar 18 19:57:13 ubuntu systemd[1]: Listening on multipathd control socket.
Mar 18 19:57:13 ubuntu systemd[1]: Listening on Syslog Socket.
Mar 18 19:57:13 ubuntu systemd[1]: Listening on fsck to fsckd communication Socket.
Mar 18 19:57:13 ubuntu systemd[1]: Listening on initctl Compatibility Named Pipe.
Mar 18 19:57:13 ubuntu systemd[1]: Listening on Journal Audit Socket.
Mar 18 19:57:13 ubuntu systemd[1]: Listening on Journal Socket (/dev/log).
Mar 18 19:57:13 ubuntu systemd[1]: Listening on Journal Socket.
Mar 18 19:57:13 ubuntu systemd[1]: Listening on Network Service Netlink Socket.
Mar 18 19:57:13 ubuntu systemd[1]: Listening on udev Control Socket.
Mar 18 19:57:13 ubuntu systemd[1]: Listening on udev Kernel Socket.
Mar 18 19:57:13 ubuntu systemd[1]: Mounting Huge Pages File System...
Mar 18 19:57:13 ubuntu systemd[1]: Mounting POSIX Message Queue File System...
Mar 18 19:57:13 ubuntu systemd[1]: Mounting Kernel Debug File System...
Mar 18 19:57:13 ubuntu systemd[1]: Mounting Kernel Trace File System...
Mar 18 19:57:13 ubuntu systemd[1]: Starting Journal Service...
Mar 18 19:57:13 ubuntu systemd[1]: Starting Set the console keyboard layout...
Mar 18 19:57:13 ubuntu systemd[1]: Starting Create list of static device nodes for the current kernel...
Mar 18 19:57:13 ubuntu systemd[1]: Starting Monitoring of LVM2 mirrors, snapshots etc. using dmeventd or progress polling...
Mar 18 19:57:13 ubuntu systemd[1]: Starting Load Kernel Module drm...
Mar 18 19:57:13 ubuntu systemd[1]: Condition check resulted in OpenVSwitch configuration for cleanup being skipped.
Mar 18 19:57:13 ubuntu systemd[1]: Condition check resulted in Set Up Additional Binary Formats being skipped.
Mar 18 19:57:13 ubuntu systemd[1]: Starting File System Check on Root Device...
Mar 18 19:57:13 ubuntu systemd[1]: Starting Load Kernel Modules...
Mar 18 19:57:13 ubuntu systemd[1]: Starting udev Coldplug all Devices...
Mar 18 19:57:13 ubuntu kernel: IPMI message handler: version 39.2
Mar 18 19:57:13 ubuntu kernel: ipmi device interface
Mar 18 19:57:13 ubuntu systemd[1]: Starting Uncomplicated firewall...
Mar 18 19:57:13 ubuntu systemd-journald[334]: Journal started
-- Subject: The journal has been started
-- Defined-By: systemd
-- Support: http://www.ubuntu.com/support
-- 
-- The system journal process has started up, opened the journal
-- files for writing and is now ready to process requests.
Mar 18 19:57:13 ubuntu systemd-journald[334]: Runtime Journal (/run/log/journal/2966b5f930f6409290d1be8c8ec61402) is 2.4M, max 19.8M, 17.3M free.
-- Subject: Disk space used by the journal
-- Defined-By: systemd
-- Support: http://www.ubuntu.com/support
-- 
-- Runtime Journal (/run/log/journal/2966b5f930f6409290d1be8c8ec61402) is currently using 2.4M.
-- Maximum allowed usage is set to 19.8M.
-- Leaving at least 9.9M free (of currently available 195.7M of disk space).
-- Enforced usage limit is thus 19.8M, of which 17.3M are still available.
-- 
-- The limits controlling how much disk space is used by the journal may
-- be configured with SystemMaxUse=, SystemKeepFree=, SystemMaxFileSize=,
-- RuntimeMaxUse=, RuntimeKeepFree=, RuntimeMaxFileSize= settings in
-- /etc/systemd/journald.conf. See journald.conf(5) for details.
Mar 18 19:57:13 ubuntu systemd-modules-load[345]: Inserted module 'msr'
Mar 18 19:57:13 ubuntu systemd-modules-load[345]: Inserted module 'ipmi_devintf'
Mar 18 19:57:13 ubuntu systemd-fsck[347]: cloudimg-rootfs: clean, 72815/274176 files, 374842/548091 blocks
Mar 18 19:57:13 ubuntu systemd[1]: Mounted Huge Pages File System.
Mar 18 19:57:14 ubuntu systemd[1]: Started Journal Service.
Mar 18 19:57:14 ubuntu systemd[1]: Mounted POSIX Message Queue File System.
-- Subject: A start job for unit dev-mqueue.mount has finished successfully
-- Defined-By: systemd
-- Support: http://www.ubuntu.com/support
-- 
-- A start job for unit dev-mqueue.mount has finished successfully.
-- 
-- The job identifier is 50.
Mar 18 19:57:14 ubuntu systemd[1]: Mounted Kernel Debug File System.
-- Subject: A start job for unit sys-kernel-debug.mount has finished successfully
-- Defined-By: systemd
-- Support: http://www.ubuntu.com/support
-- 
-- A start job for unit sys-kernel-debug.mount has finished successfully.
-- 
-- The job identifier is 69.
Mar 18 19:57:14 ubuntu systemd[1]: Mounted Kernel Trace File System.
-- Subject: A start job for unit sys-kernel-tracing.mount has finished successfully
-- Defined-By: systemd
-- Support: http://www.ubuntu.com/support
-- 
-- A start job for unit sys-kernel-tracing.mount has finished successfully.
-- 
-- The job identifier is 9.
Mar 18 19:57:14 ubuntu systemd[1]: Finished Create list of static device nodes for the current kernel.
-- Subject: A start job for unit kmod-static-nodes.service has finished successfully
-- Defined-By: systemd
-- Support: http://www.ubuntu.com/support
-- 
-- A start job for unit kmod-static-nodes.service has finished successfully.
-- 
-- The job identifier is 24.
Mar 18 19:57:14 ubuntu systemd[1]: Finished Monitoring of LVM2 mirrors, snapshots etc. using dmeventd or progress polling.
-- Subject: A start job for unit lvm2-monitor.service has finished successfully
-- Defined-By: systemd
-- Support: http://www.ubuntu.com/support
-- 
-- A start job for unit lvm2-monitor.service has finished successfully.
-- 
-- The job identifier is 45.
Mar 18 19:57:14 ubuntu systemd[1]: modprobe@drm.service: Succeeded.
-- Subject: Unit succeeded
-- Defined-By: systemd
-- Support: http://www.ubuntu.com/support
-- 
-- The unit modprobe@drm.service has successfully entered the 'dead' state.
Mar 18 19:57:14 ubuntu systemd[1]: Finished Load Kernel Module drm.
-- Subject: A start job for unit modprobe@drm.service has finished successfully
-- Defined-By: systemd
-- Support: http://www.ubuntu.com/support
-- 
-- A start job for unit modprobe@drm.service has finished successfully.
-- 
-- The job identifier is 120.
Mar 18 19:57:14 ubuntu systemd[1]: Finished File System Check on Root Device.
-- Subject: A start job for unit systemd-fsck-root.service has finished successfully
-- Defined-By: systemd
-- Support: http://www.ubuntu.com/support
-- 
-- A start job for unit systemd-fsck-root.service has finished successfully.
-- 
-- The job identifier is 61.
Mar 18 19:57:14 ubuntu systemd[1]: Finished Set the console keyboard layout.
-- Subject: A start job for unit keyboard-setup.service has finished successfully
-- Defined-By: systemd
-- Support: http://www.ubuntu.com/support
-- 
-- A start job for unit keyboard-setup.service has finished successfully.
-- 
-- The job identifier is 75.
Mar 18 19:57:14 ubuntu systemd[1]: Finished Load Kernel Modules.
-- Subject: A start job for unit systemd-modules-load.service has finished successfully
-- Defined-By: systemd
-- Support: http://www.ubuntu.com/support
-- 
-- A start job for unit systemd-modules-load.service has finished successfully.
-- 
-- The job identifier is 66.
Mar 18 19:57:14 ubuntu systemd[1]: Finished Uncomplicated firewall.
-- Subject: A start job for unit ufw.service has finished successfully
-- Defined-By: systemd
-- Support: http://www.ubuntu.com/support
-- 
-- A start job for unit ufw.service has finished successfully.
-- 
-- The job identifier is 116.
Mar 18 19:57:14 ubuntu systemd[1]: Mounting FUSE Control File System...
-- Subject: A start job for unit sys-fs-fuse-connections.mount has begun execution
-- Defined-By: systemd
-- Support: http://www.ubuntu.com/support
-- 
-- A start job for unit sys-fs-fuse-connections.mount has begun execution.
-- 
-- The job identifier is 17.
Mar 18 19:57:14 ubuntu systemd[1]: Mounting Kernel Configuration File System...
-- Subject: A start job for unit sys-kernel-config.mount has begun execution
-- Defined-By: systemd
-- Support: http://www.ubuntu.com/support
-- 
-- A start job for unit sys-kernel-config.mount has begun execution.
-- 
-- The job identifier is 51.
Mar 18 19:57:14 ubuntu systemd[1]: Started File System Check Daemon to report status.
-- Subject: A start job for unit systemd-fsckd.service has finished successfully
-- Defined-By: systemd
-- Support: http://www.ubuntu.com/support
-- 
-- A start job for unit systemd-fsckd.service has finished successfully.
-- 
-- The job identifier is 170.
Mar 18 19:57:14 ubuntu systemd[1]: Starting Remount Root and Kernel File Systems...
-- Subject: A start job for unit systemd-remount-fs.service has begun execution
-- Defined-By: systemd
-- Support: http://www.ubuntu.com/support
-- 
-- A start job for unit systemd-remount-fs.service has begun execution.
-- 
-- The job identifier is 62.
Mar 18 19:57:14 ubuntu systemd[1]: Starting Apply Kernel Variables...
-- Subject: A start job for unit systemd-sysctl.service has begun execution
-- Defined-By: systemd
-- Support: http://www.ubuntu.com/support
-- 
-- A start job for unit systemd-sysctl.service has begun execution.
-- 
-- The job identifier is 70.
Mar 18 19:57:14 ubuntu systemd[1]: Mounted FUSE Control File System.
-- Subject: A start job for unit sys-fs-fuse-connections.mount has finished successfully
-- Defined-By: systemd
-- Support: http://www.ubuntu.com/support
-- 
-- A start job for unit sys-fs-fuse-connections.mount has finished successfully.
-- 
-- The job identifier is 17.
Mar 18 19:57:14 ubuntu systemd[1]: Mounted Kernel Configuration File System.
-- Subject: A start job for unit sys-kernel-config.mount has finished successfully
-- Defined-By: systemd
-- Support: http://www.ubuntu.com/support
-- 
-- A start job for unit sys-kernel-config.mount has finished successfully.
-- 
-- The job identifier is 51.
Mar 18 19:57:14 ubuntu systemd[1]: Finished udev Coldplug all Devices.
-- Subject: A start job for unit systemd-udev-trigger.service has finished successfully
-- Defined-By: systemd
-- Support: http://www.ubuntu.com/support
-- 
-- A start job for unit systemd-udev-trigger.service has finished successfully.
-- 
-- The job identifier is 23.
Mar 18 19:57:14 ubuntu systemd[1]: Starting udev Wait for Complete Device Initialization...
-- Subject: A start job for unit systemd-udev-settle.service has begun execution
-- Defined-By: systemd
-- Support: http://www.ubuntu.com/support
-- 
-- A start job for unit systemd-udev-settle.service has begun execution.
-- 
-- The job identifier is 22.
Mar 18 19:57:14 ubuntu systemd-sysctl[357]: Not setting net/ipv4/conf/all/promote_secondaries (explicit setting exists).
Mar 18 19:57:14 ubuntu systemd-sysctl[357]: Not setting net/ipv4/conf/default/promote_secondaries (explicit setting exists).
Mar 18 19:57:14 ubuntu systemd[1]: Finished Apply Kernel Variables.
-- Subject: A start job for unit systemd-sysctl.service has finished successfully
-- Defined-By: systemd
-- Support: http://www.ubuntu.com/support
-- 
-- A start job for unit systemd-sysctl.service has finished successfully.
-- 
-- The job identifier is 70.
Mar 18 19:57:14 ubuntu kernel: EXT4-fs (vda1): re-mounted. Opts: (null)
Mar 18 19:57:14 ubuntu systemd[1]: Finished Remount Root and Kernel File Systems.
-- Subject: A start job for unit systemd-remount-fs.service has finished successfully
-- Defined-By: systemd
-- Support: http://www.ubuntu.com/support
-- 
-- A start job for unit systemd-remount-fs.service has finished successfully.
-- 
-- The job identifier is 62.
Mar 18 19:57:14 ubuntu systemd[1]: Condition check resulted in Rebuild Hardware Database being skipped.
-- Subject: A start job for unit systemd-hwdb-update.service has finished successfully
-- Defined-By: systemd
-- Support: http://www.ubuntu.com/support
-- 
-- A start job for unit systemd-hwdb-update.service has finished successfully.
-- 
-- The job identifier is 43.
Mar 18 19:57:14 ubuntu systemd[1]: Starting Flush Journal to Persistent Storage...
-- Subject: A start job for unit systemd-journal-flush.service has begun execution
-- Defined-By: systemd
-- Support: http://www.ubuntu.com/support
-- 
-- A start job for unit systemd-journal-flush.service has begun execution.
-- 
-- The job identifier is 25.
Mar 18 19:57:14 ubuntu systemd[1]: Condition check resulted in Platform Persistent Storage Archival being skipped.
-- Subject: A start job for unit systemd-pstore.service has finished successfully
-- Defined-By: systemd
-- Support: http://www.ubuntu.com/support
-- 
-- A start job for unit systemd-pstore.service has finished successfully.
-- 
-- The job identifier is 52.
Mar 18 19:57:14 ubuntu systemd[1]: Starting Load/Save Random Seed...
-- Subject: A start job for unit systemd-random-seed.service has begun execution
-- Defined-By: systemd
-- Support: http://www.ubuntu.com/support
-- 
-- A start job for unit systemd-random-seed.service has begun execution.
-- 
-- The job identifier is 28.
Mar 18 19:57:14 ubuntu systemd[1]: Starting Create System Users...
-- Subject: A start job for unit systemd-sysusers.service has begun execution
-- Defined-By: systemd
-- Support: http://www.ubuntu.com/support
-- 
-- A start job for unit systemd-sysusers.service has begun execution.
-- 
-- The job identifier is 73.
Mar 18 19:57:14 ubuntu systemd-journald[334]: Time spent on flushing to /var/log/journal/2966b5f930f6409290d1be8c8ec61402 is 3.727ms for 587 entries.
Mar 18 19:57:14 ubuntu systemd-journald[334]: System Journal (/var/log/journal/2966b5f930f6409290d1be8c8ec61402) is 8.0M, max 200.9M, 192.9M free.
-- Subject: Disk space used by the journal
-- Defined-By: systemd
-- Support: http://www.ubuntu.com/support
-- 
-- System Journal (/var/log/journal/2966b5f930f6409290d1be8c8ec61402) is currently using 8.0M.
-- Maximum allowed usage is set to 200.9M.
-- Leaving at least 100.4M free (of currently available 652.7M of disk space).
-- Enforced usage limit is thus 200.9M, of which 192.9M are still available.
-- 
-- The limits controlling how much disk space is used by the journal may
-- be configured with SystemMaxUse=, SystemKeepFree=, SystemMaxFileSize=,
-- RuntimeMaxUse=, RuntimeKeepFree=, RuntimeMaxFileSize= settings in
-- /etc/systemd/journald.conf. See journald.conf(5) for details.
Mar 18 19:57:14 ubuntu systemd-sysusers[363]: Creating group systemd-coredump with gid 999.
Mar 18 19:57:14 ubuntu systemd-sysusers[363]: Creating user systemd-coredump (systemd Core Dumper) with uid 999 and gid 999.
Mar 18 19:57:14 ubuntu systemd[1]: Finished Load/Save Random Seed.
-- Subject: A start job for unit systemd-random-seed.service has finished successfully
-- Defined-By: systemd
-- Support: http://www.ubuntu.com/support
-- 
-- A start job for unit systemd-random-seed.service has finished successfully.
-- 
-- The job identifier is 28.
Mar 18 19:57:14 ubuntu systemd[1]: Finished Flush Journal to Persistent Storage.
-- Subject: A start job for unit systemd-journal-flush.service has finished successfully
-- Defined-By: systemd
-- Support: http://www.ubuntu.com/support
-- 
-- A start job for unit systemd-journal-flush.service has finished successfully.
-- 
-- The job identifier is 25.
Mar 18 19:57:14 ubuntu systemd[1]: Finished Create System Users.
-- Subject: A start job for unit systemd-sysusers.service has finished successfully
-- Defined-By: systemd
-- Support: http://www.ubuntu.com/support
-- 
-- A start job for unit systemd-sysusers.service has finished successfully.
-- 
-- The job identifier is 73.
Mar 18 19:57:14 ubuntu systemd[1]: Starting Create Static Device Nodes in /dev...
-- Subject: A start job for unit systemd-tmpfiles-setup-dev.service has begun execution
-- Defined-By: systemd
-- Support: http://www.ubuntu.com/support
-- 
-- A start job for unit systemd-tmpfiles-setup-dev.service has begun execution.
-- 
-- The job identifier is 5.
Mar 18 19:57:14 ubuntu systemd[1]: Finished Create Static Device Nodes in /dev.
-- Subject: A start job for unit systemd-tmpfiles-setup-dev.service has finished successfully
-- Defined-By: systemd
-- Support: http://www.ubuntu.com/support
-- 
-- A start job for unit systemd-tmpfiles-setup-dev.service has finished successfully.
-- 
-- The job identifier is 5.
Mar 18 19:57:14 ubuntu systemd[1]: Starting udev Kernel Device Manager...
-- Subject: A start job for unit systemd-udevd.service has begun execution
-- Defined-By: systemd
-- Support: http://www.ubuntu.com/support
-- 
-- A start job for unit systemd-udevd.service has begun execution.
-- 
-- The job identifier is 18.
Mar 18 19:57:14 ubuntu systemd[1]: Started udev Kernel Device Manager.
-- Subject: A start job for unit systemd-udevd.service has finished successfully
-- Defined-By: systemd
-- Support: http://www.ubuntu.com/support
-- 
-- A start job for unit systemd-udevd.service has finished successfully.
-- 
-- The job identifier is 18.
Mar 18 19:57:14 ubuntu systemd[1]: Condition check resulted in Show Plymouth Boot Screen being skipped.
-- Subject: A start job for unit plymouth-start.service has finished successfully
-- Defined-By: systemd
-- Support: http://www.ubuntu.com/support
-- 
-- A start job for unit plymouth-start.service has finished successfully.
-- 
-- The job identifier is 26.
Mar 18 19:57:14 ubuntu systemd[1]: Started Dispatch Password Requests to Console Directory Watch.
-- Subject: A start job for unit systemd-ask-password-console.path has finished successfully
-- Defined-By: systemd
-- Support: http://www.ubuntu.com/support
-- 
-- A start job for unit systemd-ask-password-console.path has finished successfully.
-- 
-- The job identifier is 33.
Mar 18 19:57:14 ubuntu systemd[1]: Condition check resulted in Forward Password Requests to Plymouth Directory Watch being skipped.
-- Subject: A start job for unit systemd-ask-password-plymouth.path has finished successfully
-- Defined-By: systemd
-- Support: http://www.ubuntu.com/support
-- 
-- A start job for unit systemd-ask-password-plymouth.path has finished successfully.
-- 
-- The job identifier is 27.
Mar 18 19:57:14 ubuntu systemd[1]: Reached target Local Encrypted Volumes.
-- Subject: A start job for unit cryptsetup.target has finished successfully
-- Defined-By: systemd
-- Support: http://www.ubuntu.com/support
-- 
-- A start job for unit cryptsetup.target has finished successfully.
-- 
-- The job identifier is 65.
Mar 18 19:57:15 ubuntu systemd-udevd[380]: Using default interface naming scheme 'v245'.
Mar 18 19:57:15 ubuntu systemd-udevd[380]: ethtool: autonegotiation is unset or enabled, the speed and duplex are not writable.
Mar 18 19:57:15 ubuntu systemd[1]: Found device /dev/ttyS0.
-- Subject: A start job for unit dev-ttyS0.device has finished successfully
-- Defined-By: systemd
-- Support: http://www.ubuntu.com/support
-- 
-- A start job for unit dev-ttyS0.device has finished successfully.
-- 
-- The job identifier is 109.
Mar 18 19:57:15 ubuntu systemd[1]: Listening on Load/Save RF Kill Switch Status /dev/rfkill Watch.
-- Subject: A start job for unit systemd-rfkill.socket has finished successfully
-- Defined-By: systemd
-- Support: http://www.ubuntu.com/support
-- 
-- A start job for unit systemd-rfkill.socket has finished successfully.
-- 
-- The job identifier is 175.
Mar 18 19:57:15 ubuntu systemd-udevd[372]: ethtool: autonegotiation is unset or enabled, the speed and duplex are not writable.
Mar 18 19:57:16 ubuntu udevadm[359]: systemd-udev-settle.service is deprecated.
Mar 18 19:57:16 ubuntu systemd[1]: Found device /dev/disk/by-label/UEFI.
-- Subject: A start job for unit dev-disk-by\x2dlabel-UEFI.device has finished successfully
-- Defined-By: systemd
-- Support: http://www.ubuntu.com/support
-- 
-- A start job for unit dev-disk-by\x2dlabel-UEFI.device has finished successfully.
-- 
-- The job identifier is 58.
Mar 18 19:57:16 ubuntu systemd[1]: Finished udev Wait for Complete Device Initialization.
-- Subject: A start job for unit systemd-udev-settle.service has finished successfully
-- Defined-By: systemd
-- Support: http://www.ubuntu.com/support
-- 
-- A start job for unit systemd-udev-settle.service has finished successfully.
-- 
-- The job identifier is 22.
Mar 18 19:57:16 ubuntu systemd[1]: Starting Device-Mapper Multipath Device Controller...
-- Subject: A start job for unit multipathd.service has begun execution
-- Defined-By: systemd
-- Support: http://www.ubuntu.com/support
-- 
-- A start job for unit multipathd.service has begun execution.
-- 
-- The job identifier is 21.
Mar 18 19:57:16 ubuntu kernel: alua: device handler registered
Mar 18 19:57:16 ubuntu kernel: emc: device handler registered
Mar 18 19:57:16 ubuntu kernel: rdac: device handler registered
Mar 18 19:57:16 ubuntu multipathd[438]: --------start up--------
Mar 18 19:57:16 ubuntu multipathd[438]: read /etc/multipath.conf
Mar 18 19:57:16 ubuntu multipathd[438]: path checkers start up
Mar 18 19:57:16 ubuntu systemd[1]: Started Device-Mapper Multipath Device Controller.
-- Subject: A start job for unit multipathd.service has finished successfully
-- Defined-By: systemd
-- Support: http://www.ubuntu.com/support
-- 
-- A start job for unit multipathd.service has finished successfully.
-- 
-- The job identifier is 21.
Mar 18 19:57:16 ubuntu systemd[1]: Reached target Local File Systems (Pre).
-- Subject: A start job for unit local-fs-pre.target has finished successfully
-- Defined-By: systemd
-- Support: http://www.ubuntu.com/support
-- 
-- A start job for unit local-fs-pre.target has finished successfully.
-- 
-- The job identifier is 63.
Mar 18 19:57:16 ubuntu systemd[1]: Mounting Mount unit for core20, revision 1376...
-- Subject: A start job for unit snap-core20-1376.mount has begun execution
-- Defined-By: systemd
-- Support: http://www.ubuntu.com/support
-- 
-- A start job for unit snap-core20-1376.mount has begun execution.
-- 
-- The job identifier is 149.
Mar 18 19:57:16 ubuntu systemd[1]: Mounting Mount unit for lxd, revision 22526...
-- Subject: A start job for unit snap-lxd-22526.mount has begun execution
-- Defined-By: systemd
-- Support: http://www.ubuntu.com/support
-- 
-- A start job for unit snap-lxd-22526.mount has begun execution.
-- 
-- The job identifier is 150.
Mar 18 19:57:16 ubuntu systemd[1]: Mounting Mount unit for snapd, revision 15177...
-- Subject: A start job for unit snap-snapd-15177.mount has begun execution
-- Defined-By: systemd
-- Support: http://www.ubuntu.com/support
-- 
-- A start job for unit snap-snapd-15177.mount has begun execution.
-- 
-- The job identifier is 159.
Mar 18 19:57:16 ubuntu systemd[1]: Starting File System Check on /dev/disk/by-label/UEFI...
-- Subject: A start job for unit systemd-fsck@dev-disk-by\x2dlabel-UEFI.service has begun execution
-- Defined-By: systemd
-- Support: http://www.ubuntu.com/support
-- 
-- A start job for unit systemd-fsck@dev-disk-by\x2dlabel-UEFI.service has begun execution.
-- 
-- The job identifier is 56.
Mar 18 19:57:16 ubuntu systemd[1]: Mounted Mount unit for core20, revision 1376.
-- Subject: A start job for unit snap-core20-1376.mount has finished successfully
-- Defined-By: systemd
-- Support: http://www.ubuntu.com/support
-- 
-- A start job for unit snap-core20-1376.mount has finished successfully.
-- 
-- The job identifier is 149.
Mar 18 19:57:16 ubuntu systemd[1]: Mounted Mount unit for snapd, revision 15177.
-- Subject: A start job for unit snap-snapd-15177.mount has finished successfully
-- Defined-By: systemd
-- Support: http://www.ubuntu.com/support
-- 
-- A start job for unit snap-snapd-15177.mount has finished successfully.
-- 
-- The job identifier is 159.
Mar 18 19:57:16 ubuntu systemd[1]: Mounted Mount unit for lxd, revision 22526.
-- Subject: A start job for unit snap-lxd-22526.mount has finished successfully
-- Defined-By: systemd
-- Support: http://www.ubuntu.com/support
-- 
-- A start job for unit snap-lxd-22526.mount has finished successfully.
-- 
-- The job identifier is 150.
Mar 18 19:57:16 ubuntu systemd-fsck[453]: fsck.fat 4.1 (2017-01-24)
Mar 18 19:57:16 ubuntu systemd-fsck[453]: /dev/vda15: 12 files, 10642/213716 clusters
Mar 18 19:57:16 ubuntu systemd[1]: Finished File System Check on /dev/disk/by-label/UEFI.
-- Subject: A start job for unit systemd-fsck@dev-disk-by\x2dlabel-UEFI.service has finished successfully
-- Defined-By: systemd
-- Support: http://www.ubuntu.com/support
-- 
-- A start job for unit systemd-fsck@dev-disk-by\x2dlabel-UEFI.service has finished successfully.
-- 
-- The job identifier is 56.
Mar 18 19:57:16 ubuntu systemd[1]: Mounting /boot/efi...
-- Subject: A start job for unit boot-efi.mount has begun execution
-- Defined-By: systemd
-- Support: http://www.ubuntu.com/support
-- 
-- A start job for unit boot-efi.mount has begun execution.
-- 
-- The job identifier is 55.
Mar 18 19:57:16 ubuntu systemd[1]: Mounted /boot/efi.
-- Subject: A start job for unit boot-efi.mount has finished successfully
-- Defined-By: systemd
-- Support: http://www.ubuntu.com/support
-- 
-- A start job for unit boot-efi.mount has finished successfully.
-- 
-- The job identifier is 55.
Mar 18 19:57:16 ubuntu systemd[1]: Reached target Local File Systems.
-- Subject: A start job for unit local-fs.target has finished successfully
-- Defined-By: systemd
-- Support: http://www.ubuntu.com/support
-- 
-- A start job for unit local-fs.target has finished successfully.
-- 
-- The job identifier is 54.
Mar 18 19:57:16 ubuntu systemd[1]: Starting Load AppArmor profiles...
-- Subject: A start job for unit apparmor.service has begun execution
-- Defined-By: systemd
-- Support: http://www.ubuntu.com/support
-- 
-- A start job for unit apparmor.service has begun execution.
-- 
-- The job identifier is 32.
Mar 18 19:57:16 ubuntu systemd[1]: Starting Set console font and keymap...
-- Subject: A start job for unit console-setup.service has begun execution
-- Defined-By: systemd
-- Support: http://www.ubuntu.com/support
-- 
-- A start job for unit console-setup.service has begun execution.
-- 
-- The job identifier is 127.
Mar 18 19:57:16 ubuntu systemd[1]: Starting Create final runtime dir for shutdown pivot root...
-- Subject: A start job for unit finalrd.service has begun execution
-- Defined-By: systemd
-- Support: http://www.ubuntu.com/support
-- 
-- A start job for unit finalrd.service has begun execution.
-- 
-- The job identifier is 53.
Mar 18 19:57:16 ubuntu apparmor.systemd[459]: Restarting AppArmor
Mar 18 19:57:16 ubuntu apparmor.systemd[459]: Reloading AppArmor profiles
Mar 18 19:57:16 ubuntu systemd[1]: Condition check resulted in LXD - agent - 9p mount being skipped.
-- Subject: A start job for unit lxd-agent-9p.service has finished successfully
-- Defined-By: systemd
-- Support: http://www.ubuntu.com/support
-- 
-- A start job for unit lxd-agent-9p.service has finished successfully.
-- 
-- The job identifier is 103.
Mar 18 19:57:16 ubuntu systemd[1]: Condition check resulted in LXD - agent being skipped.
-- Subject: A start job for unit lxd-agent.service has finished successfully
-- Defined-By: systemd
-- Support: http://www.ubuntu.com/support
-- 
-- A start job for unit lxd-agent.service has finished successfully.
-- 
-- The job identifier is 161.
Mar 18 19:57:16 ubuntu systemd[1]: Starting Tell Plymouth To Write Out Runtime Data...
-- Subject: A start job for unit plymouth-read-write.service has begun execution
-- Defined-By: systemd
-- Support: http://www.ubuntu.com/support
-- 
-- A start job for unit plymouth-read-write.service has begun execution.
-- 
-- The job identifier is 67.
Mar 18 19:57:16 ubuntu systemd[1]: Condition check resulted in Store a System Token in an EFI Variable being skipped.
-- Subject: A start job for unit systemd-boot-system-token.service has finished successfully
-- Defined-By: systemd
-- Support: http://www.ubuntu.com/support
-- 
-- A start job for unit systemd-boot-system-token.service has finished successfully.
-- 
-- The job identifier is 72.
Mar 18 19:57:16 ubuntu systemd[1]: Starting Commit a transient machine-id on disk...
-- Subject: A start job for unit systemd-machine-id-commit.service has begun execution
-- Defined-By: systemd
-- Support: http://www.ubuntu.com/support
-- 
-- A start job for unit systemd-machine-id-commit.service has begun execution.
-- 
-- The job identifier is 31.
Mar 18 19:57:16 ubuntu systemd[1]: Starting Create Volatile Files and Directories...
-- Subject: A start job for unit systemd-tmpfiles-setup.service has begun execution
-- Defined-By: systemd
-- Support: http://www.ubuntu.com/support
-- 
-- A start job for unit systemd-tmpfiles-setup.service has begun execution.
-- 
-- The job identifier is 68.
Mar 18 19:57:16 ubuntu systemd[1]: Finished Set console font and keymap.
-- Subject: A start job for unit console-setup.service has finished successfully
-- Defined-By: systemd
-- Support: http://www.ubuntu.com/support
-- 
-- A start job for unit console-setup.service has finished successfully.
-- 
-- The job identifier is 127.
Mar 18 19:57:16 ubuntu systemd[1]: etc-machine\x2did.mount: Succeeded.
-- Subject: Unit succeeded
-- Defined-By: systemd
-- Support: http://www.ubuntu.com/support
-- 
-- The unit etc-machine\x2did.mount has successfully entered the 'dead' state.
Mar 18 19:57:16 ubuntu systemd[1]: Finished Create final runtime dir for shutdown pivot root.
-- Subject: A start job for unit finalrd.service has finished successfully
-- Defined-By: systemd
-- Support: http://www.ubuntu.com/support
-- 
-- A start job for unit finalrd.service has finished successfully.
-- 
-- The job identifier is 53.
Mar 18 19:57:16 ubuntu systemd[1]: plymouth-read-write.service: Succeeded.
-- Subject: Unit succeeded
-- Defined-By: systemd
-- Support: http://www.ubuntu.com/support
-- 
-- The unit plymouth-read-write.service has successfully entered the 'dead' state.
Mar 18 19:57:16 ubuntu systemd[1]: Finished Tell Plymouth To Write Out Runtime Data.
-- Subject: A start job for unit plymouth-read-write.service has finished successfully
-- Defined-By: systemd
-- Support: http://www.ubuntu.com/support
-- 
-- A start job for unit plymouth-read-write.service has finished successfully.
-- 
-- The job identifier is 67.
Mar 18 19:57:16 ubuntu systemd[1]: Finished Commit a transient machine-id on disk.
-- Subject: A start job for unit systemd-machine-id-commit.service has finished successfully
-- Defined-By: systemd
-- Support: http://www.ubuntu.com/support
-- 
-- A start job for unit systemd-machine-id-commit.service has finished successfully.
-- 
-- The job identifier is 31.
Mar 18 19:57:16 ubuntu systemd[1]: Finished Create Volatile Files and Directories.
-- Subject: A start job for unit systemd-tmpfiles-setup.service has finished successfully
-- Defined-By: systemd
-- Support: http://www.ubuntu.com/support
-- 
-- A start job for unit systemd-tmpfiles-setup.service has finished successfully.
-- 
-- The job identifier is 68.
Mar 18 19:57:16 ubuntu systemd[1]: Starting Network Time Synchronization...
-- Subject: A start job for unit systemd-timesyncd.service has begun execution
-- Defined-By: systemd
-- Support: http://www.ubuntu.com/support
-- 
-- A start job for unit systemd-timesyncd.service has begun execution.
-- 
-- The job identifier is 47.
Mar 18 19:57:16 ubuntu systemd[1]: Starting Update UTMP about System Boot/Shutdown...
-- Subject: A start job for unit systemd-update-utmp.service has begun execution
-- Defined-By: systemd
-- Support: http://www.ubuntu.com/support
-- 
-- A start job for unit systemd-update-utmp.service has begun execution.
-- 
-- The job identifier is 158.
Mar 18 19:57:16 ubuntu systemd[1]: Finished Update UTMP about System Boot/Shutdown.
-- Subject: A start job for unit systemd-update-utmp.service has finished successfully
-- Defined-By: systemd
-- Support: http://www.ubuntu.com/support
-- 
-- A start job for unit systemd-update-utmp.service has finished successfully.
-- 
-- The job identifier is 158.
Mar 18 19:57:16 ubuntu systemd[1]: Started Network Time Synchronization.
-- Subject: A start job for unit systemd-timesyncd.service has finished successfully
-- Defined-By: systemd
-- Support: http://www.ubuntu.com/support
-- 
-- A start job for unit systemd-timesyncd.service has finished successfully.
-- 
-- The job identifier is 47.
Mar 18 19:57:16 ubuntu systemd[1]: Reached target System Time Set.
-- Subject: A start job for unit time-set.target has finished successfully
-- Defined-By: systemd
-- Support: http://www.ubuntu.com/support
-- 
-- A start job for unit time-set.target has finished successfully.
-- 
-- The job identifier is 48.
Mar 18 19:57:16 ubuntu systemd[1]: Reached target System Time Synchronized.
-- Subject: A start job for unit time-sync.target has finished successfully
-- Defined-By: systemd
-- Support: http://www.ubuntu.com/support
-- 
-- A start job for unit time-sync.target has finished successfully.
-- 
-- The job identifier is 49.
Mar 18 19:57:17 ubuntu audit[470]: AVC apparmor="STATUS" operation="profile_load" profile="unconfined" name="/usr/lib/NetworkManager/nm-dhcp-client.action" pid=470 comm="apparmor_parser"
Mar 18 19:57:17 ubuntu audit[470]: AVC apparmor="STATUS" operation="profile_load" profile="unconfined" name="/usr/lib/NetworkManager/nm-dhcp-helper" pid=470 comm="apparmor_parser"
Mar 18 19:57:17 ubuntu audit[470]: AVC apparmor="STATUS" operation="profile_load" profile="unconfined" name="/usr/lib/connman/scripts/dhclient-script" pid=470 comm="apparmor_parser"
Mar 18 19:57:17 ubuntu audit[470]: AVC apparmor="STATUS" operation="profile_load" profile="unconfined" name="/{,usr/}sbin/dhclient" pid=470 comm="apparmor_parser"
Mar 18 19:57:17 ubuntu kernel: audit: type=1400 audit(1647633437.096:2): apparmor="STATUS" operation="profile_load" profile="unconfined" name="/usr/lib/NetworkManager/nm-dhcp-client.action" pid=470 comm="apparmor_parser"
Mar 18 19:57:17 ubuntu kernel: audit: type=1400 audit(1647633437.096:3): apparmor="STATUS" operation="profile_load" profile="unconfined" name="/usr/lib/NetworkManager/nm-dhcp-helper" pid=470 comm="apparmor_parser"
Mar 18 19:57:17 ubuntu kernel: audit: type=1400 audit(1647633437.096:4): apparmor="STATUS" operation="profile_load" profile="unconfined" name="/usr/lib/connman/scripts/dhclient-script" pid=470 comm="apparmor_parser"
Mar 18 19:57:17 ubuntu kernel: audit: type=1400 audit(1647633437.096:5): apparmor="STATUS" operation="profile_load" profile="unconfined" name="/{,usr/}sbin/dhclient" pid=470 comm="apparmor_parser"
Mar 18 19:57:17 ubuntu audit[476]: AVC apparmor="STATUS" operation="profile_load" profile="unconfined" name="lsb_release" pid=476 comm="apparmor_parser"
Mar 18 19:57:17 ubuntu kernel: audit: type=1400 audit(1647633437.136:6): apparmor="STATUS" operation="profile_load" profile="unconfined" name="lsb_release" pid=476 comm="apparmor_parser"
Mar 18 19:57:17 ubuntu audit[477]: AVC apparmor="STATUS" operation="profile_load" profile="unconfined" name="/usr/lib/snapd/snap-confine" pid=477 comm="apparmor_parser"
Mar 18 19:57:17 ubuntu audit[477]: AVC apparmor="STATUS" operation="profile_load" profile="unconfined" name="/usr/lib/snapd/snap-confine//mount-namespace-capture-helper" pid=477 comm="apparmor_parser"
Mar 18 19:57:17 ubuntu apparmor.systemd[478]: Skipping profile in /etc/apparmor.d/disable: usr.sbin.rsyslogd
Mar 18 19:57:17 ubuntu kernel: audit: type=1400 audit(1647633437.372:7): apparmor="STATUS" operation="profile_load" profile="unconfined" name="/usr/lib/snapd/snap-confine" pid=477 comm="apparmor_parser"
Mar 18 19:57:17 ubuntu kernel: audit: type=1400 audit(1647633437.372:8): apparmor="STATUS" operation="profile_load" profile="unconfined" name="/usr/lib/snapd/snap-confine//mount-namespace-capture-helper" pid=477 comm="apparmor_parser"
Mar 18 19:57:17 ubuntu audit[479]: AVC apparmor="STATUS" operation="profile_load" profile="unconfined" name="/usr/bin/man" pid=479 comm="apparmor_parser"
Mar 18 19:57:17 ubuntu audit[479]: AVC apparmor="STATUS" operation="profile_load" profile="unconfined" name="man_filter" pid=479 comm="apparmor_parser"
Mar 18 19:57:17 ubuntu audit[479]: AVC apparmor="STATUS" operation="profile_load" profile="unconfined" name="man_groff" pid=479 comm="apparmor_parser"
Mar 18 19:57:17 ubuntu kernel: audit: type=1400 audit(1647633437.444:9): apparmor="STATUS" operation="profile_load" profile="unconfined" name="/usr/bin/man" pid=479 comm="apparmor_parser"
Mar 18 19:57:17 ubuntu kernel: audit: type=1400 audit(1647633437.444:10): apparmor="STATUS" operation="profile_load" profile="unconfined" name="man_filter" pid=479 comm="apparmor_parser"
Mar 18 19:57:17 ubuntu kernel: audit: type=1400 audit(1647633437.444:11): apparmor="STATUS" operation="profile_load" profile="unconfined" name="man_groff" pid=479 comm="apparmor_parser"
Mar 18 19:57:17 ubuntu audit[480]: AVC apparmor="STATUS" operation="profile_load" profile="unconfined" name="/usr/sbin/tcpdump" pid=480 comm="apparmor_parser"
Mar 18 19:57:17 ubuntu audit[481]: AVC apparmor="STATUS" operation="profile_load" profile="unconfined" name="nvidia_modprobe" pid=481 comm="apparmor_parser"
Mar 18 19:57:17 ubuntu audit[481]: AVC apparmor="STATUS" operation="profile_load" profile="unconfined" name="nvidia_modprobe//kmod" pid=481 comm="apparmor_parser"
Mar 18 19:57:17 ubuntu systemd[1]: Finished Load AppArmor profiles.
-- Subject: A start job for unit apparmor.service has finished successfully
-- Defined-By: systemd
-- Support: http://www.ubuntu.com/support
-- 
-- A start job for unit apparmor.service has finished successfully.
-- 
-- The job identifier is 32.
Mar 18 19:57:17 ubuntu systemd[1]: Starting Load AppArmor profiles managed internally by snapd...
-- Subject: A start job for unit snapd.apparmor.service has begun execution
-- Defined-By: systemd
-- Support: http://www.ubuntu.com/support
-- 
-- A start job for unit snapd.apparmor.service has begun execution.
-- 
-- The job identifier is 128.
Mar 18 19:57:17 ubuntu systemd[1]: Condition check resulted in Authentication service for virtual machines hosted on VMware being skipped.
-- Subject: A start job for unit vgauth.service has finished successfully
-- Defined-By: systemd
-- Support: http://www.ubuntu.com/support
-- 
-- A start job for unit vgauth.service has finished successfully.
-- 
-- The job identifier is 105.
Mar 18 19:57:17 ubuntu systemd[1]: Condition check resulted in Service for virtual machines hosted on VMware being skipped.
-- Subject: A start job for unit open-vm-tools.service has finished successfully
-- Defined-By: systemd
-- Support: http://www.ubuntu.com/support
-- 
-- A start job for unit open-vm-tools.service has finished successfully.
-- 
-- The job identifier is 104.
Mar 18 19:57:17 ubuntu systemd[1]: Starting Initial cloud-init job (pre-networking)...
-- Subject: A start job for unit cloud-init-local.service has begun execution
-- Defined-By: systemd
-- Support: http://www.ubuntu.com/support
-- 
-- A start job for unit cloud-init-local.service has begun execution.
-- 
-- The job identifier is 137.
Mar 18 19:57:18 ubuntu audit[492]: AVC apparmor="STATUS" operation="profile_load" profile="unconfined" name="/snap/snapd/15177/usr/lib/snapd/snap-confine" pid=492 comm="apparmor_parser"
Mar 18 19:57:18 ubuntu audit[492]: AVC apparmor="STATUS" operation="profile_load" profile="unconfined" name="/snap/snapd/15177/usr/lib/snapd/snap-confine//mount-namespace-capture-helper" pid=492 comm="apparmor_parser"
Mar 18 19:57:18 ubuntu audit[493]: AVC apparmor="STATUS" operation="profile_load" profile="unconfined" name="snap-update-ns.lxd" pid=493 comm="apparmor_parser"
Mar 18 19:57:18 ubuntu audit[494]: AVC apparmor="STATUS" operation="profile_load" profile="unconfined" name="snap.lxd.activate" pid=494 comm="apparmor_parser"
Mar 18 19:57:19 ubuntu audit[496]: AVC apparmor="STATUS" operation="profile_load" profile="unconfined" name="snap.lxd.benchmark" pid=496 comm="apparmor_parser"
Mar 18 19:57:19 ubuntu dhclient[503]: Internet Systems Consortium DHCP Client 4.4.1
Mar 18 19:57:19 ubuntu dhclient[503]: Copyright 2004-2018 Internet Systems Consortium.
Mar 18 19:57:19 ubuntu dhclient[503]: All rights reserved.
Mar 18 19:57:19 ubuntu dhclient[503]: For info, please visit https://www.isc.org/software/dhcp/
Mar 18 19:57:19 ubuntu dhclient[503]: 
Mar 18 19:57:19 ubuntu dhclient[503]: Listening on LPF/ens3/fa:16:3e:5d:00:11
Mar 18 19:57:19 ubuntu dhclient[503]: Sending on   LPF/ens3/fa:16:3e:5d:00:11
Mar 18 19:57:19 ubuntu dhclient[503]: Sending on   Socket/fallback
Mar 18 19:57:19 ubuntu dhclient[503]: DHCPDISCOVER on ens3 to 255.255.255.255 port 67 interval 3 (xid=0xbd890203)
Mar 18 19:57:19 ubuntu dhclient[503]: DHCPOFFER of 10.5.1.106 from 10.5.0.2
Mar 18 19:57:19 ubuntu dhclient[503]: DHCPREQUEST for 10.5.1.106 on ens3 to 255.255.255.255 port 67 (xid=0x30289bd)
Mar 18 19:57:19 ubuntu dhclient[503]: DHCPACK of 10.5.1.106 from 10.5.0.2 (xid=0xbd890203)
Mar 18 19:57:19 ubuntu audit[502]: AVC apparmor="STATUS" operation="profile_load" profile="unconfined" name="snap.lxd.buginfo" pid=502 comm="apparmor_parser"
Mar 18 19:57:19 ubuntu dhclient[503]: bound to 10.5.1.106 -- renewal in 41506 seconds.
Mar 18 19:57:19 ubuntu audit[509]: AVC apparmor="STATUS" operation="profile_load" profile="unconfined" name="snap.lxd.check-kernel" pid=509 comm="apparmor_parser"
Mar 18 19:57:19 ubuntu audit[514]: AVC apparmor="STATUS" operation="profile_load" profile="unconfined" name="snap.lxd.daemon" pid=514 comm="apparmor_parser"
Mar 18 19:57:19 ubuntu audit[515]: AVC apparmor="STATUS" operation="profile_load" profile="unconfined" name="snap.lxd.hook.configure" pid=515 comm="apparmor_parser"
Mar 18 19:57:19 ubuntu audit[516]: AVC apparmor="STATUS" operation="profile_load" profile="unconfined" name="snap.lxd.hook.install" pid=516 comm="apparmor_parser"
Mar 18 19:57:19 ubuntu audit[517]: AVC apparmor="STATUS" operation="profile_load" profile="unconfined" name="snap.lxd.hook.remove" pid=517 comm="apparmor_parser"
Mar 18 19:57:19 ubuntu audit[518]: AVC apparmor="STATUS" operation="profile_load" profile="unconfined" name="snap.lxd.lxc" pid=518 comm="apparmor_parser"
Mar 18 19:57:19 ubuntu audit[519]: AVC apparmor="STATUS" operation="profile_load" profile="unconfined" name="snap.lxd.lxc-to-lxd" pid=519 comm="apparmor_parser"
Mar 18 19:57:20 ubuntu audit[520]: AVC apparmor="STATUS" operation="profile_load" profile="unconfined" name="snap.lxd.lxd" pid=520 comm="apparmor_parser"
Mar 18 19:57:20 ubuntu audit[521]: AVC apparmor="STATUS" operation="profile_load" profile="unconfined" name="snap.lxd.migrate" pid=521 comm="apparmor_parser"
Mar 18 19:57:20 ubuntu systemd[1]: Finished Load AppArmor profiles managed internally by snapd.
-- Subject: A start job for unit snapd.apparmor.service has finished successfully
-- Defined-By: systemd
-- Support: http://www.ubuntu.com/support
-- 
-- A start job for unit snapd.apparmor.service has finished successfully.
-- 
-- The job identifier is 128.
Mar 18 19:57:24 juju-3f8d6e-o7ktest-21 systemd[1]: Condition check resulted in OpenVSwitch configuration for cleanup being skipped.
-- Subject: A start job for unit netplan-ovs-cleanup.service has finished successfully
-- Defined-By: systemd
-- Support: http://www.ubuntu.com/support
-- 
-- A start job for unit netplan-ovs-cleanup.service has finished successfully.
-- 
-- The job identifier is 201.
Mar 18 19:57:24 juju-3f8d6e-o7ktest-21 cloud-init[499]: Cloud-init v. 21.4-0ubuntu1~20.04.1 running 'init-local' at Fri, 18 Mar 2022 19:57:18 +0000. Up 9.20 seconds.
Mar 18 19:57:24 juju-3f8d6e-o7ktest-21 systemd[1]: Finished Initial cloud-init job (pre-networking).
-- Subject: A start job for unit cloud-init-local.service has finished successfully
-- Defined-By: systemd
-- Support: http://www.ubuntu.com/support
-- 
-- A start job for unit cloud-init-local.service has finished successfully.
-- 
-- The job identifier is 137.
Mar 18 19:57:24 juju-3f8d6e-o7ktest-21 systemd[1]: Reached target Network (Pre).
-- Subject: A start job for unit network-pre.target has finished successfully
-- Defined-By: systemd
-- Support: http://www.ubuntu.com/support
-- 
-- A start job for unit network-pre.target has finished successfully.
-- 
-- The job identifier is 138.
Mar 18 19:57:24 juju-3f8d6e-o7ktest-21 systemd[1]: Starting Network Service...
-- Subject: A start job for unit systemd-networkd.service has begun execution
-- Defined-By: systemd
-- Support: http://www.ubuntu.com/support
-- 
-- A start job for unit systemd-networkd.service has begun execution.
-- 
-- The job identifier is 39.
Mar 18 19:57:24 juju-3f8d6e-o7ktest-21 systemd-networkd[545]: /run/systemd/network/10-netplan-ens3.network: MTUBytes= in [Link] section and UseMTU= in [DHCP] section are set. Disabling UseMTU=.
Mar 18 19:57:24 juju-3f8d6e-o7ktest-21 systemd-networkd[545]: Enumeration completed
Mar 18 19:57:24 juju-3f8d6e-o7ktest-21 systemd[1]: Started Network Service.
-- Subject: A start job for unit systemd-networkd.service has finished successfully
-- Defined-By: systemd
-- Support: http://www.ubuntu.com/support
-- 
-- A start job for unit systemd-networkd.service has finished successfully.
-- 
-- The job identifier is 39.
Mar 18 19:57:24 juju-3f8d6e-o7ktest-21 systemd[1]: Starting Wait for Network to be Configured...
-- Subject: A start job for unit systemd-networkd-wait-online.service has begun execution
-- Defined-By: systemd
-- Support: http://www.ubuntu.com/support
-- 
-- A start job for unit systemd-networkd-wait-online.service has begun execution.
-- 
-- The job identifier is 38.
Mar 18 19:57:24 juju-3f8d6e-o7ktest-21 systemd-networkd[545]: ens3: Link UP
Mar 18 19:57:24 juju-3f8d6e-o7ktest-21 systemd-networkd[545]: ens3: Gained carrier
Mar 18 19:57:24 juju-3f8d6e-o7ktest-21 systemd-timesyncd[472]: Network configuration changed, trying to establish connection.
Mar 18 19:57:24 juju-3f8d6e-o7ktest-21 systemd-networkd[545]: ens3: Gained IPv6LL
Mar 18 19:57:24 juju-3f8d6e-o7ktest-21 systemd-networkd[545]: ens3: Link DOWN
Mar 18 19:57:24 juju-3f8d6e-o7ktest-21 systemd-networkd[545]: ens3: Lost carrier
Mar 18 19:57:24 juju-3f8d6e-o7ktest-21 systemd-networkd[545]: ens3: IPv6 successfully enabled
Mar 18 19:57:24 juju-3f8d6e-o7ktest-21 systemd-networkd[545]: ens3: Link UP
Mar 18 19:57:24 juju-3f8d6e-o7ktest-21 systemd[1]: Starting Network Name Resolution...
-- Subject: A start job for unit systemd-resolved.service has begun execution
-- Defined-By: systemd
-- Support: http://www.ubuntu.com/support
-- 
-- A start job for unit systemd-resolved.service has begun execution.
-- 
-- The job identifier is 117.
Mar 18 19:57:24 juju-3f8d6e-o7ktest-21 systemd-networkd[545]: ens3: Gained carrier
Mar 18 19:57:24 juju-3f8d6e-o7ktest-21 systemd-networkd[545]: ens3: DHCPv4 address 10.5.1.106/16 via 10.5.0.1
Mar 18 19:57:24 juju-3f8d6e-o7ktest-21 systemd-timesyncd[472]: Network configuration changed, trying to establish connection.
Mar 18 19:57:24 juju-3f8d6e-o7ktest-21 systemd-resolved[561]: Positive Trust Anchors:
Mar 18 19:57:24 juju-3f8d6e-o7ktest-21 systemd-resolved[561]: . IN DS 20326 8 2 e06d44b80b8f1d39a95c0b0d7c65d08458e880409bbc683457104237c7f8ec8d
Mar 18 19:57:24 juju-3f8d6e-o7ktest-21 systemd-resolved[561]: Negative trust anchors: 10.in-addr.arpa 16.172.in-addr.arpa 17.172.in-addr.arpa 18.172.in-addr.arpa 19.172.in-addr.arpa 20.172.in-addr.arpa 21.172.in-addr.arpa 22.172.in-addr.arpa 23.172.in-addr.arpa 24.172.in-addr.arpa 25.172.in-addr.arpa 26.172.in-addr.arpa 27.172.in-addr.arpa 28.172.in-addr.arpa 29.172.in-addr.arpa 30.172.in-addr.arpa 31.172.in-addr.arpa 168.192.in-addr.arpa d.f.ip6.arpa corp home internal intranet lan local private test
Mar 18 19:57:24 juju-3f8d6e-o7ktest-21 systemd-resolved[561]: Using system hostname 'juju-3f8d6e-o7ktest-21'.
Mar 18 19:57:24 juju-3f8d6e-o7ktest-21 systemd[1]: Started Network Name Resolution.
-- Subject: A start job for unit systemd-resolved.service has finished successfully
-- Defined-By: systemd
-- Support: http://www.ubuntu.com/support
-- 
-- A start job for unit systemd-resolved.service has finished successfully.
-- 
-- The job identifier is 117.
Mar 18 19:57:24 juju-3f8d6e-o7ktest-21 systemd[1]: Reached target Network.
-- Subject: A start job for unit network.target has finished successfully
-- Defined-By: systemd
-- Support: http://www.ubuntu.com/support
-- 
-- A start job for unit network.target has finished successfully.
-- 
-- The job identifier is 41.
Mar 18 19:57:24 juju-3f8d6e-o7ktest-21 systemd[1]: Reached target Host and Network Name Lookups.
-- Subject: A start job for unit nss-lookup.target has finished successfully
-- Defined-By: systemd
-- Support: http://www.ubuntu.com/support
-- 
-- A start job for unit nss-lookup.target has finished successfully.
-- 
-- The job identifier is 118.
Mar 18 19:57:26 juju-3f8d6e-o7ktest-21 systemd-networkd[545]: ens3: Gained IPv6LL
Mar 18 19:57:26 juju-3f8d6e-o7ktest-21 systemd-networkd-wait-online[560]: managing: ens3
Mar 18 19:57:26 juju-3f8d6e-o7ktest-21 systemd-timesyncd[472]: Network configuration changed, trying to establish connection.
Mar 18 19:57:26 juju-3f8d6e-o7ktest-21 systemd[1]: Finished Wait for Network to be Configured.
-- Subject: A start job for unit systemd-networkd-wait-online.service has finished successfully
-- Defined-By: systemd
-- Support: http://www.ubuntu.com/support
-- 
-- A start job for unit systemd-networkd-wait-online.service has finished successfully.
-- 
-- The job identifier is 38.
Mar 18 19:57:26 juju-3f8d6e-o7ktest-21 systemd[1]: Starting Initial cloud-init job (metadata service crawler)...
-- Subject: A start job for unit cloud-init.service has begun execution
-- Defined-By: systemd
-- Support: http://www.ubuntu.com/support
-- 
-- A start job for unit cloud-init.service has begun execution.
-- 
-- The job identifier is 139.
Mar 18 19:57:26 juju-3f8d6e-o7ktest-21 cloud-init[567]: Cloud-init v. 21.4-0ubuntu1~20.04.1 running 'init' at Fri, 18 Mar 2022 19:57:26 +0000. Up 17.25 seconds.
Mar 18 19:57:26 juju-3f8d6e-o7ktest-21 cloud-init[567]: ci-info: +++++++++++++++++++++++++++++++++++++Net device info+++++++++++++++++++++++++++++++++++++
Mar 18 19:57:26 juju-3f8d6e-o7ktest-21 cloud-init[567]: ci-info: +--------+------+----------------------------+-------------+--------+-------------------+
Mar 18 19:57:26 juju-3f8d6e-o7ktest-21 cloud-init[567]: ci-info: | Device |  Up  |          Address           |     Mask    | Scope  |     Hw-Address    |
Mar 18 19:57:26 juju-3f8d6e-o7ktest-21 cloud-init[567]: ci-info: +--------+------+----------------------------+-------------+--------+-------------------+
Mar 18 19:57:26 juju-3f8d6e-o7ktest-21 cloud-init[567]: ci-info: |  ens3  | True |         10.5.1.106         | 255.255.0.0 | global | fa:16:3e:5d:00:11 |
Mar 18 19:57:26 juju-3f8d6e-o7ktest-21 cloud-init[567]: ci-info: |  ens3  | True | fe80::f816:3eff:fe5d:11/64 |      .      |  link  | fa:16:3e:5d:00:11 |
Mar 18 19:57:26 juju-3f8d6e-o7ktest-21 cloud-init[567]: ci-info: |   lo   | True |         127.0.0.1          |  255.0.0.0  |  host  |         .         |
Mar 18 19:57:26 juju-3f8d6e-o7ktest-21 cloud-init[567]: ci-info: |   lo   | True |          ::1/128           |      .      |  host  |         .         |
Mar 18 19:57:26 juju-3f8d6e-o7ktest-21 cloud-init[567]: ci-info: +--------+------+----------------------------+-------------+--------+-------------------+
Mar 18 19:57:26 juju-3f8d6e-o7ktest-21 cloud-init[567]: ci-info: ++++++++++++++++++++++++++++++Route IPv4 info+++++++++++++++++++++++++++++++
Mar 18 19:57:26 juju-3f8d6e-o7ktest-21 cloud-init[567]: ci-info: +-------+-----------------+----------+-----------------+-----------+-------+
Mar 18 19:57:26 juju-3f8d6e-o7ktest-21 cloud-init[567]: ci-info: | Route |   Destination   | Gateway  |     Genmask     | Interface | Flags |
Mar 18 19:57:26 juju-3f8d6e-o7ktest-21 cloud-init[567]: ci-info: +-------+-----------------+----------+-----------------+-----------+-------+
Mar 18 19:57:26 juju-3f8d6e-o7ktest-21 cloud-init[567]: ci-info: |   0   |     0.0.0.0     | 10.5.0.1 |     0.0.0.0     |    ens3   |   UG  |
Mar 18 19:57:26 juju-3f8d6e-o7ktest-21 cloud-init[567]: ci-info: |   1   |     10.5.0.0    | 0.0.0.0  |   255.255.0.0   |    ens3   |   U   |
Mar 18 19:57:26 juju-3f8d6e-o7ktest-21 cloud-init[567]: ci-info: |   2   | 169.254.169.254 | 10.5.0.2 | 255.255.255.255 |    ens3   |  UGH  |
Mar 18 19:57:26 juju-3f8d6e-o7ktest-21 cloud-init[567]: ci-info: +-------+-----------------+----------+-----------------+-----------+-------+
Mar 18 19:57:26 juju-3f8d6e-o7ktest-21 cloud-init[567]: ci-info: +++++++++++++++++++Route IPv6 info+++++++++++++++++++
Mar 18 19:57:26 juju-3f8d6e-o7ktest-21 cloud-init[567]: ci-info: +-------+-------------+---------+-----------+-------+
Mar 18 19:57:26 juju-3f8d6e-o7ktest-21 cloud-init[567]: ci-info: | Route | Destination | Gateway | Interface | Flags |
Mar 18 19:57:26 juju-3f8d6e-o7ktest-21 cloud-init[567]: ci-info: +-------+-------------+---------+-----------+-------+
Mar 18 19:57:26 juju-3f8d6e-o7ktest-21 cloud-init[567]: ci-info: |   1   |  fe80::/64  |    ::   |    ens3   |   U   |
Mar 18 19:57:27 juju-3f8d6e-o7ktest-21 cloud-init[567]: ci-info: |   3   |    local    |    ::   |    ens3   |   U   |
Mar 18 19:57:27 juju-3f8d6e-o7ktest-21 cloud-init[567]: ci-info: |   4   |  multicast  |    ::   |    ens3   |   U   |
Mar 18 19:57:27 juju-3f8d6e-o7ktest-21 cloud-init[567]: ci-info: +-------+-------------+---------+-----------+-------+
Mar 18 19:57:27 juju-3f8d6e-o7ktest-21 systemd-udevd[552]: vda: Failed to process device, ignoring: Resource temporarily unavailable
Mar 18 19:57:27 juju-3f8d6e-o7ktest-21 systemd-udevd[555]: vda14: Failed to process device, ignoring: Resource temporarily unavailable
Mar 18 19:57:27 juju-3f8d6e-o7ktest-21 systemd-udevd[558]: vda15: Failed to process device, ignoring: Resource temporarily unavailable
Mar 18 19:57:27 juju-3f8d6e-o7ktest-21 systemd-udevd[552]: vda1: Failed to process device, ignoring: Resource temporarily unavailable
Mar 18 19:57:28 juju-3f8d6e-o7ktest-21 systemd-udevd[552]: vda: Failed to process device, ignoring: Resource temporarily unavailable
Mar 18 19:57:28 juju-3f8d6e-o7ktest-21 systemd-udevd[555]: vda14: Failed to process device, ignoring: Resource temporarily unavailable
Mar 18 19:57:28 juju-3f8d6e-o7ktest-21 systemd-udevd[552]: vda1: Failed to process device, ignoring: Resource temporarily unavailable
Mar 18 19:57:28 juju-3f8d6e-o7ktest-21 systemd-udevd[558]: vda15: Failed to process device, ignoring: Resource temporarily unavailable
Mar 18 19:57:28 juju-3f8d6e-o7ktest-21 kernel: EXT4-fs (vda1): resizing filesystem from 548091 to 5214459 blocks
Mar 18 19:57:28 juju-3f8d6e-o7ktest-21 kernel: EXT4-fs (vda1): resized filesystem to 5214459
Mar 18 19:57:29 juju-3f8d6e-o7ktest-21 useradd[624]: new group: name=ubuntu, GID=1000
Mar 18 19:57:29 juju-3f8d6e-o7ktest-21 useradd[624]: new user: name=ubuntu, UID=1000, GID=1000, home=/home/ubuntu, shell=/bin/bash, from=none
Mar 18 19:57:29 juju-3f8d6e-o7ktest-21 useradd[624]: add 'ubuntu' to group 'adm'
Mar 18 19:57:29 juju-3f8d6e-o7ktest-21 useradd[624]: add 'ubuntu' to group 'dialout'
Mar 18 19:57:29 juju-3f8d6e-o7ktest-21 useradd[624]: add 'ubuntu' to group 'cdrom'
Mar 18 19:57:29 juju-3f8d6e-o7ktest-21 useradd[624]: add 'ubuntu' to group 'floppy'
Mar 18 19:57:29 juju-3f8d6e-o7ktest-21 useradd[624]: add 'ubuntu' to group 'sudo'
Mar 18 19:57:29 juju-3f8d6e-o7ktest-21 useradd[624]: add 'ubuntu' to group 'audio'
Mar 18 19:57:29 juju-3f8d6e-o7ktest-21 useradd[624]: add 'ubuntu' to group 'dip'
Mar 18 19:57:29 juju-3f8d6e-o7ktest-21 useradd[624]: add 'ubuntu' to group 'video'
Mar 18 19:57:29 juju-3f8d6e-o7ktest-21 useradd[624]: add 'ubuntu' to group 'plugdev'
Mar 18 19:57:29 juju-3f8d6e-o7ktest-21 useradd[624]: add 'ubuntu' to group 'netdev'
Mar 18 19:57:29 juju-3f8d6e-o7ktest-21 useradd[624]: add 'ubuntu' to shadow group 'adm'
Mar 18 19:57:29 juju-3f8d6e-o7ktest-21 useradd[624]: add 'ubuntu' to shadow group 'dialout'
Mar 18 19:57:29 juju-3f8d6e-o7ktest-21 useradd[624]: add 'ubuntu' to shadow group 'cdrom'
Mar 18 19:57:29 juju-3f8d6e-o7ktest-21 useradd[624]: add 'ubuntu' to shadow group 'floppy'
Mar 18 19:57:29 juju-3f8d6e-o7ktest-21 useradd[624]: add 'ubuntu' to shadow group 'sudo'
Mar 18 19:57:29 juju-3f8d6e-o7ktest-21 useradd[624]: add 'ubuntu' to shadow group 'audio'
Mar 18 19:57:29 juju-3f8d6e-o7ktest-21 useradd[624]: add 'ubuntu' to shadow group 'dip'
Mar 18 19:57:29 juju-3f8d6e-o7ktest-21 useradd[624]: add 'ubuntu' to shadow group 'video'
Mar 18 19:57:29 juju-3f8d6e-o7ktest-21 useradd[624]: add 'ubuntu' to shadow group 'plugdev'
Mar 18 19:57:29 juju-3f8d6e-o7ktest-21 useradd[624]: add 'ubuntu' to shadow group 'netdev'
Mar 18 19:57:29 juju-3f8d6e-o7ktest-21 passwd[633]: password for 'ubuntu' changed by 'root'
Mar 18 19:57:29 juju-3f8d6e-o7ktest-21 cloud-init[567]: Generating public/private rsa key pair.
Mar 18 19:57:29 juju-3f8d6e-o7ktest-21 cloud-init[567]: Your identification has been saved in /etc/ssh/ssh_host_rsa_key
Mar 18 19:57:29 juju-3f8d6e-o7ktest-21 cloud-init[567]: Your public key has been saved in /etc/ssh/ssh_host_rsa_key.pub
Mar 18 19:57:29 juju-3f8d6e-o7ktest-21 cloud-init[567]: The key fingerprint is:
Mar 18 19:57:29 juju-3f8d6e-o7ktest-21 cloud-init[567]: SHA256:i3abxHLL1VTSlcZHx09a7mkrZrymIM5seeXgRUdbd1I root@juju-3f8d6e-o7ktest-21
Mar 18 19:57:29 juju-3f8d6e-o7ktest-21 cloud-init[567]: The key's randomart image is:
Mar 18 19:57:29 juju-3f8d6e-o7ktest-21 cloud-init[567]: +---[RSA 3072]----+
Mar 18 19:57:29 juju-3f8d6e-o7ktest-21 cloud-init[567]: |              .+E|
Mar 18 19:57:29 juju-3f8d6e-o7ktest-21 cloud-init[567]: |             o.*O|
Mar 18 19:57:29 juju-3f8d6e-o7ktest-21 cloud-init[567]: |            o **=|
Mar 18 19:57:29 juju-3f8d6e-o7ktest-21 cloud-init[567]: |           . =. o|
Mar 18 19:57:29 juju-3f8d6e-o7ktest-21 cloud-init[567]: |        S . o  ..|
Mar 18 19:57:29 juju-3f8d6e-o7ktest-21 cloud-init[567]: |       o o =   o.|
Mar 18 19:57:29 juju-3f8d6e-o7ktest-21 cloud-init[567]: |      +.O.* o . .|
Mar 18 19:57:29 juju-3f8d6e-o7ktest-21 cloud-init[567]: |     .+O.B.. * . |
Mar 18 19:57:29 juju-3f8d6e-o7ktest-21 cloud-init[567]: |      .+*  .=.o  |
Mar 18 19:57:29 juju-3f8d6e-o7ktest-21 cloud-init[567]: +----[SHA256]-----+
Mar 18 19:57:29 juju-3f8d6e-o7ktest-21 cloud-init[567]: Generating public/private dsa key pair.
Mar 18 19:57:29 juju-3f8d6e-o7ktest-21 cloud-init[567]: Your identification has been saved in /etc/ssh/ssh_host_dsa_key
Mar 18 19:57:29 juju-3f8d6e-o7ktest-21 cloud-init[567]: Your public key has been saved in /etc/ssh/ssh_host_dsa_key.pub
Mar 18 19:57:29 juju-3f8d6e-o7ktest-21 cloud-init[567]: The key fingerprint is:
Mar 18 19:57:29 juju-3f8d6e-o7ktest-21 cloud-init[567]: SHA256:8eSeBIBKprIqU0knf2FT74FRDJ5dnKWHrqY4n8TzGfo root@juju-3f8d6e-o7ktest-21
Mar 18 19:57:29 juju-3f8d6e-o7ktest-21 cloud-init[567]: The key's randomart image is:
Mar 18 19:57:29 juju-3f8d6e-o7ktest-21 cloud-init[567]: +---[DSA 1024]----+
Mar 18 19:57:29 juju-3f8d6e-o7ktest-21 cloud-init[567]: |     .. .+...o.  |
Mar 18 19:57:29 juju-3f8d6e-o7ktest-21 cloud-init[567]: |  o .  ooo..oo   |
Mar 18 19:57:29 juju-3f8d6e-o7ktest-21 cloud-init[567]: | + .   .=+o o .  |
Mar 18 19:57:29 juju-3f8d6e-o7ktest-21 cloud-init[567]: |o + . + .*o. .   |
Mar 18 19:57:29 juju-3f8d6e-o7ktest-21 cloud-init[567]: |.o = . oS.+..    |
Mar 18 19:57:29 juju-3f8d6e-o7ktest-21 cloud-init[567]: |. o . .. o.o     |
