MemTotal:       16393172 kB
MemFree:        14473636 kB
MemAvailable:   16017368 kB
Buffers:               0 kB
Cached:          1543732 kB
SwapCached:            0 kB
Active:           810852 kB
Inactive:         988560 kB
Active(anon):     223256 kB
Inactive(anon):    71544 kB
Active(file):     587596 kB
Inactive(file):   917016 kB
Unevictable:           0 kB
Mlocked:           54360 kB
SwapTotal:             0 kB
SwapFree:              0 kB
Dirty:             17424 kB
Writeback:             0 kB
AnonPages:        240004 kB
Mapped:           320496 kB
Shmem:             54796 kB
KReclaimable:     535352 kB
Slab:                  0 kB
SReclaimable:          0 kB
SUnreclaim:            0 kB
KernelStack:       19968 kB
PageTables:        37336 kB
NFS_Unstable:          0 kB
Bounce:                0 kB
WritebackTmp:          0 kB
CommitLimit:    12390884 kB
Committed_AS:   17580076 kB
VmallocTotal:   34359738367 kB
VmallocUsed:       86560 kB
VmallocChunk:          0 kB
Percpu:           100832 kB
HardwareCorrupted:     0 kB
AnonHugePages:         0 kB
ShmemHugePages:        0 kB
ShmemPmdMapped:        0 kB
FileHugePages:         0 kB
FilePmdMapped:         0 kB
CmaTotal:              0 kB
CmaFree:               0 kB
HugePages_Total:       0
HugePages_Free:        0
HugePages_Rsvd:        0
HugePages_Surp:        0
Hugepagesize:       2048 kB
Hugetlb:               0 kB
DirectMap4k:     1109144 kB
DirectMap2M:    14618624 kB
DirectMap1G:     3145728 kB
